BEGIN Configuration File: /home/amirthalingam/edge_cloud_ml/dnn-noc-sim/results/vgg/configs/flatfly_rfdefault_vbdefault_ps4_r0p006_s5.cfg
topology = flatfly;
k = 4;
n = 2;
c = 4;
x = 4;
y = 4;
xr = 2;
yr = 2;
routing_function = ran_min;
num_vcs = 8;
vc_buf_size = 4;
subnets = 1;
injection_process = bernoulli;
sim_type = latency;
warmup_periods = 2;
sample_period = 2000;
max_samples = 6;
measure_stats = 1;
traffic = trace;
trace_traffic_file = /home/amirthalingam/edge_cloud_ml/dnn-noc-sim/results/traces/vgg_trace.txt;
trace_phase_cycles = {80,80,80,80,80,80,80,80,80,80,80,80,80,80,80,80,80,80,80,80,80,80,80,80,80,80,80,80,80,80,80,80,80,80,80,80,80,80,80,80,80,80,80,80,80,80,80,80,80,80,80,80,80,80,80,80,80,80,80,80,80,80,80,80,80,80,80,80,80,80,80,80,80,80,80,80,80,80,80,80,80,80,80,80,80,80,80,80,80,80,80,80,80,80,80,80,80,80,80,80,80,80,80,80,80,80,80,80,80,80,80,80,80,80,80,80,80,80,80,80,80,80,80,80,80,80,80,80,80,80,80,80,80,80,80,80,80,80,80,80,80,80,80,80,80,80,80,80,80,80,80,80,80,80,80,80,80,80,80,80,144,144,144,144,144,144,144,144,144,144,144,144,144,144,144,144,144,144,144,144,144,144,144,144,144,144,144,144,144,144,144,144,80,80,80,80,80,80,80,80,80,80,80,80,80,80,80,80,80,80,80,80,80,80,80,80,80,80,80,80,80,80,80,80,80,80,80,80,80,80,80,80,80,80,80,80,80,80,80,80,80,80,80,80,80,80,80,80,80,80,80,80,80,80,80,80,144,144,144,144,144,144,144,144,144,144,144,144,144,144,144,144,144,144,144,144,144,144,144,144,144,144,144,144,144,144,144,144,80,80,80,80,80,80,80,80,80,80,80,80,80,80,80,80,80,80,80,80,80,80,80,80,80,80,80,80,80,80,80,80,80,80,80,80,80,80,80,80,80,80,80,80,80,80,80,80,80,80,80,80,80,80,80,80,80,80,80,80,80,80,80,80,80,80,80,80,80,80,80,80,80,80,80,80,80,80,80,80,80,80,80,80,80,80,80,80,80,80,80,80,80,80,80,80,80,80,80,80,80,80,80,80,80,80,80,80,80,80,80,80,80,80,80,80,80,80,80,80,80,80,80,80,80,80,80,80,80,80,80,80,80,80,80,392,392,392,392,392,392,392,392,392,392,392,392,392,392,392,392,392,392,392,392,392,392,392,392,392,392,392,392,392,392,392,392,80,80,80,80,80,80,80,80,80,80,80,80,80,80,80,80,80,80,80,80,80,80,80,80,80,80,80,80,80,80,80,80,80};
trace_traffic_loop = 1;
trace_fallback_uniform = 0;
trace_injection_file = /home/amirthalingam/edge_cloud_ml/dnn-noc-sim/results/traces/vgg_trace.txt;
trace_injection_phase_cycles = {80,80,80,80,80,80,80,80,80,80,80,80,80,80,80,80,80,80,80,80,80,80,80,80,80,80,80,80,80,80,80,80,80,80,80,80,80,80,80,80,80,80,80,80,80,80,80,80,80,80,80,80,80,80,80,80,80,80,80,80,80,80,80,80,80,80,80,80,80,80,80,80,80,80,80,80,80,80,80,80,80,80,80,80,80,80,80,80,80,80,80,80,80,80,80,80,80,80,80,80,80,80,80,80,80,80,80,80,80,80,80,80,80,80,80,80,80,80,80,80,80,80,80,80,80,80,80,80,80,80,80,80,80,80,80,80,80,80,80,80,80,80,80,80,80,80,80,80,80,80,80,80,80,80,80,80,80,80,80,80,144,144,144,144,144,144,144,144,144,144,144,144,144,144,144,144,144,144,144,144,144,144,144,144,144,144,144,144,144,144,144,144,80,80,80,80,80,80,80,80,80,80,80,80,80,80,80,80,80,80,80,80,80,80,80,80,80,80,80,80,80,80,80,80,80,80,80,80,80,80,80,80,80,80,80,80,80,80,80,80,80,80,80,80,80,80,80,80,80,80,80,80,80,80,80,80,144,144,144,144,144,144,144,144,144,144,144,144,144,144,144,144,144,144,144,144,144,144,144,144,144,144,144,144,144,144,144,144,80,80,80,80,80,80,80,80,80,80,80,80,80,80,80,80,80,80,80,80,80,80,80,80,80,80,80,80,80,80,80,80,80,80,80,80,80,80,80,80,80,80,80,80,80,80,80,80,80,80,80,80,80,80,80,80,80,80,80,80,80,80,80,80,80,80,80,80,80,80,80,80,80,80,80,80,80,80,80,80,80,80,80,80,80,80,80,80,80,80,80,80,80,80,80,80,80,80,80,80,80,80,80,80,80,80,80,80,80,80,80,80,80,80,80,80,80,80,80,80,80,80,80,80,80,80,80,80,80,80,80,80,80,80,80,392,392,392,392,392,392,392,392,392,392,392,392,392,392,392,392,392,392,392,392,392,392,392,392,392,392,392,392,392,392,392,392,80,80,80,80,80,80,80,80,80,80,80,80,80,80,80,80,80,80,80,80,80,80,80,80,80,80,80,80,80,80,80,80,80};
trace_injection_loop = 1;
trace_injection_use_source_weights = 1;
packet_size = 4;
injection_rate = 0.0060;
injection_process = trace;
seed = 5;

END Configuration File: /home/amirthalingam/edge_cloud_ml/dnn-noc-sim/results/vgg/configs/flatfly_rfdefault_vbdefault_ps4_r0p006_s5.cfg
 Flat Bufferfly 
 k = 4 n = 2 c = 4
 each switch - total radix =  10
 # of switches = 16
 # of channels = 96
 # of nodes ( size of network ) = 64
Class 0:
Packet latency average = 23.5497
	minimum = 10
	maximum = 50
Network latency average = 22.6868
	minimum = 10
	maximum = 48
Slowest packet = 219
Flit latency average = 19.2594
	minimum = 7
	maximum = 45
Slowest flit = 879
Fragmentation average = 0.833333
	minimum = 0
	maximum = 14
Injected packet rate average = 0.005875
	minimum = 0 (at node 1)
	maximum = 0.0995 (at node 63)
Accepted packet rate average = 0.0058125
	minimum = 0 (at node 16)
	maximum = 0.0295 (at node 7)
Injected flit rate average = 0.0234922
	minimum = 0 (at node 1)
	maximum = 0.3975 (at node 63)
Accepted flit rate average= 0.02325
	minimum = 0 (at node 16)
	maximum = 0.118 (at node 7)
Injected packet length average = 3.99867
Accepted packet length average = 4
Total in-flight flits = 32 (0 measured)
latency change    = 1
throughput change = 1
Class 0:
Packet latency average = 21.492
	minimum = 10
	maximum = 50
Network latency average = 20.9393
	minimum = 10
	maximum = 48
Slowest packet = 219
Flit latency average = 17.5575
	minimum = 7
	maximum = 45
Slowest flit = 879
Fragmentation average = 0.742991
	minimum = 0
	maximum = 14
Injected packet rate average = 0.00587109
	minimum = 0 (at node 19)
	maximum = 0.0735 (at node 7)
Accepted packet rate average = 0.00585156
	minimum = 0 (at node 32)
	maximum = 0.0225 (at node 10)
Injected flit rate average = 0.0234805
	minimum = 0 (at node 19)
	maximum = 0.294 (at node 7)
Accepted flit rate average= 0.023418
	minimum = 0 (at node 32)
	maximum = 0.09 (at node 10)
Injected packet length average = 3.99933
Accepted packet length average = 4.002
Total in-flight flits = 17 (0 measured)
latency change    = 0.0957446
throughput change = 0.00717264
Warmed up ...Time used is 4000 cycles
Class 0:
Packet latency average = 17.7451
	minimum = 10
	maximum = 39
Network latency average = 17.6342
	minimum = 10
	maximum = 39
Slowest packet = 1582
Flit latency average = 14.3862
	minimum = 7
	maximum = 36
Slowest flit = 6331
Fragmentation average = 0.493842
	minimum = 0
	maximum = 8
Injected packet rate average = 0.00640625
	minimum = 0 (at node 40)
	maximum = 0.0255 (at node 10)
Accepted packet rate average = 0.00638281
	minimum = 0 (at node 32)
	maximum = 0.019 (at node 6)
Injected flit rate average = 0.0256094
	minimum = 0 (at node 40)
	maximum = 0.1025 (at node 10)
Accepted flit rate average= 0.0255312
	minimum = 0 (at node 32)
	maximum = 0.076 (at node 6)
Injected packet length average = 3.99756
Accepted packet length average = 4
Total in-flight flits = 29 (29 measured)
latency change    = 0.211152
throughput change = 0.0827723
Class 0:
Packet latency average = 17.749
	minimum = 10
	maximum = 39
Network latency average = 17.6671
	minimum = 10
	maximum = 39
Slowest packet = 1582
Flit latency average = 14.4586
	minimum = 7
	maximum = 36
Slowest flit = 6331
Fragmentation average = 0.420584
	minimum = 0
	maximum = 8
Injected packet rate average = 0.00617578
	minimum = 0 (at node 40)
	maximum = 0.019 (at node 10)
Accepted packet rate average = 0.00616797
	minimum = 0 (at node 34)
	maximum = 0.01575 (at node 17)
Injected flit rate average = 0.024707
	minimum = 0 (at node 40)
	maximum = 0.07625 (at node 10)
Accepted flit rate average= 0.0246602
	minimum = 0 (at node 34)
	maximum = 0.063 (at node 17)
Injected packet length average = 4.00063
Accepted packet length average = 3.9981
Total in-flight flits = 28 (28 measured)
latency change    = 0.00022385
throughput change = 0.0353239
Class 0:
Packet latency average = 18.3559
	minimum = 10
	maximum = 39
Network latency average = 18.2799
	minimum = 10
	maximum = 39
Slowest packet = 1582
Flit latency average = 15.0968
	minimum = 7
	maximum = 36
Slowest flit = 6331
Fragmentation average = 0.365011
	minimum = 0
	maximum = 8
Injected packet rate average = 0.00603906
	minimum = 0 (at node 40)
	maximum = 0.0175 (at node 10)
Accepted packet rate average = 0.00604167
	minimum = 0.00133333 (at node 39)
	maximum = 0.0125 (at node 26)
Injected flit rate average = 0.0241589
	minimum = 0 (at node 40)
	maximum = 0.0701667 (at node 10)
Accepted flit rate average= 0.0241589
	minimum = 0.00533333 (at node 39)
	maximum = 0.05 (at node 26)
Injected packet length average = 4.00043
Accepted packet length average = 3.99871
Total in-flight flits = 16 (16 measured)
latency change    = 0.0330625
throughput change = 0.0207502
Class 0:
Packet latency average = 18.6311
	minimum = 10
	maximum = 42
Network latency average = 18.5669
	minimum = 10
	maximum = 42
Slowest packet = 3942
Flit latency average = 15.415
	minimum = 7
	maximum = 39
Slowest flit = 15771
Fragmentation average = 0.30459
	minimum = 0
	maximum = 8
Injected packet rate average = 0.00596875
	minimum = 0.000625 (at node 41)
	maximum = 0.013625 (at node 10)
Accepted packet rate average = 0.0059668
	minimum = 0.002 (at node 40)
	maximum = 0.0105 (at node 26)
Injected flit rate average = 0.023875
	minimum = 0.0025 (at node 41)
	maximum = 0.054625 (at node 10)
Accepted flit rate average= 0.0238652
	minimum = 0.008 (at node 40)
	maximum = 0.042 (at node 26)
Injected packet length average = 4
Accepted packet length average = 3.99967
Total in-flight flits = 22 (22 measured)
latency change    = 0.0147714
throughput change = 0.0123032
Draining all recorded packets ...
Draining remaining packets ...
Time taken is 12050 cycles
====== Overall Traffic Statistics ======
====== Traffic class 0 ======
Packet latency average = 18.6312 (1 samples)
	minimum = 10 (1 samples)
	maximum = 42 (1 samples)
Network latency average = 18.5671 (1 samples)
	minimum = 10 (1 samples)
	maximum = 42 (1 samples)
Flit latency average = 15.4157 (1 samples)
	minimum = 7 (1 samples)
	maximum = 39 (1 samples)
Fragmentation average = 0.303992 (1 samples)
	minimum = 0 (1 samples)
	maximum = 8 (1 samples)
Injected packet rate average = 0.00596875 (1 samples)
	minimum = 0.000625 (1 samples)
	maximum = 0.013625 (1 samples)
Accepted packet rate average = 0.0059668 (1 samples)
	minimum = 0.002 (1 samples)
	maximum = 0.0105 (1 samples)
Injected flit rate average = 0.023875 (1 samples)
	minimum = 0.0025 (1 samples)
	maximum = 0.054625 (1 samples)
Accepted flit rate average = 0.0238652 (1 samples)
	minimum = 0.008 (1 samples)
	maximum = 0.042 (1 samples)
Injected packet size average = 4 (1 samples)
Accepted packet size average = 3.99967 (1 samples)
Hops average = 2.1538 (1 samples)
Total run time 0.283192


[stderr]
