BEGIN Configuration File: /home/amirthalingam/edge_cloud_ml/dnn-noc-sim/results/vgg/configs/flatfly_rfdefault_vbdefault_ps4_r0p006_s2.cfg
topology = flatfly;
k = 4;
n = 2;
c = 4;
x = 4;
y = 4;
xr = 2;
yr = 2;
routing_function = ran_min;
num_vcs = 8;
vc_buf_size = 4;
subnets = 1;
injection_process = bernoulli;
sim_type = latency;
warmup_periods = 2;
sample_period = 2000;
max_samples = 6;
measure_stats = 1;
traffic = trace;
trace_traffic_file = /home/amirthalingam/edge_cloud_ml/dnn-noc-sim/results/traces/vgg_trace.txt;
trace_phase_cycles = {80,80,80,80,80,80,80,80,80,80,80,80,80,80,80,80,80,80,80,80,80,80,80,80,80,80,80,80,80,80,80,80,80,80,80,80,80,80,80,80,80,80,80,80,80,80,80,80,80,80,80,80,80,80,80,80,80,80,80,80,80,80,80,80,80,80,80,80,80,80,80,80,80,80,80,80,80,80,80,80,80,80,80,80,80,80,80,80,80,80,80,80,80,80,80,80,80,80,80,80,80,80,80,80,80,80,80,80,80,80,80,80,80,80,80,80,80,80,80,80,80,80,80,80,80,80,80,80,80,80,80,80,80,80,80,80,80,80,80,80,80,80,80,80,80,80,80,80,80,80,80,80,80,80,80,80,80,80,80,80,144,144,144,144,144,144,144,144,144,144,144,144,144,144,144,144,144,144,144,144,144,144,144,144,144,144,144,144,144,144,144,144,80,80,80,80,80,80,80,80,80,80,80,80,80,80,80,80,80,80,80,80,80,80,80,80,80,80,80,80,80,80,80,80,80,80,80,80,80,80,80,80,80,80,80,80,80,80,80,80,80,80,80,80,80,80,80,80,80,80,80,80,80,80,80,80,144,144,144,144,144,144,144,144,144,144,144,144,144,144,144,144,144,144,144,144,144,144,144,144,144,144,144,144,144,144,144,144,80,80,80,80,80,80,80,80,80,80,80,80,80,80,80,80,80,80,80,80,80,80,80,80,80,80,80,80,80,80,80,80,80,80,80,80,80,80,80,80,80,80,80,80,80,80,80,80,80,80,80,80,80,80,80,80,80,80,80,80,80,80,80,80,80,80,80,80,80,80,80,80,80,80,80,80,80,80,80,80,80,80,80,80,80,80,80,80,80,80,80,80,80,80,80,80,80,80,80,80,80,80,80,80,80,80,80,80,80,80,80,80,80,80,80,80,80,80,80,80,80,80,80,80,80,80,80,80,80,80,80,80,80,80,80,392,392,392,392,392,392,392,392,392,392,392,392,392,392,392,392,392,392,392,392,392,392,392,392,392,392,392,392,392,392,392,392,80,80,80,80,80,80,80,80,80,80,80,80,80,80,80,80,80,80,80,80,80,80,80,80,80,80,80,80,80,80,80,80,80};
trace_traffic_loop = 1;
trace_fallback_uniform = 0;
trace_injection_file = /home/amirthalingam/edge_cloud_ml/dnn-noc-sim/results/traces/vgg_trace.txt;
trace_injection_phase_cycles = {80,80,80,80,80,80,80,80,80,80,80,80,80,80,80,80,80,80,80,80,80,80,80,80,80,80,80,80,80,80,80,80,80,80,80,80,80,80,80,80,80,80,80,80,80,80,80,80,80,80,80,80,80,80,80,80,80,80,80,80,80,80,80,80,80,80,80,80,80,80,80,80,80,80,80,80,80,80,80,80,80,80,80,80,80,80,80,80,80,80,80,80,80,80,80,80,80,80,80,80,80,80,80,80,80,80,80,80,80,80,80,80,80,80,80,80,80,80,80,80,80,80,80,80,80,80,80,80,80,80,80,80,80,80,80,80,80,80,80,80,80,80,80,80,80,80,80,80,80,80,80,80,80,80,80,80,80,80,80,80,144,144,144,144,144,144,144,144,144,144,144,144,144,144,144,144,144,144,144,144,144,144,144,144,144,144,144,144,144,144,144,144,80,80,80,80,80,80,80,80,80,80,80,80,80,80,80,80,80,80,80,80,80,80,80,80,80,80,80,80,80,80,80,80,80,80,80,80,80,80,80,80,80,80,80,80,80,80,80,80,80,80,80,80,80,80,80,80,80,80,80,80,80,80,80,80,144,144,144,144,144,144,144,144,144,144,144,144,144,144,144,144,144,144,144,144,144,144,144,144,144,144,144,144,144,144,144,144,80,80,80,80,80,80,80,80,80,80,80,80,80,80,80,80,80,80,80,80,80,80,80,80,80,80,80,80,80,80,80,80,80,80,80,80,80,80,80,80,80,80,80,80,80,80,80,80,80,80,80,80,80,80,80,80,80,80,80,80,80,80,80,80,80,80,80,80,80,80,80,80,80,80,80,80,80,80,80,80,80,80,80,80,80,80,80,80,80,80,80,80,80,80,80,80,80,80,80,80,80,80,80,80,80,80,80,80,80,80,80,80,80,80,80,80,80,80,80,80,80,80,80,80,80,80,80,80,80,80,80,80,80,80,80,392,392,392,392,392,392,392,392,392,392,392,392,392,392,392,392,392,392,392,392,392,392,392,392,392,392,392,392,392,392,392,392,80,80,80,80,80,80,80,80,80,80,80,80,80,80,80,80,80,80,80,80,80,80,80,80,80,80,80,80,80,80,80,80,80};
trace_injection_loop = 1;
trace_injection_use_source_weights = 1;
packet_size = 4;
injection_rate = 0.0060;
injection_process = trace;
seed = 2;

END Configuration File: /home/amirthalingam/edge_cloud_ml/dnn-noc-sim/results/vgg/configs/flatfly_rfdefault_vbdefault_ps4_r0p006_s2.cfg
 Flat Bufferfly 
 k = 4 n = 2 c = 4
 each switch - total radix =  10
 # of switches = 16
 # of channels = 96
 # of nodes ( size of network ) = 64
Class 0:
Packet latency average = 24.0307
	minimum = 10
	maximum = 53
Network latency average = 23.012
	minimum = 10
	maximum = 53
Slowest packet = 4
Flit latency average = 19.4153
	minimum = 7
	maximum = 50
Slowest flit = 19
Fragmentation average = 1.124
	minimum = 0
	maximum = 14
Injected packet rate average = 0.00592969
	minimum = 0 (at node 1)
	maximum = 0.1045 (at node 63)
Accepted packet rate average = 0.00585938
	minimum = 0 (at node 16)
	maximum = 0.032 (at node 3)
Injected flit rate average = 0.0237031
	minimum = 0 (at node 1)
	maximum = 0.418 (at node 63)
Accepted flit rate average= 0.0235156
	minimum = 0 (at node 16)
	maximum = 0.128 (at node 3)
Injected packet length average = 3.99736
Accepted packet length average = 4.01333
Total in-flight flits = 26 (0 measured)
latency change    = 1
throughput change = 1
Class 0:
Packet latency average = 22.0307
	minimum = 10
	maximum = 53
Network latency average = 21.371
	minimum = 10
	maximum = 53
Slowest packet = 4
Flit latency average = 17.8756
	minimum = 7
	maximum = 50
Slowest flit = 19
Fragmentation average = 0.93599
	minimum = 0
	maximum = 14
Injected packet rate average = 0.00598828
	minimum = 0 (at node 19)
	maximum = 0.0675 (at node 63)
Accepted packet rate average = 0.00598047
	minimum = 0 (at node 32)
	maximum = 0.02475 (at node 3)
Injected flit rate average = 0.0239453
	minimum = 0 (at node 19)
	maximum = 0.27 (at node 63)
Accepted flit rate average= 0.0239219
	minimum = 0 (at node 32)
	maximum = 0.099 (at node 3)
Injected packet length average = 3.9987
Accepted packet length average = 4
Total in-flight flits = 8 (0 measured)
latency change    = 0.090781
throughput change = 0.0169824
Warmed up ...Time used is 4000 cycles
Class 0:
Packet latency average = 17.879
	minimum = 10
	maximum = 38
Network latency average = 17.7473
	minimum = 10
	maximum = 38
Slowest packet = 2030
Flit latency average = 14.5371
	minimum = 7
	maximum = 35
Slowest flit = 8120
Fragmentation average = 0.470745
	minimum = 0
	maximum = 8
Injected packet rate average = 0.00592188
	minimum = 0 (at node 40)
	maximum = 0.023 (at node 13)
Accepted packet rate average = 0.00589063
	minimum = 0 (at node 32)
	maximum = 0.0175 (at node 26)
Injected flit rate average = 0.0236875
	minimum = 0 (at node 40)
	maximum = 0.092 (at node 13)
Accepted flit rate average= 0.0235625
	minimum = 0 (at node 32)
	maximum = 0.07 (at node 26)
Injected packet length average = 4
Accepted packet length average = 4
Total in-flight flits = 24 (24 measured)
latency change    = 0.232212
throughput change = 0.015252
Class 0:
Packet latency average = 17.7544
	minimum = 10
	maximum = 38
Network latency average = 17.6686
	minimum = 10
	maximum = 38
Slowest packet = 2030
Flit latency average = 14.4927
	minimum = 7
	maximum = 35
Slowest flit = 8120
Fragmentation average = 0.373936
	minimum = 0
	maximum = 8
Injected packet rate average = 0.00599609
	minimum = 0 (at node 40)
	maximum = 0.018 (at node 13)
Accepted packet rate average = 0.00597266
	minimum = 0 (at node 36)
	maximum = 0.01475 (at node 6)
Injected flit rate average = 0.0239922
	minimum = 0 (at node 40)
	maximum = 0.072 (at node 13)
Accepted flit rate average= 0.0238945
	minimum = 0 (at node 36)
	maximum = 0.059 (at node 6)
Injected packet length average = 4.0013
Accepted packet length average = 4.00065
Total in-flight flits = 31 (31 measured)
latency change    = 0.00701622
throughput change = 0.0138957
Class 0:
Packet latency average = 18.3484
	minimum = 10
	maximum = 38
Network latency average = 18.2701
	minimum = 10
	maximum = 38
Slowest packet = 2030
Flit latency average = 15.1155
	minimum = 7
	maximum = 35
Slowest flit = 8120
Fragmentation average = 0.324934
	minimum = 0
	maximum = 8
Injected packet rate average = 0.00590885
	minimum = 0 (at node 42)
	maximum = 0.0155 (at node 10)
Accepted packet rate average = 0.00589583
	minimum = 0.0015 (at node 44)
	maximum = 0.0128333 (at node 31)
Injected flit rate average = 0.0236406
	minimum = 0 (at node 42)
	maximum = 0.062 (at node 10)
Accepted flit rate average= 0.0235885
	minimum = 0.006 (at node 44)
	maximum = 0.0513333 (at node 31)
Injected packet length average = 4.00088
Accepted packet length average = 4.00088
Total in-flight flits = 26 (26 measured)
latency change    = 0.0323704
throughput change = 0.012972
Class 0:
Packet latency average = 18.5661
	minimum = 10
	maximum = 38
Network latency average = 18.4945
	minimum = 10
	maximum = 38
Slowest packet = 2030
Flit latency average = 15.352
	minimum = 7
	maximum = 35
Slowest flit = 8120
Fragmentation average = 0.292643
	minimum = 0
	maximum = 8
Injected packet rate average = 0.00600977
	minimum = 0.000625 (at node 59)
	maximum = 0.0135 (at node 10)
Accepted packet rate average = 0.00600391
	minimum = 0.002625 (at node 52)
	maximum = 0.01175 (at node 31)
Injected flit rate average = 0.024043
	minimum = 0.0025 (at node 59)
	maximum = 0.054 (at node 10)
Accepted flit rate average= 0.0240234
	minimum = 0.0105 (at node 52)
	maximum = 0.047 (at node 31)
Injected packet length average = 4.00065
Accepted packet length average = 4.0013
Total in-flight flits = 16 (16 measured)
latency change    = 0.0117266
throughput change = 0.018103
Draining all recorded packets ...
Draining remaining packets ...
Time taken is 12041 cycles
====== Overall Traffic Statistics ======
====== Traffic class 0 ======
Packet latency average = 18.5691 (1 samples)
	minimum = 10 (1 samples)
	maximum = 38 (1 samples)
Network latency average = 18.4976 (1 samples)
	minimum = 10 (1 samples)
	maximum = 38 (1 samples)
Flit latency average = 15.3451 (1 samples)
	minimum = 7 (1 samples)
	maximum = 35 (1 samples)
Fragmentation average = 0.292168 (1 samples)
	minimum = 0 (1 samples)
	maximum = 8 (1 samples)
Injected packet rate average = 0.00600977 (1 samples)
	minimum = 0.000625 (1 samples)
	maximum = 0.0135 (1 samples)
Accepted packet rate average = 0.00600391 (1 samples)
	minimum = 0.002625 (1 samples)
	maximum = 0.01175 (1 samples)
Injected flit rate average = 0.024043 (1 samples)
	minimum = 0.0025 (1 samples)
	maximum = 0.054 (1 samples)
Accepted flit rate average = 0.0240234 (1 samples)
	minimum = 0.0105 (1 samples)
	maximum = 0.047 (1 samples)
Injected packet size average = 4.00065 (1 samples)
Accepted packet size average = 4.0013 (1 samples)
Hops average = 2.14885 (1 samples)
Total run time 0.287946


[stderr]
