BEGIN Configuration File: /home/amirthalingam/edge_cloud_ml/dnn-noc-sim/results/vgg/configs/flatfly_rfdefault_vbdefault_ps4_r0p006_s4.cfg
topology = flatfly;
k = 4;
n = 2;
c = 4;
x = 4;
y = 4;
xr = 2;
yr = 2;
routing_function = ran_min;
num_vcs = 8;
vc_buf_size = 4;
subnets = 1;
injection_process = bernoulli;
sim_type = latency;
warmup_periods = 2;
sample_period = 2000;
max_samples = 6;
measure_stats = 1;
traffic = trace;
trace_traffic_file = /home/amirthalingam/edge_cloud_ml/dnn-noc-sim/results/traces/vgg_trace.txt;
trace_phase_cycles = {80,80,80,80,80,80,80,80,80,80,80,80,80,80,80,80,80,80,80,80,80,80,80,80,80,80,80,80,80,80,80,80,80,80,80,80,80,80,80,80,80,80,80,80,80,80,80,80,80,80,80,80,80,80,80,80,80,80,80,80,80,80,80,80,80,80,80,80,80,80,80,80,80,80,80,80,80,80,80,80,80,80,80,80,80,80,80,80,80,80,80,80,80,80,80,80,80,80,80,80,80,80,80,80,80,80,80,80,80,80,80,80,80,80,80,80,80,80,80,80,80,80,80,80,80,80,80,80,80,80,80,80,80,80,80,80,80,80,80,80,80,80,80,80,80,80,80,80,80,80,80,80,80,80,80,80,80,80,80,80,144,144,144,144,144,144,144,144,144,144,144,144,144,144,144,144,144,144,144,144,144,144,144,144,144,144,144,144,144,144,144,144,80,80,80,80,80,80,80,80,80,80,80,80,80,80,80,80,80,80,80,80,80,80,80,80,80,80,80,80,80,80,80,80,80,80,80,80,80,80,80,80,80,80,80,80,80,80,80,80,80,80,80,80,80,80,80,80,80,80,80,80,80,80,80,80,144,144,144,144,144,144,144,144,144,144,144,144,144,144,144,144,144,144,144,144,144,144,144,144,144,144,144,144,144,144,144,144,80,80,80,80,80,80,80,80,80,80,80,80,80,80,80,80,80,80,80,80,80,80,80,80,80,80,80,80,80,80,80,80,80,80,80,80,80,80,80,80,80,80,80,80,80,80,80,80,80,80,80,80,80,80,80,80,80,80,80,80,80,80,80,80,80,80,80,80,80,80,80,80,80,80,80,80,80,80,80,80,80,80,80,80,80,80,80,80,80,80,80,80,80,80,80,80,80,80,80,80,80,80,80,80,80,80,80,80,80,80,80,80,80,80,80,80,80,80,80,80,80,80,80,80,80,80,80,80,80,80,80,80,80,80,80,392,392,392,392,392,392,392,392,392,392,392,392,392,392,392,392,392,392,392,392,392,392,392,392,392,392,392,392,392,392,392,392,80,80,80,80,80,80,80,80,80,80,80,80,80,80,80,80,80,80,80,80,80,80,80,80,80,80,80,80,80,80,80,80,80};
trace_traffic_loop = 1;
trace_fallback_uniform = 0;
trace_injection_file = /home/amirthalingam/edge_cloud_ml/dnn-noc-sim/results/traces/vgg_trace.txt;
trace_injection_phase_cycles = {80,80,80,80,80,80,80,80,80,80,80,80,80,80,80,80,80,80,80,80,80,80,80,80,80,80,80,80,80,80,80,80,80,80,80,80,80,80,80,80,80,80,80,80,80,80,80,80,80,80,80,80,80,80,80,80,80,80,80,80,80,80,80,80,80,80,80,80,80,80,80,80,80,80,80,80,80,80,80,80,80,80,80,80,80,80,80,80,80,80,80,80,80,80,80,80,80,80,80,80,80,80,80,80,80,80,80,80,80,80,80,80,80,80,80,80,80,80,80,80,80,80,80,80,80,80,80,80,80,80,80,80,80,80,80,80,80,80,80,80,80,80,80,80,80,80,80,80,80,80,80,80,80,80,80,80,80,80,80,80,144,144,144,144,144,144,144,144,144,144,144,144,144,144,144,144,144,144,144,144,144,144,144,144,144,144,144,144,144,144,144,144,80,80,80,80,80,80,80,80,80,80,80,80,80,80,80,80,80,80,80,80,80,80,80,80,80,80,80,80,80,80,80,80,80,80,80,80,80,80,80,80,80,80,80,80,80,80,80,80,80,80,80,80,80,80,80,80,80,80,80,80,80,80,80,80,144,144,144,144,144,144,144,144,144,144,144,144,144,144,144,144,144,144,144,144,144,144,144,144,144,144,144,144,144,144,144,144,80,80,80,80,80,80,80,80,80,80,80,80,80,80,80,80,80,80,80,80,80,80,80,80,80,80,80,80,80,80,80,80,80,80,80,80,80,80,80,80,80,80,80,80,80,80,80,80,80,80,80,80,80,80,80,80,80,80,80,80,80,80,80,80,80,80,80,80,80,80,80,80,80,80,80,80,80,80,80,80,80,80,80,80,80,80,80,80,80,80,80,80,80,80,80,80,80,80,80,80,80,80,80,80,80,80,80,80,80,80,80,80,80,80,80,80,80,80,80,80,80,80,80,80,80,80,80,80,80,80,80,80,80,80,80,392,392,392,392,392,392,392,392,392,392,392,392,392,392,392,392,392,392,392,392,392,392,392,392,392,392,392,392,392,392,392,392,80,80,80,80,80,80,80,80,80,80,80,80,80,80,80,80,80,80,80,80,80,80,80,80,80,80,80,80,80,80,80,80,80};
trace_injection_loop = 1;
trace_injection_use_source_weights = 1;
packet_size = 4;
injection_rate = 0.0060;
injection_process = trace;
seed = 4;

END Configuration File: /home/amirthalingam/edge_cloud_ml/dnn-noc-sim/results/vgg/configs/flatfly_rfdefault_vbdefault_ps4_r0p006_s4.cfg
 Flat Bufferfly 
 k = 4 n = 2 c = 4
 each switch - total radix =  10
 # of switches = 16
 # of channels = 96
 # of nodes ( size of network ) = 64
Class 0:
Packet latency average = 23.7612
	minimum = 10
	maximum = 51
Network latency average = 22.9498
	minimum = 10
	maximum = 51
Slowest packet = 127
Flit latency average = 19.5095
	minimum = 7
	maximum = 48
Slowest flit = 511
Fragmentation average = 0.846676
	minimum = 0
	maximum = 14
Injected packet rate average = 0.00582812
	minimum = 0 (at node 1)
	maximum = 0.097 (at node 63)
Accepted packet rate average = 0.00575781
	minimum = 0 (at node 16)
	maximum = 0.031 (at node 11)
Injected flit rate average = 0.0232734
	minimum = 0 (at node 1)
	maximum = 0.3865 (at node 63)
Accepted flit rate average= 0.0230625
	minimum = 0 (at node 16)
	maximum = 0.124 (at node 11)
Injected packet length average = 3.9933
Accepted packet length average = 4.00543
Total in-flight flits = 32 (0 measured)
latency change    = 1
throughput change = 1
Class 0:
Packet latency average = 21.7762
	minimum = 10
	maximum = 51
Network latency average = 21.1595
	minimum = 10
	maximum = 51
Slowest packet = 127
Flit latency average = 17.7851
	minimum = 7
	maximum = 48
Slowest flit = 511
Fragmentation average = 0.706366
	minimum = 0
	maximum = 14
Injected packet rate average = 0.00574609
	minimum = 0 (at node 18)
	maximum = 0.0705 (at node 7)
Accepted packet rate average = 0.00570703
	minimum = 0 (at node 32)
	maximum = 0.02275 (at node 9)
Injected flit rate average = 0.0229727
	minimum = 0 (at node 18)
	maximum = 0.28125 (at node 7)
Accepted flit rate average= 0.0228516
	minimum = 0 (at node 32)
	maximum = 0.091 (at node 9)
Injected packet length average = 3.99796
Accepted packet length average = 4.00411
Total in-flight flits = 34 (0 measured)
latency change    = 0.0911553
throughput change = 0.00923077
Warmed up ...Time used is 4000 cycles
Class 0:
Packet latency average = 17.5934
	minimum = 10
	maximum = 36
Network latency average = 17.4898
	minimum = 10
	maximum = 36
Slowest packet = 1592
Flit latency average = 14.267
	minimum = 7
	maximum = 33
Slowest flit = 6368
Fragmentation average = 0.469309
	minimum = 0
	maximum = 12
Injected packet rate average = 0.00615625
	minimum = 0 (at node 40)
	maximum = 0.023 (at node 10)
Accepted packet rate average = 0.0061875
	minimum = 0 (at node 32)
	maximum = 0.0155 (at node 12)
Injected flit rate average = 0.0246406
	minimum = 0 (at node 40)
	maximum = 0.092 (at node 10)
Accepted flit rate average= 0.0247266
	minimum = 0 (at node 32)
	maximum = 0.062 (at node 12)
Injected packet length average = 4.00254
Accepted packet length average = 3.99621
Total in-flight flits = 21 (21 measured)
latency change    = 0.237751
throughput change = 0.0758294
Class 0:
Packet latency average = 17.7309
	minimum = 10
	maximum = 37
Network latency average = 17.645
	minimum = 10
	maximum = 37
Slowest packet = 2717
Flit latency average = 14.477
	minimum = 7
	maximum = 34
Slowest flit = 10868
Fragmentation average = 0.334606
	minimum = 0
	maximum = 12
Injected packet rate average = 0.00617578
	minimum = 0 (at node 40)
	maximum = 0.01925 (at node 8)
Accepted packet rate average = 0.00617969
	minimum = 0 (at node 32)
	maximum = 0.01425 (at node 4)
Injected flit rate average = 0.0247109
	minimum = 0 (at node 40)
	maximum = 0.077 (at node 8)
Accepted flit rate average= 0.0247148
	minimum = 0 (at node 32)
	maximum = 0.057 (at node 4)
Injected packet length average = 4.00127
Accepted packet length average = 3.99937
Total in-flight flits = 31 (31 measured)
latency change    = 0.00775852
throughput change = 0.000474158
Class 0:
Packet latency average = 18.4048
	minimum = 10
	maximum = 37
Network latency average = 18.329
	minimum = 10
	maximum = 37
Slowest packet = 2717
Flit latency average = 15.1743
	minimum = 7
	maximum = 34
Slowest flit = 10868
Fragmentation average = 0.304128
	minimum = 0
	maximum = 12
Injected packet rate average = 0.00619531
	minimum = 0 (at node 40)
	maximum = 0.016 (at node 8)
Accepted packet rate average = 0.00620833
	minimum = 0.0015 (at node 48)
	maximum = 0.012 (at node 16)
Injected flit rate average = 0.0247813
	minimum = 0 (at node 40)
	maximum = 0.064 (at node 8)
Accepted flit rate average= 0.0248177
	minimum = 0.006 (at node 48)
	maximum = 0.048 (at node 16)
Injected packet length average = 4
Accepted packet length average = 3.99748
Total in-flight flits = 20 (20 measured)
latency change    = 0.0366147
throughput change = 0.00414481
Class 0:
Packet latency average = 18.5152
	minimum = 10
	maximum = 43
Network latency average = 18.4481
	minimum = 10
	maximum = 43
Slowest packet = 4384
Flit latency average = 15.312
	minimum = 7
	maximum = 40
Slowest flit = 17539
Fragmentation average = 0.267007
	minimum = 0
	maximum = 12
Injected packet rate average = 0.00611914
	minimum = 0.000625 (at node 50)
	maximum = 0.0145 (at node 11)
Accepted packet rate average = 0.00613477
	minimum = 0.0025 (at node 55)
	maximum = 0.011 (at node 28)
Injected flit rate average = 0.0244824
	minimum = 0.0025 (at node 50)
	maximum = 0.058 (at node 11)
Accepted flit rate average= 0.0245273
	minimum = 0.01 (at node 55)
	maximum = 0.044 (at node 28)
Injected packet length average = 4.00096
Accepted packet length average = 3.99809
Total in-flight flits = 8 (8 measured)
latency change    = 0.005961
throughput change = 0.0118384
Draining all recorded packets ...
Draining remaining packets ...
Time taken is 12042 cycles
====== Overall Traffic Statistics ======
====== Traffic class 0 ======
Packet latency average = 18.5136 (1 samples)
	minimum = 10 (1 samples)
	maximum = 43 (1 samples)
Network latency average = 18.4465 (1 samples)
	minimum = 10 (1 samples)
	maximum = 43 (1 samples)
Flit latency average = 15.3125 (1 samples)
	minimum = 7 (1 samples)
	maximum = 40 (1 samples)
Fragmentation average = 0.266837 (1 samples)
	minimum = 0 (1 samples)
	maximum = 12 (1 samples)
Injected packet rate average = 0.00611914 (1 samples)
	minimum = 0.000625 (1 samples)
	maximum = 0.0145 (1 samples)
Accepted packet rate average = 0.00613477 (1 samples)
	minimum = 0.0025 (1 samples)
	maximum = 0.011 (1 samples)
Injected flit rate average = 0.0244824 (1 samples)
	minimum = 0.0025 (1 samples)
	maximum = 0.058 (1 samples)
Accepted flit rate average = 0.0245273 (1 samples)
	minimum = 0.01 (1 samples)
	maximum = 0.044 (1 samples)
Injected packet size average = 4.00096 (1 samples)
Accepted packet size average = 3.99809 (1 samples)
Hops average = 2.14555 (1 samples)
Total run time 0.26916


[stderr]
