BEGIN Configuration File: /home/amirthalingam/edge_cloud_ml/dnn-noc-sim/results/vgg/configs/flatfly_rfdefault_vbdefault_ps4_r0p006_s1.cfg
topology = flatfly;
k = 4;
n = 2;
c = 4;
x = 4;
y = 4;
xr = 2;
yr = 2;
routing_function = ran_min;
num_vcs = 8;
vc_buf_size = 4;
subnets = 1;
injection_process = bernoulli;
sim_type = latency;
warmup_periods = 2;
sample_period = 2000;
max_samples = 6;
measure_stats = 1;
traffic = trace;
trace_traffic_file = /home/amirthalingam/edge_cloud_ml/dnn-noc-sim/results/traces/vgg_trace.txt;
trace_phase_cycles = {80,80,80,80,80,80,80,80,80,80,80,80,80,80,80,80,80,80,80,80,80,80,80,80,80,80,80,80,80,80,80,80,80,80,80,80,80,80,80,80,80,80,80,80,80,80,80,80,80,80,80,80,80,80,80,80,80,80,80,80,80,80,80,80,80,80,80,80,80,80,80,80,80,80,80,80,80,80,80,80,80,80,80,80,80,80,80,80,80,80,80,80,80,80,80,80,80,80,80,80,80,80,80,80,80,80,80,80,80,80,80,80,80,80,80,80,80,80,80,80,80,80,80,80,80,80,80,80,80,80,80,80,80,80,80,80,80,80,80,80,80,80,80,80,80,80,80,80,80,80,80,80,80,80,80,80,80,80,80,80,144,144,144,144,144,144,144,144,144,144,144,144,144,144,144,144,144,144,144,144,144,144,144,144,144,144,144,144,144,144,144,144,80,80,80,80,80,80,80,80,80,80,80,80,80,80,80,80,80,80,80,80,80,80,80,80,80,80,80,80,80,80,80,80,80,80,80,80,80,80,80,80,80,80,80,80,80,80,80,80,80,80,80,80,80,80,80,80,80,80,80,80,80,80,80,80,144,144,144,144,144,144,144,144,144,144,144,144,144,144,144,144,144,144,144,144,144,144,144,144,144,144,144,144,144,144,144,144,80,80,80,80,80,80,80,80,80,80,80,80,80,80,80,80,80,80,80,80,80,80,80,80,80,80,80,80,80,80,80,80,80,80,80,80,80,80,80,80,80,80,80,80,80,80,80,80,80,80,80,80,80,80,80,80,80,80,80,80,80,80,80,80,80,80,80,80,80,80,80,80,80,80,80,80,80,80,80,80,80,80,80,80,80,80,80,80,80,80,80,80,80,80,80,80,80,80,80,80,80,80,80,80,80,80,80,80,80,80,80,80,80,80,80,80,80,80,80,80,80,80,80,80,80,80,80,80,80,80,80,80,80,80,80,392,392,392,392,392,392,392,392,392,392,392,392,392,392,392,392,392,392,392,392,392,392,392,392,392,392,392,392,392,392,392,392,80,80,80,80,80,80,80,80,80,80,80,80,80,80,80,80,80,80,80,80,80,80,80,80,80,80,80,80,80,80,80,80,80};
trace_traffic_loop = 1;
trace_fallback_uniform = 0;
trace_injection_file = /home/amirthalingam/edge_cloud_ml/dnn-noc-sim/results/traces/vgg_trace.txt;
trace_injection_phase_cycles = {80,80,80,80,80,80,80,80,80,80,80,80,80,80,80,80,80,80,80,80,80,80,80,80,80,80,80,80,80,80,80,80,80,80,80,80,80,80,80,80,80,80,80,80,80,80,80,80,80,80,80,80,80,80,80,80,80,80,80,80,80,80,80,80,80,80,80,80,80,80,80,80,80,80,80,80,80,80,80,80,80,80,80,80,80,80,80,80,80,80,80,80,80,80,80,80,80,80,80,80,80,80,80,80,80,80,80,80,80,80,80,80,80,80,80,80,80,80,80,80,80,80,80,80,80,80,80,80,80,80,80,80,80,80,80,80,80,80,80,80,80,80,80,80,80,80,80,80,80,80,80,80,80,80,80,80,80,80,80,80,144,144,144,144,144,144,144,144,144,144,144,144,144,144,144,144,144,144,144,144,144,144,144,144,144,144,144,144,144,144,144,144,80,80,80,80,80,80,80,80,80,80,80,80,80,80,80,80,80,80,80,80,80,80,80,80,80,80,80,80,80,80,80,80,80,80,80,80,80,80,80,80,80,80,80,80,80,80,80,80,80,80,80,80,80,80,80,80,80,80,80,80,80,80,80,80,144,144,144,144,144,144,144,144,144,144,144,144,144,144,144,144,144,144,144,144,144,144,144,144,144,144,144,144,144,144,144,144,80,80,80,80,80,80,80,80,80,80,80,80,80,80,80,80,80,80,80,80,80,80,80,80,80,80,80,80,80,80,80,80,80,80,80,80,80,80,80,80,80,80,80,80,80,80,80,80,80,80,80,80,80,80,80,80,80,80,80,80,80,80,80,80,80,80,80,80,80,80,80,80,80,80,80,80,80,80,80,80,80,80,80,80,80,80,80,80,80,80,80,80,80,80,80,80,80,80,80,80,80,80,80,80,80,80,80,80,80,80,80,80,80,80,80,80,80,80,80,80,80,80,80,80,80,80,80,80,80,80,80,80,80,80,80,392,392,392,392,392,392,392,392,392,392,392,392,392,392,392,392,392,392,392,392,392,392,392,392,392,392,392,392,392,392,392,392,80,80,80,80,80,80,80,80,80,80,80,80,80,80,80,80,80,80,80,80,80,80,80,80,80,80,80,80,80,80,80,80,80};
trace_injection_loop = 1;
trace_injection_use_source_weights = 1;
packet_size = 4;
injection_rate = 0.0060;
injection_process = trace;
seed = 1;

END Configuration File: /home/amirthalingam/edge_cloud_ml/dnn-noc-sim/results/vgg/configs/flatfly_rfdefault_vbdefault_ps4_r0p006_s1.cfg
 Flat Bufferfly 
 k = 4 n = 2 c = 4
 each switch - total radix =  10
 # of switches = 16
 # of channels = 96
 # of nodes ( size of network ) = 64
Class 0:
Packet latency average = 23.3927
	minimum = 10
	maximum = 56
Network latency average = 22.4603
	minimum = 10
	maximum = 48
Slowest packet = 57
Flit latency average = 19.0312
	minimum = 7
	maximum = 45
Slowest flit = 2327
Fragmentation average = 0.843953
	minimum = 0
	maximum = 22
Injected packet rate average = 0.00603906
	minimum = 0 (at node 3)
	maximum = 0.099 (at node 0)
Accepted packet rate average = 0.00600781
	minimum = 0 (at node 16)
	maximum = 0.031 (at node 11)
Injected flit rate average = 0.0241563
	minimum = 0 (at node 3)
	maximum = 0.396 (at node 0)
Accepted flit rate average= 0.0240547
	minimum = 0 (at node 16)
	maximum = 0.124 (at node 11)
Injected packet length average = 4
Accepted packet length average = 4.0039
Total in-flight flits = 13 (0 measured)
latency change    = 1
throughput change = 1
Class 0:
Packet latency average = 21.7326
	minimum = 10
	maximum = 56
Network latency average = 21.1014
	minimum = 10
	maximum = 49
Slowest packet = 57
Flit latency average = 17.6987
	minimum = 7
	maximum = 46
Slowest flit = 3271
Fragmentation average = 0.777778
	minimum = 0
	maximum = 22
Injected packet rate average = 0.0060625
	minimum = 0 (at node 19)
	maximum = 0.069 (at node 0)
Accepted packet rate average = 0.00604688
	minimum = 0 (at node 32)
	maximum = 0.02425 (at node 11)
Injected flit rate average = 0.0242383
	minimum = 0 (at node 19)
	maximum = 0.276 (at node 0)
Accepted flit rate average= 0.0241953
	minimum = 0 (at node 32)
	maximum = 0.097 (at node 11)
Injected packet length average = 3.99807
Accepted packet length average = 4.00129
Total in-flight flits = 14 (0 measured)
latency change    = 0.0763904
throughput change = 0.00581208
Warmed up ...Time used is 4000 cycles
Class 0:
Packet latency average = 18.2005
	minimum = 10
	maximum = 37
Network latency average = 18.0963
	minimum = 10
	maximum = 37
Slowest packet = 1659
Flit latency average = 14.8382
	minimum = 7
	maximum = 34
Slowest flit = 6636
Fragmentation average = 0.509358
	minimum = 0
	maximum = 8
Injected packet rate average = 0.00591406
	minimum = 0 (at node 36)
	maximum = 0.027 (at node 12)
Accepted packet rate average = 0.005875
	minimum = 0 (at node 32)
	maximum = 0.0165 (at node 28)
Injected flit rate average = 0.0236016
	minimum = 0 (at node 36)
	maximum = 0.108 (at node 12)
Accepted flit rate average= 0.0235078
	minimum = 0 (at node 32)
	maximum = 0.066 (at node 28)
Injected packet length average = 3.99075
Accepted packet length average = 4.00133
Total in-flight flits = 33 (33 measured)
latency change    = 0.194062
throughput change = 0.0292456
Class 0:
Packet latency average = 17.9808
	minimum = 10
	maximum = 37
Network latency average = 17.8821
	minimum = 10
	maximum = 37
Slowest packet = 1659
Flit latency average = 14.6895
	minimum = 7
	maximum = 34
Slowest flit = 6636
Fragmentation average = 0.377322
	minimum = 0
	maximum = 8
Injected packet rate average = 0.00612109
	minimum = 0 (at node 40)
	maximum = 0.01925 (at node 12)
Accepted packet rate average = 0.00611328
	minimum = 0 (at node 35)
	maximum = 0.01475 (at node 30)
Injected flit rate average = 0.0244961
	minimum = 0 (at node 40)
	maximum = 0.077 (at node 12)
Accepted flit rate average= 0.0244453
	minimum = 0 (at node 35)
	maximum = 0.059 (at node 30)
Injected packet length average = 4.00191
Accepted packet length average = 3.99872
Total in-flight flits = 24 (24 measured)
latency change    = 0.0122216
throughput change = 0.0383509
Class 0:
Packet latency average = 18.5815
	minimum = 10
	maximum = 44
Network latency average = 18.4937
	minimum = 10
	maximum = 44
Slowest packet = 3244
Flit latency average = 15.3131
	minimum = 7
	maximum = 41
Slowest flit = 12979
Fragmentation average = 0.352789
	minimum = 0
	maximum = 8
Injected packet rate average = 0.00603906
	minimum = 0 (at node 40)
	maximum = 0.0175 (at node 10)
Accepted packet rate average = 0.00603385
	minimum = 0.0015 (at node 36)
	maximum = 0.0118333 (at node 14)
Injected flit rate average = 0.0241563
	minimum = 0 (at node 40)
	maximum = 0.07 (at node 10)
Accepted flit rate average= 0.0241302
	minimum = 0.006 (at node 36)
	maximum = 0.0473333 (at node 14)
Injected packet length average = 4
Accepted packet length average = 3.99914
Total in-flight flits = 24 (24 measured)
latency change    = 0.0323286
throughput change = 0.0130585
Class 0:
Packet latency average = 18.8131
	minimum = 10
	maximum = 44
Network latency average = 18.7375
	minimum = 10
	maximum = 44
Slowest packet = 3244
Flit latency average = 15.5831
	minimum = 7
	maximum = 41
Slowest flit = 12979
Fragmentation average = 0.301603
	minimum = 0
	maximum = 8
Injected packet rate average = 0.00610938
	minimum = 0.001 (at node 50)
	maximum = 0.015375 (at node 10)
Accepted packet rate average = 0.00610156
	minimum = 0.002 (at node 50)
	maximum = 0.01075 (at node 30)
Injected flit rate average = 0.0244375
	minimum = 0.004 (at node 50)
	maximum = 0.0615 (at node 10)
Accepted flit rate average= 0.0244023
	minimum = 0.008 (at node 50)
	maximum = 0.043 (at node 30)
Injected packet length average = 4
Accepted packet length average = 3.99936
Total in-flight flits = 32 (32 measured)
latency change    = 0.0123129
throughput change = 0.011152
Draining all recorded packets ...
Draining remaining packets ...
Time taken is 12045 cycles
====== Overall Traffic Statistics ======
====== Traffic class 0 ======
Packet latency average = 18.8232 (1 samples)
	minimum = 10 (1 samples)
	maximum = 44 (1 samples)
Network latency average = 18.7478 (1 samples)
	minimum = 10 (1 samples)
	maximum = 44 (1 samples)
Flit latency average = 15.5993 (1 samples)
	minimum = 7 (1 samples)
	maximum = 41 (1 samples)
Fragmentation average = 0.300831 (1 samples)
	minimum = 0 (1 samples)
	maximum = 8 (1 samples)
Injected packet rate average = 0.00610938 (1 samples)
	minimum = 0.001 (1 samples)
	maximum = 0.015375 (1 samples)
Accepted packet rate average = 0.00610156 (1 samples)
	minimum = 0.002 (1 samples)
	maximum = 0.01075 (1 samples)
Injected flit rate average = 0.0244375 (1 samples)
	minimum = 0.004 (1 samples)
	maximum = 0.0615 (1 samples)
Accepted flit rate average = 0.0244023 (1 samples)
	minimum = 0.008 (1 samples)
	maximum = 0.043 (1 samples)
Injected packet size average = 4 (1 samples)
Accepted packet size average = 3.99936 (1 samples)
Hops average = 2.18127 (1 samples)
Total run time 0.266789


[stderr]
