BEGIN Configuration File: /home/amirthalingam/edge_cloud_ml/dnn-noc-sim/results/vgg/configs/flatfly_rfdefault_vbdefault_ps4_r0p006_s3.cfg
topology = flatfly;
k = 4;
n = 2;
c = 4;
x = 4;
y = 4;
xr = 2;
yr = 2;
routing_function = ran_min;
num_vcs = 8;
vc_buf_size = 4;
subnets = 1;
injection_process = bernoulli;
sim_type = latency;
warmup_periods = 2;
sample_period = 2000;
max_samples = 6;
measure_stats = 1;
traffic = trace;
trace_traffic_file = /home/amirthalingam/edge_cloud_ml/dnn-noc-sim/results/traces/vgg_trace.txt;
trace_phase_cycles = {80,80,80,80,80,80,80,80,80,80,80,80,80,80,80,80,80,80,80,80,80,80,80,80,80,80,80,80,80,80,80,80,80,80,80,80,80,80,80,80,80,80,80,80,80,80,80,80,80,80,80,80,80,80,80,80,80,80,80,80,80,80,80,80,80,80,80,80,80,80,80,80,80,80,80,80,80,80,80,80,80,80,80,80,80,80,80,80,80,80,80,80,80,80,80,80,80,80,80,80,80,80,80,80,80,80,80,80,80,80,80,80,80,80,80,80,80,80,80,80,80,80,80,80,80,80,80,80,80,80,80,80,80,80,80,80,80,80,80,80,80,80,80,80,80,80,80,80,80,80,80,80,80,80,80,80,80,80,80,80,144,144,144,144,144,144,144,144,144,144,144,144,144,144,144,144,144,144,144,144,144,144,144,144,144,144,144,144,144,144,144,144,80,80,80,80,80,80,80,80,80,80,80,80,80,80,80,80,80,80,80,80,80,80,80,80,80,80,80,80,80,80,80,80,80,80,80,80,80,80,80,80,80,80,80,80,80,80,80,80,80,80,80,80,80,80,80,80,80,80,80,80,80,80,80,80,144,144,144,144,144,144,144,144,144,144,144,144,144,144,144,144,144,144,144,144,144,144,144,144,144,144,144,144,144,144,144,144,80,80,80,80,80,80,80,80,80,80,80,80,80,80,80,80,80,80,80,80,80,80,80,80,80,80,80,80,80,80,80,80,80,80,80,80,80,80,80,80,80,80,80,80,80,80,80,80,80,80,80,80,80,80,80,80,80,80,80,80,80,80,80,80,80,80,80,80,80,80,80,80,80,80,80,80,80,80,80,80,80,80,80,80,80,80,80,80,80,80,80,80,80,80,80,80,80,80,80,80,80,80,80,80,80,80,80,80,80,80,80,80,80,80,80,80,80,80,80,80,80,80,80,80,80,80,80,80,80,80,80,80,80,80,80,392,392,392,392,392,392,392,392,392,392,392,392,392,392,392,392,392,392,392,392,392,392,392,392,392,392,392,392,392,392,392,392,80,80,80,80,80,80,80,80,80,80,80,80,80,80,80,80,80,80,80,80,80,80,80,80,80,80,80,80,80,80,80,80,80};
trace_traffic_loop = 1;
trace_fallback_uniform = 0;
trace_injection_file = /home/amirthalingam/edge_cloud_ml/dnn-noc-sim/results/traces/vgg_trace.txt;
trace_injection_phase_cycles = {80,80,80,80,80,80,80,80,80,80,80,80,80,80,80,80,80,80,80,80,80,80,80,80,80,80,80,80,80,80,80,80,80,80,80,80,80,80,80,80,80,80,80,80,80,80,80,80,80,80,80,80,80,80,80,80,80,80,80,80,80,80,80,80,80,80,80,80,80,80,80,80,80,80,80,80,80,80,80,80,80,80,80,80,80,80,80,80,80,80,80,80,80,80,80,80,80,80,80,80,80,80,80,80,80,80,80,80,80,80,80,80,80,80,80,80,80,80,80,80,80,80,80,80,80,80,80,80,80,80,80,80,80,80,80,80,80,80,80,80,80,80,80,80,80,80,80,80,80,80,80,80,80,80,80,80,80,80,80,80,144,144,144,144,144,144,144,144,144,144,144,144,144,144,144,144,144,144,144,144,144,144,144,144,144,144,144,144,144,144,144,144,80,80,80,80,80,80,80,80,80,80,80,80,80,80,80,80,80,80,80,80,80,80,80,80,80,80,80,80,80,80,80,80,80,80,80,80,80,80,80,80,80,80,80,80,80,80,80,80,80,80,80,80,80,80,80,80,80,80,80,80,80,80,80,80,144,144,144,144,144,144,144,144,144,144,144,144,144,144,144,144,144,144,144,144,144,144,144,144,144,144,144,144,144,144,144,144,80,80,80,80,80,80,80,80,80,80,80,80,80,80,80,80,80,80,80,80,80,80,80,80,80,80,80,80,80,80,80,80,80,80,80,80,80,80,80,80,80,80,80,80,80,80,80,80,80,80,80,80,80,80,80,80,80,80,80,80,80,80,80,80,80,80,80,80,80,80,80,80,80,80,80,80,80,80,80,80,80,80,80,80,80,80,80,80,80,80,80,80,80,80,80,80,80,80,80,80,80,80,80,80,80,80,80,80,80,80,80,80,80,80,80,80,80,80,80,80,80,80,80,80,80,80,80,80,80,80,80,80,80,80,80,392,392,392,392,392,392,392,392,392,392,392,392,392,392,392,392,392,392,392,392,392,392,392,392,392,392,392,392,392,392,392,392,80,80,80,80,80,80,80,80,80,80,80,80,80,80,80,80,80,80,80,80,80,80,80,80,80,80,80,80,80,80,80,80,80};
trace_injection_loop = 1;
trace_injection_use_source_weights = 1;
packet_size = 4;
injection_rate = 0.0060;
injection_process = trace;
seed = 3;

END Configuration File: /home/amirthalingam/edge_cloud_ml/dnn-noc-sim/results/vgg/configs/flatfly_rfdefault_vbdefault_ps4_r0p006_s3.cfg
 Flat Bufferfly 
 k = 4 n = 2 c = 4
 each switch - total radix =  10
 # of switches = 16
 # of channels = 96
 # of nodes ( size of network ) = 64
Class 0:
Packet latency average = 23.3753
	minimum = 10
	maximum = 49
Network latency average = 22.5461
	minimum = 10
	maximum = 46
Slowest packet = 5
Flit latency average = 19.1055
	minimum = 7
	maximum = 43
Slowest flit = 22
Fragmentation average = 0.855014
	minimum = 0
	maximum = 14
Injected packet rate average = 0.00586719
	minimum = 0 (at node 2)
	maximum = 0.103 (at node 0)
Accepted packet rate average = 0.00576562
	minimum = 0 (at node 16)
	maximum = 0.032 (at node 12)
Injected flit rate average = 0.0234688
	minimum = 0 (at node 2)
	maximum = 0.412 (at node 0)
Accepted flit rate average= 0.0231094
	minimum = 0 (at node 16)
	maximum = 0.128 (at node 12)
Injected packet length average = 4
Accepted packet length average = 4.00813
Total in-flight flits = 46 (0 measured)
latency change    = 1
throughput change = 1
Class 0:
Packet latency average = 21.7848
	minimum = 10
	maximum = 49
Network latency average = 21.2159
	minimum = 10
	maximum = 47
Slowest packet = 5
Flit latency average = 17.8126
	minimum = 7
	maximum = 44
Slowest flit = 3299
Fragmentation average = 0.786143
	minimum = 0
	maximum = 14
Injected packet rate average = 0.00590234
	minimum = 0 (at node 19)
	maximum = 0.067 (at node 0)
Accepted packet rate average = 0.00586328
	minimum = 0 (at node 32)
	maximum = 0.0235 (at node 12)
Injected flit rate average = 0.0235898
	minimum = 0 (at node 19)
	maximum = 0.268 (at node 0)
Accepted flit rate average= 0.0234766
	minimum = 0 (at node 32)
	maximum = 0.094 (at node 12)
Injected packet length average = 3.99669
Accepted packet length average = 4.004
Total in-flight flits = 34 (0 measured)
latency change    = 0.0730109
throughput change = 0.0156406
Warmed up ...Time used is 4000 cycles
Class 0:
Packet latency average = 17.884
	minimum = 10
	maximum = 38
Network latency average = 17.7631
	minimum = 10
	maximum = 38
Slowest packet = 1529
Flit latency average = 14.4772
	minimum = 7
	maximum = 35
Slowest flit = 6119
Fragmentation average = 0.556777
	minimum = 0
	maximum = 9
Injected packet rate average = 0.00647656
	minimum = 0 (at node 40)
	maximum = 0.024 (at node 10)
Accepted packet rate average = 0.00647656
	minimum = 0 (at node 32)
	maximum = 0.017 (at node 18)
Injected flit rate average = 0.0258984
	minimum = 0 (at node 40)
	maximum = 0.096 (at node 10)
Accepted flit rate average= 0.0259141
	minimum = 0 (at node 32)
	maximum = 0.068 (at node 18)
Injected packet length average = 3.99879
Accepted packet length average = 4.00121
Total in-flight flits = 33 (33 measured)
latency change    = 0.218117
throughput change = 0.0940609
Class 0:
Packet latency average = 17.7536
	minimum = 10
	maximum = 38
Network latency average = 17.67
	minimum = 10
	maximum = 38
Slowest packet = 1529
Flit latency average = 14.4474
	minimum = 7
	maximum = 35
Slowest flit = 6119
Fragmentation average = 0.430652
	minimum = 0
	maximum = 9
Injected packet rate average = 0.00617969
	minimum = 0 (at node 40)
	maximum = 0.01725 (at node 11)
Accepted packet rate average = 0.00620703
	minimum = 0 (at node 39)
	maximum = 0.01475 (at node 27)
Injected flit rate average = 0.0247383
	minimum = 0 (at node 40)
	maximum = 0.069 (at node 11)
Accepted flit rate average= 0.0248047
	minimum = 0 (at node 39)
	maximum = 0.059 (at node 27)
Injected packet length average = 4.00316
Accepted packet length average = 3.99622
Total in-flight flits = 12 (12 measured)
latency change    = 0.00734291
throughput change = 0.0447244
Class 0:
Packet latency average = 18.4832
	minimum = 10
	maximum = 40
Network latency average = 18.3966
	minimum = 10
	maximum = 40
Slowest packet = 3441
Flit latency average = 15.1983
	minimum = 7
	maximum = 37
Slowest flit = 13764
Fragmentation average = 0.379957
	minimum = 0
	maximum = 9
Injected packet rate average = 0.0061224
	minimum = 0 (at node 40)
	maximum = 0.017 (at node 11)
Accepted packet rate average = 0.00613281
	minimum = 0.0015 (at node 33)
	maximum = 0.0123333 (at node 18)
Injected flit rate average = 0.0245026
	minimum = 0 (at node 40)
	maximum = 0.068 (at node 11)
Accepted flit rate average= 0.0245156
	minimum = 0.006 (at node 33)
	maximum = 0.0493333 (at node 18)
Injected packet length average = 4.00213
Accepted packet length average = 3.99745
Total in-flight flits = 24 (24 measured)
latency change    = 0.0394691
throughput change = 0.0117909
Class 0:
Packet latency average = 18.7014
	minimum = 10
	maximum = 42
Network latency average = 18.6216
	minimum = 10
	maximum = 42
Slowest packet = 4446
Flit latency average = 15.447
	minimum = 7
	maximum = 39
Slowest flit = 17784
Fragmentation average = 0.336754
	minimum = 0
	maximum = 9
Injected packet rate average = 0.00610547
	minimum = 0.0005 (at node 52)
	maximum = 0.014375 (at node 11)
Accepted packet rate average = 0.00610938
	minimum = 0.001875 (at node 39)
	maximum = 0.01075 (at node 3)
Injected flit rate average = 0.0244219
	minimum = 0.002 (at node 52)
	maximum = 0.0575 (at node 11)
Accepted flit rate average= 0.0244316
	minimum = 0.0075 (at node 39)
	maximum = 0.043 (at node 3)
Injected packet length average = 4
Accepted packet length average = 3.99904
Total in-flight flits = 29 (29 measured)
latency change    = 0.0116705
throughput change = 0.00343752
Draining all recorded packets ...
Draining remaining packets ...
Time taken is 12051 cycles
====== Overall Traffic Statistics ======
====== Traffic class 0 ======
Packet latency average = 18.7166 (1 samples)
	minimum = 10 (1 samples)
	maximum = 42 (1 samples)
Network latency average = 18.6369 (1 samples)
	minimum = 10 (1 samples)
	maximum = 42 (1 samples)
Flit latency average = 15.4608 (1 samples)
	minimum = 7 (1 samples)
	maximum = 39 (1 samples)
Fragmentation average = 0.335893 (1 samples)
	minimum = 0 (1 samples)
	maximum = 9 (1 samples)
Injected packet rate average = 0.00610547 (1 samples)
	minimum = 0.0005 (1 samples)
	maximum = 0.014375 (1 samples)
Accepted packet rate average = 0.00610938 (1 samples)
	minimum = 0.001875 (1 samples)
	maximum = 0.01075 (1 samples)
Injected flit rate average = 0.0244219 (1 samples)
	minimum = 0.002 (1 samples)
	maximum = 0.0575 (1 samples)
Accepted flit rate average = 0.0244316 (1 samples)
	minimum = 0.0075 (1 samples)
	maximum = 0.043 (1 samples)
Injected packet size average = 4 (1 samples)
Accepted packet size average = 3.99904 (1 samples)
Hops average = 2.16155 (1 samples)
Total run time 0.322168


[stderr]
