BEGIN Configuration File: /home/amirthalingam/edge_cloud_ml/dnn-noc-sim/results/vgg/configs/mesh_rfdefault_vbdefault_ps4_r0p006_s3.cfg
topology = mesh;
k = 8;
n = 2;
xr = 1;
routing_function = dim_order;
num_vcs = 4;
vc_buf_size = 8;
subnets = 1;
injection_process = bernoulli;
sim_type = latency;
warmup_periods = 2;
sample_period = 2000;
max_samples = 6;
measure_stats = 1;
traffic = trace;
trace_traffic_file = /home/amirthalingam/edge_cloud_ml/dnn-noc-sim/results/traces/vgg_trace.txt;
trace_phase_cycles = {80,80,80,80,80,80,80,80,80,80,80,80,80,80,80,80,80,80,80,80,80,80,80,80,80,80,80,80,80,80,80,80,80,80,80,80,80,80,80,80,80,80,80,80,80,80,80,80,80,80,80,80,80,80,80,80,80,80,80,80,80,80,80,80,80,80,80,80,80,80,80,80,80,80,80,80,80,80,80,80,80,80,80,80,80,80,80,80,80,80,80,80,80,80,80,80,80,80,80,80,80,80,80,80,80,80,80,80,80,80,80,80,80,80,80,80,80,80,80,80,80,80,80,80,80,80,80,80,80,80,80,80,80,80,80,80,80,80,80,80,80,80,80,80,80,80,80,80,80,80,80,80,80,80,80,80,80,80,80,80,144,144,144,144,144,144,144,144,144,144,144,144,144,144,144,144,144,144,144,144,144,144,144,144,144,144,144,144,144,144,144,144,80,80,80,80,80,80,80,80,80,80,80,80,80,80,80,80,80,80,80,80,80,80,80,80,80,80,80,80,80,80,80,80,80,80,80,80,80,80,80,80,80,80,80,80,80,80,80,80,80,80,80,80,80,80,80,80,80,80,80,80,80,80,80,80,144,144,144,144,144,144,144,144,144,144,144,144,144,144,144,144,144,144,144,144,144,144,144,144,144,144,144,144,144,144,144,144,80,80,80,80,80,80,80,80,80,80,80,80,80,80,80,80,80,80,80,80,80,80,80,80,80,80,80,80,80,80,80,80,80,80,80,80,80,80,80,80,80,80,80,80,80,80,80,80,80,80,80,80,80,80,80,80,80,80,80,80,80,80,80,80,80,80,80,80,80,80,80,80,80,80,80,80,80,80,80,80,80,80,80,80,80,80,80,80,80,80,80,80,80,80,80,80,80,80,80,80,80,80,80,80,80,80,80,80,80,80,80,80,80,80,80,80,80,80,80,80,80,80,80,80,80,80,80,80,80,80,80,80,80,80,80,392,392,392,392,392,392,392,392,392,392,392,392,392,392,392,392,392,392,392,392,392,392,392,392,392,392,392,392,392,392,392,392,80,80,80,80,80,80,80,80,80,80,80,80,80,80,80,80,80,80,80,80,80,80,80,80,80,80,80,80,80,80,80,80,80};
trace_traffic_loop = 1;
trace_fallback_uniform = 0;
trace_injection_file = /home/amirthalingam/edge_cloud_ml/dnn-noc-sim/results/traces/vgg_trace.txt;
trace_injection_phase_cycles = {80,80,80,80,80,80,80,80,80,80,80,80,80,80,80,80,80,80,80,80,80,80,80,80,80,80,80,80,80,80,80,80,80,80,80,80,80,80,80,80,80,80,80,80,80,80,80,80,80,80,80,80,80,80,80,80,80,80,80,80,80,80,80,80,80,80,80,80,80,80,80,80,80,80,80,80,80,80,80,80,80,80,80,80,80,80,80,80,80,80,80,80,80,80,80,80,80,80,80,80,80,80,80,80,80,80,80,80,80,80,80,80,80,80,80,80,80,80,80,80,80,80,80,80,80,80,80,80,80,80,80,80,80,80,80,80,80,80,80,80,80,80,80,80,80,80,80,80,80,80,80,80,80,80,80,80,80,80,80,80,144,144,144,144,144,144,144,144,144,144,144,144,144,144,144,144,144,144,144,144,144,144,144,144,144,144,144,144,144,144,144,144,80,80,80,80,80,80,80,80,80,80,80,80,80,80,80,80,80,80,80,80,80,80,80,80,80,80,80,80,80,80,80,80,80,80,80,80,80,80,80,80,80,80,80,80,80,80,80,80,80,80,80,80,80,80,80,80,80,80,80,80,80,80,80,80,144,144,144,144,144,144,144,144,144,144,144,144,144,144,144,144,144,144,144,144,144,144,144,144,144,144,144,144,144,144,144,144,80,80,80,80,80,80,80,80,80,80,80,80,80,80,80,80,80,80,80,80,80,80,80,80,80,80,80,80,80,80,80,80,80,80,80,80,80,80,80,80,80,80,80,80,80,80,80,80,80,80,80,80,80,80,80,80,80,80,80,80,80,80,80,80,80,80,80,80,80,80,80,80,80,80,80,80,80,80,80,80,80,80,80,80,80,80,80,80,80,80,80,80,80,80,80,80,80,80,80,80,80,80,80,80,80,80,80,80,80,80,80,80,80,80,80,80,80,80,80,80,80,80,80,80,80,80,80,80,80,80,80,80,80,80,80,392,392,392,392,392,392,392,392,392,392,392,392,392,392,392,392,392,392,392,392,392,392,392,392,392,392,392,392,392,392,392,392,80,80,80,80,80,80,80,80,80,80,80,80,80,80,80,80,80,80,80,80,80,80,80,80,80,80,80,80,80,80,80,80,80};
trace_injection_loop = 1;
trace_injection_use_source_weights = 1;
packet_size = 4;
injection_rate = 0.0060;
injection_process = trace;
seed = 3;

END Configuration File: /home/amirthalingam/edge_cloud_ml/dnn-noc-sim/results/vgg/configs/mesh_rfdefault_vbdefault_ps4_r0p006_s3.cfg
Class 0:
Packet latency average = 42.6396
	minimum = 10
	maximum = 80
Network latency average = 41.8061
	minimum = 10
	maximum = 76
Slowest packet = 100
Flit latency average = 38.8012
	minimum = 7
	maximum = 73
Slowest flit = 2056
Fragmentation average = 0.00825309
	minimum = 0
	maximum = 1
Injected packet rate average = 0.00586719
	minimum = 0 (at node 2)
	maximum = 0.103 (at node 0)
Accepted packet rate average = 0.00567969
	minimum = 0 (at node 16)
	maximum = 0.031 (at node 12)
Injected flit rate average = 0.0234688
	minimum = 0 (at node 2)
	maximum = 0.412 (at node 0)
Accepted flit rate average= 0.0227187
	minimum = 0 (at node 16)
	maximum = 0.124 (at node 12)
Injected packet length average = 4
Accepted packet length average = 4
Total in-flight flits = 96 (0 measured)
latency change    = 1
throughput change = 1
Class 0:
Packet latency average = 37.0153
	minimum = 10
	maximum = 80
Network latency average = 36.4458
	minimum = 10
	maximum = 76
Slowest packet = 100
Flit latency average = 33.3995
	minimum = 7
	maximum = 73
Slowest flit = 2056
Fragmentation average = 0.0858283
	minimum = 0
	maximum = 7
Injected packet rate average = 0.00590234
	minimum = 0 (at node 19)
	maximum = 0.067 (at node 0)
Accepted packet rate average = 0.00587109
	minimum = 0 (at node 32)
	maximum = 0.0235 (at node 12)
Injected flit rate average = 0.0235898
	minimum = 0 (at node 19)
	maximum = 0.268 (at node 0)
Accepted flit rate average= 0.0234844
	minimum = 0 (at node 32)
	maximum = 0.094 (at node 12)
Injected packet length average = 3.99669
Accepted packet length average = 4
Total in-flight flits = 32 (0 measured)
latency change    = 0.151946
throughput change = 0.0326015
Warmed up ...Time used is 4000 cycles
Class 0:
Packet latency average = 25.3966
	minimum = 10
	maximum = 60
Network latency average = 25.2754
	minimum = 10
	maximum = 60
Slowest packet = 2015
Flit latency average = 22.0558
	minimum = 7
	maximum = 57
Slowest flit = 8060
Fragmentation average = 0.346389
	minimum = 0
	maximum = 8
Injected packet rate average = 0.00647656
	minimum = 0 (at node 40)
	maximum = 0.024 (at node 10)
Accepted packet rate average = 0.00644531
	minimum = 0 (at node 32)
	maximum = 0.0165 (at node 2)
Injected flit rate average = 0.0258984
	minimum = 0 (at node 40)
	maximum = 0.096 (at node 10)
Accepted flit rate average= 0.0257812
	minimum = 0 (at node 32)
	maximum = 0.066 (at node 2)
Injected packet length average = 3.99879
Accepted packet length average = 4
Total in-flight flits = 48 (48 measured)
latency change    = 0.457492
throughput change = 0.0890909
Class 0:
Packet latency average = 25.7798
	minimum = 10
	maximum = 75
Network latency average = 25.6961
	minimum = 10
	maximum = 75
Slowest packet = 2888
Flit latency average = 22.521
	minimum = 7
	maximum = 72
Slowest flit = 11552
Fragmentation average = 0.301396
	minimum = 0
	maximum = 8
Injected packet rate average = 0.00617969
	minimum = 0 (at node 40)
	maximum = 0.01725 (at node 11)
Accepted packet rate average = 0.0061875
	minimum = 0 (at node 39)
	maximum = 0.01475 (at node 27)
Injected flit rate average = 0.0247383
	minimum = 0 (at node 40)
	maximum = 0.069 (at node 11)
Accepted flit rate average= 0.0247578
	minimum = 0 (at node 39)
	maximum = 0.059 (at node 27)
Injected packet length average = 4.00316
Accepted packet length average = 4.00126
Total in-flight flits = 22 (22 measured)
latency change    = 0.0148663
throughput change = 0.041338
Class 0:
Packet latency average = 27.4009
	minimum = 10
	maximum = 75
Network latency average = 27.3155
	minimum = 10
	maximum = 75
Slowest packet = 2888
Flit latency average = 24.1617
	minimum = 7
	maximum = 72
Slowest flit = 11552
Fragmentation average = 0.255764
	minimum = 0
	maximum = 8
Injected packet rate average = 0.0061224
	minimum = 0 (at node 40)
	maximum = 0.017 (at node 11)
Accepted packet rate average = 0.00611979
	minimum = 0.0015 (at node 33)
	maximum = 0.0123333 (at node 18)
Injected flit rate average = 0.0245026
	minimum = 0 (at node 40)
	maximum = 0.068 (at node 11)
Accepted flit rate average= 0.0244792
	minimum = 0.006 (at node 33)
	maximum = 0.0493333 (at node 18)
Injected packet length average = 4.00213
Accepted packet length average = 4
Total in-flight flits = 36 (36 measured)
latency change    = 0.0591628
throughput change = 0.011383
Class 0:
Packet latency average = 28.4875
	minimum = 10
	maximum = 80
Network latency average = 28.4075
	minimum = 10
	maximum = 80
Slowest packet = 4136
Flit latency average = 25.2722
	minimum = 7
	maximum = 77
Slowest flit = 16544
Fragmentation average = 0.226718
	minimum = 0
	maximum = 8
Injected packet rate average = 0.00610547
	minimum = 0.0005 (at node 52)
	maximum = 0.014375 (at node 11)
Accepted packet rate average = 0.00609766
	minimum = 0.001875 (at node 39)
	maximum = 0.01075 (at node 18)
Injected flit rate average = 0.0244219
	minimum = 0.002 (at node 52)
	maximum = 0.0575 (at node 11)
Accepted flit rate average= 0.0243945
	minimum = 0.0075 (at node 39)
	maximum = 0.043 (at node 18)
Injected packet length average = 4
Accepted packet length average = 4.00064
Total in-flight flits = 46 (46 measured)
latency change    = 0.0381409
throughput change = 0.00346944
Draining all recorded packets ...
Draining remaining packets ...
Time taken is 12103 cycles
====== Overall Traffic Statistics ======
====== Traffic class 0 ======
Packet latency average = 28.5349 (1 samples)
	minimum = 10 (1 samples)
	maximum = 80 (1 samples)
Network latency average = 28.4552 (1 samples)
	minimum = 10 (1 samples)
	maximum = 80 (1 samples)
Flit latency average = 25.3431 (1 samples)
	minimum = 7 (1 samples)
	maximum = 77 (1 samples)
Fragmentation average = 0.225848 (1 samples)
	minimum = 0 (1 samples)
	maximum = 8 (1 samples)
Injected packet rate average = 0.00610547 (1 samples)
	minimum = 0.0005 (1 samples)
	maximum = 0.014375 (1 samples)
Accepted packet rate average = 0.00609766 (1 samples)
	minimum = 0.001875 (1 samples)
	maximum = 0.01075 (1 samples)
Injected flit rate average = 0.0244219 (1 samples)
	minimum = 0.002 (1 samples)
	maximum = 0.0575 (1 samples)
Accepted flit rate average = 0.0243945 (1 samples)
	minimum = 0.0075 (1 samples)
	maximum = 0.043 (1 samples)
Injected packet size average = 4 (1 samples)
Accepted packet size average = 4.00064 (1 samples)
Hops average = 4.63852 (1 samples)
Total run time 0.398826


[stderr]
