BEGIN Configuration File: /home/amirthalingam/edge_cloud_ml/dnn-noc-sim/results/vgg/configs/mesh_rfdefault_vbdefault_ps4_r0p006_s5.cfg
topology = mesh;
k = 8;
n = 2;
xr = 1;
routing_function = dim_order;
num_vcs = 4;
vc_buf_size = 8;
subnets = 1;
injection_process = bernoulli;
sim_type = latency;
warmup_periods = 2;
sample_period = 2000;
max_samples = 6;
measure_stats = 1;
traffic = trace;
trace_traffic_file = /home/amirthalingam/edge_cloud_ml/dnn-noc-sim/results/traces/vgg_trace.txt;
trace_phase_cycles = {80,80,80,80,80,80,80,80,80,80,80,80,80,80,80,80,80,80,80,80,80,80,80,80,80,80,80,80,80,80,80,80,80,80,80,80,80,80,80,80,80,80,80,80,80,80,80,80,80,80,80,80,80,80,80,80,80,80,80,80,80,80,80,80,80,80,80,80,80,80,80,80,80,80,80,80,80,80,80,80,80,80,80,80,80,80,80,80,80,80,80,80,80,80,80,80,80,80,80,80,80,80,80,80,80,80,80,80,80,80,80,80,80,80,80,80,80,80,80,80,80,80,80,80,80,80,80,80,80,80,80,80,80,80,80,80,80,80,80,80,80,80,80,80,80,80,80,80,80,80,80,80,80,80,80,80,80,80,80,80,144,144,144,144,144,144,144,144,144,144,144,144,144,144,144,144,144,144,144,144,144,144,144,144,144,144,144,144,144,144,144,144,80,80,80,80,80,80,80,80,80,80,80,80,80,80,80,80,80,80,80,80,80,80,80,80,80,80,80,80,80,80,80,80,80,80,80,80,80,80,80,80,80,80,80,80,80,80,80,80,80,80,80,80,80,80,80,80,80,80,80,80,80,80,80,80,144,144,144,144,144,144,144,144,144,144,144,144,144,144,144,144,144,144,144,144,144,144,144,144,144,144,144,144,144,144,144,144,80,80,80,80,80,80,80,80,80,80,80,80,80,80,80,80,80,80,80,80,80,80,80,80,80,80,80,80,80,80,80,80,80,80,80,80,80,80,80,80,80,80,80,80,80,80,80,80,80,80,80,80,80,80,80,80,80,80,80,80,80,80,80,80,80,80,80,80,80,80,80,80,80,80,80,80,80,80,80,80,80,80,80,80,80,80,80,80,80,80,80,80,80,80,80,80,80,80,80,80,80,80,80,80,80,80,80,80,80,80,80,80,80,80,80,80,80,80,80,80,80,80,80,80,80,80,80,80,80,80,80,80,80,80,80,392,392,392,392,392,392,392,392,392,392,392,392,392,392,392,392,392,392,392,392,392,392,392,392,392,392,392,392,392,392,392,392,80,80,80,80,80,80,80,80,80,80,80,80,80,80,80,80,80,80,80,80,80,80,80,80,80,80,80,80,80,80,80,80,80};
trace_traffic_loop = 1;
trace_fallback_uniform = 0;
trace_injection_file = /home/amirthalingam/edge_cloud_ml/dnn-noc-sim/results/traces/vgg_trace.txt;
trace_injection_phase_cycles = {80,80,80,80,80,80,80,80,80,80,80,80,80,80,80,80,80,80,80,80,80,80,80,80,80,80,80,80,80,80,80,80,80,80,80,80,80,80,80,80,80,80,80,80,80,80,80,80,80,80,80,80,80,80,80,80,80,80,80,80,80,80,80,80,80,80,80,80,80,80,80,80,80,80,80,80,80,80,80,80,80,80,80,80,80,80,80,80,80,80,80,80,80,80,80,80,80,80,80,80,80,80,80,80,80,80,80,80,80,80,80,80,80,80,80,80,80,80,80,80,80,80,80,80,80,80,80,80,80,80,80,80,80,80,80,80,80,80,80,80,80,80,80,80,80,80,80,80,80,80,80,80,80,80,80,80,80,80,80,80,144,144,144,144,144,144,144,144,144,144,144,144,144,144,144,144,144,144,144,144,144,144,144,144,144,144,144,144,144,144,144,144,80,80,80,80,80,80,80,80,80,80,80,80,80,80,80,80,80,80,80,80,80,80,80,80,80,80,80,80,80,80,80,80,80,80,80,80,80,80,80,80,80,80,80,80,80,80,80,80,80,80,80,80,80,80,80,80,80,80,80,80,80,80,80,80,144,144,144,144,144,144,144,144,144,144,144,144,144,144,144,144,144,144,144,144,144,144,144,144,144,144,144,144,144,144,144,144,80,80,80,80,80,80,80,80,80,80,80,80,80,80,80,80,80,80,80,80,80,80,80,80,80,80,80,80,80,80,80,80,80,80,80,80,80,80,80,80,80,80,80,80,80,80,80,80,80,80,80,80,80,80,80,80,80,80,80,80,80,80,80,80,80,80,80,80,80,80,80,80,80,80,80,80,80,80,80,80,80,80,80,80,80,80,80,80,80,80,80,80,80,80,80,80,80,80,80,80,80,80,80,80,80,80,80,80,80,80,80,80,80,80,80,80,80,80,80,80,80,80,80,80,80,80,80,80,80,80,80,80,80,80,80,392,392,392,392,392,392,392,392,392,392,392,392,392,392,392,392,392,392,392,392,392,392,392,392,392,392,392,392,392,392,392,392,80,80,80,80,80,80,80,80,80,80,80,80,80,80,80,80,80,80,80,80,80,80,80,80,80,80,80,80,80,80,80,80,80};
trace_injection_loop = 1;
trace_injection_use_source_weights = 1;
packet_size = 4;
injection_rate = 0.0060;
injection_process = trace;
seed = 5;

END Configuration File: /home/amirthalingam/edge_cloud_ml/dnn-noc-sim/results/vgg/configs/mesh_rfdefault_vbdefault_ps4_r0p006_s5.cfg
Class 0:
Packet latency average = 42.8152
	minimum = 10
	maximum = 81
Network latency average = 41.9647
	minimum = 10
	maximum = 75
Slowest packet = 6
Flit latency average = 38.9409
	minimum = 7
	maximum = 72
Slowest flit = 24
Fragmentation average = 0.0285326
	minimum = 0
	maximum = 3
Injected packet rate average = 0.005875
	minimum = 0 (at node 1)
	maximum = 0.0995 (at node 63)
Accepted packet rate average = 0.00575
	minimum = 0 (at node 16)
	maximum = 0.029 (at node 7)
Injected flit rate average = 0.0234922
	minimum = 0 (at node 1)
	maximum = 0.3975 (at node 63)
Accepted flit rate average= 0.0230078
	minimum = 0 (at node 16)
	maximum = 0.116 (at node 7)
Injected packet length average = 3.99867
Accepted packet length average = 4.00136
Total in-flight flits = 63 (0 measured)
latency change    = 1
throughput change = 1
Class 0:
Packet latency average = 36.4098
	minimum = 10
	maximum = 81
Network latency average = 35.8563
	minimum = 10
	maximum = 76
Slowest packet = 6
Flit latency average = 32.795
	minimum = 7
	maximum = 73
Slowest flit = 3767
Fragmentation average = 0.114305
	minimum = 0
	maximum = 7
Injected packet rate average = 0.00587109
	minimum = 0 (at node 19)
	maximum = 0.0735 (at node 7)
Accepted packet rate average = 0.00584375
	minimum = 0 (at node 32)
	maximum = 0.0225 (at node 10)
Injected flit rate average = 0.0234805
	minimum = 0 (at node 19)
	maximum = 0.294 (at node 7)
Accepted flit rate average= 0.023375
	minimum = 0 (at node 32)
	maximum = 0.09 (at node 10)
Injected packet length average = 3.99933
Accepted packet length average = 4
Total in-flight flits = 28 (0 measured)
latency change    = 0.175927
throughput change = 0.0157086
Warmed up ...Time used is 4000 cycles
Class 0:
Packet latency average = 25.3651
	minimum = 10
	maximum = 55
Network latency average = 25.2611
	minimum = 10
	maximum = 55
Slowest packet = 1578
Flit latency average = 22.1522
	minimum = 7
	maximum = 52
Slowest flit = 6312
Fragmentation average = 0.248762
	minimum = 0
	maximum = 6
Injected packet rate average = 0.00640625
	minimum = 0 (at node 40)
	maximum = 0.0255 (at node 10)
Accepted packet rate average = 0.00636719
	minimum = 0 (at node 32)
	maximum = 0.019 (at node 6)
Injected flit rate average = 0.0256094
	minimum = 0 (at node 40)
	maximum = 0.1025 (at node 10)
Accepted flit rate average= 0.0255078
	minimum = 0 (at node 32)
	maximum = 0.076 (at node 6)
Injected packet length average = 3.99756
Accepted packet length average = 4.00613
Total in-flight flits = 43 (43 measured)
latency change    = 0.435427
throughput change = 0.0836141
Class 0:
Packet latency average = 25.7503
	minimum = 10
	maximum = 60
Network latency average = 25.6684
	minimum = 10
	maximum = 60
Slowest packet = 2960
Flit latency average = 22.5482
	minimum = 7
	maximum = 57
Slowest flit = 11840
Fragmentation average = 0.258577
	minimum = 0
	maximum = 6
Injected packet rate average = 0.00617578
	minimum = 0 (at node 40)
	maximum = 0.019 (at node 10)
Accepted packet rate average = 0.00617578
	minimum = 0 (at node 34)
	maximum = 0.01575 (at node 17)
Injected flit rate average = 0.024707
	minimum = 0 (at node 40)
	maximum = 0.07625 (at node 10)
Accepted flit rate average= 0.0247031
	minimum = 0 (at node 34)
	maximum = 0.063 (at node 17)
Injected packet length average = 4.00063
Accepted packet length average = 4
Total in-flight flits = 28 (28 measured)
latency change    = 0.0149598
throughput change = 0.0325743
Class 0:
Packet latency average = 26.9766
	minimum = 10
	maximum = 60
Network latency average = 26.9013
	minimum = 10
	maximum = 60
Slowest packet = 2960
Flit latency average = 23.7996
	minimum = 7
	maximum = 57
Slowest flit = 11840
Fragmentation average = 0.221308
	minimum = 0
	maximum = 6
Injected packet rate average = 0.00603906
	minimum = 0 (at node 40)
	maximum = 0.0175 (at node 10)
Accepted packet rate average = 0.00603125
	minimum = 0.00133333 (at node 39)
	maximum = 0.0125 (at node 26)
Injected flit rate average = 0.0241589
	minimum = 0 (at node 40)
	maximum = 0.0701667 (at node 10)
Accepted flit rate average= 0.0241354
	minimum = 0.00533333 (at node 39)
	maximum = 0.05 (at node 26)
Injected packet length average = 4.00043
Accepted packet length average = 4.00173
Total in-flight flits = 36 (36 measured)
latency change    = 0.0454577
throughput change = 0.0235218
Class 0:
Packet latency average = 28.0648
	minimum = 10
	maximum = 80
Network latency average = 28.001
	minimum = 10
	maximum = 80
Slowest packet = 4291
Flit latency average = 24.9071
	minimum = 7
	maximum = 77
Slowest flit = 17164
Fragmentation average = 0.191384
	minimum = 0
	maximum = 6
Injected packet rate average = 0.00596875
	minimum = 0.000625 (at node 41)
	maximum = 0.013625 (at node 10)
Accepted packet rate average = 0.00595313
	minimum = 0.002 (at node 40)
	maximum = 0.0105 (at node 18)
Injected flit rate average = 0.023875
	minimum = 0.0025 (at node 41)
	maximum = 0.054625 (at node 10)
Accepted flit rate average= 0.0238203
	minimum = 0.008 (at node 40)
	maximum = 0.042 (at node 18)
Injected packet length average = 4
Accepted packet length average = 4.00131
Total in-flight flits = 56 (56 measured)
latency change    = 0.0387734
throughput change = 0.0132284
Draining all recorded packets ...
Draining remaining packets ...
Time taken is 12083 cycles
====== Overall Traffic Statistics ======
====== Traffic class 0 ======
Packet latency average = 28.1047 (1 samples)
	minimum = 10 (1 samples)
	maximum = 80 (1 samples)
Network latency average = 28.0406 (1 samples)
	minimum = 10 (1 samples)
	maximum = 80 (1 samples)
Flit latency average = 24.9614 (1 samples)
	minimum = 7 (1 samples)
	maximum = 77 (1 samples)
Fragmentation average = 0.190772 (1 samples)
	minimum = 0 (1 samples)
	maximum = 6 (1 samples)
Injected packet rate average = 0.00596875 (1 samples)
	minimum = 0.000625 (1 samples)
	maximum = 0.013625 (1 samples)
Accepted packet rate average = 0.00595313 (1 samples)
	minimum = 0.002 (1 samples)
	maximum = 0.0105 (1 samples)
Injected flit rate average = 0.023875 (1 samples)
	minimum = 0.0025 (1 samples)
	maximum = 0.054625 (1 samples)
Accepted flit rate average = 0.0238203 (1 samples)
	minimum = 0.008 (1 samples)
	maximum = 0.042 (1 samples)
Injected packet size average = 4 (1 samples)
Accepted packet size average = 4.00131 (1 samples)
Hops average = 4.56119 (1 samples)
Total run time 0.393076


[stderr]
