BEGIN Configuration File: /home/amirthalingam/edge_cloud_ml/dnn-noc-sim/results/vgg/configs/mesh_rfdefault_vbdefault_ps4_r0p006_s4.cfg
topology = mesh;
k = 8;
n = 2;
xr = 1;
routing_function = dim_order;
num_vcs = 4;
vc_buf_size = 8;
subnets = 1;
injection_process = bernoulli;
sim_type = latency;
warmup_periods = 2;
sample_period = 2000;
max_samples = 6;
measure_stats = 1;
traffic = trace;
trace_traffic_file = /home/amirthalingam/edge_cloud_ml/dnn-noc-sim/results/traces/vgg_trace.txt;
trace_phase_cycles = {80,80,80,80,80,80,80,80,80,80,80,80,80,80,80,80,80,80,80,80,80,80,80,80,80,80,80,80,80,80,80,80,80,80,80,80,80,80,80,80,80,80,80,80,80,80,80,80,80,80,80,80,80,80,80,80,80,80,80,80,80,80,80,80,80,80,80,80,80,80,80,80,80,80,80,80,80,80,80,80,80,80,80,80,80,80,80,80,80,80,80,80,80,80,80,80,80,80,80,80,80,80,80,80,80,80,80,80,80,80,80,80,80,80,80,80,80,80,80,80,80,80,80,80,80,80,80,80,80,80,80,80,80,80,80,80,80,80,80,80,80,80,80,80,80,80,80,80,80,80,80,80,80,80,80,80,80,80,80,80,144,144,144,144,144,144,144,144,144,144,144,144,144,144,144,144,144,144,144,144,144,144,144,144,144,144,144,144,144,144,144,144,80,80,80,80,80,80,80,80,80,80,80,80,80,80,80,80,80,80,80,80,80,80,80,80,80,80,80,80,80,80,80,80,80,80,80,80,80,80,80,80,80,80,80,80,80,80,80,80,80,80,80,80,80,80,80,80,80,80,80,80,80,80,80,80,144,144,144,144,144,144,144,144,144,144,144,144,144,144,144,144,144,144,144,144,144,144,144,144,144,144,144,144,144,144,144,144,80,80,80,80,80,80,80,80,80,80,80,80,80,80,80,80,80,80,80,80,80,80,80,80,80,80,80,80,80,80,80,80,80,80,80,80,80,80,80,80,80,80,80,80,80,80,80,80,80,80,80,80,80,80,80,80,80,80,80,80,80,80,80,80,80,80,80,80,80,80,80,80,80,80,80,80,80,80,80,80,80,80,80,80,80,80,80,80,80,80,80,80,80,80,80,80,80,80,80,80,80,80,80,80,80,80,80,80,80,80,80,80,80,80,80,80,80,80,80,80,80,80,80,80,80,80,80,80,80,80,80,80,80,80,80,392,392,392,392,392,392,392,392,392,392,392,392,392,392,392,392,392,392,392,392,392,392,392,392,392,392,392,392,392,392,392,392,80,80,80,80,80,80,80,80,80,80,80,80,80,80,80,80,80,80,80,80,80,80,80,80,80,80,80,80,80,80,80,80,80};
trace_traffic_loop = 1;
trace_fallback_uniform = 0;
trace_injection_file = /home/amirthalingam/edge_cloud_ml/dnn-noc-sim/results/traces/vgg_trace.txt;
trace_injection_phase_cycles = {80,80,80,80,80,80,80,80,80,80,80,80,80,80,80,80,80,80,80,80,80,80,80,80,80,80,80,80,80,80,80,80,80,80,80,80,80,80,80,80,80,80,80,80,80,80,80,80,80,80,80,80,80,80,80,80,80,80,80,80,80,80,80,80,80,80,80,80,80,80,80,80,80,80,80,80,80,80,80,80,80,80,80,80,80,80,80,80,80,80,80,80,80,80,80,80,80,80,80,80,80,80,80,80,80,80,80,80,80,80,80,80,80,80,80,80,80,80,80,80,80,80,80,80,80,80,80,80,80,80,80,80,80,80,80,80,80,80,80,80,80,80,80,80,80,80,80,80,80,80,80,80,80,80,80,80,80,80,80,80,144,144,144,144,144,144,144,144,144,144,144,144,144,144,144,144,144,144,144,144,144,144,144,144,144,144,144,144,144,144,144,144,80,80,80,80,80,80,80,80,80,80,80,80,80,80,80,80,80,80,80,80,80,80,80,80,80,80,80,80,80,80,80,80,80,80,80,80,80,80,80,80,80,80,80,80,80,80,80,80,80,80,80,80,80,80,80,80,80,80,80,80,80,80,80,80,144,144,144,144,144,144,144,144,144,144,144,144,144,144,144,144,144,144,144,144,144,144,144,144,144,144,144,144,144,144,144,144,80,80,80,80,80,80,80,80,80,80,80,80,80,80,80,80,80,80,80,80,80,80,80,80,80,80,80,80,80,80,80,80,80,80,80,80,80,80,80,80,80,80,80,80,80,80,80,80,80,80,80,80,80,80,80,80,80,80,80,80,80,80,80,80,80,80,80,80,80,80,80,80,80,80,80,80,80,80,80,80,80,80,80,80,80,80,80,80,80,80,80,80,80,80,80,80,80,80,80,80,80,80,80,80,80,80,80,80,80,80,80,80,80,80,80,80,80,80,80,80,80,80,80,80,80,80,80,80,80,80,80,80,80,80,80,392,392,392,392,392,392,392,392,392,392,392,392,392,392,392,392,392,392,392,392,392,392,392,392,392,392,392,392,392,392,392,392,80,80,80,80,80,80,80,80,80,80,80,80,80,80,80,80,80,80,80,80,80,80,80,80,80,80,80,80,80,80,80,80,80};
trace_injection_loop = 1;
trace_injection_use_source_weights = 1;
packet_size = 4;
injection_rate = 0.0060;
injection_process = trace;
seed = 4;

END Configuration File: /home/amirthalingam/edge_cloud_ml/dnn-noc-sim/results/vgg/configs/mesh_rfdefault_vbdefault_ps4_r0p006_s4.cfg
Class 0:
Packet latency average = 43.4644
	minimum = 10
	maximum = 81
Network latency average = 42.6466
	minimum = 10
	maximum = 76
Slowest packet = 7
Flit latency average = 39.6603
	minimum = 7
	maximum = 73
Slowest flit = 464
Fragmentation average = 0.00821918
	minimum = 0
	maximum = 2
Injected packet rate average = 0.00582812
	minimum = 0 (at node 1)
	maximum = 0.097 (at node 63)
Accepted packet rate average = 0.00570312
	minimum = 0 (at node 16)
	maximum = 0.0305 (at node 11)
Injected flit rate average = 0.0232734
	minimum = 0 (at node 1)
	maximum = 0.3865 (at node 63)
Accepted flit rate average= 0.0228359
	minimum = 0 (at node 16)
	maximum = 0.1235 (at node 11)
Injected packet length average = 3.9933
Accepted packet length average = 4.00411
Total in-flight flits = 61 (0 measured)
latency change    = 1
throughput change = 1
Class 0:
Packet latency average = 37.2056
	minimum = 10
	maximum = 83
Network latency average = 36.5881
	minimum = 10
	maximum = 76
Slowest packet = 7
Flit latency average = 33.5185
	minimum = 7
	maximum = 73
Slowest flit = 464
Fragmentation average = 0.107608
	minimum = 0
	maximum = 9
Injected packet rate average = 0.00574609
	minimum = 0 (at node 18)
	maximum = 0.0705 (at node 7)
Accepted packet rate average = 0.00569922
	minimum = 0 (at node 32)
	maximum = 0.02275 (at node 9)
Injected flit rate average = 0.0229727
	minimum = 0 (at node 18)
	maximum = 0.28125 (at node 7)
Accepted flit rate average= 0.0228203
	minimum = 0 (at node 32)
	maximum = 0.091 (at node 9)
Injected packet length average = 3.99796
Accepted packet length average = 4.00411
Total in-flight flits = 42 (0 measured)
latency change    = 0.168221
throughput change = 0.000684697
Warmed up ...Time used is 4000 cycles
Class 0:
Packet latency average = 25.2894
	minimum = 10
	maximum = 55
Network latency average = 25.1857
	minimum = 10
	maximum = 55
Slowest packet = 1713
Flit latency average = 22.1331
	minimum = 7
	maximum = 52
Slowest flit = 6852
Fragmentation average = 0.275288
	minimum = 0
	maximum = 8
Injected packet rate average = 0.00615625
	minimum = 0 (at node 40)
	maximum = 0.023 (at node 10)
Accepted packet rate average = 0.00619531
	minimum = 0 (at node 32)
	maximum = 0.0155 (at node 12)
Injected flit rate average = 0.0246406
	minimum = 0 (at node 40)
	maximum = 0.092 (at node 10)
Accepted flit rate average= 0.0247656
	minimum = 0 (at node 32)
	maximum = 0.062 (at node 12)
Injected packet length average = 4.00254
Accepted packet length average = 3.99748
Total in-flight flits = 24 (24 measured)
latency change    = 0.471196
throughput change = 0.0785489
Class 0:
Packet latency average = 26.1103
	minimum = 10
	maximum = 75
Network latency average = 26.0242
	minimum = 10
	maximum = 75
Slowest packet = 2686
Flit latency average = 22.9378
	minimum = 7
	maximum = 72
Slowest flit = 10744
Fragmentation average = 0.234056
	minimum = 0
	maximum = 8
Injected packet rate average = 0.00617578
	minimum = 0 (at node 40)
	maximum = 0.01925 (at node 8)
Accepted packet rate average = 0.00617188
	minimum = 0 (at node 32)
	maximum = 0.01425 (at node 4)
Injected flit rate average = 0.0247109
	minimum = 0 (at node 40)
	maximum = 0.077 (at node 8)
Accepted flit rate average= 0.0246719
	minimum = 0 (at node 32)
	maximum = 0.057 (at node 4)
Injected packet length average = 4.00127
Accepted packet length average = 3.99747
Total in-flight flits = 50 (50 measured)
latency change    = 0.0314419
throughput change = 0.00379987
Class 0:
Packet latency average = 27.4607
	minimum = 10
	maximum = 75
Network latency average = 27.3847
	minimum = 10
	maximum = 75
Slowest packet = 2686
Flit latency average = 24.2854
	minimum = 7
	maximum = 72
Slowest flit = 10744
Fragmentation average = 0.23353
	minimum = 0
	maximum = 8
Injected packet rate average = 0.00619531
	minimum = 0 (at node 40)
	maximum = 0.016 (at node 8)
Accepted packet rate average = 0.00619792
	minimum = 0.0015 (at node 48)
	maximum = 0.012 (at node 16)
Injected flit rate average = 0.0247813
	minimum = 0 (at node 40)
	maximum = 0.064 (at node 8)
Accepted flit rate average= 0.0247813
	minimum = 0.006 (at node 48)
	maximum = 0.048 (at node 16)
Injected packet length average = 4
Accepted packet length average = 3.99832
Total in-flight flits = 42 (42 measured)
latency change    = 0.0491755
throughput change = 0.00441362
Class 0:
Packet latency average = 28.1454
	minimum = 10
	maximum = 80
Network latency average = 28.0783
	minimum = 10
	maximum = 80
Slowest packet = 4081
Flit latency average = 24.9837
	minimum = 7
	maximum = 77
Slowest flit = 16324
Fragmentation average = 0.209585
	minimum = 0
	maximum = 8
Injected packet rate average = 0.00611914
	minimum = 0.000625 (at node 50)
	maximum = 0.0145 (at node 11)
Accepted packet rate average = 0.00613672
	minimum = 0.0025 (at node 55)
	maximum = 0.011 (at node 28)
Injected flit rate average = 0.0244824
	minimum = 0.0025 (at node 50)
	maximum = 0.058 (at node 11)
Accepted flit rate average= 0.0245352
	minimum = 0.01 (at node 55)
	maximum = 0.044 (at node 28)
Injected packet length average = 4.00096
Accepted packet length average = 3.99809
Total in-flight flits = 12 (12 measured)
latency change    = 0.0243252
throughput change = 0.0100302
Draining all recorded packets ...
Draining remaining packets ...
Time taken is 12064 cycles
====== Overall Traffic Statistics ======
====== Traffic class 0 ======
Packet latency average = 28.1424 (1 samples)
	minimum = 10 (1 samples)
	maximum = 80 (1 samples)
Network latency average = 28.0753 (1 samples)
	minimum = 10 (1 samples)
	maximum = 80 (1 samples)
Flit latency average = 24.9793 (1 samples)
	minimum = 7 (1 samples)
	maximum = 77 (1 samples)
Fragmentation average = 0.209384 (1 samples)
	minimum = 0 (1 samples)
	maximum = 8 (1 samples)
Injected packet rate average = 0.00611914 (1 samples)
	minimum = 0.000625 (1 samples)
	maximum = 0.0145 (1 samples)
Accepted packet rate average = 0.00613672 (1 samples)
	minimum = 0.0025 (1 samples)
	maximum = 0.011 (1 samples)
Injected flit rate average = 0.0244824 (1 samples)
	minimum = 0.0025 (1 samples)
	maximum = 0.058 (1 samples)
Accepted flit rate average = 0.0245352 (1 samples)
	minimum = 0.01 (1 samples)
	maximum = 0.044 (1 samples)
Injected packet size average = 4.00096 (1 samples)
Accepted packet size average = 3.99809 (1 samples)
Hops average = 4.56495 (1 samples)
Total run time 0.445645


[stderr]
