BEGIN Configuration File: /home/amirthalingam/edge_cloud_ml/dnn-noc-sim/results/vgg/configs/mesh_rfdefault_vbdefault_ps4_r0p006_s2.cfg
topology = mesh;
k = 8;
n = 2;
xr = 1;
routing_function = dim_order;
num_vcs = 4;
vc_buf_size = 8;
subnets = 1;
injection_process = bernoulli;
sim_type = latency;
warmup_periods = 2;
sample_period = 2000;
max_samples = 6;
measure_stats = 1;
traffic = trace;
trace_traffic_file = /home/amirthalingam/edge_cloud_ml/dnn-noc-sim/results/traces/vgg_trace.txt;
trace_phase_cycles = {80,80,80,80,80,80,80,80,80,80,80,80,80,80,80,80,80,80,80,80,80,80,80,80,80,80,80,80,80,80,80,80,80,80,80,80,80,80,80,80,80,80,80,80,80,80,80,80,80,80,80,80,80,80,80,80,80,80,80,80,80,80,80,80,80,80,80,80,80,80,80,80,80,80,80,80,80,80,80,80,80,80,80,80,80,80,80,80,80,80,80,80,80,80,80,80,80,80,80,80,80,80,80,80,80,80,80,80,80,80,80,80,80,80,80,80,80,80,80,80,80,80,80,80,80,80,80,80,80,80,80,80,80,80,80,80,80,80,80,80,80,80,80,80,80,80,80,80,80,80,80,80,80,80,80,80,80,80,80,80,144,144,144,144,144,144,144,144,144,144,144,144,144,144,144,144,144,144,144,144,144,144,144,144,144,144,144,144,144,144,144,144,80,80,80,80,80,80,80,80,80,80,80,80,80,80,80,80,80,80,80,80,80,80,80,80,80,80,80,80,80,80,80,80,80,80,80,80,80,80,80,80,80,80,80,80,80,80,80,80,80,80,80,80,80,80,80,80,80,80,80,80,80,80,80,80,144,144,144,144,144,144,144,144,144,144,144,144,144,144,144,144,144,144,144,144,144,144,144,144,144,144,144,144,144,144,144,144,80,80,80,80,80,80,80,80,80,80,80,80,80,80,80,80,80,80,80,80,80,80,80,80,80,80,80,80,80,80,80,80,80,80,80,80,80,80,80,80,80,80,80,80,80,80,80,80,80,80,80,80,80,80,80,80,80,80,80,80,80,80,80,80,80,80,80,80,80,80,80,80,80,80,80,80,80,80,80,80,80,80,80,80,80,80,80,80,80,80,80,80,80,80,80,80,80,80,80,80,80,80,80,80,80,80,80,80,80,80,80,80,80,80,80,80,80,80,80,80,80,80,80,80,80,80,80,80,80,80,80,80,80,80,80,392,392,392,392,392,392,392,392,392,392,392,392,392,392,392,392,392,392,392,392,392,392,392,392,392,392,392,392,392,392,392,392,80,80,80,80,80,80,80,80,80,80,80,80,80,80,80,80,80,80,80,80,80,80,80,80,80,80,80,80,80,80,80,80,80};
trace_traffic_loop = 1;
trace_fallback_uniform = 0;
trace_injection_file = /home/amirthalingam/edge_cloud_ml/dnn-noc-sim/results/traces/vgg_trace.txt;
trace_injection_phase_cycles = {80,80,80,80,80,80,80,80,80,80,80,80,80,80,80,80,80,80,80,80,80,80,80,80,80,80,80,80,80,80,80,80,80,80,80,80,80,80,80,80,80,80,80,80,80,80,80,80,80,80,80,80,80,80,80,80,80,80,80,80,80,80,80,80,80,80,80,80,80,80,80,80,80,80,80,80,80,80,80,80,80,80,80,80,80,80,80,80,80,80,80,80,80,80,80,80,80,80,80,80,80,80,80,80,80,80,80,80,80,80,80,80,80,80,80,80,80,80,80,80,80,80,80,80,80,80,80,80,80,80,80,80,80,80,80,80,80,80,80,80,80,80,80,80,80,80,80,80,80,80,80,80,80,80,80,80,80,80,80,80,144,144,144,144,144,144,144,144,144,144,144,144,144,144,144,144,144,144,144,144,144,144,144,144,144,144,144,144,144,144,144,144,80,80,80,80,80,80,80,80,80,80,80,80,80,80,80,80,80,80,80,80,80,80,80,80,80,80,80,80,80,80,80,80,80,80,80,80,80,80,80,80,80,80,80,80,80,80,80,80,80,80,80,80,80,80,80,80,80,80,80,80,80,80,80,80,144,144,144,144,144,144,144,144,144,144,144,144,144,144,144,144,144,144,144,144,144,144,144,144,144,144,144,144,144,144,144,144,80,80,80,80,80,80,80,80,80,80,80,80,80,80,80,80,80,80,80,80,80,80,80,80,80,80,80,80,80,80,80,80,80,80,80,80,80,80,80,80,80,80,80,80,80,80,80,80,80,80,80,80,80,80,80,80,80,80,80,80,80,80,80,80,80,80,80,80,80,80,80,80,80,80,80,80,80,80,80,80,80,80,80,80,80,80,80,80,80,80,80,80,80,80,80,80,80,80,80,80,80,80,80,80,80,80,80,80,80,80,80,80,80,80,80,80,80,80,80,80,80,80,80,80,80,80,80,80,80,80,80,80,80,80,80,392,392,392,392,392,392,392,392,392,392,392,392,392,392,392,392,392,392,392,392,392,392,392,392,392,392,392,392,392,392,392,392,80,80,80,80,80,80,80,80,80,80,80,80,80,80,80,80,80,80,80,80,80,80,80,80,80,80,80,80,80,80,80,80,80};
trace_injection_loop = 1;
trace_injection_use_source_weights = 1;
packet_size = 4;
injection_rate = 0.0060;
injection_process = trace;
seed = 2;

END Configuration File: /home/amirthalingam/edge_cloud_ml/dnn-noc-sim/results/vgg/configs/mesh_rfdefault_vbdefault_ps4_r0p006_s2.cfg
Class 0:
Packet latency average = 43.2213
	minimum = 10
	maximum = 81
Network latency average = 42.1997
	minimum = 10
	maximum = 76
Slowest packet = 4
Flit latency average = 39.1963
	minimum = 7
	maximum = 73
Slowest flit = 16
Fragmentation average = 0.0188934
	minimum = 0
	maximum = 3
Injected packet rate average = 0.00592969
	minimum = 0 (at node 1)
	maximum = 0.1045 (at node 63)
Accepted packet rate average = 0.00578906
	minimum = 0 (at node 16)
	maximum = 0.032 (at node 3)
Injected flit rate average = 0.0237031
	minimum = 0 (at node 1)
	maximum = 0.418 (at node 63)
Accepted flit rate average= 0.0231641
	minimum = 0 (at node 16)
	maximum = 0.128 (at node 3)
Injected packet length average = 3.99736
Accepted packet length average = 4.00135
Total in-flight flits = 71 (0 measured)
latency change    = 1
throughput change = 1
Class 0:
Packet latency average = 37.3346
	minimum = 10
	maximum = 81
Network latency average = 36.6719
	minimum = 10
	maximum = 76
Slowest packet = 4
Flit latency average = 33.5974
	minimum = 7
	maximum = 73
Slowest flit = 16
Fragmentation average = 0.110236
	minimum = 0
	maximum = 5
Injected packet rate average = 0.00598828
	minimum = 0 (at node 19)
	maximum = 0.0675 (at node 63)
Accepted packet rate average = 0.00595313
	minimum = 0 (at node 32)
	maximum = 0.02475 (at node 3)
Injected flit rate average = 0.0239453
	minimum = 0 (at node 19)
	maximum = 0.27 (at node 63)
Accepted flit rate average= 0.0238516
	minimum = 0 (at node 32)
	maximum = 0.099 (at node 3)
Injected packet length average = 3.9987
Accepted packet length average = 4.00656
Total in-flight flits = 26 (0 measured)
latency change    = 0.157673
throughput change = 0.0288241
Warmed up ...Time used is 4000 cycles
Class 0:
Packet latency average = 25.8217
	minimum = 10
	maximum = 57
Network latency average = 25.6917
	minimum = 10
	maximum = 57
Slowest packet = 1669
Flit latency average = 22.613
	minimum = 7
	maximum = 54
Slowest flit = 6679
Fragmentation average = 0.335121
	minimum = 0
	maximum = 8
Injected packet rate average = 0.00592188
	minimum = 0 (at node 40)
	maximum = 0.023 (at node 13)
Accepted packet rate average = 0.00589844
	minimum = 0 (at node 32)
	maximum = 0.0175 (at node 26)
Injected flit rate average = 0.0236875
	minimum = 0 (at node 40)
	maximum = 0.092 (at node 13)
Accepted flit rate average= 0.0235781
	minimum = 0 (at node 32)
	maximum = 0.07 (at node 26)
Injected packet length average = 4
Accepted packet length average = 3.99735
Total in-flight flits = 40 (40 measured)
latency change    = 0.445862
throughput change = 0.0115971
Class 0:
Packet latency average = 26.4076
	minimum = 10
	maximum = 65
Network latency average = 26.3215
	minimum = 10
	maximum = 65
Slowest packet = 2277
Flit latency average = 23.1955
	minimum = 7
	maximum = 62
Slowest flit = 9108
Fragmentation average = 0.317554
	minimum = 0
	maximum = 8
Injected packet rate average = 0.00599609
	minimum = 0 (at node 40)
	maximum = 0.018 (at node 13)
Accepted packet rate average = 0.00597656
	minimum = 0 (at node 36)
	maximum = 0.01475 (at node 6)
Injected flit rate average = 0.0239922
	minimum = 0 (at node 40)
	maximum = 0.072 (at node 13)
Accepted flit rate average= 0.0238828
	minimum = 0 (at node 36)
	maximum = 0.059 (at node 6)
Injected packet length average = 4.0013
Accepted packet length average = 3.99608
Total in-flight flits = 52 (52 measured)
latency change    = 0.0221872
throughput change = 0.0127576
Class 0:
Packet latency average = 27.6045
	minimum = 10
	maximum = 65
Network latency average = 27.5261
	minimum = 10
	maximum = 65
Slowest packet = 2277
Flit latency average = 24.4026
	minimum = 7
	maximum = 62
Slowest flit = 9108
Fragmentation average = 0.297609
	minimum = 0
	maximum = 8
Injected packet rate average = 0.00590885
	minimum = 0 (at node 42)
	maximum = 0.0155 (at node 10)
Accepted packet rate average = 0.00590365
	minimum = 0.0015 (at node 44)
	maximum = 0.0128333 (at node 31)
Injected flit rate average = 0.0236406
	minimum = 0 (at node 42)
	maximum = 0.062 (at node 10)
Accepted flit rate average= 0.0235964
	minimum = 0.006 (at node 44)
	maximum = 0.0513333 (at node 31)
Injected packet length average = 4.00088
Accepted packet length average = 3.99691
Total in-flight flits = 41 (41 measured)
latency change    = 0.0433585
throughput change = 0.0121399
Class 0:
Packet latency average = 28.367
	minimum = 10
	maximum = 76
Network latency average = 28.2953
	minimum = 10
	maximum = 76
Slowest packet = 4383
Flit latency average = 25.1826
	minimum = 7
	maximum = 73
Slowest flit = 17532
Fragmentation average = 0.246415
	minimum = 0
	maximum = 8
Injected packet rate average = 0.00600977
	minimum = 0.000625 (at node 59)
	maximum = 0.0135 (at node 10)
Accepted packet rate average = 0.00600977
	minimum = 0.002625 (at node 52)
	maximum = 0.011625 (at node 31)
Injected flit rate average = 0.024043
	minimum = 0.0025 (at node 59)
	maximum = 0.054 (at node 10)
Accepted flit rate average= 0.0240234
	minimum = 0.0105 (at node 52)
	maximum = 0.0465 (at node 31)
Injected packet length average = 4.00065
Accepted packet length average = 3.9974
Total in-flight flits = 34 (34 measured)
latency change    = 0.0268797
throughput change = 0.0177778
Draining all recorded packets ...
Draining remaining packets ...
Time taken is 12111 cycles
====== Overall Traffic Statistics ======
====== Traffic class 0 ======
Packet latency average = 28.3815 (1 samples)
	minimum = 10 (1 samples)
	maximum = 76 (1 samples)
Network latency average = 28.31 (1 samples)
	minimum = 10 (1 samples)
	maximum = 76 (1 samples)
Flit latency average = 25.196 (1 samples)
	minimum = 7 (1 samples)
	maximum = 73 (1 samples)
Fragmentation average = 0.245694 (1 samples)
	minimum = 0 (1 samples)
	maximum = 8 (1 samples)
Injected packet rate average = 0.00600977 (1 samples)
	minimum = 0.000625 (1 samples)
	maximum = 0.0135 (1 samples)
Accepted packet rate average = 0.00600977 (1 samples)
	minimum = 0.002625 (1 samples)
	maximum = 0.011625 (1 samples)
Injected flit rate average = 0.024043 (1 samples)
	minimum = 0.0025 (1 samples)
	maximum = 0.054 (1 samples)
Accepted flit rate average = 0.0240234 (1 samples)
	minimum = 0.0105 (1 samples)
	maximum = 0.0465 (1 samples)
Injected packet size average = 4.00065 (1 samples)
Accepted packet size average = 3.9974 (1 samples)
Hops average = 4.60318 (1 samples)
Total run time 0.371256


[stderr]
