BEGIN Configuration File: /home/amirthalingam/edge_cloud_ml/dnn-noc-sim/results/vgg/configs/mesh_rfdefault_vbdefault_ps4_r0p006_s1.cfg
topology = mesh;
k = 8;
n = 2;
xr = 1;
routing_function = dim_order;
num_vcs = 4;
vc_buf_size = 8;
subnets = 1;
injection_process = bernoulli;
sim_type = latency;
warmup_periods = 2;
sample_period = 2000;
max_samples = 6;
measure_stats = 1;
traffic = trace;
trace_traffic_file = /home/amirthalingam/edge_cloud_ml/dnn-noc-sim/results/traces/vgg_trace.txt;
trace_phase_cycles = {80,80,80,80,80,80,80,80,80,80,80,80,80,80,80,80,80,80,80,80,80,80,80,80,80,80,80,80,80,80,80,80,80,80,80,80,80,80,80,80,80,80,80,80,80,80,80,80,80,80,80,80,80,80,80,80,80,80,80,80,80,80,80,80,80,80,80,80,80,80,80,80,80,80,80,80,80,80,80,80,80,80,80,80,80,80,80,80,80,80,80,80,80,80,80,80,80,80,80,80,80,80,80,80,80,80,80,80,80,80,80,80,80,80,80,80,80,80,80,80,80,80,80,80,80,80,80,80,80,80,80,80,80,80,80,80,80,80,80,80,80,80,80,80,80,80,80,80,80,80,80,80,80,80,80,80,80,80,80,80,144,144,144,144,144,144,144,144,144,144,144,144,144,144,144,144,144,144,144,144,144,144,144,144,144,144,144,144,144,144,144,144,80,80,80,80,80,80,80,80,80,80,80,80,80,80,80,80,80,80,80,80,80,80,80,80,80,80,80,80,80,80,80,80,80,80,80,80,80,80,80,80,80,80,80,80,80,80,80,80,80,80,80,80,80,80,80,80,80,80,80,80,80,80,80,80,144,144,144,144,144,144,144,144,144,144,144,144,144,144,144,144,144,144,144,144,144,144,144,144,144,144,144,144,144,144,144,144,80,80,80,80,80,80,80,80,80,80,80,80,80,80,80,80,80,80,80,80,80,80,80,80,80,80,80,80,80,80,80,80,80,80,80,80,80,80,80,80,80,80,80,80,80,80,80,80,80,80,80,80,80,80,80,80,80,80,80,80,80,80,80,80,80,80,80,80,80,80,80,80,80,80,80,80,80,80,80,80,80,80,80,80,80,80,80,80,80,80,80,80,80,80,80,80,80,80,80,80,80,80,80,80,80,80,80,80,80,80,80,80,80,80,80,80,80,80,80,80,80,80,80,80,80,80,80,80,80,80,80,80,80,80,80,392,392,392,392,392,392,392,392,392,392,392,392,392,392,392,392,392,392,392,392,392,392,392,392,392,392,392,392,392,392,392,392,80,80,80,80,80,80,80,80,80,80,80,80,80,80,80,80,80,80,80,80,80,80,80,80,80,80,80,80,80,80,80,80,80};
trace_traffic_loop = 1;
trace_fallback_uniform = 0;
trace_injection_file = /home/amirthalingam/edge_cloud_ml/dnn-noc-sim/results/traces/vgg_trace.txt;
trace_injection_phase_cycles = {80,80,80,80,80,80,80,80,80,80,80,80,80,80,80,80,80,80,80,80,80,80,80,80,80,80,80,80,80,80,80,80,80,80,80,80,80,80,80,80,80,80,80,80,80,80,80,80,80,80,80,80,80,80,80,80,80,80,80,80,80,80,80,80,80,80,80,80,80,80,80,80,80,80,80,80,80,80,80,80,80,80,80,80,80,80,80,80,80,80,80,80,80,80,80,80,80,80,80,80,80,80,80,80,80,80,80,80,80,80,80,80,80,80,80,80,80,80,80,80,80,80,80,80,80,80,80,80,80,80,80,80,80,80,80,80,80,80,80,80,80,80,80,80,80,80,80,80,80,80,80,80,80,80,80,80,80,80,80,80,144,144,144,144,144,144,144,144,144,144,144,144,144,144,144,144,144,144,144,144,144,144,144,144,144,144,144,144,144,144,144,144,80,80,80,80,80,80,80,80,80,80,80,80,80,80,80,80,80,80,80,80,80,80,80,80,80,80,80,80,80,80,80,80,80,80,80,80,80,80,80,80,80,80,80,80,80,80,80,80,80,80,80,80,80,80,80,80,80,80,80,80,80,80,80,80,144,144,144,144,144,144,144,144,144,144,144,144,144,144,144,144,144,144,144,144,144,144,144,144,144,144,144,144,144,144,144,144,80,80,80,80,80,80,80,80,80,80,80,80,80,80,80,80,80,80,80,80,80,80,80,80,80,80,80,80,80,80,80,80,80,80,80,80,80,80,80,80,80,80,80,80,80,80,80,80,80,80,80,80,80,80,80,80,80,80,80,80,80,80,80,80,80,80,80,80,80,80,80,80,80,80,80,80,80,80,80,80,80,80,80,80,80,80,80,80,80,80,80,80,80,80,80,80,80,80,80,80,80,80,80,80,80,80,80,80,80,80,80,80,80,80,80,80,80,80,80,80,80,80,80,80,80,80,80,80,80,80,80,80,80,80,80,392,392,392,392,392,392,392,392,392,392,392,392,392,392,392,392,392,392,392,392,392,392,392,392,392,392,392,392,392,392,392,392,80,80,80,80,80,80,80,80,80,80,80,80,80,80,80,80,80,80,80,80,80,80,80,80,80,80,80,80,80,80,80,80,80};
trace_injection_loop = 1;
trace_injection_use_source_weights = 1;
packet_size = 4;
injection_rate = 0.0060;
injection_process = trace;
seed = 1;

END Configuration File: /home/amirthalingam/edge_cloud_ml/dnn-noc-sim/results/vgg/configs/mesh_rfdefault_vbdefault_ps4_r0p006_s1.cfg
Class 0:
Packet latency average = 42.4414
	minimum = 10
	maximum = 82
Network latency average = 41.5078
	minimum = 10
	maximum = 75
Slowest packet = 57
Flit latency average = 38.5096
	minimum = 7
	maximum = 72
Slowest flit = 228
Fragmentation average = 0.0182292
	minimum = 0
	maximum = 3
Injected packet rate average = 0.00603906
	minimum = 0 (at node 3)
	maximum = 0.099 (at node 0)
Accepted packet rate average = 0.006
	minimum = 0 (at node 16)
	maximum = 0.031 (at node 11)
Injected flit rate average = 0.0241563
	minimum = 0 (at node 3)
	maximum = 0.396 (at node 0)
Accepted flit rate average= 0.0240078
	minimum = 0 (at node 16)
	maximum = 0.124 (at node 11)
Injected packet length average = 4
Accepted packet length average = 4.0013
Total in-flight flits = 19 (0 measured)
latency change    = 1
throughput change = 1
Class 0:
Packet latency average = 36.4036
	minimum = 10
	maximum = 82
Network latency average = 35.7696
	minimum = 10
	maximum = 75
Slowest packet = 57
Flit latency average = 32.7089
	minimum = 7
	maximum = 72
Slowest flit = 228
Fragmentation average = 0.0953926
	minimum = 0
	maximum = 6
Injected packet rate average = 0.0060625
	minimum = 0 (at node 19)
	maximum = 0.069 (at node 0)
Accepted packet rate average = 0.00601953
	minimum = 0 (at node 32)
	maximum = 0.02425 (at node 11)
Injected flit rate average = 0.0242383
	minimum = 0 (at node 19)
	maximum = 0.276 (at node 0)
Accepted flit rate average= 0.0241016
	minimum = 0 (at node 32)
	maximum = 0.097 (at node 11)
Injected packet length average = 3.99807
Accepted packet length average = 4.00389
Total in-flight flits = 38 (0 measured)
latency change    = 0.165856
throughput change = 0.00388979
Warmed up ...Time used is 4000 cycles
Class 0:
Packet latency average = 25.6399
	minimum = 10
	maximum = 55
Network latency average = 25.5355
	minimum = 10
	maximum = 55
Slowest packet = 1610
Flit latency average = 22.4471
	minimum = 7
	maximum = 52
Slowest flit = 6440
Fragmentation average = 0.262383
	minimum = 0
	maximum = 6
Injected packet rate average = 0.00591406
	minimum = 0 (at node 36)
	maximum = 0.027 (at node 12)
Accepted packet rate average = 0.00592188
	minimum = 0 (at node 32)
	maximum = 0.017 (at node 28)
Injected flit rate average = 0.0236016
	minimum = 0 (at node 36)
	maximum = 0.108 (at node 12)
Accepted flit rate average= 0.0236406
	minimum = 0 (at node 32)
	maximum = 0.067 (at node 28)
Injected packet length average = 3.99075
Accepted packet length average = 3.99208
Total in-flight flits = 40 (40 measured)
latency change    = 0.419804
throughput change = 0.0194977
Class 0:
Packet latency average = 26.1399
	minimum = 10
	maximum = 63
Network latency average = 26.0411
	minimum = 10
	maximum = 63
Slowest packet = 2637
Flit latency average = 22.9233
	minimum = 7
	maximum = 60
Slowest flit = 10550
Fragmentation average = 0.267651
	minimum = 0
	maximum = 6
Injected packet rate average = 0.00612109
	minimum = 0 (at node 40)
	maximum = 0.01925 (at node 12)
Accepted packet rate average = 0.00612891
	minimum = 0 (at node 35)
	maximum = 0.0145 (at node 14)
Injected flit rate average = 0.0244961
	minimum = 0 (at node 40)
	maximum = 0.077 (at node 12)
Accepted flit rate average= 0.0244961
	minimum = 0 (at node 35)
	maximum = 0.058 (at node 14)
Injected packet length average = 4.00191
Accepted packet length average = 3.99681
Total in-flight flits = 35 (35 measured)
latency change    = 0.019129
throughput change = 0.0349227
Class 0:
Packet latency average = 27.5262
	minimum = 10
	maximum = 64
Network latency average = 27.4384
	minimum = 10
	maximum = 64
Slowest packet = 3379
Flit latency average = 24.318
	minimum = 7
	maximum = 61
Slowest flit = 13519
Fragmentation average = 0.247298
	minimum = 0
	maximum = 6
Injected packet rate average = 0.00603906
	minimum = 0 (at node 40)
	maximum = 0.0175 (at node 10)
Accepted packet rate average = 0.00605208
	minimum = 0.0015 (at node 36)
	maximum = 0.0118333 (at node 14)
Injected flit rate average = 0.0241563
	minimum = 0 (at node 40)
	maximum = 0.07 (at node 10)
Accepted flit rate average= 0.0241927
	minimum = 0.006 (at node 36)
	maximum = 0.0473333 (at node 14)
Injected packet length average = 4
Accepted packet length average = 3.99742
Total in-flight flits = 24 (24 measured)
latency change    = 0.0503606
throughput change = 0.0125404
Class 0:
Packet latency average = 28.6065
	minimum = 10
	maximum = 78
Network latency average = 28.5308
	minimum = 10
	maximum = 75
Slowest packet = 4052
Flit latency average = 25.4166
	minimum = 7
	maximum = 72
Slowest flit = 16208
Fragmentation average = 0.223684
	minimum = 0
	maximum = 6
Injected packet rate average = 0.00610938
	minimum = 0.001 (at node 50)
	maximum = 0.015375 (at node 10)
Accepted packet rate average = 0.00610742
	minimum = 0.002 (at node 50)
	maximum = 0.01075 (at node 30)
Injected flit rate average = 0.0244375
	minimum = 0.004 (at node 50)
	maximum = 0.0615 (at node 10)
Accepted flit rate average= 0.0244199
	minimum = 0.008 (at node 50)
	maximum = 0.043 (at node 30)
Injected packet length average = 4
Accepted packet length average = 3.9984
Total in-flight flits = 47 (47 measured)
latency change    = 0.0377672
throughput change = 0.00930443
Draining all recorded packets ...
Draining remaining packets ...
Time taken is 12094 cycles
====== Overall Traffic Statistics ======
====== Traffic class 0 ======
Packet latency average = 28.6566 (1 samples)
	minimum = 10 (1 samples)
	maximum = 78 (1 samples)
Network latency average = 28.5812 (1 samples)
	minimum = 10 (1 samples)
	maximum = 75 (1 samples)
Flit latency average = 25.4869 (1 samples)
	minimum = 7 (1 samples)
	maximum = 72 (1 samples)
Fragmentation average = 0.222826 (1 samples)
	minimum = 0 (1 samples)
	maximum = 6 (1 samples)
Injected packet rate average = 0.00610938 (1 samples)
	minimum = 0.001 (1 samples)
	maximum = 0.015375 (1 samples)
Accepted packet rate average = 0.00610742 (1 samples)
	minimum = 0.002 (1 samples)
	maximum = 0.01075 (1 samples)
Injected flit rate average = 0.0244375 (1 samples)
	minimum = 0.004 (1 samples)
	maximum = 0.0615 (1 samples)
Accepted flit rate average = 0.0244199 (1 samples)
	minimum = 0.008 (1 samples)
	maximum = 0.043 (1 samples)
Injected packet size average = 4 (1 samples)
Accepted packet size average = 3.9984 (1 samples)
Hops average = 4.66528 (1 samples)
Total run time -211.222


[stderr]
