BEGIN Configuration File: /home/amirthalingam/edge_cloud_ml/dnn-noc-sim/results/vgg/configs/torus_rfdefault_vbdefault_ps4_r0p006_s5.cfg
topology = torus;
k = 8;
n = 2;
xr = 1;
routing_function = dim_order;
num_vcs = 4;
vc_buf_size = 8;
subnets = 1;
injection_process = bernoulli;
sim_type = latency;
warmup_periods = 2;
sample_period = 2000;
max_samples = 6;
measure_stats = 1;
traffic = trace;
trace_traffic_file = /home/amirthalingam/edge_cloud_ml/dnn-noc-sim/results/traces/vgg_trace.txt;
trace_phase_cycles = {80,80,80,80,80,80,80,80,80,80,80,80,80,80,80,80,80,80,80,80,80,80,80,80,80,80,80,80,80,80,80,80,80,80,80,80,80,80,80,80,80,80,80,80,80,80,80,80,80,80,80,80,80,80,80,80,80,80,80,80,80,80,80,80,80,80,80,80,80,80,80,80,80,80,80,80,80,80,80,80,80,80,80,80,80,80,80,80,80,80,80,80,80,80,80,80,80,80,80,80,80,80,80,80,80,80,80,80,80,80,80,80,80,80,80,80,80,80,80,80,80,80,80,80,80,80,80,80,80,80,80,80,80,80,80,80,80,80,80,80,80,80,80,80,80,80,80,80,80,80,80,80,80,80,80,80,80,80,80,80,144,144,144,144,144,144,144,144,144,144,144,144,144,144,144,144,144,144,144,144,144,144,144,144,144,144,144,144,144,144,144,144,80,80,80,80,80,80,80,80,80,80,80,80,80,80,80,80,80,80,80,80,80,80,80,80,80,80,80,80,80,80,80,80,80,80,80,80,80,80,80,80,80,80,80,80,80,80,80,80,80,80,80,80,80,80,80,80,80,80,80,80,80,80,80,80,144,144,144,144,144,144,144,144,144,144,144,144,144,144,144,144,144,144,144,144,144,144,144,144,144,144,144,144,144,144,144,144,80,80,80,80,80,80,80,80,80,80,80,80,80,80,80,80,80,80,80,80,80,80,80,80,80,80,80,80,80,80,80,80,80,80,80,80,80,80,80,80,80,80,80,80,80,80,80,80,80,80,80,80,80,80,80,80,80,80,80,80,80,80,80,80,80,80,80,80,80,80,80,80,80,80,80,80,80,80,80,80,80,80,80,80,80,80,80,80,80,80,80,80,80,80,80,80,80,80,80,80,80,80,80,80,80,80,80,80,80,80,80,80,80,80,80,80,80,80,80,80,80,80,80,80,80,80,80,80,80,80,80,80,80,80,80,392,392,392,392,392,392,392,392,392,392,392,392,392,392,392,392,392,392,392,392,392,392,392,392,392,392,392,392,392,392,392,392,80,80,80,80,80,80,80,80,80,80,80,80,80,80,80,80,80,80,80,80,80,80,80,80,80,80,80,80,80,80,80,80,80};
trace_traffic_loop = 1;
trace_fallback_uniform = 0;
trace_injection_file = /home/amirthalingam/edge_cloud_ml/dnn-noc-sim/results/traces/vgg_trace.txt;
trace_injection_phase_cycles = {80,80,80,80,80,80,80,80,80,80,80,80,80,80,80,80,80,80,80,80,80,80,80,80,80,80,80,80,80,80,80,80,80,80,80,80,80,80,80,80,80,80,80,80,80,80,80,80,80,80,80,80,80,80,80,80,80,80,80,80,80,80,80,80,80,80,80,80,80,80,80,80,80,80,80,80,80,80,80,80,80,80,80,80,80,80,80,80,80,80,80,80,80,80,80,80,80,80,80,80,80,80,80,80,80,80,80,80,80,80,80,80,80,80,80,80,80,80,80,80,80,80,80,80,80,80,80,80,80,80,80,80,80,80,80,80,80,80,80,80,80,80,80,80,80,80,80,80,80,80,80,80,80,80,80,80,80,80,80,80,144,144,144,144,144,144,144,144,144,144,144,144,144,144,144,144,144,144,144,144,144,144,144,144,144,144,144,144,144,144,144,144,80,80,80,80,80,80,80,80,80,80,80,80,80,80,80,80,80,80,80,80,80,80,80,80,80,80,80,80,80,80,80,80,80,80,80,80,80,80,80,80,80,80,80,80,80,80,80,80,80,80,80,80,80,80,80,80,80,80,80,80,80,80,80,80,144,144,144,144,144,144,144,144,144,144,144,144,144,144,144,144,144,144,144,144,144,144,144,144,144,144,144,144,144,144,144,144,80,80,80,80,80,80,80,80,80,80,80,80,80,80,80,80,80,80,80,80,80,80,80,80,80,80,80,80,80,80,80,80,80,80,80,80,80,80,80,80,80,80,80,80,80,80,80,80,80,80,80,80,80,80,80,80,80,80,80,80,80,80,80,80,80,80,80,80,80,80,80,80,80,80,80,80,80,80,80,80,80,80,80,80,80,80,80,80,80,80,80,80,80,80,80,80,80,80,80,80,80,80,80,80,80,80,80,80,80,80,80,80,80,80,80,80,80,80,80,80,80,80,80,80,80,80,80,80,80,80,80,80,80,80,80,392,392,392,392,392,392,392,392,392,392,392,392,392,392,392,392,392,392,392,392,392,392,392,392,392,392,392,392,392,392,392,392,80,80,80,80,80,80,80,80,80,80,80,80,80,80,80,80,80,80,80,80,80,80,80,80,80,80,80,80,80,80,80,80,80};
trace_injection_loop = 1;
trace_injection_use_source_weights = 1;
packet_size = 4;
injection_rate = 0.0060;
injection_process = trace;
seed = 5;

END Configuration File: /home/amirthalingam/edge_cloud_ml/dnn-noc-sim/results/vgg/configs/torus_rfdefault_vbdefault_ps4_r0p006_s5.cfg
Class 0:
Packet latency average = 28.5776
	minimum = 10
	maximum = 52
Network latency average = 27.7179
	minimum = 10
	maximum = 52
Slowest packet = 20
Flit latency average = 24.6619
	minimum = 7
	maximum = 49
Slowest flit = 1536
Fragmentation average = 0.0890688
	minimum = 0
	maximum = 3
Injected packet rate average = 0.005875
	minimum = 0 (at node 1)
	maximum = 0.0995 (at node 63)
Accepted packet rate average = 0.00578906
	minimum = 0 (at node 16)
	maximum = 0.0295 (at node 7)
Injected flit rate average = 0.0234922
	minimum = 0 (at node 1)
	maximum = 0.3975 (at node 63)
Accepted flit rate average= 0.0231797
	minimum = 0 (at node 16)
	maximum = 0.118 (at node 7)
Injected packet length average = 3.99867
Accepted packet length average = 4.00405
Total in-flight flits = 41 (0 measured)
latency change    = 1
throughput change = 1
Class 0:
Packet latency average = 27.2015
	minimum = 10
	maximum = 52
Network latency average = 26.6506
	minimum = 10
	maximum = 52
Slowest packet = 20
Flit latency average = 23.5681
	minimum = 7
	maximum = 49
Slowest flit = 1536
Fragmentation average = 0.155957
	minimum = 0
	maximum = 8
Injected packet rate average = 0.00587109
	minimum = 0 (at node 19)
	maximum = 0.0735 (at node 7)
Accepted packet rate average = 0.00583594
	minimum = 0 (at node 32)
	maximum = 0.0225 (at node 7)
Injected flit rate average = 0.0234805
	minimum = 0 (at node 19)
	maximum = 0.294 (at node 7)
Accepted flit rate average= 0.0233633
	minimum = 0 (at node 32)
	maximum = 0.09 (at node 7)
Injected packet length average = 3.99933
Accepted packet length average = 4.00335
Total in-flight flits = 31 (0 measured)
latency change    = 0.0505901
throughput change = 0.00785822
Warmed up ...Time used is 4000 cycles
Class 0:
Packet latency average = 24.7488
	minimum = 10
	maximum = 48
Network latency average = 24.6448
	minimum = 10
	maximum = 47
Slowest packet = 1955
Flit latency average = 21.5375
	minimum = 7
	maximum = 44
Slowest flit = 7820
Fragmentation average = 0.232673
	minimum = 0
	maximum = 4
Injected packet rate average = 0.00640625
	minimum = 0 (at node 40)
	maximum = 0.0255 (at node 10)
Accepted packet rate average = 0.00638281
	minimum = 0 (at node 32)
	maximum = 0.019 (at node 6)
Injected flit rate average = 0.0256094
	minimum = 0 (at node 40)
	maximum = 0.1025 (at node 10)
Accepted flit rate average= 0.0255234
	minimum = 0 (at node 32)
	maximum = 0.076 (at node 6)
Injected packet length average = 3.99756
Accepted packet length average = 3.99878
Total in-flight flits = 44 (44 measured)
latency change    = 0.0991044
throughput change = 0.0846342
Class 0:
Packet latency average = 25.2116
	minimum = 10
	maximum = 53
Network latency average = 25.1296
	minimum = 10
	maximum = 53
Slowest packet = 2971
Flit latency average = 22.0266
	minimum = 7
	maximum = 50
Slowest flit = 11887
Fragmentation average = 0.219822
	minimum = 0
	maximum = 4
Injected packet rate average = 0.00617578
	minimum = 0 (at node 40)
	maximum = 0.019 (at node 10)
Accepted packet rate average = 0.00618359
	minimum = 0 (at node 34)
	maximum = 0.01575 (at node 17)
Injected flit rate average = 0.024707
	minimum = 0 (at node 40)
	maximum = 0.07625 (at node 10)
Accepted flit rate average= 0.0247148
	minimum = 0 (at node 34)
	maximum = 0.063 (at node 17)
Injected packet length average = 4.00063
Accepted packet length average = 3.99684
Total in-flight flits = 28 (28 measured)
latency change    = 0.0183567
throughput change = 0.0327169
Class 0:
Packet latency average = 26.7967
	minimum = 10
	maximum = 53
Network latency average = 26.7206
	minimum = 10
	maximum = 53
Slowest packet = 2971
Flit latency average = 23.6154
	minimum = 7
	maximum = 50
Slowest flit = 11887
Fragmentation average = 0.205882
	minimum = 0
	maximum = 4
Injected packet rate average = 0.00603906
	minimum = 0 (at node 40)
	maximum = 0.0175 (at node 10)
Accepted packet rate average = 0.00604427
	minimum = 0.00133333 (at node 39)
	maximum = 0.0125 (at node 26)
Injected flit rate average = 0.0241589
	minimum = 0 (at node 40)
	maximum = 0.0701667 (at node 10)
Accepted flit rate average= 0.0241641
	minimum = 0.00533333 (at node 39)
	maximum = 0.05 (at node 26)
Injected packet length average = 4.00043
Accepted packet length average = 3.99785
Total in-flight flits = 28 (28 measured)
latency change    = 0.0591546
throughput change = 0.0227934
Class 0:
Packet latency average = 27.1587
	minimum = 10
	maximum = 53
Network latency average = 27.095
	minimum = 10
	maximum = 53
Slowest packet = 2971
Flit latency average = 24.0038
	minimum = 7
	maximum = 50
Slowest flit = 11887
Fragmentation average = 0.176471
	minimum = 0
	maximum = 4
Injected packet rate average = 0.00596875
	minimum = 0.000625 (at node 41)
	maximum = 0.013625 (at node 10)
Accepted packet rate average = 0.00596094
	minimum = 0.002 (at node 40)
	maximum = 0.0105 (at node 18)
Injected flit rate average = 0.023875
	minimum = 0.0025 (at node 41)
	maximum = 0.054625 (at node 10)
Accepted flit rate average= 0.0238398
	minimum = 0.008 (at node 40)
	maximum = 0.042 (at node 18)
Injected packet length average = 4
Accepted packet length average = 3.99934
Total in-flight flits = 49 (49 measured)
latency change    = 0.0133295
throughput change = 0.0135999
Draining all recorded packets ...
Draining remaining packets ...
Time taken is 12058 cycles
====== Overall Traffic Statistics ======
====== Traffic class 0 ======
Packet latency average = 27.1669 (1 samples)
	minimum = 10 (1 samples)
	maximum = 53 (1 samples)
Network latency average = 27.1027 (1 samples)
	minimum = 10 (1 samples)
	maximum = 53 (1 samples)
Flit latency average = 24.0188 (1 samples)
	minimum = 7 (1 samples)
	maximum = 50 (1 samples)
Fragmentation average = 0.17572 (1 samples)
	minimum = 0 (1 samples)
	maximum = 4 (1 samples)
Injected packet rate average = 0.00596875 (1 samples)
	minimum = 0.000625 (1 samples)
	maximum = 0.013625 (1 samples)
Accepted packet rate average = 0.00596094 (1 samples)
	minimum = 0.002 (1 samples)
	maximum = 0.0105 (1 samples)
Injected flit rate average = 0.023875 (1 samples)
	minimum = 0.0025 (1 samples)
	maximum = 0.054625 (1 samples)
Accepted flit rate average = 0.0238398 (1 samples)
	minimum = 0.008 (1 samples)
	maximum = 0.042 (1 samples)
Injected packet size average = 4 (1 samples)
Accepted packet size average = 3.99934 (1 samples)
Hops average = 3.8125 (1 samples)
Total run time 0.341272


[stderr]
