BEGIN Configuration File: /home/amirthalingam/edge_cloud_ml/dnn-noc-sim/results/vgg/configs/torus_rfdefault_vbdefault_ps4_r0p006_s4.cfg
topology = torus;
k = 8;
n = 2;
xr = 1;
routing_function = dim_order;
num_vcs = 4;
vc_buf_size = 8;
subnets = 1;
injection_process = bernoulli;
sim_type = latency;
warmup_periods = 2;
sample_period = 2000;
max_samples = 6;
measure_stats = 1;
traffic = trace;
trace_traffic_file = /home/amirthalingam/edge_cloud_ml/dnn-noc-sim/results/traces/vgg_trace.txt;
trace_phase_cycles = {80,80,80,80,80,80,80,80,80,80,80,80,80,80,80,80,80,80,80,80,80,80,80,80,80,80,80,80,80,80,80,80,80,80,80,80,80,80,80,80,80,80,80,80,80,80,80,80,80,80,80,80,80,80,80,80,80,80,80,80,80,80,80,80,80,80,80,80,80,80,80,80,80,80,80,80,80,80,80,80,80,80,80,80,80,80,80,80,80,80,80,80,80,80,80,80,80,80,80,80,80,80,80,80,80,80,80,80,80,80,80,80,80,80,80,80,80,80,80,80,80,80,80,80,80,80,80,80,80,80,80,80,80,80,80,80,80,80,80,80,80,80,80,80,80,80,80,80,80,80,80,80,80,80,80,80,80,80,80,80,144,144,144,144,144,144,144,144,144,144,144,144,144,144,144,144,144,144,144,144,144,144,144,144,144,144,144,144,144,144,144,144,80,80,80,80,80,80,80,80,80,80,80,80,80,80,80,80,80,80,80,80,80,80,80,80,80,80,80,80,80,80,80,80,80,80,80,80,80,80,80,80,80,80,80,80,80,80,80,80,80,80,80,80,80,80,80,80,80,80,80,80,80,80,80,80,144,144,144,144,144,144,144,144,144,144,144,144,144,144,144,144,144,144,144,144,144,144,144,144,144,144,144,144,144,144,144,144,80,80,80,80,80,80,80,80,80,80,80,80,80,80,80,80,80,80,80,80,80,80,80,80,80,80,80,80,80,80,80,80,80,80,80,80,80,80,80,80,80,80,80,80,80,80,80,80,80,80,80,80,80,80,80,80,80,80,80,80,80,80,80,80,80,80,80,80,80,80,80,80,80,80,80,80,80,80,80,80,80,80,80,80,80,80,80,80,80,80,80,80,80,80,80,80,80,80,80,80,80,80,80,80,80,80,80,80,80,80,80,80,80,80,80,80,80,80,80,80,80,80,80,80,80,80,80,80,80,80,80,80,80,80,80,392,392,392,392,392,392,392,392,392,392,392,392,392,392,392,392,392,392,392,392,392,392,392,392,392,392,392,392,392,392,392,392,80,80,80,80,80,80,80,80,80,80,80,80,80,80,80,80,80,80,80,80,80,80,80,80,80,80,80,80,80,80,80,80,80};
trace_traffic_loop = 1;
trace_fallback_uniform = 0;
trace_injection_file = /home/amirthalingam/edge_cloud_ml/dnn-noc-sim/results/traces/vgg_trace.txt;
trace_injection_phase_cycles = {80,80,80,80,80,80,80,80,80,80,80,80,80,80,80,80,80,80,80,80,80,80,80,80,80,80,80,80,80,80,80,80,80,80,80,80,80,80,80,80,80,80,80,80,80,80,80,80,80,80,80,80,80,80,80,80,80,80,80,80,80,80,80,80,80,80,80,80,80,80,80,80,80,80,80,80,80,80,80,80,80,80,80,80,80,80,80,80,80,80,80,80,80,80,80,80,80,80,80,80,80,80,80,80,80,80,80,80,80,80,80,80,80,80,80,80,80,80,80,80,80,80,80,80,80,80,80,80,80,80,80,80,80,80,80,80,80,80,80,80,80,80,80,80,80,80,80,80,80,80,80,80,80,80,80,80,80,80,80,80,144,144,144,144,144,144,144,144,144,144,144,144,144,144,144,144,144,144,144,144,144,144,144,144,144,144,144,144,144,144,144,144,80,80,80,80,80,80,80,80,80,80,80,80,80,80,80,80,80,80,80,80,80,80,80,80,80,80,80,80,80,80,80,80,80,80,80,80,80,80,80,80,80,80,80,80,80,80,80,80,80,80,80,80,80,80,80,80,80,80,80,80,80,80,80,80,144,144,144,144,144,144,144,144,144,144,144,144,144,144,144,144,144,144,144,144,144,144,144,144,144,144,144,144,144,144,144,144,80,80,80,80,80,80,80,80,80,80,80,80,80,80,80,80,80,80,80,80,80,80,80,80,80,80,80,80,80,80,80,80,80,80,80,80,80,80,80,80,80,80,80,80,80,80,80,80,80,80,80,80,80,80,80,80,80,80,80,80,80,80,80,80,80,80,80,80,80,80,80,80,80,80,80,80,80,80,80,80,80,80,80,80,80,80,80,80,80,80,80,80,80,80,80,80,80,80,80,80,80,80,80,80,80,80,80,80,80,80,80,80,80,80,80,80,80,80,80,80,80,80,80,80,80,80,80,80,80,80,80,80,80,80,80,392,392,392,392,392,392,392,392,392,392,392,392,392,392,392,392,392,392,392,392,392,392,392,392,392,392,392,392,392,392,392,392,80,80,80,80,80,80,80,80,80,80,80,80,80,80,80,80,80,80,80,80,80,80,80,80,80,80,80,80,80,80,80,80,80};
trace_injection_loop = 1;
trace_injection_use_source_weights = 1;
packet_size = 4;
injection_rate = 0.0060;
injection_process = trace;
seed = 4;

END Configuration File: /home/amirthalingam/edge_cloud_ml/dnn-noc-sim/results/vgg/configs/torus_rfdefault_vbdefault_ps4_r0p006_s4.cfg
Class 0:
Packet latency average = 29.519
	minimum = 10
	maximum = 54
Network latency average = 28.7065
	minimum = 10
	maximum = 51
Slowest packet = 12
Flit latency average = 25.6323
	minimum = 7
	maximum = 48
Slowest flit = 2532
Fragmentation average = 0.126359
	minimum = 0
	maximum = 7
Injected packet rate average = 0.00582812
	minimum = 0 (at node 1)
	maximum = 0.097 (at node 63)
Accepted packet rate average = 0.00575
	minimum = 0 (at node 16)
	maximum = 0.031 (at node 11)
Injected flit rate average = 0.0232734
	minimum = 0 (at node 1)
	maximum = 0.3865 (at node 63)
Accepted flit rate average= 0.0230078
	minimum = 0 (at node 16)
	maximum = 0.124 (at node 11)
Injected packet length average = 3.9933
Accepted packet length average = 4.00136
Total in-flight flits = 39 (0 measured)
latency change    = 1
throughput change = 1
Class 0:
Packet latency average = 27.963
	minimum = 10
	maximum = 54
Network latency average = 27.3459
	minimum = 10
	maximum = 51
Slowest packet = 12
Flit latency average = 24.2458
	minimum = 7
	maximum = 48
Slowest flit = 2532
Fragmentation average = 0.156849
	minimum = 0
	maximum = 7
Injected packet rate average = 0.00574609
	minimum = 0 (at node 18)
	maximum = 0.0705 (at node 7)
Accepted packet rate average = 0.00570312
	minimum = 0 (at node 32)
	maximum = 0.02275 (at node 9)
Injected flit rate average = 0.0229727
	minimum = 0 (at node 18)
	maximum = 0.28125 (at node 7)
Accepted flit rate average= 0.0228359
	minimum = 0 (at node 32)
	maximum = 0.091 (at node 9)
Injected packet length average = 3.99796
Accepted packet length average = 4.00411
Total in-flight flits = 38 (0 measured)
latency change    = 0.0556452
throughput change = 0.00752651
Warmed up ...Time used is 4000 cycles
Class 0:
Packet latency average = 25.1434
	minimum = 10
	maximum = 49
Network latency average = 25.0397
	minimum = 10
	maximum = 47
Slowest packet = 1920
Flit latency average = 21.8776
	minimum = 7
	maximum = 44
Slowest flit = 7683
Fragmentation average = 0.262484
	minimum = 0
	maximum = 5
Injected packet rate average = 0.00615625
	minimum = 0 (at node 40)
	maximum = 0.023 (at node 10)
Accepted packet rate average = 0.0061875
	minimum = 0 (at node 32)
	maximum = 0.0155 (at node 12)
Injected flit rate average = 0.0246406
	minimum = 0 (at node 40)
	maximum = 0.092 (at node 10)
Accepted flit rate average= 0.0247109
	minimum = 0 (at node 32)
	maximum = 0.062 (at node 12)
Injected packet length average = 4.00254
Accepted packet length average = 3.99369
Total in-flight flits = 27 (27 measured)
latency change    = 0.112141
throughput change = 0.0758773
Class 0:
Packet latency average = 25.4019
	minimum = 10
	maximum = 58
Network latency average = 25.3159
	minimum = 10
	maximum = 58
Slowest packet = 2827
Flit latency average = 22.1786
	minimum = 7
	maximum = 55
Slowest flit = 11308
Fragmentation average = 0.232484
	minimum = 0
	maximum = 5
Injected packet rate average = 0.00617578
	minimum = 0 (at node 40)
	maximum = 0.01925 (at node 8)
Accepted packet rate average = 0.00617578
	minimum = 0 (at node 32)
	maximum = 0.01425 (at node 4)
Injected flit rate average = 0.0247109
	minimum = 0 (at node 40)
	maximum = 0.077 (at node 8)
Accepted flit rate average= 0.0246875
	minimum = 0 (at node 32)
	maximum = 0.057 (at node 4)
Injected packet length average = 4.00127
Accepted packet length average = 3.99747
Total in-flight flits = 42 (42 measured)
latency change    = 0.0101766
throughput change = 0.000949367
Class 0:
Packet latency average = 27.1561
	minimum = 10
	maximum = 58
Network latency average = 27.0802
	minimum = 10
	maximum = 58
Slowest packet = 2827
Flit latency average = 23.9578
	minimum = 7
	maximum = 55
Slowest flit = 11308
Fragmentation average = 0.208861
	minimum = 0
	maximum = 5
Injected packet rate average = 0.00619531
	minimum = 0 (at node 40)
	maximum = 0.016 (at node 8)
Accepted packet rate average = 0.00620052
	minimum = 0.0015 (at node 48)
	maximum = 0.012 (at node 16)
Injected flit rate average = 0.0247813
	minimum = 0 (at node 40)
	maximum = 0.064 (at node 8)
Accepted flit rate average= 0.0247865
	minimum = 0.006 (at node 48)
	maximum = 0.048 (at node 16)
Injected packet length average = 4
Accepted packet length average = 3.99748
Total in-flight flits = 36 (36 measured)
latency change    = 0.0645971
throughput change = 0.00399244
Class 0:
Packet latency average = 27.2128
	minimum = 10
	maximum = 58
Network latency average = 27.1457
	minimum = 10
	maximum = 58
Slowest packet = 2827
Flit latency average = 24.0393
	minimum = 7
	maximum = 55
Slowest flit = 11308
Fragmentation average = 0.184026
	minimum = 0
	maximum = 5
Injected packet rate average = 0.00611914
	minimum = 0.000625 (at node 50)
	maximum = 0.0145 (at node 11)
Accepted packet rate average = 0.00613477
	minimum = 0.0025 (at node 55)
	maximum = 0.011125 (at node 28)
Injected flit rate average = 0.0244824
	minimum = 0.0025 (at node 50)
	maximum = 0.058 (at node 11)
Accepted flit rate average= 0.0245273
	minimum = 0.01 (at node 55)
	maximum = 0.044125 (at node 28)
Injected packet length average = 4.00096
Accepted packet length average = 3.99809
Total in-flight flits = 12 (12 measured)
latency change    = 0.00208216
throughput change = 0.0105643
Draining all recorded packets ...
Draining remaining packets ...
Time taken is 12055 cycles
====== Overall Traffic Statistics ======
====== Traffic class 0 ======
Packet latency average = 27.2135 (1 samples)
	minimum = 10 (1 samples)
	maximum = 58 (1 samples)
Network latency average = 27.1465 (1 samples)
	minimum = 10 (1 samples)
	maximum = 58 (1 samples)
Flit latency average = 24.0302 (1 samples)
	minimum = 7 (1 samples)
	maximum = 55 (1 samples)
Fragmentation average = 0.183849 (1 samples)
	minimum = 0 (1 samples)
	maximum = 5 (1 samples)
Injected packet rate average = 0.00611914 (1 samples)
	minimum = 0.000625 (1 samples)
	maximum = 0.0145 (1 samples)
Accepted packet rate average = 0.00613477 (1 samples)
	minimum = 0.0025 (1 samples)
	maximum = 0.011125 (1 samples)
Injected flit rate average = 0.0244824 (1 samples)
	minimum = 0.0025 (1 samples)
	maximum = 0.058 (1 samples)
Accepted flit rate average = 0.0245273 (1 samples)
	minimum = 0.01 (1 samples)
	maximum = 0.044125 (1 samples)
Injected packet size average = 4.00096 (1 samples)
Accepted packet size average = 3.99809 (1 samples)
Hops average = 3.81807 (1 samples)
Total run time 0.362919


[stderr]
