BEGIN Configuration File: /home/amirthalingam/edge_cloud_ml/dnn-noc-sim/results/vgg/configs/torus_rfdefault_vbdefault_ps4_r0p006_s2.cfg
topology = torus;
k = 8;
n = 2;
xr = 1;
routing_function = dim_order;
num_vcs = 4;
vc_buf_size = 8;
subnets = 1;
injection_process = bernoulli;
sim_type = latency;
warmup_periods = 2;
sample_period = 2000;
max_samples = 6;
measure_stats = 1;
traffic = trace;
trace_traffic_file = /home/amirthalingam/edge_cloud_ml/dnn-noc-sim/results/traces/vgg_trace.txt;
trace_phase_cycles = {80,80,80,80,80,80,80,80,80,80,80,80,80,80,80,80,80,80,80,80,80,80,80,80,80,80,80,80,80,80,80,80,80,80,80,80,80,80,80,80,80,80,80,80,80,80,80,80,80,80,80,80,80,80,80,80,80,80,80,80,80,80,80,80,80,80,80,80,80,80,80,80,80,80,80,80,80,80,80,80,80,80,80,80,80,80,80,80,80,80,80,80,80,80,80,80,80,80,80,80,80,80,80,80,80,80,80,80,80,80,80,80,80,80,80,80,80,80,80,80,80,80,80,80,80,80,80,80,80,80,80,80,80,80,80,80,80,80,80,80,80,80,80,80,80,80,80,80,80,80,80,80,80,80,80,80,80,80,80,80,144,144,144,144,144,144,144,144,144,144,144,144,144,144,144,144,144,144,144,144,144,144,144,144,144,144,144,144,144,144,144,144,80,80,80,80,80,80,80,80,80,80,80,80,80,80,80,80,80,80,80,80,80,80,80,80,80,80,80,80,80,80,80,80,80,80,80,80,80,80,80,80,80,80,80,80,80,80,80,80,80,80,80,80,80,80,80,80,80,80,80,80,80,80,80,80,144,144,144,144,144,144,144,144,144,144,144,144,144,144,144,144,144,144,144,144,144,144,144,144,144,144,144,144,144,144,144,144,80,80,80,80,80,80,80,80,80,80,80,80,80,80,80,80,80,80,80,80,80,80,80,80,80,80,80,80,80,80,80,80,80,80,80,80,80,80,80,80,80,80,80,80,80,80,80,80,80,80,80,80,80,80,80,80,80,80,80,80,80,80,80,80,80,80,80,80,80,80,80,80,80,80,80,80,80,80,80,80,80,80,80,80,80,80,80,80,80,80,80,80,80,80,80,80,80,80,80,80,80,80,80,80,80,80,80,80,80,80,80,80,80,80,80,80,80,80,80,80,80,80,80,80,80,80,80,80,80,80,80,80,80,80,80,392,392,392,392,392,392,392,392,392,392,392,392,392,392,392,392,392,392,392,392,392,392,392,392,392,392,392,392,392,392,392,392,80,80,80,80,80,80,80,80,80,80,80,80,80,80,80,80,80,80,80,80,80,80,80,80,80,80,80,80,80,80,80,80,80};
trace_traffic_loop = 1;
trace_fallback_uniform = 0;
trace_injection_file = /home/amirthalingam/edge_cloud_ml/dnn-noc-sim/results/traces/vgg_trace.txt;
trace_injection_phase_cycles = {80,80,80,80,80,80,80,80,80,80,80,80,80,80,80,80,80,80,80,80,80,80,80,80,80,80,80,80,80,80,80,80,80,80,80,80,80,80,80,80,80,80,80,80,80,80,80,80,80,80,80,80,80,80,80,80,80,80,80,80,80,80,80,80,80,80,80,80,80,80,80,80,80,80,80,80,80,80,80,80,80,80,80,80,80,80,80,80,80,80,80,80,80,80,80,80,80,80,80,80,80,80,80,80,80,80,80,80,80,80,80,80,80,80,80,80,80,80,80,80,80,80,80,80,80,80,80,80,80,80,80,80,80,80,80,80,80,80,80,80,80,80,80,80,80,80,80,80,80,80,80,80,80,80,80,80,80,80,80,80,144,144,144,144,144,144,144,144,144,144,144,144,144,144,144,144,144,144,144,144,144,144,144,144,144,144,144,144,144,144,144,144,80,80,80,80,80,80,80,80,80,80,80,80,80,80,80,80,80,80,80,80,80,80,80,80,80,80,80,80,80,80,80,80,80,80,80,80,80,80,80,80,80,80,80,80,80,80,80,80,80,80,80,80,80,80,80,80,80,80,80,80,80,80,80,80,144,144,144,144,144,144,144,144,144,144,144,144,144,144,144,144,144,144,144,144,144,144,144,144,144,144,144,144,144,144,144,144,80,80,80,80,80,80,80,80,80,80,80,80,80,80,80,80,80,80,80,80,80,80,80,80,80,80,80,80,80,80,80,80,80,80,80,80,80,80,80,80,80,80,80,80,80,80,80,80,80,80,80,80,80,80,80,80,80,80,80,80,80,80,80,80,80,80,80,80,80,80,80,80,80,80,80,80,80,80,80,80,80,80,80,80,80,80,80,80,80,80,80,80,80,80,80,80,80,80,80,80,80,80,80,80,80,80,80,80,80,80,80,80,80,80,80,80,80,80,80,80,80,80,80,80,80,80,80,80,80,80,80,80,80,80,80,392,392,392,392,392,392,392,392,392,392,392,392,392,392,392,392,392,392,392,392,392,392,392,392,392,392,392,392,392,392,392,392,80,80,80,80,80,80,80,80,80,80,80,80,80,80,80,80,80,80,80,80,80,80,80,80,80,80,80,80,80,80,80,80,80};
trace_injection_loop = 1;
trace_injection_use_source_weights = 1;
packet_size = 4;
injection_rate = 0.0060;
injection_process = trace;
seed = 2;

END Configuration File: /home/amirthalingam/edge_cloud_ml/dnn-noc-sim/results/vgg/configs/torus_rfdefault_vbdefault_ps4_r0p006_s2.cfg
Class 0:
Packet latency average = 29.3435
	minimum = 10
	maximum = 57
Network latency average = 28.3222
	minimum = 10
	maximum = 49
Slowest packet = 63
Flit latency average = 25.2283
	minimum = 7
	maximum = 46
Slowest flit = 252
Fragmentation average = 0.166445
	minimum = 0
	maximum = 6
Injected packet rate average = 0.00592969
	minimum = 0 (at node 1)
	maximum = 0.1045 (at node 63)
Accepted packet rate average = 0.00586719
	minimum = 0 (at node 16)
	maximum = 0.032 (at node 3)
Injected flit rate average = 0.0237031
	minimum = 0 (at node 1)
	maximum = 0.418 (at node 63)
Accepted flit rate average= 0.0234766
	minimum = 0 (at node 16)
	maximum = 0.128 (at node 3)
Injected packet length average = 3.99736
Accepted packet length average = 4.00133
Total in-flight flits = 31 (0 measured)
latency change    = 1
throughput change = 1
Class 0:
Packet latency average = 27.8906
	minimum = 10
	maximum = 57
Network latency average = 27.2292
	minimum = 10
	maximum = 49
Slowest packet = 63
Flit latency average = 24.1204
	minimum = 7
	maximum = 46
Slowest flit = 252
Fragmentation average = 0.192534
	minimum = 0
	maximum = 6
Injected packet rate average = 0.00598828
	minimum = 0 (at node 19)
	maximum = 0.0675 (at node 63)
Accepted packet rate average = 0.00596484
	minimum = 0 (at node 32)
	maximum = 0.02475 (at node 3)
Injected flit rate average = 0.0239453
	minimum = 0 (at node 19)
	maximum = 0.27 (at node 63)
Accepted flit rate average= 0.0238711
	minimum = 0 (at node 32)
	maximum = 0.099 (at node 3)
Injected packet length average = 3.9987
Accepted packet length average = 4.00196
Total in-flight flits = 21 (0 measured)
latency change    = 0.052093
throughput change = 0.0165276
Warmed up ...Time used is 4000 cycles
Class 0:
Packet latency average = 25.5194
	minimum = 10
	maximum = 47
Network latency average = 25.3899
	minimum = 10
	maximum = 45
Slowest packet = 1699
Flit latency average = 22.2353
	minimum = 7
	maximum = 42
Slowest flit = 6796
Fragmentation average = 0.309746
	minimum = 0
	maximum = 8
Injected packet rate average = 0.00592188
	minimum = 0 (at node 40)
	maximum = 0.023 (at node 13)
Accepted packet rate average = 0.00589844
	minimum = 0 (at node 32)
	maximum = 0.0175 (at node 26)
Injected flit rate average = 0.0236875
	minimum = 0 (at node 40)
	maximum = 0.092 (at node 13)
Accepted flit rate average= 0.0235703
	minimum = 0 (at node 32)
	maximum = 0.07 (at node 26)
Injected packet length average = 4
Accepted packet length average = 3.99603
Total in-flight flits = 36 (36 measured)
latency change    = 0.0929207
throughput change = 0.012761
Class 0:
Packet latency average = 25.7993
	minimum = 10
	maximum = 55
Network latency average = 25.7132
	minimum = 10
	maximum = 52
Slowest packet = 2979
Flit latency average = 22.5803
	minimum = 7
	maximum = 49
Slowest flit = 11916
Fragmentation average = 0.273684
	minimum = 0
	maximum = 8
Injected packet rate average = 0.00599609
	minimum = 0 (at node 40)
	maximum = 0.018 (at node 13)
Accepted packet rate average = 0.00596094
	minimum = 0 (at node 36)
	maximum = 0.01475 (at node 6)
Injected flit rate average = 0.0239922
	minimum = 0 (at node 40)
	maximum = 0.072 (at node 13)
Accepted flit rate average= 0.0238477
	minimum = 0 (at node 36)
	maximum = 0.059 (at node 6)
Injected packet length average = 4.0013
Accepted packet length average = 4.00066
Total in-flight flits = 56 (56 measured)
latency change    = 0.0108523
throughput change = 0.0116298
Class 0:
Packet latency average = 27.3111
	minimum = 10
	maximum = 55
Network latency average = 27.2327
	minimum = 10
	maximum = 53
Slowest packet = 2979
Flit latency average = 24.1026
	minimum = 7
	maximum = 50
Slowest flit = 13712
Fragmentation average = 0.247788
	minimum = 0
	maximum = 8
Injected packet rate average = 0.00590885
	minimum = 0 (at node 42)
	maximum = 0.0155 (at node 10)
Accepted packet rate average = 0.00590104
	minimum = 0.0015 (at node 44)
	maximum = 0.0128333 (at node 31)
Injected flit rate average = 0.0236406
	minimum = 0 (at node 42)
	maximum = 0.062 (at node 10)
Accepted flit rate average= 0.0235964
	minimum = 0.006 (at node 44)
	maximum = 0.0513333 (at node 31)
Injected packet length average = 4.00088
Accepted packet length average = 3.99868
Total in-flight flits = 36 (36 measured)
latency change    = 0.0553519
throughput change = 0.01065
Class 0:
Packet latency average = 27.5189
	minimum = 10
	maximum = 58
Network latency average = 27.4472
	minimum = 10
	maximum = 58
Slowest packet = 4039
Flit latency average = 24.3345
	minimum = 7
	maximum = 55
Slowest flit = 16156
Fragmentation average = 0.211676
	minimum = 0
	maximum = 8
Injected packet rate average = 0.00600977
	minimum = 0.000625 (at node 59)
	maximum = 0.0135 (at node 10)
Accepted packet rate average = 0.006
	minimum = 0.002625 (at node 41)
	maximum = 0.011625 (at node 31)
Injected flit rate average = 0.024043
	minimum = 0.0025 (at node 59)
	maximum = 0.054 (at node 10)
Accepted flit rate average= 0.024
	minimum = 0.0105 (at node 52)
	maximum = 0.0465 (at node 31)
Injected packet length average = 4.00065
Accepted packet length average = 4
Total in-flight flits = 41 (41 measured)
latency change    = 0.00755318
throughput change = 0.0168186
Draining all recorded packets ...
Draining remaining packets ...
Time taken is 12060 cycles
====== Overall Traffic Statistics ======
====== Traffic class 0 ======
Packet latency average = 27.5336 (1 samples)
	minimum = 10 (1 samples)
	maximum = 58 (1 samples)
Network latency average = 27.4621 (1 samples)
	minimum = 10 (1 samples)
	maximum = 58 (1 samples)
Flit latency average = 24.3342 (1 samples)
	minimum = 7 (1 samples)
	maximum = 55 (1 samples)
Fragmentation average = 0.21222 (1 samples)
	minimum = 0 (1 samples)
	maximum = 8 (1 samples)
Injected packet rate average = 0.00600977 (1 samples)
	minimum = 0.000625 (1 samples)
	maximum = 0.0135 (1 samples)
Accepted packet rate average = 0.006 (1 samples)
	minimum = 0.002625 (1 samples)
	maximum = 0.011625 (1 samples)
Injected flit rate average = 0.024043 (1 samples)
	minimum = 0.0025 (1 samples)
	maximum = 0.054 (1 samples)
Accepted flit rate average = 0.024 (1 samples)
	minimum = 0.0105 (1 samples)
	maximum = 0.0465 (1 samples)
Injected packet size average = 4.00065 (1 samples)
Accepted packet size average = 4 (1 samples)
Hops average = 3.86675 (1 samples)
Total run time 0.369543


[stderr]
