BEGIN Configuration File: /home/amirthalingam/edge_cloud_ml/dnn-noc-sim/results/vgg/configs/torus_rfdefault_vbdefault_ps4_r0p006_s3.cfg
topology = torus;
k = 8;
n = 2;
xr = 1;
routing_function = dim_order;
num_vcs = 4;
vc_buf_size = 8;
subnets = 1;
injection_process = bernoulli;
sim_type = latency;
warmup_periods = 2;
sample_period = 2000;
max_samples = 6;
measure_stats = 1;
traffic = trace;
trace_traffic_file = /home/amirthalingam/edge_cloud_ml/dnn-noc-sim/results/traces/vgg_trace.txt;
trace_phase_cycles = {80,80,80,80,80,80,80,80,80,80,80,80,80,80,80,80,80,80,80,80,80,80,80,80,80,80,80,80,80,80,80,80,80,80,80,80,80,80,80,80,80,80,80,80,80,80,80,80,80,80,80,80,80,80,80,80,80,80,80,80,80,80,80,80,80,80,80,80,80,80,80,80,80,80,80,80,80,80,80,80,80,80,80,80,80,80,80,80,80,80,80,80,80,80,80,80,80,80,80,80,80,80,80,80,80,80,80,80,80,80,80,80,80,80,80,80,80,80,80,80,80,80,80,80,80,80,80,80,80,80,80,80,80,80,80,80,80,80,80,80,80,80,80,80,80,80,80,80,80,80,80,80,80,80,80,80,80,80,80,80,144,144,144,144,144,144,144,144,144,144,144,144,144,144,144,144,144,144,144,144,144,144,144,144,144,144,144,144,144,144,144,144,80,80,80,80,80,80,80,80,80,80,80,80,80,80,80,80,80,80,80,80,80,80,80,80,80,80,80,80,80,80,80,80,80,80,80,80,80,80,80,80,80,80,80,80,80,80,80,80,80,80,80,80,80,80,80,80,80,80,80,80,80,80,80,80,144,144,144,144,144,144,144,144,144,144,144,144,144,144,144,144,144,144,144,144,144,144,144,144,144,144,144,144,144,144,144,144,80,80,80,80,80,80,80,80,80,80,80,80,80,80,80,80,80,80,80,80,80,80,80,80,80,80,80,80,80,80,80,80,80,80,80,80,80,80,80,80,80,80,80,80,80,80,80,80,80,80,80,80,80,80,80,80,80,80,80,80,80,80,80,80,80,80,80,80,80,80,80,80,80,80,80,80,80,80,80,80,80,80,80,80,80,80,80,80,80,80,80,80,80,80,80,80,80,80,80,80,80,80,80,80,80,80,80,80,80,80,80,80,80,80,80,80,80,80,80,80,80,80,80,80,80,80,80,80,80,80,80,80,80,80,80,392,392,392,392,392,392,392,392,392,392,392,392,392,392,392,392,392,392,392,392,392,392,392,392,392,392,392,392,392,392,392,392,80,80,80,80,80,80,80,80,80,80,80,80,80,80,80,80,80,80,80,80,80,80,80,80,80,80,80,80,80,80,80,80,80};
trace_traffic_loop = 1;
trace_fallback_uniform = 0;
trace_injection_file = /home/amirthalingam/edge_cloud_ml/dnn-noc-sim/results/traces/vgg_trace.txt;
trace_injection_phase_cycles = {80,80,80,80,80,80,80,80,80,80,80,80,80,80,80,80,80,80,80,80,80,80,80,80,80,80,80,80,80,80,80,80,80,80,80,80,80,80,80,80,80,80,80,80,80,80,80,80,80,80,80,80,80,80,80,80,80,80,80,80,80,80,80,80,80,80,80,80,80,80,80,80,80,80,80,80,80,80,80,80,80,80,80,80,80,80,80,80,80,80,80,80,80,80,80,80,80,80,80,80,80,80,80,80,80,80,80,80,80,80,80,80,80,80,80,80,80,80,80,80,80,80,80,80,80,80,80,80,80,80,80,80,80,80,80,80,80,80,80,80,80,80,80,80,80,80,80,80,80,80,80,80,80,80,80,80,80,80,80,80,144,144,144,144,144,144,144,144,144,144,144,144,144,144,144,144,144,144,144,144,144,144,144,144,144,144,144,144,144,144,144,144,80,80,80,80,80,80,80,80,80,80,80,80,80,80,80,80,80,80,80,80,80,80,80,80,80,80,80,80,80,80,80,80,80,80,80,80,80,80,80,80,80,80,80,80,80,80,80,80,80,80,80,80,80,80,80,80,80,80,80,80,80,80,80,80,144,144,144,144,144,144,144,144,144,144,144,144,144,144,144,144,144,144,144,144,144,144,144,144,144,144,144,144,144,144,144,144,80,80,80,80,80,80,80,80,80,80,80,80,80,80,80,80,80,80,80,80,80,80,80,80,80,80,80,80,80,80,80,80,80,80,80,80,80,80,80,80,80,80,80,80,80,80,80,80,80,80,80,80,80,80,80,80,80,80,80,80,80,80,80,80,80,80,80,80,80,80,80,80,80,80,80,80,80,80,80,80,80,80,80,80,80,80,80,80,80,80,80,80,80,80,80,80,80,80,80,80,80,80,80,80,80,80,80,80,80,80,80,80,80,80,80,80,80,80,80,80,80,80,80,80,80,80,80,80,80,80,80,80,80,80,80,392,392,392,392,392,392,392,392,392,392,392,392,392,392,392,392,392,392,392,392,392,392,392,392,392,392,392,392,392,392,392,392,80,80,80,80,80,80,80,80,80,80,80,80,80,80,80,80,80,80,80,80,80,80,80,80,80,80,80,80,80,80,80,80,80};
trace_injection_loop = 1;
trace_injection_use_source_weights = 1;
packet_size = 4;
injection_rate = 0.0060;
injection_process = trace;
seed = 3;

END Configuration File: /home/amirthalingam/edge_cloud_ml/dnn-noc-sim/results/vgg/configs/torus_rfdefault_vbdefault_ps4_r0p006_s3.cfg
Class 0:
Packet latency average = 28.8632
	minimum = 10
	maximum = 55
Network latency average = 28.0342
	minimum = 10
	maximum = 50
Slowest packet = 22
Flit latency average = 24.9652
	minimum = 7
	maximum = 47
Slowest flit = 2828
Fragmentation average = 0.117647
	minimum = 0
	maximum = 6
Injected packet rate average = 0.00586719
	minimum = 0 (at node 2)
	maximum = 0.103 (at node 0)
Accepted packet rate average = 0.00571094
	minimum = 0 (at node 16)
	maximum = 0.031 (at node 12)
Injected flit rate average = 0.0234688
	minimum = 0 (at node 2)
	maximum = 0.412 (at node 0)
Accepted flit rate average= 0.0228984
	minimum = 0 (at node 16)
	maximum = 0.124 (at node 12)
Injected packet length average = 4
Accepted packet length average = 4.00958
Total in-flight flits = 73 (0 measured)
latency change    = 1
throughput change = 1
Class 0:
Packet latency average = 27.534
	minimum = 10
	maximum = 55
Network latency average = 26.9633
	minimum = 10
	maximum = 50
Slowest packet = 22
Flit latency average = 23.8816
	minimum = 7
	maximum = 47
Slowest flit = 2828
Fragmentation average = 0.141333
	minimum = 0
	maximum = 6
Injected packet rate average = 0.00590234
	minimum = 0 (at node 19)
	maximum = 0.067 (at node 0)
Accepted packet rate average = 0.00585938
	minimum = 0 (at node 32)
	maximum = 0.0235 (at node 12)
Injected flit rate average = 0.0235898
	minimum = 0 (at node 19)
	maximum = 0.268 (at node 0)
Accepted flit rate average= 0.0234531
	minimum = 0 (at node 32)
	maximum = 0.094 (at node 12)
Injected packet length average = 3.99669
Accepted packet length average = 4.00267
Total in-flight flits = 40 (0 measured)
latency change    = 0.0482749
throughput change = 0.0236509
Warmed up ...Time used is 4000 cycles
Class 0:
Packet latency average = 24.7491
	minimum = 10
	maximum = 46
Network latency average = 24.6279
	minimum = 10
	maximum = 46
Slowest packet = 2015
Flit latency average = 21.4742
	minimum = 7
	maximum = 43
Slowest flit = 8060
Fragmentation average = 0.286414
	minimum = 0
	maximum = 7
Injected packet rate average = 0.00647656
	minimum = 0 (at node 40)
	maximum = 0.024 (at node 10)
Accepted packet rate average = 0.00646875
	minimum = 0 (at node 32)
	maximum = 0.017 (at node 18)
Injected flit rate average = 0.0258984
	minimum = 0 (at node 40)
	maximum = 0.096 (at node 10)
Accepted flit rate average= 0.0258672
	minimum = 0 (at node 32)
	maximum = 0.068 (at node 26)
Injected packet length average = 3.99879
Accepted packet length average = 3.99879
Total in-flight flits = 45 (45 measured)
latency change    = 0.112526
throughput change = 0.0933253
Class 0:
Packet latency average = 25.1471
	minimum = 10
	maximum = 52
Network latency average = 25.0634
	minimum = 10
	maximum = 52
Slowest packet = 2989
Flit latency average = 21.9221
	minimum = 7
	maximum = 49
Slowest flit = 11956
Fragmentation average = 0.269499
	minimum = 0
	maximum = 7
Injected packet rate average = 0.00617969
	minimum = 0 (at node 40)
	maximum = 0.01725 (at node 11)
Accepted packet rate average = 0.00620313
	minimum = 0 (at node 39)
	maximum = 0.01475 (at node 27)
Injected flit rate average = 0.0247383
	minimum = 0 (at node 40)
	maximum = 0.069 (at node 11)
Accepted flit rate average= 0.0248086
	minimum = 0 (at node 39)
	maximum = 0.059 (at node 27)
Injected packet length average = 4.00316
Accepted packet length average = 3.99937
Total in-flight flits = 17 (17 measured)
latency change    = 0.0158282
throughput change = 0.0426704
Class 0:
Packet latency average = 26.9996
	minimum = 10
	maximum = 55
Network latency average = 26.9128
	minimum = 10
	maximum = 55
Slowest packet = 3350
Flit latency average = 23.7827
	minimum = 7
	maximum = 52
Slowest flit = 13400
Fragmentation average = 0.236752
	minimum = 0
	maximum = 7
Injected packet rate average = 0.0061224
	minimum = 0 (at node 40)
	maximum = 0.017 (at node 11)
Accepted packet rate average = 0.0061224
	minimum = 0.00133333 (at node 42)
	maximum = 0.0125 (at node 18)
Injected flit rate average = 0.0245026
	minimum = 0 (at node 40)
	maximum = 0.068 (at node 11)
Accepted flit rate average= 0.024487
	minimum = 0.00533333 (at node 42)
	maximum = 0.0498333 (at node 18)
Injected packet length average = 4.00213
Accepted packet length average = 3.99957
Total in-flight flits = 41 (41 measured)
latency change    = 0.0686106
throughput change = 0.0131341
Class 0:
Packet latency average = 27.3449
	minimum = 10
	maximum = 55
Network latency average = 27.2649
	minimum = 10
	maximum = 55
Slowest packet = 3350
Flit latency average = 24.1456
	minimum = 7
	maximum = 52
Slowest flit = 13400
Fragmentation average = 0.210983
	minimum = 0
	maximum = 7
Injected packet rate average = 0.00610547
	minimum = 0.0005 (at node 52)
	maximum = 0.014375 (at node 11)
Accepted packet rate average = 0.00610352
	minimum = 0.001875 (at node 39)
	maximum = 0.010875 (at node 18)
Injected flit rate average = 0.0244219
	minimum = 0.002 (at node 52)
	maximum = 0.0575 (at node 11)
Accepted flit rate average= 0.0244063
	minimum = 0.0075 (at node 39)
	maximum = 0.043375 (at node 18)
Injected packet length average = 4
Accepted packet length average = 3.99872
Total in-flight flits = 48 (48 measured)
latency change    = 0.0126284
throughput change = 0.00330773
Draining all recorded packets ...
Draining remaining packets ...
Time taken is 12067 cycles
====== Overall Traffic Statistics ======
====== Traffic class 0 ======
Packet latency average = 27.3743 (1 samples)
	minimum = 10 (1 samples)
	maximum = 55 (1 samples)
Network latency average = 27.2946 (1 samples)
	minimum = 10 (1 samples)
	maximum = 55 (1 samples)
Flit latency average = 24.1746 (1 samples)
	minimum = 7 (1 samples)
	maximum = 52 (1 samples)
Fragmentation average = 0.210173 (1 samples)
	minimum = 0 (1 samples)
	maximum = 7 (1 samples)
Injected packet rate average = 0.00610547 (1 samples)
	minimum = 0.0005 (1 samples)
	maximum = 0.014375 (1 samples)
Accepted packet rate average = 0.00610352 (1 samples)
	minimum = 0.001875 (1 samples)
	maximum = 0.010875 (1 samples)
Injected flit rate average = 0.0244219 (1 samples)
	minimum = 0.002 (1 samples)
	maximum = 0.0575 (1 samples)
Accepted flit rate average = 0.0244063 (1 samples)
	minimum = 0.0075 (1 samples)
	maximum = 0.043375 (1 samples)
Injected packet size average = 4 (1 samples)
Accepted packet size average = 3.99872 (1 samples)
Hops average = 3.84005 (1 samples)
Total run time 0.355659


[stderr]
