BEGIN Configuration File: /home/amirthalingam/edge_cloud_ml/dnn-noc-sim/results/vgg/configs/torus_rfdefault_vbdefault_ps4_r0p006_s1.cfg
topology = torus;
k = 8;
n = 2;
xr = 1;
routing_function = dim_order;
num_vcs = 4;
vc_buf_size = 8;
subnets = 1;
injection_process = bernoulli;
sim_type = latency;
warmup_periods = 2;
sample_period = 2000;
max_samples = 6;
measure_stats = 1;
traffic = trace;
trace_traffic_file = /home/amirthalingam/edge_cloud_ml/dnn-noc-sim/results/traces/vgg_trace.txt;
trace_phase_cycles = {80,80,80,80,80,80,80,80,80,80,80,80,80,80,80,80,80,80,80,80,80,80,80,80,80,80,80,80,80,80,80,80,80,80,80,80,80,80,80,80,80,80,80,80,80,80,80,80,80,80,80,80,80,80,80,80,80,80,80,80,80,80,80,80,80,80,80,80,80,80,80,80,80,80,80,80,80,80,80,80,80,80,80,80,80,80,80,80,80,80,80,80,80,80,80,80,80,80,80,80,80,80,80,80,80,80,80,80,80,80,80,80,80,80,80,80,80,80,80,80,80,80,80,80,80,80,80,80,80,80,80,80,80,80,80,80,80,80,80,80,80,80,80,80,80,80,80,80,80,80,80,80,80,80,80,80,80,80,80,80,144,144,144,144,144,144,144,144,144,144,144,144,144,144,144,144,144,144,144,144,144,144,144,144,144,144,144,144,144,144,144,144,80,80,80,80,80,80,80,80,80,80,80,80,80,80,80,80,80,80,80,80,80,80,80,80,80,80,80,80,80,80,80,80,80,80,80,80,80,80,80,80,80,80,80,80,80,80,80,80,80,80,80,80,80,80,80,80,80,80,80,80,80,80,80,80,144,144,144,144,144,144,144,144,144,144,144,144,144,144,144,144,144,144,144,144,144,144,144,144,144,144,144,144,144,144,144,144,80,80,80,80,80,80,80,80,80,80,80,80,80,80,80,80,80,80,80,80,80,80,80,80,80,80,80,80,80,80,80,80,80,80,80,80,80,80,80,80,80,80,80,80,80,80,80,80,80,80,80,80,80,80,80,80,80,80,80,80,80,80,80,80,80,80,80,80,80,80,80,80,80,80,80,80,80,80,80,80,80,80,80,80,80,80,80,80,80,80,80,80,80,80,80,80,80,80,80,80,80,80,80,80,80,80,80,80,80,80,80,80,80,80,80,80,80,80,80,80,80,80,80,80,80,80,80,80,80,80,80,80,80,80,80,392,392,392,392,392,392,392,392,392,392,392,392,392,392,392,392,392,392,392,392,392,392,392,392,392,392,392,392,392,392,392,392,80,80,80,80,80,80,80,80,80,80,80,80,80,80,80,80,80,80,80,80,80,80,80,80,80,80,80,80,80,80,80,80,80};
trace_traffic_loop = 1;
trace_fallback_uniform = 0;
trace_injection_file = /home/amirthalingam/edge_cloud_ml/dnn-noc-sim/results/traces/vgg_trace.txt;
trace_injection_phase_cycles = {80,80,80,80,80,80,80,80,80,80,80,80,80,80,80,80,80,80,80,80,80,80,80,80,80,80,80,80,80,80,80,80,80,80,80,80,80,80,80,80,80,80,80,80,80,80,80,80,80,80,80,80,80,80,80,80,80,80,80,80,80,80,80,80,80,80,80,80,80,80,80,80,80,80,80,80,80,80,80,80,80,80,80,80,80,80,80,80,80,80,80,80,80,80,80,80,80,80,80,80,80,80,80,80,80,80,80,80,80,80,80,80,80,80,80,80,80,80,80,80,80,80,80,80,80,80,80,80,80,80,80,80,80,80,80,80,80,80,80,80,80,80,80,80,80,80,80,80,80,80,80,80,80,80,80,80,80,80,80,80,144,144,144,144,144,144,144,144,144,144,144,144,144,144,144,144,144,144,144,144,144,144,144,144,144,144,144,144,144,144,144,144,80,80,80,80,80,80,80,80,80,80,80,80,80,80,80,80,80,80,80,80,80,80,80,80,80,80,80,80,80,80,80,80,80,80,80,80,80,80,80,80,80,80,80,80,80,80,80,80,80,80,80,80,80,80,80,80,80,80,80,80,80,80,80,80,144,144,144,144,144,144,144,144,144,144,144,144,144,144,144,144,144,144,144,144,144,144,144,144,144,144,144,144,144,144,144,144,80,80,80,80,80,80,80,80,80,80,80,80,80,80,80,80,80,80,80,80,80,80,80,80,80,80,80,80,80,80,80,80,80,80,80,80,80,80,80,80,80,80,80,80,80,80,80,80,80,80,80,80,80,80,80,80,80,80,80,80,80,80,80,80,80,80,80,80,80,80,80,80,80,80,80,80,80,80,80,80,80,80,80,80,80,80,80,80,80,80,80,80,80,80,80,80,80,80,80,80,80,80,80,80,80,80,80,80,80,80,80,80,80,80,80,80,80,80,80,80,80,80,80,80,80,80,80,80,80,80,80,80,80,80,80,392,392,392,392,392,392,392,392,392,392,392,392,392,392,392,392,392,392,392,392,392,392,392,392,392,392,392,392,392,392,392,392,80,80,80,80,80,80,80,80,80,80,80,80,80,80,80,80,80,80,80,80,80,80,80,80,80,80,80,80,80,80,80,80,80};
trace_injection_loop = 1;
trace_injection_use_source_weights = 1;
packet_size = 4;
injection_rate = 0.0060;
injection_process = trace;
seed = 1;

END Configuration File: /home/amirthalingam/edge_cloud_ml/dnn-noc-sim/results/vgg/configs/torus_rfdefault_vbdefault_ps4_r0p006_s1.cfg
Class 0:
Packet latency average = 28.6029
	minimum = 10
	maximum = 52
Network latency average = 27.6693
	minimum = 10
	maximum = 49
Slowest packet = 22
Flit latency average = 24.5992
	minimum = 7
	maximum = 46
Slowest flit = 2712
Fragmentation average = 0.126302
	minimum = 0
	maximum = 6
Injected packet rate average = 0.00603906
	minimum = 0 (at node 3)
	maximum = 0.099 (at node 0)
Accepted packet rate average = 0.006
	minimum = 0 (at node 16)
	maximum = 0.031 (at node 11)
Injected flit rate average = 0.0241563
	minimum = 0 (at node 3)
	maximum = 0.396 (at node 0)
Accepted flit rate average= 0.0240156
	minimum = 0 (at node 16)
	maximum = 0.124 (at node 11)
Injected packet length average = 4
Accepted packet length average = 4.0026
Total in-flight flits = 18 (0 measured)
latency change    = 1
throughput change = 1
Class 0:
Packet latency average = 27.534
	minimum = 10
	maximum = 53
Network latency average = 26.9008
	minimum = 10
	maximum = 53
Slowest packet = 820
Flit latency average = 23.7963
	minimum = 7
	maximum = 50
Slowest flit = 3283
Fragmentation average = 0.186649
	minimum = 0
	maximum = 8
Injected packet rate average = 0.0060625
	minimum = 0 (at node 19)
	maximum = 0.069 (at node 0)
Accepted packet rate average = 0.00602734
	minimum = 0 (at node 32)
	maximum = 0.02425 (at node 11)
Injected flit rate average = 0.0242383
	minimum = 0 (at node 19)
	maximum = 0.276 (at node 0)
Accepted flit rate average= 0.0241211
	minimum = 0 (at node 32)
	maximum = 0.097 (at node 11)
Injected packet length average = 3.99807
Accepted packet length average = 4.00194
Total in-flight flits = 33 (0 measured)
latency change    = 0.0388189
throughput change = 0.00437247
Warmed up ...Time used is 4000 cycles
Class 0:
Packet latency average = 25.4718
	minimum = 10
	maximum = 49
Network latency average = 25.3673
	minimum = 10
	maximum = 49
Slowest packet = 1867
Flit latency average = 22.2618
	minimum = 7
	maximum = 46
Slowest flit = 7468
Fragmentation average = 0.235925
	minimum = 0
	maximum = 6
Injected packet rate average = 0.00591406
	minimum = 0 (at node 36)
	maximum = 0.027 (at node 12)
Accepted packet rate average = 0.00589844
	minimum = 0 (at node 32)
	maximum = 0.017 (at node 28)
Injected flit rate average = 0.0236016
	minimum = 0 (at node 36)
	maximum = 0.108 (at node 12)
Accepted flit rate average= 0.0235781
	minimum = 0 (at node 32)
	maximum = 0.068 (at node 28)
Injected packet length average = 3.99075
Accepted packet length average = 3.99735
Total in-flight flits = 43 (43 measured)
latency change    = 0.080959
throughput change = 0.0230285
Class 0:
Packet latency average = 25.8363
	minimum = 10
	maximum = 52
Network latency average = 25.7375
	minimum = 10
	maximum = 52
Slowest packet = 3010
Flit latency average = 22.6188
	minimum = 7
	maximum = 49
Slowest flit = 12040
Fragmentation average = 0.241977
	minimum = 0
	maximum = 6
Injected packet rate average = 0.00612109
	minimum = 0 (at node 40)
	maximum = 0.01925 (at node 12)
Accepted packet rate average = 0.00612109
	minimum = 0 (at node 35)
	maximum = 0.0145 (at node 14)
Injected flit rate average = 0.0244961
	minimum = 0 (at node 40)
	maximum = 0.077 (at node 12)
Accepted flit rate average= 0.0244727
	minimum = 0 (at node 35)
	maximum = 0.058 (at node 14)
Injected packet length average = 4.00191
Accepted packet length average = 3.99809
Total in-flight flits = 36 (36 measured)
latency change    = 0.0141072
throughput change = 0.0365523
Class 0:
Packet latency average = 27.4148
	minimum = 10
	maximum = 55
Network latency average = 27.327
	minimum = 10
	maximum = 55
Slowest packet = 3681
Flit latency average = 24.2097
	minimum = 7
	maximum = 52
Slowest flit = 14727
Fragmentation average = 0.226644
	minimum = 0
	maximum = 6
Injected packet rate average = 0.00603906
	minimum = 0 (at node 40)
	maximum = 0.0175 (at node 10)
Accepted packet rate average = 0.00604427
	minimum = 0.0015 (at node 36)
	maximum = 0.0118333 (at node 14)
Injected flit rate average = 0.0241563
	minimum = 0 (at node 40)
	maximum = 0.07 (at node 10)
Accepted flit rate average= 0.0241745
	minimum = 0.006 (at node 36)
	maximum = 0.0473333 (at node 14)
Injected packet length average = 4
Accepted packet length average = 3.99957
Total in-flight flits = 26 (26 measured)
latency change    = 0.0575771
throughput change = 0.0123344
Class 0:
Packet latency average = 27.8771
	minimum = 10
	maximum = 55
Network latency average = 27.8014
	minimum = 10
	maximum = 55
Slowest packet = 3681
Flit latency average = 24.6937
	minimum = 7
	maximum = 52
Slowest flit = 14727
Fragmentation average = 0.203722
	minimum = 0
	maximum = 6
Injected packet rate average = 0.00610938
	minimum = 0.001 (at node 50)
	maximum = 0.015375 (at node 10)
Accepted packet rate average = 0.00610547
	minimum = 0.002 (at node 50)
	maximum = 0.01075 (at node 30)
Injected flit rate average = 0.0244375
	minimum = 0.004 (at node 50)
	maximum = 0.0615 (at node 10)
Accepted flit rate average= 0.0244219
	minimum = 0.008 (at node 50)
	maximum = 0.043 (at node 30)
Injected packet length average = 4
Accepted packet length average = 4
Total in-flight flits = 41 (41 measured)
latency change    = 0.0165847
throughput change = 0.0101301
Draining all recorded packets ...
Draining remaining packets ...
Time taken is 12068 cycles
====== Overall Traffic Statistics ======
====== Traffic class 0 ======
Packet latency average = 27.8871 (1 samples)
	minimum = 10 (1 samples)
	maximum = 55 (1 samples)
Network latency average = 27.8117 (1 samples)
	minimum = 10 (1 samples)
	maximum = 55 (1 samples)
Flit latency average = 24.7108 (1 samples)
	minimum = 7 (1 samples)
	maximum = 52 (1 samples)
Fragmentation average = 0.203005 (1 samples)
	minimum = 0 (1 samples)
	maximum = 6 (1 samples)
Injected packet rate average = 0.00610938 (1 samples)
	minimum = 0.001 (1 samples)
	maximum = 0.015375 (1 samples)
Accepted packet rate average = 0.00610547 (1 samples)
	minimum = 0.002 (1 samples)
	maximum = 0.01075 (1 samples)
Injected flit rate average = 0.0244375 (1 samples)
	minimum = 0.004 (1 samples)
	maximum = 0.0615 (1 samples)
Accepted flit rate average = 0.0244219 (1 samples)
	minimum = 0.008 (1 samples)
	maximum = 0.043 (1 samples)
Injected packet size average = 4 (1 samples)
Accepted packet size average = 4 (1 samples)
Hops average = 3.92743 (1 samples)
Total run time 0.355555


[stderr]
