BEGIN Configuration File: /home/amirthalingam/edge_cloud_ml/dnn-noc-sim/results/lenet/configs/flatfly_rfdefault_vbdefault_ps4_r0p006_s5.cfg
topology = flatfly;
k = 4;
n = 2;
c = 4;
x = 4;
y = 4;
xr = 2;
yr = 2;
routing_function = ran_min;
num_vcs = 8;
vc_buf_size = 4;
subnets = 1;
injection_process = bernoulli;
sim_type = latency;
warmup_periods = 2;
sample_period = 2000;
max_samples = 6;
measure_stats = 1;
traffic = trace;
trace_traffic_file = /home/amirthalingam/edge_cloud_ml/dnn-noc-sim/results/traces/lenet_trace.txt;
trace_phase_cycles = {80,80,80,80,80,80,80,80,80,80,80,80,80,80,80,80,80,80,80,80,80,80,80,80,80,80,80,80,80,80,80,80,80,80,80,80,80,80,80,80,80,80,80,80,80,80,80,80,80,80,80,80,80,80,80,80,80,80,80,80,80,80,80,80,80,80,80,80,80,80,80,80,80,80,80,80,80,80,80,80,80,80,80,80,80,80,80,80};
trace_traffic_loop = 1;
trace_fallback_uniform = 0;
trace_injection_file = /home/amirthalingam/edge_cloud_ml/dnn-noc-sim/results/traces/lenet_trace.txt;
trace_injection_phase_cycles = {80,80,80,80,80,80,80,80,80,80,80,80,80,80,80,80,80,80,80,80,80,80,80,80,80,80,80,80,80,80,80,80,80,80,80,80,80,80,80,80,80,80,80,80,80,80,80,80,80,80,80,80,80,80,80,80,80,80,80,80,80,80,80,80,80,80,80,80,80,80,80,80,80,80,80,80,80,80,80,80,80,80,80,80,80,80,80,80};
trace_injection_loop = 1;
trace_injection_use_source_weights = 1;
packet_size = 4;
injection_rate = 0.0060;
injection_process = trace;
seed = 5;

END Configuration File: /home/amirthalingam/edge_cloud_ml/dnn-noc-sim/results/lenet/configs/flatfly_rfdefault_vbdefault_ps4_r0p006_s5.cfg
 Flat Bufferfly 
 k = 4 n = 2 c = 4
 each switch - total radix =  10
 # of switches = 16
 # of channels = 96
 # of nodes ( size of network ) = 64
Class 0:
Packet latency average = 24.8027
	minimum = 10
	maximum = 50
Network latency average = 23.9149
	minimum = 10
	maximum = 50
Slowest packet = 81
Flit latency average = 20.4019
	minimum = 7
	maximum = 47
Slowest flit = 327
Fragmentation average = 0.990541
	minimum = 0
	maximum = 10
Injected packet rate average = 0.00582812
	minimum = 0 (at node 1)
	maximum = 0.0945 (at node 7)
Accepted packet rate average = 0.00578125
	minimum = 0.0025 (at node 14)
	maximum = 0.0095 (at node 25)
Injected flit rate average = 0.0233125
	minimum = 0 (at node 1)
	maximum = 0.378 (at node 7)
Accepted flit rate average= 0.0231328
	minimum = 0.01 (at node 14)
	maximum = 0.038 (at node 25)
Injected packet length average = 4
Accepted packet length average = 4.00135
Total in-flight flits = 23 (0 measured)
latency change    = 1
throughput change = 1
Class 0:
Packet latency average = 23.3745
	minimum = 10
	maximum = 52
Network latency average = 22.7706
	minimum = 10
	maximum = 52
Slowest packet = 858
Flit latency average = 19.3015
	minimum = 7
	maximum = 49
Slowest flit = 3435
Fragmentation average = 0.917679
	minimum = 0
	maximum = 13
Injected packet rate average = 0.0058125
	minimum = 0.0005 (at node 54)
	maximum = 0.0625 (at node 7)
Accepted packet rate average = 0.00578906
	minimum = 0.003 (at node 18)
	maximum = 0.009 (at node 25)
Injected flit rate average = 0.0232461
	minimum = 0.002 (at node 54)
	maximum = 0.25 (at node 7)
Accepted flit rate average= 0.0231641
	minimum = 0.012 (at node 18)
	maximum = 0.036 (at node 25)
Injected packet length average = 3.99933
Accepted packet length average = 4.00135
Total in-flight flits = 22 (0 measured)
latency change    = 0.0611012
throughput change = 0.00134907
Warmed up ...Time used is 4000 cycles
Class 0:
Packet latency average = 20.8372
	minimum = 10
	maximum = 43
Network latency average = 20.7669
	minimum = 10
	maximum = 43
Slowest packet = 1866
Flit latency average = 17.5569
	minimum = 7
	maximum = 40
Slowest flit = 7467
Fragmentation average = 0.459635
	minimum = 0
	maximum = 11
Injected packet rate average = 0.00605469
	minimum = 0 (at node 54)
	maximum = 0.0175 (at node 15)
Accepted packet rate average = 0.00604688
	minimum = 0.001 (at node 55)
	maximum = 0.015 (at node 27)
Injected flit rate average = 0.0242109
	minimum = 0 (at node 54)
	maximum = 0.07 (at node 15)
Accepted flit rate average= 0.0241719
	minimum = 0.004 (at node 55)
	maximum = 0.06 (at node 27)
Injected packet length average = 3.99871
Accepted packet length average = 3.99742
Total in-flight flits = 28 (28 measured)
latency change    = 0.121765
throughput change = 0.0416936
Class 0:
Packet latency average = 34.6277
	minimum = 10
	maximum = 268
Network latency average = 31.4086
	minimum = 10
	maximum = 267
Slowest packet = 2612
Flit latency average = 26.8574
	minimum = 7
	maximum = 264
Slowest flit = 10451
Fragmentation average = 2.7957
	minimum = 0
	maximum = 53
Injected packet rate average = 0.00583984
	minimum = 0.0005 (at node 46)
	maximum = 0.03525 (at node 0)
Accepted packet rate average = 0.00583594
	minimum = 0.00175 (at node 6)
	maximum = 0.04175 (at node 0)
Injected flit rate average = 0.0233516
	minimum = 0.002 (at node 46)
	maximum = 0.141 (at node 0)
Accepted flit rate average= 0.0233359
	minimum = 0.007 (at node 6)
	maximum = 0.167 (at node 0)
Injected packet length average = 3.99866
Accepted packet length average = 3.99866
Total in-flight flits = 28 (28 measured)
latency change    = 0.398249
throughput change = 0.0358219
Class 0:
Packet latency average = 31.0827
	minimum = 10
	maximum = 268
Network latency average = 28.7139
	minimum = 10
	maximum = 267
Slowest packet = 2612
Flit latency average = 24.4652
	minimum = 7
	maximum = 264
Slowest flit = 10451
Fragmentation average = 2.28268
	minimum = 0
	maximum = 53
Injected packet rate average = 0.00603646
	minimum = 0.0005 (at node 54)
	maximum = 0.0538333 (at node 0)
Accepted packet rate average = 0.00603125
	minimum = 0.00333333 (at node 6)
	maximum = 0.031 (at node 0)
Injected flit rate average = 0.0241432
	minimum = 0.002 (at node 54)
	maximum = 0.215333 (at node 0)
Accepted flit rate average= 0.0241328
	minimum = 0.0133333 (at node 6)
	maximum = 0.124 (at node 0)
Injected packet length average = 3.99957
Accepted packet length average = 4.0013
Total in-flight flits = 27 (27 measured)
latency change    = 0.114051
throughput change = 0.0330204
Class 0:
Packet latency average = 28.6152
	minimum = 10
	maximum = 268
Network latency average = 26.7911
	minimum = 10
	maximum = 267
Slowest packet = 2612
Flit latency average = 22.7689
	minimum = 7
	maximum = 264
Slowest flit = 10451
Fragmentation average = 1.89325
	minimum = 0
	maximum = 53
Injected packet rate average = 0.00594336
	minimum = 0.0015 (at node 54)
	maximum = 0.041625 (at node 0)
Accepted packet rate average = 0.00593945
	minimum = 0.003625 (at node 55)
	maximum = 0.02475 (at node 0)
Injected flit rate average = 0.0237637
	minimum = 0.006 (at node 54)
	maximum = 0.1665 (at node 0)
Accepted flit rate average= 0.0237656
	minimum = 0.014875 (at node 55)
	maximum = 0.099 (at node 0)
Injected packet length average = 3.99836
Accepted packet length average = 4.00132
Total in-flight flits = 26 (26 measured)
latency change    = 0.0862315
throughput change = 0.0154504
Draining all recorded packets ...
Draining remaining packets ...
Time taken is 12050 cycles
====== Overall Traffic Statistics ======
====== Traffic class 0 ======
Packet latency average = 28.604 (1 samples)
	minimum = 10 (1 samples)
	maximum = 268 (1 samples)
Network latency average = 26.7848 (1 samples)
	minimum = 10 (1 samples)
	maximum = 267 (1 samples)
Flit latency average = 22.7679 (1 samples)
	minimum = 7 (1 samples)
	maximum = 264 (1 samples)
Fragmentation average = 1.88893 (1 samples)
	minimum = 0 (1 samples)
	maximum = 53 (1 samples)
Injected packet rate average = 0.00594336 (1 samples)
	minimum = 0.0015 (1 samples)
	maximum = 0.041625 (1 samples)
Accepted packet rate average = 0.00593945 (1 samples)
	minimum = 0.003625 (1 samples)
	maximum = 0.02475 (1 samples)
Injected flit rate average = 0.0237637 (1 samples)
	minimum = 0.006 (1 samples)
	maximum = 0.1665 (1 samples)
Accepted flit rate average = 0.0237656 (1 samples)
	minimum = 0.014875 (1 samples)
	maximum = 0.099 (1 samples)
Injected packet size average = 3.99836 (1 samples)
Accepted packet size average = 4.00132 (1 samples)
Hops average = 2.38449 (1 samples)
Total run time 0.231665


[stderr]
