BEGIN Configuration File: /home/amirthalingam/edge_cloud_ml/dnn-noc-sim/results/lenet/configs/flatfly_rfdefault_vbdefault_ps4_r0p006_s1.cfg
topology = flatfly;
k = 4;
n = 2;
c = 4;
x = 4;
y = 4;
xr = 2;
yr = 2;
routing_function = ran_min;
num_vcs = 8;
vc_buf_size = 4;
subnets = 1;
injection_process = bernoulli;
sim_type = latency;
warmup_periods = 2;
sample_period = 2000;
max_samples = 6;
measure_stats = 1;
traffic = trace;
trace_traffic_file = /home/amirthalingam/edge_cloud_ml/dnn-noc-sim/results/traces/lenet_trace.txt;
trace_phase_cycles = {80,80,80,80,80,80,80,80,80,80,80,80,80,80,80,80,80,80,80,80,80,80,80,80,80,80,80,80,80,80,80,80,80,80,80,80,80,80,80,80,80,80,80,80,80,80,80,80,80,80,80,80,80,80,80,80,80,80,80,80,80,80,80,80,80,80,80,80,80,80,80,80,80,80,80,80,80,80,80,80,80,80,80,80,80,80,80,80};
trace_traffic_loop = 1;
trace_fallback_uniform = 0;
trace_injection_file = /home/amirthalingam/edge_cloud_ml/dnn-noc-sim/results/traces/lenet_trace.txt;
trace_injection_phase_cycles = {80,80,80,80,80,80,80,80,80,80,80,80,80,80,80,80,80,80,80,80,80,80,80,80,80,80,80,80,80,80,80,80,80,80,80,80,80,80,80,80,80,80,80,80,80,80,80,80,80,80,80,80,80,80,80,80,80,80,80,80,80,80,80,80,80,80,80,80,80,80,80,80,80,80,80,80,80,80,80,80,80,80,80,80,80,80,80,80};
trace_injection_loop = 1;
trace_injection_use_source_weights = 1;
packet_size = 4;
injection_rate = 0.0060;
injection_process = trace;
seed = 1;

END Configuration File: /home/amirthalingam/edge_cloud_ml/dnn-noc-sim/results/lenet/configs/flatfly_rfdefault_vbdefault_ps4_r0p006_s1.cfg
 Flat Bufferfly 
 k = 4 n = 2 c = 4
 each switch - total radix =  10
 # of switches = 16
 # of channels = 96
 # of nodes ( size of network ) = 64
Class 0:
Packet latency average = 25.3165
	minimum = 10
	maximum = 55
Network latency average = 24.4358
	minimum = 10
	maximum = 55
Slowest packet = 257
Flit latency average = 20.8032
	minimum = 7
	maximum = 52
Slowest flit = 1028
Fragmentation average = 1.18936
	minimum = 0
	maximum = 14
Injected packet rate average = 0.00607031
	minimum = 0 (at node 1)
	maximum = 0.1025 (at node 63)
Accepted packet rate average = 0.00602344
	minimum = 0.003 (at node 41)
	maximum = 0.011 (at node 59)
Injected flit rate average = 0.0242813
	minimum = 0 (at node 1)
	maximum = 0.41 (at node 63)
Accepted flit rate average= 0.0241406
	minimum = 0.012 (at node 41)
	maximum = 0.044 (at node 59)
Injected packet length average = 4
Accepted packet length average = 4.00778
Total in-flight flits = 18 (0 measured)
latency change    = 1
throughput change = 1
Class 0:
Packet latency average = 23.7132
	minimum = 10
	maximum = 55
Network latency average = 23.0898
	minimum = 10
	maximum = 55
Slowest packet = 257
Flit latency average = 19.5833
	minimum = 7
	maximum = 52
Slowest flit = 1028
Fragmentation average = 0.968992
	minimum = 0
	maximum = 14
Injected packet rate average = 0.00608594
	minimum = 0.00075 (at node 33)
	maximum = 0.0685 (at node 63)
Accepted packet rate average = 0.00604688
	minimum = 0.0035 (at node 12)
	maximum = 0.01 (at node 21)
Injected flit rate average = 0.024332
	minimum = 0.003 (at node 33)
	maximum = 0.274 (at node 63)
Accepted flit rate average= 0.0242031
	minimum = 0.014 (at node 12)
	maximum = 0.04 (at node 21)
Injected packet length average = 3.99807
Accepted packet length average = 4.00258
Total in-flight flits = 36 (0 measured)
latency change    = 0.0676119
throughput change = 0.00258231
Warmed up ...Time used is 4000 cycles
Class 0:
Packet latency average = 21.1586
	minimum = 10
	maximum = 41
Network latency average = 21.0494
	minimum = 10
	maximum = 41
Slowest packet = 2203
Flit latency average = 17.8221
	minimum = 7
	maximum = 38
Slowest flit = 8812
Fragmentation average = 0.474642
	minimum = 0
	maximum = 10
Injected packet rate average = 0.00608594
	minimum = 0 (at node 55)
	maximum = 0.0165 (at node 26)
Accepted packet rate average = 0.00608594
	minimum = 0.0015 (at node 62)
	maximum = 0.013 (at node 17)
Injected flit rate average = 0.0243125
	minimum = 0 (at node 55)
	maximum = 0.066 (at node 26)
Accepted flit rate average= 0.024375
	minimum = 0.006 (at node 62)
	maximum = 0.0535 (at node 17)
Injected packet length average = 3.99487
Accepted packet length average = 4.00513
Total in-flight flits = 32 (32 measured)
latency change    = 0.120732
throughput change = 0.00705128
Class 0:
Packet latency average = 37.6593
	minimum = 10
	maximum = 358
Network latency average = 33.9171
	minimum = 10
	maximum = 355
Slowest packet = 2683
Flit latency average = 29.3053
	minimum = 7
	maximum = 352
Slowest flit = 10735
Fragmentation average = 2.84003
	minimum = 0
	maximum = 51
Injected packet rate average = 0.00605469
	minimum = 0 (at node 55)
	maximum = 0.03425 (at node 0)
Accepted packet rate average = 0.00607031
	minimum = 0.00175 (at node 57)
	maximum = 0.0455 (at node 0)
Injected flit rate average = 0.0242305
	minimum = 0 (at node 55)
	maximum = 0.137 (at node 0)
Accepted flit rate average= 0.0242695
	minimum = 0.007 (at node 57)
	maximum = 0.182 (at node 0)
Injected packet length average = 4.00194
Accepted packet length average = 3.99807
Total in-flight flits = 23 (23 measured)
latency change    = 0.438157
throughput change = 0.00434573
Class 0:
Packet latency average = 33.2996
	minimum = 10
	maximum = 358
Network latency average = 30.5061
	minimum = 10
	maximum = 355
Slowest packet = 2683
Flit latency average = 26.254
	minimum = 7
	maximum = 352
Slowest flit = 10735
Fragmentation average = 2.2487
	minimum = 0
	maximum = 51
Injected packet rate average = 0.0060026
	minimum = 0.0005 (at node 55)
	maximum = 0.0491667 (at node 56)
Accepted packet rate average = 0.00601563
	minimum = 0.0025 (at node 57)
	maximum = 0.0318333 (at node 0)
Injected flit rate average = 0.024013
	minimum = 0.002 (at node 55)
	maximum = 0.196667 (at node 56)
Accepted flit rate average= 0.0240599
	minimum = 0.01 (at node 57)
	maximum = 0.127333 (at node 0)
Injected packet length average = 4.00043
Accepted packet length average = 3.99957
Total in-flight flits = 17 (17 measured)
latency change    = 0.130925
throughput change = 0.00871306
Class 0:
Packet latency average = 30.1408
	minimum = 10
	maximum = 358
Network latency average = 28.0201
	minimum = 10
	maximum = 355
Slowest packet = 2683
Flit latency average = 24.0126
	minimum = 7
	maximum = 352
Slowest flit = 10735
Fragmentation average = 1.83652
	minimum = 0
	maximum = 51
Injected packet rate average = 0.00605273
	minimum = 0.001625 (at node 48)
	maximum = 0.038375 (at node 56)
Accepted packet rate average = 0.00605273
	minimum = 0.00325 (at node 57)
	maximum = 0.026625 (at node 0)
Injected flit rate average = 0.024209
	minimum = 0.0065 (at node 48)
	maximum = 0.1535 (at node 56)
Accepted flit rate average= 0.0242168
	minimum = 0.013 (at node 57)
	maximum = 0.1065 (at node 0)
Injected packet length average = 3.99968
Accepted packet length average = 4.00097
Total in-flight flits = 33 (33 measured)
latency change    = 0.104799
throughput change = 0.00647902
Draining all recorded packets ...
Draining remaining packets ...
Time taken is 12048 cycles
====== Overall Traffic Statistics ======
====== Traffic class 0 ======
Packet latency average = 30.1246 (1 samples)
	minimum = 10 (1 samples)
	maximum = 358 (1 samples)
Network latency average = 28.0106 (1 samples)
	minimum = 10 (1 samples)
	maximum = 355 (1 samples)
Flit latency average = 24.0009 (1 samples)
	minimum = 7 (1 samples)
	maximum = 352 (1 samples)
Fragmentation average = 1.83124 (1 samples)
	minimum = 0 (1 samples)
	maximum = 51 (1 samples)
Injected packet rate average = 0.00605273 (1 samples)
	minimum = 0.001625 (1 samples)
	maximum = 0.038375 (1 samples)
Accepted packet rate average = 0.00605273 (1 samples)
	minimum = 0.00325 (1 samples)
	maximum = 0.026625 (1 samples)
Injected flit rate average = 0.024209 (1 samples)
	minimum = 0.0065 (1 samples)
	maximum = 0.1535 (1 samples)
Accepted flit rate average = 0.0242168 (1 samples)
	minimum = 0.013 (1 samples)
	maximum = 0.1065 (1 samples)
Injected packet size average = 3.99968 (1 samples)
Accepted packet size average = 4.00097 (1 samples)
Hops average = 2.40465 (1 samples)
Total run time 0.276491


[stderr]
