BEGIN Configuration File: /home/amirthalingam/edge_cloud_ml/dnn-noc-sim/results/lenet/configs/flatfly_rfdefault_vbdefault_ps4_r0p006_s3.cfg
topology = flatfly;
k = 4;
n = 2;
c = 4;
x = 4;
y = 4;
xr = 2;
yr = 2;
routing_function = ran_min;
num_vcs = 8;
vc_buf_size = 4;
subnets = 1;
injection_process = bernoulli;
sim_type = latency;
warmup_periods = 2;
sample_period = 2000;
max_samples = 6;
measure_stats = 1;
traffic = trace;
trace_traffic_file = /home/amirthalingam/edge_cloud_ml/dnn-noc-sim/results/traces/lenet_trace.txt;
trace_phase_cycles = {80,80,80,80,80,80,80,80,80,80,80,80,80,80,80,80,80,80,80,80,80,80,80,80,80,80,80,80,80,80,80,80,80,80,80,80,80,80,80,80,80,80,80,80,80,80,80,80,80,80,80,80,80,80,80,80,80,80,80,80,80,80,80,80,80,80,80,80,80,80,80,80,80,80,80,80,80,80,80,80,80,80,80,80,80,80,80,80};
trace_traffic_loop = 1;
trace_fallback_uniform = 0;
trace_injection_file = /home/amirthalingam/edge_cloud_ml/dnn-noc-sim/results/traces/lenet_trace.txt;
trace_injection_phase_cycles = {80,80,80,80,80,80,80,80,80,80,80,80,80,80,80,80,80,80,80,80,80,80,80,80,80,80,80,80,80,80,80,80,80,80,80,80,80,80,80,80,80,80,80,80,80,80,80,80,80,80,80,80,80,80,80,80,80,80,80,80,80,80,80,80,80,80,80,80,80,80,80,80,80,80,80,80,80,80,80,80,80,80,80,80,80,80,80,80};
trace_injection_loop = 1;
trace_injection_use_source_weights = 1;
packet_size = 4;
injection_rate = 0.0060;
injection_process = trace;
seed = 3;

END Configuration File: /home/amirthalingam/edge_cloud_ml/dnn-noc-sim/results/lenet/configs/flatfly_rfdefault_vbdefault_ps4_r0p006_s3.cfg
 Flat Bufferfly 
 k = 4 n = 2 c = 4
 each switch - total radix =  10
 # of switches = 16
 # of channels = 96
 # of nodes ( size of network ) = 64
Class 0:
Packet latency average = 25.6265
	minimum = 10
	maximum = 58
Network latency average = 24.8701
	minimum = 10
	maximum = 56
Slowest packet = 257
Flit latency average = 21.1339
	minimum = 7
	maximum = 53
Slowest flit = 1031
Fragmentation average = 1.41901
	minimum = 0
	maximum = 19
Injected packet rate average = 0.00588281
	minimum = 0 (at node 1)
	maximum = 0.0985 (at node 63)
Accepted packet rate average = 0.00583594
	minimum = 0.0025 (at node 20)
	maximum = 0.0095 (at node 14)
Injected flit rate average = 0.0235234
	minimum = 0 (at node 1)
	maximum = 0.394 (at node 63)
Accepted flit rate average= 0.0233437
	minimum = 0.01 (at node 20)
	maximum = 0.038 (at node 14)
Injected packet length average = 3.99867
Accepted packet length average = 4
Total in-flight flits = 24 (0 measured)
latency change    = 1
throughput change = 1
Class 0:
Packet latency average = 23.818
	minimum = 10
	maximum = 58
Network latency average = 23.2669
	minimum = 10
	maximum = 56
Slowest packet = 257
Flit latency average = 19.7064
	minimum = 7
	maximum = 53
Slowest flit = 1031
Fragmentation average = 1.07653
	minimum = 0
	maximum = 19
Injected packet rate average = 0.00610156
	minimum = 0.001 (at node 34)
	maximum = 0.067 (at node 63)
Accepted packet rate average = 0.00607422
	minimum = 0.003 (at node 1)
	maximum = 0.00925 (at node 7)
Injected flit rate average = 0.0244063
	minimum = 0.004 (at node 34)
	maximum = 0.268 (at node 63)
Accepted flit rate average= 0.0242969
	minimum = 0.012 (at node 1)
	maximum = 0.037 (at node 7)
Injected packet length average = 4
Accepted packet length average = 4
Total in-flight flits = 28 (0 measured)
latency change    = 0.0759299
throughput change = 0.0392283
Warmed up ...Time used is 4000 cycles
Class 0:
Packet latency average = 20.915
	minimum = 10
	maximum = 40
Network latency average = 20.8058
	minimum = 10
	maximum = 40
Slowest packet = 2169
Flit latency average = 17.622
	minimum = 7
	maximum = 37
Slowest flit = 8679
Fragmentation average = 0.401015
	minimum = 0
	maximum = 9
Injected packet rate average = 0.00621094
	minimum = 0.0005 (at node 40)
	maximum = 0.0165 (at node 29)
Accepted packet rate average = 0.00621094
	minimum = 0.002 (at node 61)
	maximum = 0.0155 (at node 19)
Injected flit rate average = 0.0248203
	minimum = 0.002 (at node 40)
	maximum = 0.066 (at node 29)
Accepted flit rate average= 0.0248438
	minimum = 0.008 (at node 61)
	maximum = 0.062 (at node 19)
Injected packet length average = 3.99623
Accepted packet length average = 4
Total in-flight flits = 28 (28 measured)
latency change    = 0.138802
throughput change = 0.0220126
Class 0:
Packet latency average = 33.1897
	minimum = 10
	maximum = 374
Network latency average = 32.0862
	minimum = 10
	maximum = 374
Slowest packet = 2705
Flit latency average = 27.6667
	minimum = 7
	maximum = 371
Slowest flit = 10823
Fragmentation average = 2.54598
	minimum = 0
	maximum = 77
Injected packet rate average = 0.00617969
	minimum = 0.00025 (at node 44)
	maximum = 0.03875 (at node 7)
Accepted packet rate average = 0.00614453
	minimum = 0.002 (at node 46)
	maximum = 0.045 (at node 0)
Injected flit rate average = 0.0247031
	minimum = 0.001 (at node 44)
	maximum = 0.1545 (at node 7)
Accepted flit rate average= 0.0245898
	minimum = 0.008 (at node 46)
	maximum = 0.18 (at node 0)
Injected packet length average = 3.99747
Accepted packet length average = 4.00191
Total in-flight flits = 61 (61 measured)
latency change    = 0.369835
throughput change = 0.0103257
Class 0:
Packet latency average = 30.358
	minimum = 10
	maximum = 374
Network latency average = 29.3726
	minimum = 10
	maximum = 374
Slowest packet = 2705
Flit latency average = 25.2553
	minimum = 7
	maximum = 371
Slowest flit = 10823
Fragmentation average = 2.04111
	minimum = 0
	maximum = 77
Injected packet rate average = 0.00609896
	minimum = 0.0005 (at node 44)
	maximum = 0.0503333 (at node 7)
Accepted packet rate average = 0.00609896
	minimum = 0.00266667 (at node 52)
	maximum = 0.032 (at node 0)
Injected flit rate average = 0.0243932
	minimum = 0.002 (at node 44)
	maximum = 0.201333 (at node 7)
Accepted flit rate average= 0.0244115
	minimum = 0.0106667 (at node 52)
	maximum = 0.128 (at node 0)
Injected packet length average = 3.99957
Accepted packet length average = 4.00256
Total in-flight flits = 22 (22 measured)
latency change    = 0.0932743
throughput change = 0.00730745
Class 0:
Packet latency average = 27.882
	minimum = 10
	maximum = 374
Network latency average = 27.1093
	minimum = 10
	maximum = 374
Slowest packet = 2705
Flit latency average = 23.2181
	minimum = 7
	maximum = 371
Slowest flit = 10823
Fragmentation average = 1.64958
	minimum = 0
	maximum = 77
Injected packet rate average = 0.00608398
	minimum = 0.001 (at node 46)
	maximum = 0.03925 (at node 7)
Accepted packet rate average = 0.00607227
	minimum = 0.00325 (at node 52)
	maximum = 0.0255 (at node 0)
Injected flit rate average = 0.0243301
	minimum = 0.004 (at node 46)
	maximum = 0.157 (at node 7)
Accepted flit rate average= 0.024291
	minimum = 0.013 (at node 52)
	maximum = 0.102 (at node 0)
Injected packet length average = 3.99904
Accepted packet length average = 4.00032
Total in-flight flits = 51 (51 measured)
latency change    = 0.0888034
throughput change = 0.00495832
Draining all recorded packets ...
Draining remaining packets ...
Time taken is 12053 cycles
====== Overall Traffic Statistics ======
====== Traffic class 0 ======
Packet latency average = 27.8732 (1 samples)
	minimum = 10 (1 samples)
	maximum = 374 (1 samples)
Network latency average = 27.1037 (1 samples)
	minimum = 10 (1 samples)
	maximum = 374 (1 samples)
Flit latency average = 23.2088 (1 samples)
	minimum = 7 (1 samples)
	maximum = 371 (1 samples)
Fragmentation average = 1.64366 (1 samples)
	minimum = 0 (1 samples)
	maximum = 77 (1 samples)
Injected packet rate average = 0.00608398 (1 samples)
	minimum = 0.001 (1 samples)
	maximum = 0.03925 (1 samples)
Accepted packet rate average = 0.00607227 (1 samples)
	minimum = 0.00325 (1 samples)
	maximum = 0.0255 (1 samples)
Injected flit rate average = 0.0243301 (1 samples)
	minimum = 0.004 (1 samples)
	maximum = 0.157 (1 samples)
Accepted flit rate average = 0.024291 (1 samples)
	minimum = 0.013 (1 samples)
	maximum = 0.102 (1 samples)
Injected packet size average = 3.99904 (1 samples)
Accepted packet size average = 4.00032 (1 samples)
Hops average = 2.39936 (1 samples)
Total run time 0.291555


[stderr]
