BEGIN Configuration File: /home/amirthalingam/edge_cloud_ml/dnn-noc-sim/results/lenet/configs/flatfly_rfdefault_vbdefault_ps4_r0p006_s2.cfg
topology = flatfly;
k = 4;
n = 2;
c = 4;
x = 4;
y = 4;
xr = 2;
yr = 2;
routing_function = ran_min;
num_vcs = 8;
vc_buf_size = 4;
subnets = 1;
injection_process = bernoulli;
sim_type = latency;
warmup_periods = 2;
sample_period = 2000;
max_samples = 6;
measure_stats = 1;
traffic = trace;
trace_traffic_file = /home/amirthalingam/edge_cloud_ml/dnn-noc-sim/results/traces/lenet_trace.txt;
trace_phase_cycles = {80,80,80,80,80,80,80,80,80,80,80,80,80,80,80,80,80,80,80,80,80,80,80,80,80,80,80,80,80,80,80,80,80,80,80,80,80,80,80,80,80,80,80,80,80,80,80,80,80,80,80,80,80,80,80,80,80,80,80,80,80,80,80,80,80,80,80,80,80,80,80,80,80,80,80,80,80,80,80,80,80,80,80,80,80,80,80,80};
trace_traffic_loop = 1;
trace_fallback_uniform = 0;
trace_injection_file = /home/amirthalingam/edge_cloud_ml/dnn-noc-sim/results/traces/lenet_trace.txt;
trace_injection_phase_cycles = {80,80,80,80,80,80,80,80,80,80,80,80,80,80,80,80,80,80,80,80,80,80,80,80,80,80,80,80,80,80,80,80,80,80,80,80,80,80,80,80,80,80,80,80,80,80,80,80,80,80,80,80,80,80,80,80,80,80,80,80,80,80,80,80,80,80,80,80,80,80,80,80,80,80,80,80,80,80,80,80,80,80,80,80,80,80,80,80};
trace_injection_loop = 1;
trace_injection_use_source_weights = 1;
packet_size = 4;
injection_rate = 0.0060;
injection_process = trace;
seed = 2;

END Configuration File: /home/amirthalingam/edge_cloud_ml/dnn-noc-sim/results/lenet/configs/flatfly_rfdefault_vbdefault_ps4_r0p006_s2.cfg
 Flat Bufferfly 
 k = 4 n = 2 c = 4
 each switch - total radix =  10
 # of switches = 16
 # of channels = 96
 # of nodes ( size of network ) = 64
Class 0:
Packet latency average = 25.7823
	minimum = 10
	maximum = 68
Network latency average = 24.6687
	minimum = 10
	maximum = 68
Slowest packet = 167
Flit latency average = 21.0142
	minimum = 7
	maximum = 65
Slowest flit = 671
Fragmentation average = 1.24667
	minimum = 0
	maximum = 23
Injected packet rate average = 0.00653906
	minimum = 0 (at node 1)
	maximum = 0.112 (at node 56)
Accepted packet rate average = 0.00646094
	minimum = 0.0025 (at node 45)
	maximum = 0.0125 (at node 1)
Injected flit rate average = 0.0261094
	minimum = 0 (at node 1)
	maximum = 0.4465 (at node 56)
Accepted flit rate average= 0.0258516
	minimum = 0.01 (at node 45)
	maximum = 0.05 (at node 1)
Injected packet length average = 3.99283
Accepted packet length average = 4.00121
Total in-flight flits = 39 (0 measured)
latency change    = 1
throughput change = 1
Class 0:
Packet latency average = 24.1149
	minimum = 10
	maximum = 68
Network latency average = 23.3729
	minimum = 10
	maximum = 68
Slowest packet = 167
Flit latency average = 19.8398
	minimum = 7
	maximum = 65
Slowest flit = 671
Fragmentation average = 1.01562
	minimum = 0
	maximum = 23
Injected packet rate average = 0.00627734
	minimum = 0.001 (at node 2)
	maximum = 0.069 (at node 56)
Accepted packet rate average = 0.00625391
	minimum = 0.00325 (at node 45)
	maximum = 0.0085 (at node 34)
Injected flit rate average = 0.0250938
	minimum = 0.004 (at node 2)
	maximum = 0.276 (at node 56)
Accepted flit rate average= 0.0250156
	minimum = 0.013 (at node 45)
	maximum = 0.034 (at node 34)
Injected packet length average = 3.99751
Accepted packet length average = 4
Total in-flight flits = 24 (0 measured)
latency change    = 0.0691446
throughput change = 0.0334166
Warmed up ...Time used is 4000 cycles
Class 0:
Packet latency average = 21.0616
	minimum = 10
	maximum = 50
Network latency average = 20.9644
	minimum = 10
	maximum = 50
Slowest packet = 1940
Flit latency average = 17.6731
	minimum = 7
	maximum = 47
Slowest flit = 7763
Fragmentation average = 0.565753
	minimum = 0
	maximum = 11
Injected packet rate average = 0.00575781
	minimum = 0.001 (at node 40)
	maximum = 0.0135 (at node 14)
Accepted packet rate average = 0.00575
	minimum = 0.0015 (at node 52)
	maximum = 0.0125 (at node 10)
Injected flit rate average = 0.0230547
	minimum = 0.004 (at node 40)
	maximum = 0.054 (at node 14)
Accepted flit rate average= 0.0230391
	minimum = 0.006 (at node 52)
	maximum = 0.05 (at node 10)
Injected packet length average = 4.00407
Accepted packet length average = 4.00679
Total in-flight flits = 23 (23 measured)
latency change    = 0.144969
throughput change = 0.0857918
Class 0:
Packet latency average = 42.047
	minimum = 10
	maximum = 425
Network latency average = 37.0759
	minimum = 10
	maximum = 425
Slowest packet = 2662
Flit latency average = 32.3027
	minimum = 7
	maximum = 422
Slowest flit = 10651
Fragmentation average = 3.14103
	minimum = 0
	maximum = 60
Injected packet rate average = 0.00584766
	minimum = 0.0005 (at node 46)
	maximum = 0.038 (at node 7)
Accepted packet rate average = 0.00583984
	minimum = 0.002 (at node 46)
	maximum = 0.04375 (at node 0)
Injected flit rate average = 0.0234062
	minimum = 0.002 (at node 46)
	maximum = 0.152 (at node 7)
Accepted flit rate average= 0.0233594
	minimum = 0.008 (at node 46)
	maximum = 0.175 (at node 0)
Injected packet length average = 4.00267
Accepted packet length average = 4
Total in-flight flits = 32 (32 measured)
latency change    = 0.499093
throughput change = 0.0137124
Class 0:
Packet latency average = 35.8198
	minimum = 10
	maximum = 425
Network latency average = 32.3139
	minimum = 10
	maximum = 425
Slowest packet = 2662
Flit latency average = 28.0018
	minimum = 7
	maximum = 422
Slowest flit = 10651
Fragmentation average = 2.35015
	minimum = 0
	maximum = 60
Injected packet rate average = 0.00590365
	minimum = 0.000333333 (at node 46)
	maximum = 0.0526667 (at node 7)
Accepted packet rate average = 0.00589844
	minimum = 0.00266667 (at node 55)
	maximum = 0.0325 (at node 0)
Injected flit rate average = 0.0236172
	minimum = 0.00133333 (at node 46)
	maximum = 0.210167 (at node 7)
Accepted flit rate average= 0.0236146
	minimum = 0.0106667 (at node 55)
	maximum = 0.13 (at node 0)
Injected packet length average = 4.00044
Accepted packet length average = 4.00353
Total in-flight flits = 24 (24 measured)
latency change    = 0.173847
throughput change = 0.0108072
Class 0:
Packet latency average = 31.8173
	minimum = 10
	maximum = 425
Network latency average = 29.199
	minimum = 10
	maximum = 425
Slowest packet = 2662
Flit latency average = 25.1687
	minimum = 7
	maximum = 422
Slowest flit = 10651
Fragmentation average = 1.88115
	minimum = 0
	maximum = 60
Injected packet rate average = 0.00601758
	minimum = 0.001375 (at node 46)
	maximum = 0.041 (at node 7)
Accepted packet rate average = 0.00600977
	minimum = 0.003 (at node 52)
	maximum = 0.026 (at node 0)
Injected flit rate average = 0.0240762
	minimum = 0.0055 (at node 46)
	maximum = 0.164 (at node 7)
Accepted flit rate average= 0.0240391
	minimum = 0.012 (at node 52)
	maximum = 0.104 (at node 0)
Injected packet length average = 4.00097
Accepted packet length average = 4
Total in-flight flits = 40 (40 measured)
latency change    = 0.125797
throughput change = 0.0176579
Draining all recorded packets ...
Draining remaining packets ...
Time taken is 12059 cycles
====== Overall Traffic Statistics ======
====== Traffic class 0 ======
Packet latency average = 31.7988 (1 samples)
	minimum = 10 (1 samples)
	maximum = 425 (1 samples)
Network latency average = 29.1889 (1 samples)
	minimum = 10 (1 samples)
	maximum = 425 (1 samples)
Flit latency average = 25.134 (1 samples)
	minimum = 7 (1 samples)
	maximum = 422 (1 samples)
Fragmentation average = 1.87504 (1 samples)
	minimum = 0 (1 samples)
	maximum = 60 (1 samples)
Injected packet rate average = 0.00601758 (1 samples)
	minimum = 0.001375 (1 samples)
	maximum = 0.041 (1 samples)
Accepted packet rate average = 0.00600977 (1 samples)
	minimum = 0.003 (1 samples)
	maximum = 0.026 (1 samples)
Injected flit rate average = 0.0240762 (1 samples)
	minimum = 0.0055 (1 samples)
	maximum = 0.164 (1 samples)
Accepted flit rate average = 0.0240391 (1 samples)
	minimum = 0.012 (1 samples)
	maximum = 0.104 (1 samples)
Injected packet size average = 4.00097 (1 samples)
Accepted packet size average = 4 (1 samples)
Hops average = 2.40377 (1 samples)
Total run time 0.281005


[stderr]
