BEGIN Configuration File: /home/amirthalingam/edge_cloud_ml/dnn-noc-sim/results/lenet/configs/flatfly_rfdefault_vbdefault_ps4_r0p006_s4.cfg
topology = flatfly;
k = 4;
n = 2;
c = 4;
x = 4;
y = 4;
xr = 2;
yr = 2;
routing_function = ran_min;
num_vcs = 8;
vc_buf_size = 4;
subnets = 1;
injection_process = bernoulli;
sim_type = latency;
warmup_periods = 2;
sample_period = 2000;
max_samples = 6;
measure_stats = 1;
traffic = trace;
trace_traffic_file = /home/amirthalingam/edge_cloud_ml/dnn-noc-sim/results/traces/lenet_trace.txt;
trace_phase_cycles = {80,80,80,80,80,80,80,80,80,80,80,80,80,80,80,80,80,80,80,80,80,80,80,80,80,80,80,80,80,80,80,80,80,80,80,80,80,80,80,80,80,80,80,80,80,80,80,80,80,80,80,80,80,80,80,80,80,80,80,80,80,80,80,80,80,80,80,80,80,80,80,80,80,80,80,80,80,80,80,80,80,80,80,80,80,80,80,80};
trace_traffic_loop = 1;
trace_fallback_uniform = 0;
trace_injection_file = /home/amirthalingam/edge_cloud_ml/dnn-noc-sim/results/traces/lenet_trace.txt;
trace_injection_phase_cycles = {80,80,80,80,80,80,80,80,80,80,80,80,80,80,80,80,80,80,80,80,80,80,80,80,80,80,80,80,80,80,80,80,80,80,80,80,80,80,80,80,80,80,80,80,80,80,80,80,80,80,80,80,80,80,80,80,80,80,80,80,80,80,80,80,80,80,80,80,80,80,80,80,80,80,80,80,80,80,80,80,80,80,80,80,80,80,80,80};
trace_injection_loop = 1;
trace_injection_use_source_weights = 1;
packet_size = 4;
injection_rate = 0.0060;
injection_process = trace;
seed = 4;

END Configuration File: /home/amirthalingam/edge_cloud_ml/dnn-noc-sim/results/lenet/configs/flatfly_rfdefault_vbdefault_ps4_r0p006_s4.cfg
 Flat Bufferfly 
 k = 4 n = 2 c = 4
 each switch - total radix =  10
 # of switches = 16
 # of channels = 96
 # of nodes ( size of network ) = 64
Class 0:
Packet latency average = 25.0583
	minimum = 10
	maximum = 50
Network latency average = 24.3039
	minimum = 10
	maximum = 46
Slowest packet = 121
Flit latency average = 20.862
	minimum = 7
	maximum = 43
Slowest flit = 2849
Fragmentation average = 0.830393
	minimum = 0
	maximum = 11
Injected packet rate average = 0.00582812
	minimum = 0 (at node 1)
	maximum = 0.098 (at node 56)
Accepted packet rate average = 0.00575781
	minimum = 0.0025 (at node 55)
	maximum = 0.01 (at node 5)
Injected flit rate average = 0.0232734
	minimum = 0 (at node 1)
	maximum = 0.392 (at node 56)
Accepted flit rate average= 0.0230469
	minimum = 0.01 (at node 55)
	maximum = 0.041 (at node 5)
Injected packet length average = 3.9933
Accepted packet length average = 4.00271
Total in-flight flits = 34 (0 measured)
latency change    = 1
throughput change = 1
Class 0:
Packet latency average = 23.8752
	minimum = 10
	maximum = 60
Network latency average = 23.2862
	minimum = 10
	maximum = 56
Slowest packet = 761
Flit latency average = 19.8407
	minimum = 7
	maximum = 53
Slowest flit = 3047
Fragmentation average = 0.85591
	minimum = 0
	maximum = 18
Injected packet rate average = 0.00591797
	minimum = 0.0005 (at node 39)
	maximum = 0.06525 (at node 7)
Accepted packet rate average = 0.00588281
	minimum = 0.003 (at node 4)
	maximum = 0.00875 (at node 27)
Injected flit rate average = 0.0236641
	minimum = 0.002 (at node 39)
	maximum = 0.261 (at node 7)
Accepted flit rate average= 0.0235352
	minimum = 0.012 (at node 4)
	maximum = 0.035 (at node 27)
Injected packet length average = 3.99868
Accepted packet length average = 4.00066
Total in-flight flits = 35 (0 measured)
latency change    = 0.0495569
throughput change = 0.0207469
Warmed up ...Time used is 4000 cycles
Class 0:
Packet latency average = 20.8645
	minimum = 10
	maximum = 42
Network latency average = 20.798
	minimum = 10
	maximum = 42
Slowest packet = 1862
Flit latency average = 17.5611
	minimum = 7
	maximum = 39
Slowest flit = 7448
Fragmentation average = 0.540921
	minimum = 0
	maximum = 11
Injected packet rate average = 0.00615625
	minimum = 0 (at node 51)
	maximum = 0.0175 (at node 20)
Accepted packet rate average = 0.00617969
	minimum = 0.0025 (at node 38)
	maximum = 0.013 (at node 18)
Injected flit rate average = 0.0246328
	minimum = 0 (at node 51)
	maximum = 0.07 (at node 20)
Accepted flit rate average= 0.0247266
	minimum = 0.01 (at node 38)
	maximum = 0.052 (at node 18)
Injected packet length average = 4.00127
Accepted packet length average = 4.00126
Total in-flight flits = 22 (22 measured)
latency change    = 0.144299
throughput change = 0.0481833
Class 0:
Packet latency average = 31.1385
	minimum = 10
	maximum = 348
Network latency average = 30.1925
	minimum = 10
	maximum = 348
Slowest packet = 2645
Flit latency average = 25.8263
	minimum = 7
	maximum = 345
Slowest flit = 10583
Fragmentation average = 2.48114
	minimum = 0
	maximum = 46
Injected packet rate average = 0.00604688
	minimum = 0.00075 (at node 52)
	maximum = 0.034 (at node 0)
Accepted packet rate average = 0.00604297
	minimum = 0.00225 (at node 31)
	maximum = 0.04375 (at node 0)
Injected flit rate average = 0.0241719
	minimum = 0.003 (at node 52)
	maximum = 0.1355 (at node 0)
Accepted flit rate average= 0.0241719
	minimum = 0.009 (at node 31)
	maximum = 0.175 (at node 0)
Injected packet length average = 3.99742
Accepted packet length average = 4
Total in-flight flits = 39 (39 measured)
latency change    = 0.329947
throughput change = 0.0229476
Class 0:
Packet latency average = 28.7857
	minimum = 10
	maximum = 348
Network latency average = 27.9403
	minimum = 10
	maximum = 348
Slowest packet = 2645
Flit latency average = 23.8442
	minimum = 7
	maximum = 345
Slowest flit = 10583
Fragmentation average = 2.01932
	minimum = 0
	maximum = 46
Injected packet rate average = 0.00607813
	minimum = 0.000666667 (at node 45)
	maximum = 0.0495 (at node 7)
Accepted packet rate average = 0.00608854
	minimum = 0.00283333 (at node 60)
	maximum = 0.0318333 (at node 0)
Injected flit rate average = 0.0243125
	minimum = 0.00266667 (at node 45)
	maximum = 0.198 (at node 7)
Accepted flit rate average= 0.0243516
	minimum = 0.0113333 (at node 60)
	maximum = 0.127333 (at node 0)
Injected packet length average = 4
Accepted packet length average = 3.99957
Total in-flight flits = 20 (20 measured)
latency change    = 0.081733
throughput change = 0.00737889
Class 0:
Packet latency average = 26.7842
	minimum = 10
	maximum = 348
Network latency average = 26.1126
	minimum = 10
	maximum = 348
Slowest packet = 2645
Flit latency average = 22.1965
	minimum = 7
	maximum = 345
Slowest flit = 10583
Fragmentation average = 1.70032
	minimum = 0
	maximum = 46
Injected packet rate average = 0.00606836
	minimum = 0.001125 (at node 52)
	maximum = 0.0385 (at node 7)
Accepted packet rate average = 0.00607227
	minimum = 0.0035 (at node 60)
	maximum = 0.025125 (at node 0)
Injected flit rate average = 0.0242734
	minimum = 0.0045 (at node 52)
	maximum = 0.154 (at node 7)
Accepted flit rate average= 0.0243008
	minimum = 0.014 (at node 60)
	maximum = 0.1005 (at node 0)
Injected packet length average = 4
Accepted packet length average = 4.00193
Total in-flight flits = 21 (21 measured)
latency change    = 0.0747288
throughput change = 0.0020897
Draining all recorded packets ...
Draining remaining packets ...
Time taken is 12044 cycles
====== Overall Traffic Statistics ======
====== Traffic class 0 ======
Packet latency average = 26.7708 (1 samples)
	minimum = 10 (1 samples)
	maximum = 348 (1 samples)
Network latency average = 26.1007 (1 samples)
	minimum = 10 (1 samples)
	maximum = 348 (1 samples)
Flit latency average = 22.1869 (1 samples)
	minimum = 7 (1 samples)
	maximum = 345 (1 samples)
Fragmentation average = 1.69778 (1 samples)
	minimum = 0 (1 samples)
	maximum = 46 (1 samples)
Injected packet rate average = 0.00606836 (1 samples)
	minimum = 0.001125 (1 samples)
	maximum = 0.0385 (1 samples)
Accepted packet rate average = 0.00607227 (1 samples)
	minimum = 0.0035 (1 samples)
	maximum = 0.025125 (1 samples)
Injected flit rate average = 0.0242734 (1 samples)
	minimum = 0.0045 (1 samples)
	maximum = 0.154 (1 samples)
Accepted flit rate average = 0.0243008 (1 samples)
	minimum = 0.014 (1 samples)
	maximum = 0.1005 (1 samples)
Injected packet size average = 4 (1 samples)
Accepted packet size average = 4.00193 (1 samples)
Hops average = 2.3756 (1 samples)
Total run time 0.25149


[stderr]
