BEGIN Configuration File: /home/amirthalingam/edge_cloud_ml/dnn-noc-sim/results/lenet/configs/mesh_rfdefault_vbdefault_ps4_r0p006_s2.cfg
topology = mesh;
k = 8;
n = 2;
xr = 1;
routing_function = dim_order;
num_vcs = 4;
vc_buf_size = 8;
subnets = 1;
injection_process = bernoulli;
sim_type = latency;
warmup_periods = 2;
sample_period = 2000;
max_samples = 6;
measure_stats = 1;
traffic = trace;
trace_traffic_file = /home/amirthalingam/edge_cloud_ml/dnn-noc-sim/results/traces/lenet_trace.txt;
trace_phase_cycles = {80,80,80,80,80,80,80,80,80,80,80,80,80,80,80,80,80,80,80,80,80,80,80,80,80,80,80,80,80,80,80,80,80,80,80,80,80,80,80,80,80,80,80,80,80,80,80,80,80,80,80,80,80,80,80,80,80,80,80,80,80,80,80,80,80,80,80,80,80,80,80,80,80,80,80,80,80,80,80,80,80,80,80,80,80,80,80,80};
trace_traffic_loop = 1;
trace_fallback_uniform = 0;
trace_injection_file = /home/amirthalingam/edge_cloud_ml/dnn-noc-sim/results/traces/lenet_trace.txt;
trace_injection_phase_cycles = {80,80,80,80,80,80,80,80,80,80,80,80,80,80,80,80,80,80,80,80,80,80,80,80,80,80,80,80,80,80,80,80,80,80,80,80,80,80,80,80,80,80,80,80,80,80,80,80,80,80,80,80,80,80,80,80,80,80,80,80,80,80,80,80,80,80,80,80,80,80,80,80,80,80,80,80,80,80,80,80,80,80,80,80,80,80,80,80};
trace_injection_loop = 1;
trace_injection_use_source_weights = 1;
packet_size = 4;
injection_rate = 0.0060;
injection_process = trace;
seed = 2;

END Configuration File: /home/amirthalingam/edge_cloud_ml/dnn-noc-sim/results/lenet/configs/mesh_rfdefault_vbdefault_ps4_r0p006_s2.cfg
Class 0:
Packet latency average = 43.6581
	minimum = 10
	maximum = 83
Network latency average = 42.5441
	minimum = 10
	maximum = 76
Slowest packet = 4
Flit latency average = 39.5546
	minimum = 7
	maximum = 73
Slowest flit = 16
Fragmentation average = 0.0208333
	minimum = 0
	maximum = 4
Injected packet rate average = 0.00653906
	minimum = 0 (at node 1)
	maximum = 0.112 (at node 56)
Accepted packet rate average = 0.006375
	minimum = 0.0025 (at node 45)
	maximum = 0.012 (at node 1)
Injected flit rate average = 0.0261094
	minimum = 0 (at node 1)
	maximum = 0.4465 (at node 56)
Accepted flit rate average= 0.0255391
	minimum = 0.01 (at node 45)
	maximum = 0.048 (at node 1)
Injected packet length average = 3.99283
Accepted packet length average = 4.00613
Total in-flight flits = 79 (0 measured)
latency change    = 1
throughput change = 1
Class 0:
Packet latency average = 39.3204
	minimum = 10
	maximum = 83
Network latency average = 38.5755
	minimum = 10
	maximum = 80
Slowest packet = 4
Flit latency average = 35.5182
	minimum = 7
	maximum = 77
Slowest flit = 6132
Fragmentation average = 0.109718
	minimum = 0
	maximum = 5
Injected packet rate average = 0.00627734
	minimum = 0.001 (at node 2)
	maximum = 0.069 (at node 56)
Accepted packet rate average = 0.00623047
	minimum = 0.00325 (at node 45)
	maximum = 0.0085 (at node 40)
Injected flit rate average = 0.0250938
	minimum = 0.004 (at node 2)
	maximum = 0.276 (at node 56)
Accepted flit rate average= 0.0249219
	minimum = 0.013 (at node 45)
	maximum = 0.034 (at node 40)
Injected packet length average = 3.99751
Accepted packet length average = 4
Total in-flight flits = 48 (0 measured)
latency change    = 0.110317
throughput change = 0.0247649
Warmed up ...Time used is 4000 cycles
Class 0:
Packet latency average = 33.3723
	minimum = 10
	maximum = 77
Network latency average = 33.2747
	minimum = 10
	maximum = 77
Slowest packet = 1941
Flit latency average = 30.2096
	minimum = 7
	maximum = 74
Slowest flit = 7765
Fragmentation average = 0.32967
	minimum = 0
	maximum = 10
Injected packet rate average = 0.00575781
	minimum = 0.001 (at node 40)
	maximum = 0.0135 (at node 14)
Accepted packet rate average = 0.00578125
	minimum = 0.0015 (at node 52)
	maximum = 0.0125 (at node 10)
Injected flit rate average = 0.0230547
	minimum = 0.004 (at node 40)
	maximum = 0.054 (at node 14)
Accepted flit rate average= 0.0231484
	minimum = 0.006 (at node 52)
	maximum = 0.05 (at node 10)
Injected packet length average = 4.00407
Accepted packet length average = 4.00405
Total in-flight flits = 33 (33 measured)
latency change    = 0.178236
throughput change = 0.0766115
Class 0:
Packet latency average = 53.7596
	minimum = 10
	maximum = 429
Network latency average = 53.2782
	minimum = 10
	maximum = 429
Slowest packet = 2627
Flit latency average = 49.4948
	minimum = 7
	maximum = 426
Slowest flit = 10511
Fragmentation average = 1.3106
	minimum = 0
	maximum = 17
Injected packet rate average = 0.00584766
	minimum = 0.0005 (at node 46)
	maximum = 0.037 (at node 7)
Accepted packet rate average = 0.00583203
	minimum = 0.00125 (at node 52)
	maximum = 0.04875 (at node 0)
Injected flit rate average = 0.0234062
	minimum = 0.002 (at node 46)
	maximum = 0.148 (at node 7)
Accepted flit rate average= 0.0233359
	minimum = 0.005 (at node 52)
	maximum = 0.195 (at node 0)
Injected packet length average = 4.00267
Accepted packet length average = 4.00134
Total in-flight flits = 62 (62 measured)
latency change    = 0.379232
throughput change = 0.00803482
Class 0:
Packet latency average = 49.0257
	minimum = 10
	maximum = 429
Network latency average = 48.4783
	minimum = 10
	maximum = 429
Slowest packet = 2627
Flit latency average = 44.9662
	minimum = 7
	maximum = 426
Slowest flit = 10511
Fragmentation average = 0.882979
	minimum = 0
	maximum = 17
Injected packet rate average = 0.00590365
	minimum = 0.000333333 (at node 46)
	maximum = 0.052 (at node 7)
Accepted packet rate average = 0.00590625
	minimum = 0.00216667 (at node 52)
	maximum = 0.0358333 (at node 0)
Injected flit rate average = 0.0236172
	minimum = 0.00133333 (at node 46)
	maximum = 0.2075 (at node 7)
Accepted flit rate average= 0.0236406
	minimum = 0.00866667 (at node 52)
	maximum = 0.143333 (at node 0)
Injected packet length average = 4.00044
Accepted packet length average = 4.00265
Total in-flight flits = 38 (38 measured)
latency change    = 0.0965598
throughput change = 0.0128883
Class 0:
Packet latency average = 44.3283
	minimum = 10
	maximum = 429
Network latency average = 43.8858
	minimum = 10
	maximum = 429
Slowest packet = 2627
Flit latency average = 40.4931
	minimum = 7
	maximum = 426
Slowest flit = 10511
Fragmentation average = 0.722258
	minimum = 0
	maximum = 17
Injected packet rate average = 0.00601758
	minimum = 0.001375 (at node 46)
	maximum = 0.0405 (at node 7)
Accepted packet rate average = 0.00600781
	minimum = 0.0025 (at node 52)
	maximum = 0.0285 (at node 0)
Injected flit rate average = 0.0240762
	minimum = 0.0055 (at node 46)
	maximum = 0.162 (at node 7)
Accepted flit rate average= 0.0240313
	minimum = 0.01 (at node 52)
	maximum = 0.114 (at node 0)
Injected packet length average = 4.00097
Accepted packet length average = 4
Total in-flight flits = 68 (68 measured)
latency change    = 0.105968
throughput change = 0.0162549
Draining all recorded packets ...
Draining remaining packets ...
Time taken is 12101 cycles
====== Overall Traffic Statistics ======
====== Traffic class 0 ======
Packet latency average = 44.3389 (1 samples)
	minimum = 10 (1 samples)
	maximum = 429 (1 samples)
Network latency average = 43.8987 (1 samples)
	minimum = 10 (1 samples)
	maximum = 429 (1 samples)
Flit latency average = 40.4714 (1 samples)
	minimum = 7 (1 samples)
	maximum = 426 (1 samples)
Fragmentation average = 0.722817 (1 samples)
	minimum = 0 (1 samples)
	maximum = 17 (1 samples)
Injected packet rate average = 0.00601758 (1 samples)
	minimum = 0.001375 (1 samples)
	maximum = 0.0405 (1 samples)
Accepted packet rate average = 0.00600781 (1 samples)
	minimum = 0.0025 (1 samples)
	maximum = 0.0285 (1 samples)
Injected flit rate average = 0.0240762 (1 samples)
	minimum = 0.0055 (1 samples)
	maximum = 0.162 (1 samples)
Accepted flit rate average = 0.0240313 (1 samples)
	minimum = 0.01 (1 samples)
	maximum = 0.114 (1 samples)
Injected packet size average = 4.00097 (1 samples)
Accepted packet size average = 4 (1 samples)
Hops average = 6.07043 (1 samples)
Total run time 0.427405


[stderr]
