BEGIN Configuration File: /home/amirthalingam/edge_cloud_ml/dnn-noc-sim/results/lenet/configs/mesh_rfdefault_vbdefault_ps4_r0p006_s5.cfg
topology = mesh;
k = 8;
n = 2;
xr = 1;
routing_function = dim_order;
num_vcs = 4;
vc_buf_size = 8;
subnets = 1;
injection_process = bernoulli;
sim_type = latency;
warmup_periods = 2;
sample_period = 2000;
max_samples = 6;
measure_stats = 1;
traffic = trace;
trace_traffic_file = /home/amirthalingam/edge_cloud_ml/dnn-noc-sim/results/traces/lenet_trace.txt;
trace_phase_cycles = {80,80,80,80,80,80,80,80,80,80,80,80,80,80,80,80,80,80,80,80,80,80,80,80,80,80,80,80,80,80,80,80,80,80,80,80,80,80,80,80,80,80,80,80,80,80,80,80,80,80,80,80,80,80,80,80,80,80,80,80,80,80,80,80,80,80,80,80,80,80,80,80,80,80,80,80,80,80,80,80,80,80,80,80,80,80,80,80};
trace_traffic_loop = 1;
trace_fallback_uniform = 0;
trace_injection_file = /home/amirthalingam/edge_cloud_ml/dnn-noc-sim/results/traces/lenet_trace.txt;
trace_injection_phase_cycles = {80,80,80,80,80,80,80,80,80,80,80,80,80,80,80,80,80,80,80,80,80,80,80,80,80,80,80,80,80,80,80,80,80,80,80,80,80,80,80,80,80,80,80,80,80,80,80,80,80,80,80,80,80,80,80,80,80,80,80,80,80,80,80,80,80,80,80,80,80,80,80,80,80,80,80,80,80,80,80,80,80,80,80,80,80,80,80,80};
trace_injection_loop = 1;
trace_injection_use_source_weights = 1;
packet_size = 4;
injection_rate = 0.0060;
injection_process = trace;
seed = 5;

END Configuration File: /home/amirthalingam/edge_cloud_ml/dnn-noc-sim/results/lenet/configs/mesh_rfdefault_vbdefault_ps4_r0p006_s5.cfg
Class 0:
Packet latency average = 42.3311
	minimum = 10
	maximum = 78
Network latency average = 41.4373
	minimum = 10
	maximum = 75
Slowest packet = 6
Flit latency average = 38.423
	minimum = 7
	maximum = 72
Slowest flit = 24
Fragmentation average = 0.027248
	minimum = 0
	maximum = 3
Injected packet rate average = 0.00582812
	minimum = 0 (at node 1)
	maximum = 0.0945 (at node 7)
Accepted packet rate average = 0.00573437
	minimum = 0.0025 (at node 14)
	maximum = 0.0095 (at node 25)
Injected flit rate average = 0.0233125
	minimum = 0 (at node 1)
	maximum = 0.378 (at node 7)
Accepted flit rate average= 0.0229375
	minimum = 0.01 (at node 14)
	maximum = 0.038 (at node 25)
Injected packet length average = 4
Accepted packet length average = 4
Total in-flight flits = 48 (0 measured)
latency change    = 1
throughput change = 1
Class 0:
Packet latency average = 38.3185
	minimum = 10
	maximum = 80
Network latency average = 37.7147
	minimum = 10
	maximum = 80
Slowest packet = 1053
Flit latency average = 34.6477
	minimum = 7
	maximum = 77
Slowest flit = 4212
Fragmentation average = 0.111562
	minimum = 0
	maximum = 8
Injected packet rate average = 0.0058125
	minimum = 0.0005 (at node 54)
	maximum = 0.0625 (at node 7)
Accepted packet rate average = 0.00577734
	minimum = 0.003 (at node 18)
	maximum = 0.009 (at node 25)
Injected flit rate average = 0.0232461
	minimum = 0.002 (at node 54)
	maximum = 0.25 (at node 7)
Accepted flit rate average= 0.0231289
	minimum = 0.012 (at node 18)
	maximum = 0.036 (at node 25)
Injected packet length average = 3.99933
Accepted packet length average = 4.00338
Total in-flight flits = 31 (0 measured)
latency change    = 0.104717
throughput change = 0.00827563
Warmed up ...Time used is 4000 cycles
Class 0:
Packet latency average = 33.2893
	minimum = 10
	maximum = 83
Network latency average = 33.2225
	minimum = 10
	maximum = 83
Slowest packet = 1529
Flit latency average = 30.112
	minimum = 7
	maximum = 80
Slowest flit = 6119
Fragmentation average = 0.256545
	minimum = 0
	maximum = 4
Injected packet rate average = 0.00605469
	minimum = 0 (at node 54)
	maximum = 0.0175 (at node 15)
Accepted packet rate average = 0.00603906
	minimum = 0.001 (at node 55)
	maximum = 0.015 (at node 27)
Injected flit rate average = 0.0242109
	minimum = 0 (at node 54)
	maximum = 0.07 (at node 15)
Accepted flit rate average= 0.024125
	minimum = 0.004 (at node 55)
	maximum = 0.06 (at node 27)
Injected packet length average = 3.99871
Accepted packet length average = 3.99483
Total in-flight flits = 43 (43 measured)
latency change    = 0.151075
throughput change = 0.0412889
Class 0:
Packet latency average = 47.4513
	minimum = 10
	maximum = 364
Network latency average = 47.0399
	minimum = 10
	maximum = 363
Slowest packet = 2568
Flit latency average = 43.41
	minimum = 7
	maximum = 360
Slowest flit = 10275
Fragmentation average = 1.11707
	minimum = 0
	maximum = 18
Injected packet rate average = 0.00602734
	minimum = 0.0005 (at node 46)
	maximum = 0.03775 (at node 0)
Accepted packet rate average = 0.00600781
	minimum = 0.00175 (at node 55)
	maximum = 0.047 (at node 0)
Injected flit rate average = 0.0240977
	minimum = 0.002 (at node 46)
	maximum = 0.151 (at node 0)
Accepted flit rate average= 0.0240195
	minimum = 0.007 (at node 55)
	maximum = 0.188 (at node 0)
Injected packet length average = 3.99806
Accepted packet length average = 3.99805
Total in-flight flits = 54 (54 measured)
latency change    = 0.298454
throughput change = 0.00439096
Class 0:
Packet latency average = 45.3808
	minimum = 10
	maximum = 364
Network latency average = 44.8284
	minimum = 10
	maximum = 363
Slowest packet = 2568
Flit latency average = 41.3797
	minimum = 7
	maximum = 360
Slowest flit = 10275
Fragmentation average = 0.772964
	minimum = 0
	maximum = 18
Injected packet rate average = 0.00603646
	minimum = 0.0005 (at node 54)
	maximum = 0.0523333 (at node 7)
Accepted packet rate average = 0.00603385
	minimum = 0.00266667 (at node 55)
	maximum = 0.0333333 (at node 0)
Injected flit rate average = 0.0241432
	minimum = 0.002 (at node 54)
	maximum = 0.209333 (at node 7)
Accepted flit rate average= 0.024138
	minimum = 0.0106667 (at node 55)
	maximum = 0.133333 (at node 0)
Injected packet length average = 3.99957
Accepted packet length average = 4.00043
Total in-flight flits = 34 (34 measured)
latency change    = 0.0456233
throughput change = 0.00490884
Class 0:
Packet latency average = 41.9254
	minimum = 10
	maximum = 364
Network latency average = 41.4833
	minimum = 10
	maximum = 363
Slowest packet = 2568
Flit latency average = 38.1276
	minimum = 7
	maximum = 360
Slowest flit = 10275
Fragmentation average = 0.665896
	minimum = 0
	maximum = 18
Injected packet rate average = 0.00594336
	minimum = 0.0015 (at node 54)
	maximum = 0.040625 (at node 7)
Accepted packet rate average = 0.00593359
	minimum = 0.002625 (at node 55)
	maximum = 0.0265 (at node 0)
Injected flit rate average = 0.0237637
	minimum = 0.006 (at node 54)
	maximum = 0.1625 (at node 7)
Accepted flit rate average= 0.0237266
	minimum = 0.0105 (at node 55)
	maximum = 0.106 (at node 0)
Injected packet length average = 3.99836
Accepted packet length average = 3.99868
Total in-flight flits = 55 (55 measured)
latency change    = 0.0824193
throughput change = 0.0173417
Draining all recorded packets ...
Draining remaining packets ...
Time taken is 12093 cycles
====== Overall Traffic Statistics ======
====== Traffic class 0 ======
Packet latency average = 41.9399 (1 samples)
	minimum = 10 (1 samples)
	maximum = 364 (1 samples)
Network latency average = 41.4998 (1 samples)
	minimum = 10 (1 samples)
	maximum = 363 (1 samples)
Flit latency average = 38.153 (1 samples)
	minimum = 7 (1 samples)
	maximum = 360 (1 samples)
Fragmentation average = 0.663161 (1 samples)
	minimum = 0 (1 samples)
	maximum = 18 (1 samples)
Injected packet rate average = 0.00594336 (1 samples)
	minimum = 0.0015 (1 samples)
	maximum = 0.040625 (1 samples)
Accepted packet rate average = 0.00593359 (1 samples)
	minimum = 0.002625 (1 samples)
	maximum = 0.0265 (1 samples)
Injected flit rate average = 0.0237637 (1 samples)
	minimum = 0.006 (1 samples)
	maximum = 0.1625 (1 samples)
Accepted flit rate average = 0.0237266 (1 samples)
	minimum = 0.0105 (1 samples)
	maximum = 0.106 (1 samples)
Injected packet size average = 3.99836 (1 samples)
Accepted packet size average = 3.99868 (1 samples)
Hops average = 6.14197 (1 samples)
Total run time 0.43676


[stderr]
