BEGIN Configuration File: /home/amirthalingam/edge_cloud_ml/dnn-noc-sim/results/lenet/configs/mesh_rfdefault_vbdefault_ps4_r0p006_s1.cfg
topology = mesh;
k = 8;
n = 2;
xr = 1;
routing_function = dim_order;
num_vcs = 4;
vc_buf_size = 8;
subnets = 1;
injection_process = bernoulli;
sim_type = latency;
warmup_periods = 2;
sample_period = 2000;
max_samples = 6;
measure_stats = 1;
traffic = trace;
trace_traffic_file = /home/amirthalingam/edge_cloud_ml/dnn-noc-sim/results/traces/lenet_trace.txt;
trace_phase_cycles = {80,80,80,80,80,80,80,80,80,80,80,80,80,80,80,80,80,80,80,80,80,80,80,80,80,80,80,80,80,80,80,80,80,80,80,80,80,80,80,80,80,80,80,80,80,80,80,80,80,80,80,80,80,80,80,80,80,80,80,80,80,80,80,80,80,80,80,80,80,80,80,80,80,80,80,80,80,80,80,80,80,80,80,80,80,80,80,80};
trace_traffic_loop = 1;
trace_fallback_uniform = 0;
trace_injection_file = /home/amirthalingam/edge_cloud_ml/dnn-noc-sim/results/traces/lenet_trace.txt;
trace_injection_phase_cycles = {80,80,80,80,80,80,80,80,80,80,80,80,80,80,80,80,80,80,80,80,80,80,80,80,80,80,80,80,80,80,80,80,80,80,80,80,80,80,80,80,80,80,80,80,80,80,80,80,80,80,80,80,80,80,80,80,80,80,80,80,80,80,80,80,80,80,80,80,80,80,80,80,80,80,80,80,80,80,80,80,80,80,80,80,80,80,80,80};
trace_injection_loop = 1;
trace_injection_use_source_weights = 1;
packet_size = 4;
injection_rate = 0.0060;
injection_process = trace;
seed = 1;

END Configuration File: /home/amirthalingam/edge_cloud_ml/dnn-noc-sim/results/lenet/configs/mesh_rfdefault_vbdefault_ps4_r0p006_s1.cfg
Class 0:
Packet latency average = 42.4081
	minimum = 10
	maximum = 82
Network latency average = 41.521
	minimum = 10
	maximum = 75
Slowest packet = 27
Flit latency average = 38.5179
	minimum = 7
	maximum = 72
Slowest flit = 108
Fragmentation average = 0.0131234
	minimum = 0
	maximum = 4
Injected packet rate average = 0.00607031
	minimum = 0 (at node 1)
	maximum = 0.1025 (at node 63)
Accepted packet rate average = 0.00595313
	minimum = 0.003 (at node 12)
	maximum = 0.011 (at node 59)
Injected flit rate average = 0.0242813
	minimum = 0 (at node 1)
	maximum = 0.41 (at node 63)
Accepted flit rate average= 0.0238359
	minimum = 0.012 (at node 12)
	maximum = 0.044 (at node 59)
Injected packet length average = 4
Accepted packet length average = 4.00394
Total in-flight flits = 57 (0 measured)
latency change    = 1
throughput change = 1
Class 0:
Packet latency average = 38.5165
	minimum = 10
	maximum = 82
Network latency average = 37.8918
	minimum = 10
	maximum = 80
Slowest packet = 27
Flit latency average = 34.8263
	minimum = 7
	maximum = 77
Slowest flit = 5008
Fragmentation average = 0.130266
	minimum = 0
	maximum = 8
Injected packet rate average = 0.00608594
	minimum = 0.00075 (at node 33)
	maximum = 0.0685 (at node 63)
Accepted packet rate average = 0.00602734
	minimum = 0.0035 (at node 12)
	maximum = 0.01 (at node 21)
Injected flit rate average = 0.024332
	minimum = 0.003 (at node 33)
	maximum = 0.274 (at node 63)
Accepted flit rate average= 0.0241133
	minimum = 0.014 (at node 12)
	maximum = 0.04 (at node 21)
Injected packet length average = 3.99807
Accepted packet length average = 4.00065
Total in-flight flits = 59 (0 measured)
latency change    = 0.101037
throughput change = 0.0115017
Warmed up ...Time used is 4000 cycles
Class 0:
Packet latency average = 33.1651
	minimum = 10
	maximum = 75
Network latency average = 33.0559
	minimum = 10
	maximum = 75
Slowest packet = 1608
Flit latency average = 30.0265
	minimum = 7
	maximum = 72
Slowest flit = 6432
Fragmentation average = 0.315995
	minimum = 0
	maximum = 7
Injected packet rate average = 0.00608594
	minimum = 0 (at node 55)
	maximum = 0.0165 (at node 26)
Accepted packet rate average = 0.006125
	minimum = 0.0015 (at node 62)
	maximum = 0.0135 (at node 19)
Injected flit rate average = 0.0243125
	minimum = 0 (at node 55)
	maximum = 0.066 (at node 26)
Accepted flit rate average= 0.0244922
	minimum = 0.006 (at node 62)
	maximum = 0.054 (at node 19)
Injected packet length average = 3.99487
Accepted packet length average = 3.99872
Total in-flight flits = 40 (40 measured)
latency change    = 0.161355
throughput change = 0.0154705
Class 0:
Packet latency average = 48.3498
	minimum = 10
	maximum = 400
Network latency average = 48.0456
	minimum = 10
	maximum = 400
Slowest packet = 2634
Flit latency average = 44.3938
	minimum = 7
	maximum = 397
Slowest flit = 10539
Fragmentation average = 1.13876
	minimum = 0
	maximum = 18
Injected packet rate average = 0.00605469
	minimum = 0.00025 (at node 55)
	maximum = 0.0355 (at node 0)
Accepted packet rate average = 0.00605469
	minimum = 0.00275 (at node 30)
	maximum = 0.04625 (at node 0)
Injected flit rate average = 0.0242305
	minimum = 0.001 (at node 55)
	maximum = 0.142 (at node 0)
Accepted flit rate average= 0.0242422
	minimum = 0.011 (at node 30)
	maximum = 0.185 (at node 0)
Injected packet length average = 4.00194
Accepted packet length average = 4.00387
Total in-flight flits = 53 (53 measured)
latency change    = 0.314059
throughput change = 0.0103126
Class 0:
Packet latency average = 45.6471
	minimum = 10
	maximum = 400
Network latency average = 45.1584
	minimum = 10
	maximum = 400
Slowest packet = 2634
Flit latency average = 41.7295
	minimum = 7
	maximum = 397
Slowest flit = 10539
Fragmentation average = 0.790688
	minimum = 0
	maximum = 18
Injected packet rate average = 0.0060026
	minimum = 0.0005 (at node 57)
	maximum = 0.0488333 (at node 7)
Accepted packet rate average = 0.00602344
	minimum = 0.003 (at node 47)
	maximum = 0.0323333 (at node 0)
Injected flit rate average = 0.024013
	minimum = 0.002 (at node 57)
	maximum = 0.195333 (at node 7)
Accepted flit rate average= 0.0240938
	minimum = 0.012 (at node 47)
	maximum = 0.129333 (at node 0)
Injected packet length average = 4.00043
Accepted packet length average = 4
Total in-flight flits = 27 (27 measured)
latency change    = 0.0592098
throughput change = 0.00616083
Class 0:
Packet latency average = 41.9536
	minimum = 10
	maximum = 400
Network latency average = 41.5482
	minimum = 10
	maximum = 400
Slowest packet = 2634
Flit latency average = 38.2161
	minimum = 7
	maximum = 397
Slowest flit = 10539
Fragmentation average = 0.650114
	minimum = 0
	maximum = 18
Injected packet rate average = 0.00605273
	minimum = 0.0015 (at node 48)
	maximum = 0.038125 (at node 56)
Accepted packet rate average = 0.00604688
	minimum = 0.00375 (at node 47)
	maximum = 0.027 (at node 0)
Injected flit rate average = 0.024209
	minimum = 0.006 (at node 48)
	maximum = 0.1525 (at node 56)
Accepted flit rate average= 0.0241914
	minimum = 0.015 (at node 47)
	maximum = 0.108 (at node 0)
Injected packet length average = 3.99968
Accepted packet length average = 4.00065
Total in-flight flits = 69 (69 measured)
latency change    = 0.0880377
throughput change = 0.00403682
Draining all recorded packets ...
Draining remaining packets ...
Time taken is 12100 cycles
====== Overall Traffic Statistics ======
====== Traffic class 0 ======
Packet latency average = 42.011 (1 samples)
	minimum = 10 (1 samples)
	maximum = 400 (1 samples)
Network latency average = 41.6079 (1 samples)
	minimum = 10 (1 samples)
	maximum = 400 (1 samples)
Flit latency average = 38.288 (1 samples)
	minimum = 7 (1 samples)
	maximum = 397 (1 samples)
Fragmentation average = 0.648274 (1 samples)
	minimum = 0 (1 samples)
	maximum = 18 (1 samples)
Injected packet rate average = 0.00605273 (1 samples)
	minimum = 0.0015 (1 samples)
	maximum = 0.038125 (1 samples)
Accepted packet rate average = 0.00604688 (1 samples)
	minimum = 0.00375 (1 samples)
	maximum = 0.027 (1 samples)
Injected flit rate average = 0.024209 (1 samples)
	minimum = 0.006 (1 samples)
	maximum = 0.1525 (1 samples)
Accepted flit rate average = 0.0241914 (1 samples)
	minimum = 0.015 (1 samples)
	maximum = 0.108 (1 samples)
Injected packet size average = 3.99968 (1 samples)
Accepted packet size average = 4.00065 (1 samples)
Hops average = 6.01484 (1 samples)
Total run time 0.439297


[stderr]
