BEGIN Configuration File: /home/amirthalingam/edge_cloud_ml/dnn-noc-sim/results/lenet/configs/mesh_rfdefault_vbdefault_ps4_r0p006_s3.cfg
topology = mesh;
k = 8;
n = 2;
xr = 1;
routing_function = dim_order;
num_vcs = 4;
vc_buf_size = 8;
subnets = 1;
injection_process = bernoulli;
sim_type = latency;
warmup_periods = 2;
sample_period = 2000;
max_samples = 6;
measure_stats = 1;
traffic = trace;
trace_traffic_file = /home/amirthalingam/edge_cloud_ml/dnn-noc-sim/results/traces/lenet_trace.txt;
trace_phase_cycles = {80,80,80,80,80,80,80,80,80,80,80,80,80,80,80,80,80,80,80,80,80,80,80,80,80,80,80,80,80,80,80,80,80,80,80,80,80,80,80,80,80,80,80,80,80,80,80,80,80,80,80,80,80,80,80,80,80,80,80,80,80,80,80,80,80,80,80,80,80,80,80,80,80,80,80,80,80,80,80,80,80,80,80,80,80,80,80,80};
trace_traffic_loop = 1;
trace_fallback_uniform = 0;
trace_injection_file = /home/amirthalingam/edge_cloud_ml/dnn-noc-sim/results/traces/lenet_trace.txt;
trace_injection_phase_cycles = {80,80,80,80,80,80,80,80,80,80,80,80,80,80,80,80,80,80,80,80,80,80,80,80,80,80,80,80,80,80,80,80,80,80,80,80,80,80,80,80,80,80,80,80,80,80,80,80,80,80,80,80,80,80,80,80,80,80,80,80,80,80,80,80,80,80,80,80,80,80,80,80,80,80,80,80,80,80,80,80,80,80,80,80,80,80,80,80};
trace_injection_loop = 1;
trace_injection_use_source_weights = 1;
packet_size = 4;
injection_rate = 0.0060;
injection_process = trace;
seed = 3;

END Configuration File: /home/amirthalingam/edge_cloud_ml/dnn-noc-sim/results/lenet/configs/mesh_rfdefault_vbdefault_ps4_r0p006_s3.cfg
Class 0:
Packet latency average = 42.6541
	minimum = 10
	maximum = 79
Network latency average = 41.8937
	minimum = 10
	maximum = 75
Slowest packet = 2
Flit latency average = 38.9001
	minimum = 7
	maximum = 72
Slowest flit = 224
Fragmentation average = 0.0174966
	minimum = 0
	maximum = 3
Injected packet rate average = 0.00588281
	minimum = 0 (at node 1)
	maximum = 0.0985 (at node 63)
Accepted packet rate average = 0.00580469
	minimum = 0.0025 (at node 20)
	maximum = 0.009 (at node 14)
Injected flit rate average = 0.0235234
	minimum = 0 (at node 1)
	maximum = 0.394 (at node 63)
Accepted flit rate average= 0.0232344
	minimum = 0.01 (at node 20)
	maximum = 0.036 (at node 14)
Injected packet length average = 3.99867
Accepted packet length average = 4.00269
Total in-flight flits = 38 (0 measured)
latency change    = 1
throughput change = 1
Class 0:
Packet latency average = 38.5445
	minimum = 10
	maximum = 79
Network latency average = 37.9916
	minimum = 10
	maximum = 75
Slowest packet = 2
Flit latency average = 34.9277
	minimum = 7
	maximum = 72
Slowest flit = 224
Fragmentation average = 0.127742
	minimum = 0
	maximum = 6
Injected packet rate average = 0.00610156
	minimum = 0.001 (at node 34)
	maximum = 0.067 (at node 63)
Accepted packet rate average = 0.00605469
	minimum = 0.003 (at node 1)
	maximum = 0.00925 (at node 7)
Injected flit rate average = 0.0244063
	minimum = 0.004 (at node 34)
	maximum = 0.268 (at node 63)
Accepted flit rate average= 0.0242422
	minimum = 0.012 (at node 1)
	maximum = 0.037 (at node 7)
Injected packet length average = 4
Accepted packet length average = 4.00387
Total in-flight flits = 42 (0 measured)
latency change    = 0.106619
throughput change = 0.0415727
Warmed up ...Time used is 4000 cycles
Class 0:
Packet latency average = 33.175
	minimum = 10
	maximum = 75
Network latency average = 33.0651
	minimum = 10
	maximum = 75
Slowest packet = 1598
Flit latency average = 30.0044
	minimum = 7
	maximum = 72
Slowest flit = 6392
Fragmentation average = 0.355045
	minimum = 0
	maximum = 14
Injected packet rate average = 0.00621094
	minimum = 0.0005 (at node 40)
	maximum = 0.0165 (at node 29)
Accepted packet rate average = 0.00621094
	minimum = 0.002 (at node 61)
	maximum = 0.0155 (at node 19)
Injected flit rate average = 0.0248203
	minimum = 0.002 (at node 40)
	maximum = 0.066 (at node 29)
Accepted flit rate average= 0.0247969
	minimum = 0.008 (at node 61)
	maximum = 0.062 (at node 19)
Injected packet length average = 3.99623
Accepted packet length average = 3.99245
Total in-flight flits = 48 (48 measured)
latency change    = 0.161855
throughput change = 0.0223693
Class 0:
Packet latency average = 44.5499
	minimum = 10
	maximum = 342
Network latency average = 44.2618
	minimum = 10
	maximum = 340
Slowest packet = 2689
Flit latency average = 40.6879
	minimum = 7
	maximum = 337
Slowest flit = 10759
Fragmentation average = 1.12992
	minimum = 0
	maximum = 19
Injected packet rate average = 0.00600781
	minimum = 0.00025 (at node 44)
	maximum = 0.03675 (at node 0)
Accepted packet rate average = 0.006
	minimum = 0.00225 (at node 47)
	maximum = 0.04425 (at node 0)
Injected flit rate average = 0.0240234
	minimum = 0.001 (at node 44)
	maximum = 0.147 (at node 0)
Accepted flit rate average= 0.0239805
	minimum = 0.009 (at node 47)
	maximum = 0.177 (at node 0)
Injected packet length average = 3.9987
Accepted packet length average = 3.99674
Total in-flight flits = 55 (55 measured)
latency change    = 0.25533
throughput change = 0.0340446
Class 0:
Packet latency average = 43.2529
	minimum = 10
	maximum = 342
Network latency average = 42.8068
	minimum = 10
	maximum = 340
Slowest packet = 2689
Flit latency average = 39.4093
	minimum = 7
	maximum = 337
Slowest flit = 10759
Fragmentation average = 0.795028
	minimum = 0
	maximum = 19
Injected packet rate average = 0.00598438
	minimum = 0.000333333 (at node 44)
	maximum = 0.0501667 (at node 0)
Accepted packet rate average = 0.0060026
	minimum = 0.00266667 (at node 52)
	maximum = 0.0305 (at node 0)
Injected flit rate average = 0.0239297
	minimum = 0.00133333 (at node 44)
	maximum = 0.200667 (at node 0)
Accepted flit rate average= 0.0239948
	minimum = 0.0106667 (at node 52)
	maximum = 0.122 (at node 0)
Injected packet length average = 3.99869
Accepted packet length average = 3.9974
Total in-flight flits = 20 (20 measured)
latency change    = 0.0299847
throughput change = 0.000596918
Class 0:
Packet latency average = 39.9742
	minimum = 10
	maximum = 342
Network latency average = 39.6046
	minimum = 10
	maximum = 340
Slowest packet = 2689
Flit latency average = 36.2898
	minimum = 7
	maximum = 337
Slowest flit = 10759
Fragmentation average = 0.649117
	minimum = 0
	maximum = 19
Injected packet rate average = 0.00600781
	minimum = 0.001375 (at node 49)
	maximum = 0.038875 (at node 0)
Accepted packet rate average = 0.00599609
	minimum = 0.003125 (at node 52)
	maximum = 0.02475 (at node 0)
Injected flit rate average = 0.0240254
	minimum = 0.0055 (at node 49)
	maximum = 0.155125 (at node 0)
Accepted flit rate average= 0.0239727
	minimum = 0.0125 (at node 52)
	maximum = 0.099 (at node 0)
Injected packet length average = 3.99902
Accepted packet length average = 3.99805
Total in-flight flits = 72 (72 measured)
latency change    = 0.0820224
throughput change = 0.000923361
Draining all recorded packets ...
Draining remaining packets ...
Time taken is 12115 cycles
====== Overall Traffic Statistics ======
====== Traffic class 0 ======
Packet latency average = 40.0257 (1 samples)
	minimum = 10 (1 samples)
	maximum = 342 (1 samples)
Network latency average = 39.656 (1 samples)
	minimum = 10 (1 samples)
	maximum = 340 (1 samples)
Flit latency average = 36.3957 (1 samples)
	minimum = 7 (1 samples)
	maximum = 337 (1 samples)
Fragmentation average = 0.645969 (1 samples)
	minimum = 0 (1 samples)
	maximum = 19 (1 samples)
Injected packet rate average = 0.00600781 (1 samples)
	minimum = 0.001375 (1 samples)
	maximum = 0.038875 (1 samples)
Accepted packet rate average = 0.00599609 (1 samples)
	minimum = 0.003125 (1 samples)
	maximum = 0.02475 (1 samples)
Injected flit rate average = 0.0240254 (1 samples)
	minimum = 0.0055 (1 samples)
	maximum = 0.155125 (1 samples)
Accepted flit rate average = 0.0239727 (1 samples)
	minimum = 0.0125 (1 samples)
	maximum = 0.099 (1 samples)
Injected packet size average = 3.99902 (1 samples)
Accepted packet size average = 3.99805 (1 samples)
Hops average = 5.97009 (1 samples)
Total run time 0.384165


[stderr]
