BEGIN Configuration File: /home/amirthalingam/edge_cloud_ml/dnn-noc-sim/results/lenet/configs/mesh_rfdefault_vbdefault_ps4_r0p006_s4.cfg
topology = mesh;
k = 8;
n = 2;
xr = 1;
routing_function = dim_order;
num_vcs = 4;
vc_buf_size = 8;
subnets = 1;
injection_process = bernoulli;
sim_type = latency;
warmup_periods = 2;
sample_period = 2000;
max_samples = 6;
measure_stats = 1;
traffic = trace;
trace_traffic_file = /home/amirthalingam/edge_cloud_ml/dnn-noc-sim/results/traces/lenet_trace.txt;
trace_phase_cycles = {80,80,80,80,80,80,80,80,80,80,80,80,80,80,80,80,80,80,80,80,80,80,80,80,80,80,80,80,80,80,80,80,80,80,80,80,80,80,80,80,80,80,80,80,80,80,80,80,80,80,80,80,80,80,80,80,80,80,80,80,80,80,80,80,80,80,80,80,80,80,80,80,80,80,80,80,80,80,80,80,80,80,80,80,80,80,80,80};
trace_traffic_loop = 1;
trace_fallback_uniform = 0;
trace_injection_file = /home/amirthalingam/edge_cloud_ml/dnn-noc-sim/results/traces/lenet_trace.txt;
trace_injection_phase_cycles = {80,80,80,80,80,80,80,80,80,80,80,80,80,80,80,80,80,80,80,80,80,80,80,80,80,80,80,80,80,80,80,80,80,80,80,80,80,80,80,80,80,80,80,80,80,80,80,80,80,80,80,80,80,80,80,80,80,80,80,80,80,80,80,80,80,80,80,80,80,80,80,80,80,80,80,80,80,80,80,80,80,80,80,80,80,80,80,80};
trace_injection_loop = 1;
trace_injection_use_source_weights = 1;
packet_size = 4;
injection_rate = 0.0060;
injection_process = trace;
seed = 4;

END Configuration File: /home/amirthalingam/edge_cloud_ml/dnn-noc-sim/results/lenet/configs/mesh_rfdefault_vbdefault_ps4_r0p006_s4.cfg
Class 0:
Packet latency average = 43.4562
	minimum = 10
	maximum = 79
Network latency average = 42.6986
	minimum = 10
	maximum = 75
Slowest packet = 7
Flit latency average = 39.7092
	minimum = 7
	maximum = 72
Slowest flit = 28
Fragmentation average = 0.00410959
	minimum = 0
	maximum = 1
Injected packet rate average = 0.00582812
	minimum = 0 (at node 1)
	maximum = 0.098 (at node 56)
Accepted packet rate average = 0.00570312
	minimum = 0.0025 (at node 4)
	maximum = 0.01 (at node 5)
Injected flit rate average = 0.0232734
	minimum = 0 (at node 1)
	maximum = 0.392 (at node 56)
Accepted flit rate average= 0.0228359
	minimum = 0.01 (at node 4)
	maximum = 0.04 (at node 5)
Injected packet length average = 3.9933
Accepted packet length average = 4.00411
Total in-flight flits = 61 (0 measured)
latency change    = 1
throughput change = 1
Class 0:
Packet latency average = 39.3011
	minimum = 10
	maximum = 80
Network latency average = 38.7115
	minimum = 10
	maximum = 80
Slowest packet = 1204
Flit latency average = 35.6656
	minimum = 7
	maximum = 77
Slowest flit = 4816
Fragmentation average = 0.0832778
	minimum = 0
	maximum = 4
Injected packet rate average = 0.00591797
	minimum = 0.0005 (at node 39)
	maximum = 0.06525 (at node 7)
Accepted packet rate average = 0.00586328
	minimum = 0.003 (at node 4)
	maximum = 0.00875 (at node 27)
Injected flit rate average = 0.0236641
	minimum = 0.002 (at node 39)
	maximum = 0.261 (at node 7)
Accepted flit rate average= 0.023457
	minimum = 0.012 (at node 4)
	maximum = 0.035 (at node 27)
Injected packet length average = 3.99868
Accepted packet length average = 4.00067
Total in-flight flits = 55 (0 measured)
latency change    = 0.105723
throughput change = 0.0264779
Warmed up ...Time used is 4000 cycles
Class 0:
Packet latency average = 33.1449
	minimum = 10
	maximum = 75
Network latency average = 33.0782
	minimum = 10
	maximum = 75
Slowest packet = 1688
Flit latency average = 29.9884
	minimum = 7
	maximum = 72
Slowest flit = 6752
Fragmentation average = 0.333333
	minimum = 0
	maximum = 8
Injected packet rate average = 0.00615625
	minimum = 0 (at node 51)
	maximum = 0.0175 (at node 20)
Accepted packet rate average = 0.00620313
	minimum = 0.0025 (at node 38)
	maximum = 0.013 (at node 18)
Injected flit rate average = 0.0246328
	minimum = 0 (at node 51)
	maximum = 0.07 (at node 20)
Accepted flit rate average= 0.0248125
	minimum = 0.01 (at node 38)
	maximum = 0.052 (at node 18)
Injected packet length average = 4.00127
Accepted packet length average = 4
Total in-flight flits = 31 (31 measured)
latency change    = 0.185738
throughput change = 0.0546285
Class 0:
Packet latency average = 42.327
	minimum = 10
	maximum = 293
Network latency average = 42.0411
	minimum = 10
	maximum = 293
Slowest packet = 2613
Flit latency average = 38.4919
	minimum = 7
	maximum = 290
Slowest flit = 10455
Fragmentation average = 1.02611
	minimum = 0
	maximum = 18
Injected packet rate average = 0.00604688
	minimum = 0.00075 (at node 52)
	maximum = 0.03425 (at node 0)
Accepted packet rate average = 0.00603906
	minimum = 0.002 (at node 60)
	maximum = 0.04075 (at node 0)
Injected flit rate average = 0.0241719
	minimum = 0.003 (at node 52)
	maximum = 0.1365 (at node 0)
Accepted flit rate average= 0.0241563
	minimum = 0.008 (at node 60)
	maximum = 0.163 (at node 0)
Injected packet length average = 3.99742
Accepted packet length average = 4
Total in-flight flits = 63 (63 measured)
latency change    = 0.216934
throughput change = 0.0271669
Class 0:
Packet latency average = 41.394
	minimum = 10
	maximum = 293
Network latency average = 40.9845
	minimum = 10
	maximum = 293
Slowest packet = 2613
Flit latency average = 37.6183
	minimum = 7
	maximum = 290
Slowest flit = 10455
Fragmentation average = 0.693763
	minimum = 0
	maximum = 18
Injected packet rate average = 0.00607813
	minimum = 0.000666667 (at node 45)
	maximum = 0.0496667 (at node 7)
Accepted packet rate average = 0.00609115
	minimum = 0.00266667 (at node 60)
	maximum = 0.0298333 (at node 0)
Injected flit rate average = 0.0243125
	minimum = 0.00266667 (at node 45)
	maximum = 0.198667 (at node 7)
Accepted flit rate average= 0.024362
	minimum = 0.0106667 (at node 60)
	maximum = 0.119333 (at node 0)
Injected packet length average = 4
Accepted packet length average = 3.99957
Total in-flight flits = 36 (36 measured)
latency change    = 0.0225406
throughput change = 0.00844468
Class 0:
Packet latency average = 38.8201
	minimum = 10
	maximum = 293
Network latency average = 38.4758
	minimum = 10
	maximum = 293
Slowest packet = 2613
Flit latency average = 35.1795
	minimum = 7
	maximum = 290
Slowest flit = 10455
Fragmentation average = 0.584625
	minimum = 0
	maximum = 18
Injected packet rate average = 0.00606836
	minimum = 0.001125 (at node 52)
	maximum = 0.038625 (at node 7)
Accepted packet rate average = 0.00607422
	minimum = 0.003375 (at node 60)
	maximum = 0.0235 (at node 0)
Injected flit rate average = 0.0242734
	minimum = 0.0045 (at node 52)
	maximum = 0.1545 (at node 7)
Accepted flit rate average= 0.0243008
	minimum = 0.0135 (at node 60)
	maximum = 0.094 (at node 0)
Injected packet length average = 4
Accepted packet length average = 4.00064
Total in-flight flits = 41 (41 measured)
latency change    = 0.066303
throughput change = 0.00251835
Draining all recorded packets ...
Draining remaining packets ...
Time taken is 12093 cycles
====== Overall Traffic Statistics ======
====== Traffic class 0 ======
Packet latency average = 38.8262 (1 samples)
	minimum = 10 (1 samples)
	maximum = 293 (1 samples)
Network latency average = 38.4831 (1 samples)
	minimum = 10 (1 samples)
	maximum = 293 (1 samples)
Flit latency average = 35.1952 (1 samples)
	minimum = 7 (1 samples)
	maximum = 290 (1 samples)
Fragmentation average = 0.582877 (1 samples)
	minimum = 0 (1 samples)
	maximum = 18 (1 samples)
Injected packet rate average = 0.00606836 (1 samples)
	minimum = 0.001125 (1 samples)
	maximum = 0.038625 (1 samples)
Accepted packet rate average = 0.00607422 (1 samples)
	minimum = 0.003375 (1 samples)
	maximum = 0.0235 (1 samples)
Injected flit rate average = 0.0242734 (1 samples)
	minimum = 0.0045 (1 samples)
	maximum = 0.1545 (1 samples)
Accepted flit rate average = 0.0243008 (1 samples)
	minimum = 0.0135 (1 samples)
	maximum = 0.094 (1 samples)
Injected packet size average = 4 (1 samples)
Accepted packet size average = 4.00064 (1 samples)
Hops average = 5.97103 (1 samples)
Total run time 0.442312


[stderr]
