BEGIN Configuration File: /home/amirthalingam/edge_cloud_ml/dnn-noc-sim/results/lenet/configs/torus_rfdefault_vbdefault_ps4_r0p006_s4.cfg
topology = torus;
k = 8;
n = 2;
xr = 1;
routing_function = dim_order;
num_vcs = 4;
vc_buf_size = 8;
subnets = 1;
injection_process = bernoulli;
sim_type = latency;
warmup_periods = 2;
sample_period = 2000;
max_samples = 6;
measure_stats = 1;
traffic = trace;
trace_traffic_file = /home/amirthalingam/edge_cloud_ml/dnn-noc-sim/results/traces/lenet_trace.txt;
trace_phase_cycles = {80,80,80,80,80,80,80,80,80,80,80,80,80,80,80,80,80,80,80,80,80,80,80,80,80,80,80,80,80,80,80,80,80,80,80,80,80,80,80,80,80,80,80,80,80,80,80,80,80,80,80,80,80,80,80,80,80,80,80,80,80,80,80,80,80,80,80,80,80,80,80,80,80,80,80,80,80,80,80,80,80,80,80,80,80,80,80,80};
trace_traffic_loop = 1;
trace_fallback_uniform = 0;
trace_injection_file = /home/amirthalingam/edge_cloud_ml/dnn-noc-sim/results/traces/lenet_trace.txt;
trace_injection_phase_cycles = {80,80,80,80,80,80,80,80,80,80,80,80,80,80,80,80,80,80,80,80,80,80,80,80,80,80,80,80,80,80,80,80,80,80,80,80,80,80,80,80,80,80,80,80,80,80,80,80,80,80,80,80,80,80,80,80,80,80,80,80,80,80,80,80,80,80,80,80,80,80,80,80,80,80,80,80,80,80,80,80,80,80,80,80,80,80,80,80};
trace_injection_loop = 1;
trace_injection_use_source_weights = 1;
packet_size = 4;
injection_rate = 0.0060;
injection_process = trace;
seed = 4;

END Configuration File: /home/amirthalingam/edge_cloud_ml/dnn-noc-sim/results/lenet/configs/torus_rfdefault_vbdefault_ps4_r0p006_s4.cfg
Class 0:
Packet latency average = 35.7619
	minimum = 10
	maximum = 65
Network latency average = 35.015
	minimum = 10
	maximum = 61
Slowest packet = 61
Flit latency average = 31.9732
	minimum = 7
	maximum = 58
Slowest flit = 1368
Fragmentation average = 0.077551
	minimum = 0
	maximum = 6
Injected packet rate average = 0.00582812
	minimum = 0 (at node 1)
	maximum = 0.098 (at node 56)
Accepted packet rate average = 0.00574219
	minimum = 0.0025 (at node 4)
	maximum = 0.01 (at node 5)
Injected flit rate average = 0.0232734
	minimum = 0 (at node 1)
	maximum = 0.392 (at node 56)
Accepted flit rate average= 0.0229922
	minimum = 0.01 (at node 4)
	maximum = 0.04 (at node 5)
Injected packet length average = 3.9933
Accepted packet length average = 4.00408
Total in-flight flits = 41 (0 measured)
latency change    = 1
throughput change = 1
Class 0:
Packet latency average = 34.078
	minimum = 10
	maximum = 65
Network latency average = 33.488
	minimum = 10
	maximum = 62
Slowest packet = 61
Flit latency average = 30.4191
	minimum = 7
	maximum = 59
Slowest flit = 3899
Fragmentation average = 0.122
	minimum = 0
	maximum = 6
Injected packet rate average = 0.00591797
	minimum = 0.0005 (at node 39)
	maximum = 0.06525 (at node 7)
Accepted packet rate average = 0.00585938
	minimum = 0.003 (at node 4)
	maximum = 0.00875 (at node 27)
Injected flit rate average = 0.0236641
	minimum = 0.002 (at node 39)
	maximum = 0.261 (at node 7)
Accepted flit rate average= 0.0234414
	minimum = 0.012 (at node 4)
	maximum = 0.035 (at node 27)
Injected packet length average = 3.99868
Accepted packet length average = 4.00067
Total in-flight flits = 59 (0 measured)
latency change    = 0.0494133
throughput change = 0.0191635
Warmed up ...Time used is 4000 cycles
Class 0:
Packet latency average = 32.3586
	minimum = 10
	maximum = 61
Network latency average = 32.2943
	minimum = 10
	maximum = 61
Slowest packet = 2205
Flit latency average = 29.3068
	minimum = 7
	maximum = 58
Slowest flit = 8823
Fragmentation average = 0.260925
	minimum = 0
	maximum = 6
Injected packet rate average = 0.00615625
	minimum = 0 (at node 51)
	maximum = 0.0175 (at node 20)
Accepted packet rate average = 0.00619531
	minimum = 0.0025 (at node 38)
	maximum = 0.0125 (at node 18)
Injected flit rate average = 0.0246328
	minimum = 0 (at node 51)
	maximum = 0.07 (at node 20)
Accepted flit rate average= 0.0248047
	minimum = 0.01 (at node 38)
	maximum = 0.0505 (at node 18)
Injected packet length average = 4.00127
Accepted packet length average = 4.00378
Total in-flight flits = 36 (36 measured)
latency change    = 0.0531354
throughput change = 0.0549606
Class 0:
Packet latency average = 42.9864
	minimum = 10
	maximum = 323
Network latency average = 39.7605
	minimum = 10
	maximum = 323
Slowest packet = 2617
Flit latency average = 36.2069
	minimum = 7
	maximum = 320
Slowest flit = 10471
Fragmentation average = 1.00712
	minimum = 0
	maximum = 22
Injected packet rate average = 0.00609375
	minimum = 0.00075 (at node 52)
	maximum = 0.03525 (at node 0)
Accepted packet rate average = 0.00609375
	minimum = 0.002 (at node 60)
	maximum = 0.04075 (at node 0)
Injected flit rate average = 0.0243828
	minimum = 0.003 (at node 52)
	maximum = 0.141 (at node 0)
Accepted flit rate average= 0.0243789
	minimum = 0.008 (at node 60)
	maximum = 0.163 (at node 0)
Injected packet length average = 4.00128
Accepted packet length average = 4.00064
Total in-flight flits = 58 (58 measured)
latency change    = 0.247236
throughput change = 0.0174651
Class 0:
Packet latency average = 39.8134
	minimum = 10
	maximum = 323
Network latency average = 37.463
	minimum = 10
	maximum = 323
Slowest packet = 2617
Flit latency average = 34.0858
	minimum = 7
	maximum = 320
Slowest flit = 10471
Fragmentation average = 0.711092
	minimum = 0
	maximum = 22
Injected packet rate average = 0.00607813
	minimum = 0.000666667 (at node 45)
	maximum = 0.0481667 (at node 0)
Accepted packet rate average = 0.00609635
	minimum = 0.00266667 (at node 60)
	maximum = 0.0293333 (at node 0)
Injected flit rate average = 0.0243125
	minimum = 0.00266667 (at node 45)
	maximum = 0.192667 (at node 0)
Accepted flit rate average= 0.0243828
	minimum = 0.0106667 (at node 60)
	maximum = 0.117333 (at node 0)
Injected packet length average = 4
Accepted packet length average = 3.99957
Total in-flight flits = 32 (32 measured)
latency change    = 0.0796966
throughput change = 0.000160205
Class 0:
Packet latency average = 37.6841
	minimum = 10
	maximum = 323
Network latency average = 35.8815
	minimum = 10
	maximum = 323
Slowest packet = 2617
Flit latency average = 32.5795
	minimum = 7
	maximum = 320
Slowest flit = 10471
Fragmentation average = 0.586563
	minimum = 0
	maximum = 22
Injected packet rate average = 0.00606836
	minimum = 0.001125 (at node 52)
	maximum = 0.037625 (at node 0)
Accepted packet rate average = 0.00607617
	minimum = 0.003375 (at node 60)
	maximum = 0.023125 (at node 0)
Injected flit rate average = 0.0242734
	minimum = 0.0045 (at node 52)
	maximum = 0.1505 (at node 0)
Accepted flit rate average= 0.0243086
	minimum = 0.0135 (at node 60)
	maximum = 0.092875 (at node 0)
Injected packet length average = 4
Accepted packet length average = 4.00064
Total in-flight flits = 41 (41 measured)
latency change    = 0.0565041
throughput change = 0.00305319
Draining all recorded packets ...
Draining remaining packets ...
Time taken is 12072 cycles
====== Overall Traffic Statistics ======
====== Traffic class 0 ======
Packet latency average = 37.6781 (1 samples)
	minimum = 10 (1 samples)
	maximum = 323 (1 samples)
Network latency average = 35.8819 (1 samples)
	minimum = 10 (1 samples)
	maximum = 323 (1 samples)
Flit latency average = 32.5969 (1 samples)
	minimum = 7 (1 samples)
	maximum = 320 (1 samples)
Fragmentation average = 0.585452 (1 samples)
	minimum = 0 (1 samples)
	maximum = 22 (1 samples)
Injected packet rate average = 0.00606836 (1 samples)
	minimum = 0.001125 (1 samples)
	maximum = 0.037625 (1 samples)
Accepted packet rate average = 0.00607617 (1 samples)
	minimum = 0.003375 (1 samples)
	maximum = 0.023125 (1 samples)
Injected flit rate average = 0.0242734 (1 samples)
	minimum = 0.0045 (1 samples)
	maximum = 0.1505 (1 samples)
Accepted flit rate average = 0.0243086 (1 samples)
	minimum = 0.0135 (1 samples)
	maximum = 0.092875 (1 samples)
Injected packet size average = 4 (1 samples)
Accepted packet size average = 4.00064 (1 samples)
Hops average = 4.55488 (1 samples)
Total run time 0.386584


[stderr]
