BEGIN Configuration File: /home/amirthalingam/edge_cloud_ml/dnn-noc-sim/results/lenet/configs/torus_rfdefault_vbdefault_ps4_r0p006_s1.cfg
topology = torus;
k = 8;
n = 2;
xr = 1;
routing_function = dim_order;
num_vcs = 4;
vc_buf_size = 8;
subnets = 1;
injection_process = bernoulli;
sim_type = latency;
warmup_periods = 2;
sample_period = 2000;
max_samples = 6;
measure_stats = 1;
traffic = trace;
trace_traffic_file = /home/amirthalingam/edge_cloud_ml/dnn-noc-sim/results/traces/lenet_trace.txt;
trace_phase_cycles = {80,80,80,80,80,80,80,80,80,80,80,80,80,80,80,80,80,80,80,80,80,80,80,80,80,80,80,80,80,80,80,80,80,80,80,80,80,80,80,80,80,80,80,80,80,80,80,80,80,80,80,80,80,80,80,80,80,80,80,80,80,80,80,80,80,80,80,80,80,80,80,80,80,80,80,80,80,80,80,80,80,80,80,80,80,80,80,80};
trace_traffic_loop = 1;
trace_fallback_uniform = 0;
trace_injection_file = /home/amirthalingam/edge_cloud_ml/dnn-noc-sim/results/traces/lenet_trace.txt;
trace_injection_phase_cycles = {80,80,80,80,80,80,80,80,80,80,80,80,80,80,80,80,80,80,80,80,80,80,80,80,80,80,80,80,80,80,80,80,80,80,80,80,80,80,80,80,80,80,80,80,80,80,80,80,80,80,80,80,80,80,80,80,80,80,80,80,80,80,80,80,80,80,80,80,80,80,80,80,80,80,80,80,80,80,80,80,80,80,80,80,80,80,80,80};
trace_injection_loop = 1;
trace_injection_use_source_weights = 1;
packet_size = 4;
injection_rate = 0.0060;
injection_process = trace;
seed = 1;

END Configuration File: /home/amirthalingam/edge_cloud_ml/dnn-noc-sim/results/lenet/configs/torus_rfdefault_vbdefault_ps4_r0p006_s1.cfg
Class 0:
Packet latency average = 34.5735
	minimum = 10
	maximum = 63
Network latency average = 33.6905
	minimum = 10
	maximum = 59
Slowest packet = 80
Flit latency average = 30.6477
	minimum = 7
	maximum = 56
Slowest flit = 1820
Fragmentation average = 0.0728218
	minimum = 0
	maximum = 7
Injected packet rate average = 0.00607031
	minimum = 0 (at node 1)
	maximum = 0.1025 (at node 63)
Accepted packet rate average = 0.00600781
	minimum = 0.003 (at node 12)
	maximum = 0.011 (at node 59)
Injected flit rate average = 0.0242813
	minimum = 0 (at node 1)
	maximum = 0.41 (at node 63)
Accepted flit rate average= 0.0240391
	minimum = 0.012 (at node 12)
	maximum = 0.044 (at node 59)
Injected packet length average = 4
Accepted packet length average = 4.0013
Total in-flight flits = 31 (0 measured)
latency change    = 1
throughput change = 1
Class 0:
Packet latency average = 33.5493
	minimum = 10
	maximum = 64
Network latency average = 32.9241
	minimum = 10
	maximum = 59
Slowest packet = 80
Flit latency average = 29.8399
	minimum = 7
	maximum = 56
Slowest flit = 1820
Fragmentation average = 0.157588
	minimum = 0
	maximum = 7
Injected packet rate average = 0.00608594
	minimum = 0.00075 (at node 33)
	maximum = 0.0685 (at node 63)
Accepted packet rate average = 0.00602344
	minimum = 0.0035 (at node 12)
	maximum = 0.01 (at node 21)
Injected flit rate average = 0.024332
	minimum = 0.003 (at node 33)
	maximum = 0.274 (at node 63)
Accepted flit rate average= 0.0241133
	minimum = 0.014 (at node 12)
	maximum = 0.04 (at node 21)
Injected packet length average = 3.99807
Accepted packet length average = 4.00324
Total in-flight flits = 59 (0 measured)
latency change    = 0.0305278
throughput change = 0.00307792
Warmed up ...Time used is 4000 cycles
Class 0:
Packet latency average = 33.0378
	minimum = 10
	maximum = 64
Network latency average = 32.9283
	minimum = 10
	maximum = 58
Slowest packet = 1931
Flit latency average = 29.9093
	minimum = 7
	maximum = 55
Slowest flit = 7724
Fragmentation average = 0.250326
	minimum = 0
	maximum = 3
Injected packet rate average = 0.00608594
	minimum = 0 (at node 55)
	maximum = 0.0165 (at node 26)
Accepted packet rate average = 0.00611719
	minimum = 0.0015 (at node 62)
	maximum = 0.013 (at node 17)
Injected flit rate average = 0.0243125
	minimum = 0 (at node 55)
	maximum = 0.066 (at node 26)
Accepted flit rate average= 0.0244531
	minimum = 0.006 (at node 62)
	maximum = 0.0535 (at node 19)
Injected packet length average = 3.99487
Accepted packet length average = 3.99745
Total in-flight flits = 45 (45 measured)
latency change    = 0.0154816
throughput change = 0.0138978
Class 0:
Packet latency average = 58.5127
	minimum = 10
	maximum = 439
Network latency average = 45.0317
	minimum = 10
	maximum = 439
Slowest packet = 2639
Flit latency average = 41.3443
	minimum = 7
	maximum = 436
Slowest flit = 10559
Fragmentation average = 1.10723
	minimum = 0
	maximum = 21
Injected packet rate average = 0.00620313
	minimum = 0 (at node 55)
	maximum = 0.03975 (at node 0)
Accepted packet rate average = 0.00621875
	minimum = 0.00225 (at node 57)
	maximum = 0.045 (at node 0)
Injected flit rate average = 0.0248242
	minimum = 0 (at node 55)
	maximum = 0.159 (at node 0)
Accepted flit rate average= 0.0248711
	minimum = 0.009 (at node 57)
	maximum = 0.18 (at node 0)
Injected packet length average = 4.00189
Accepted packet length average = 3.99937
Total in-flight flits = 44 (44 measured)
latency change    = 0.435374
throughput change = 0.0168054
Class 0:
Packet latency average = 50.4327
	minimum = 10
	maximum = 439
Network latency average = 41.1834
	minimum = 10
	maximum = 439
Slowest packet = 2639
Flit latency average = 37.7243
	minimum = 7
	maximum = 436
Slowest flit = 10559
Fragmentation average = 0.77707
	minimum = 0
	maximum = 21
Injected packet rate average = 0.00615625
	minimum = 0.0005 (at node 55)
	maximum = 0.0538333 (at node 0)
Accepted packet rate average = 0.00617448
	minimum = 0.00316667 (at node 57)
	maximum = 0.0323333 (at node 0)
Injected flit rate average = 0.0246276
	minimum = 0.002 (at node 55)
	maximum = 0.215333 (at node 0)
Accepted flit rate average= 0.0246849
	minimum = 0.0126667 (at node 57)
	maximum = 0.129333 (at node 0)
Injected packet length average = 4.00042
Accepted packet length average = 3.99789
Total in-flight flits = 36 (36 measured)
latency change    = 0.160213
throughput change = 0.00754299
Class 0:
Packet latency average = 45.6632
	minimum = 10
	maximum = 439
Network latency average = 38.7178
	minimum = 10
	maximum = 439
Slowest packet = 2639
Flit latency average = 35.3557
	minimum = 7
	maximum = 436
Slowest flit = 10559
Fragmentation average = 0.63873
	minimum = 0
	maximum = 21
Injected packet rate average = 0.00617773
	minimum = 0.001125 (at node 55)
	maximum = 0.042125 (at node 0)
Accepted packet rate average = 0.00618359
	minimum = 0.003875 (at node 38)
	maximum = 0.026625 (at node 0)
Injected flit rate average = 0.0247129
	minimum = 0.0045 (at node 55)
	maximum = 0.1685 (at node 0)
Accepted flit rate average= 0.0247246
	minimum = 0.0155 (at node 38)
	maximum = 0.1065 (at node 0)
Injected packet length average = 4.00032
Accepted packet length average = 3.99842
Total in-flight flits = 52 (52 measured)
latency change    = 0.10445
throughput change = 0.00160624
Draining all recorded packets ...
Draining remaining packets ...
Time taken is 12078 cycles
====== Overall Traffic Statistics ======
====== Traffic class 0 ======
Packet latency average = 45.6269 (1 samples)
	minimum = 10 (1 samples)
	maximum = 439 (1 samples)
Network latency average = 38.7101 (1 samples)
	minimum = 10 (1 samples)
	maximum = 439 (1 samples)
Flit latency average = 35.3691 (1 samples)
	minimum = 7 (1 samples)
	maximum = 436 (1 samples)
Fragmentation average = 0.638002 (1 samples)
	minimum = 0 (1 samples)
	maximum = 21 (1 samples)
Injected packet rate average = 0.00617773 (1 samples)
	minimum = 0.001125 (1 samples)
	maximum = 0.042125 (1 samples)
Accepted packet rate average = 0.00618359 (1 samples)
	minimum = 0.003875 (1 samples)
	maximum = 0.026625 (1 samples)
Injected flit rate average = 0.0247129 (1 samples)
	minimum = 0.0045 (1 samples)
	maximum = 0.1685 (1 samples)
Accepted flit rate average = 0.0247246 (1 samples)
	minimum = 0.0155 (1 samples)
	maximum = 0.1065 (1 samples)
Injected packet size average = 4.00032 (1 samples)
Accepted packet size average = 3.99842 (1 samples)
Hops average = 4.61555 (1 samples)
Total run time 0.372087


[stderr]
