BEGIN Configuration File: /home/amirthalingam/edge_cloud_ml/dnn-noc-sim/results/lenet/configs/torus_rfdefault_vbdefault_ps4_r0p006_s3.cfg
topology = torus;
k = 8;
n = 2;
xr = 1;
routing_function = dim_order;
num_vcs = 4;
vc_buf_size = 8;
subnets = 1;
injection_process = bernoulli;
sim_type = latency;
warmup_periods = 2;
sample_period = 2000;
max_samples = 6;
measure_stats = 1;
traffic = trace;
trace_traffic_file = /home/amirthalingam/edge_cloud_ml/dnn-noc-sim/results/traces/lenet_trace.txt;
trace_phase_cycles = {80,80,80,80,80,80,80,80,80,80,80,80,80,80,80,80,80,80,80,80,80,80,80,80,80,80,80,80,80,80,80,80,80,80,80,80,80,80,80,80,80,80,80,80,80,80,80,80,80,80,80,80,80,80,80,80,80,80,80,80,80,80,80,80,80,80,80,80,80,80,80,80,80,80,80,80,80,80,80,80,80,80,80,80,80,80,80,80};
trace_traffic_loop = 1;
trace_fallback_uniform = 0;
trace_injection_file = /home/amirthalingam/edge_cloud_ml/dnn-noc-sim/results/traces/lenet_trace.txt;
trace_injection_phase_cycles = {80,80,80,80,80,80,80,80,80,80,80,80,80,80,80,80,80,80,80,80,80,80,80,80,80,80,80,80,80,80,80,80,80,80,80,80,80,80,80,80,80,80,80,80,80,80,80,80,80,80,80,80,80,80,80,80,80,80,80,80,80,80,80,80,80,80,80,80,80,80,80,80,80,80,80,80,80,80,80,80,80,80,80,80,80,80,80,80};
trace_injection_loop = 1;
trace_injection_use_source_weights = 1;
packet_size = 4;
injection_rate = 0.0060;
injection_process = trace;
seed = 3;

END Configuration File: /home/amirthalingam/edge_cloud_ml/dnn-noc-sim/results/lenet/configs/torus_rfdefault_vbdefault_ps4_r0p006_s3.cfg
Class 0:
Packet latency average = 34.4021
	minimum = 10
	maximum = 63
Network latency average = 33.6448
	minimum = 10
	maximum = 60
Slowest packet = 79
Flit latency average = 30.5922
	minimum = 7
	maximum = 57
Slowest flit = 2816
Fragmentation average = 0.0844504
	minimum = 0
	maximum = 7
Injected packet rate average = 0.00588281
	minimum = 0 (at node 1)
	maximum = 0.0985 (at node 63)
Accepted packet rate average = 0.00582812
	minimum = 0.0025 (at node 20)
	maximum = 0.0095 (at node 14)
Injected flit rate average = 0.0235234
	minimum = 0 (at node 1)
	maximum = 0.394 (at node 63)
Accepted flit rate average= 0.0233125
	minimum = 0.01 (at node 20)
	maximum = 0.038 (at node 14)
Injected packet length average = 3.99867
Accepted packet length average = 4
Total in-flight flits = 28 (0 measured)
latency change    = 1
throughput change = 1
Class 0:
Packet latency average = 33.3974
	minimum = 10
	maximum = 63
Network latency average = 32.8445
	minimum = 10
	maximum = 60
Slowest packet = 79
Flit latency average = 29.7547
	minimum = 7
	maximum = 57
Slowest flit = 2816
Fragmentation average = 0.160645
	minimum = 0
	maximum = 7
Injected packet rate average = 0.00610156
	minimum = 0.001 (at node 34)
	maximum = 0.067 (at node 63)
Accepted packet rate average = 0.00605469
	minimum = 0.003 (at node 1)
	maximum = 0.00925 (at node 7)
Injected flit rate average = 0.0244063
	minimum = 0.004 (at node 34)
	maximum = 0.268 (at node 63)
Accepted flit rate average= 0.0242344
	minimum = 0.012 (at node 1)
	maximum = 0.037 (at node 7)
Injected packet length average = 4
Accepted packet length average = 4.00258
Total in-flight flits = 44 (0 measured)
latency change    = 0.0300839
throughput change = 0.03804
Warmed up ...Time used is 4000 cycles
Class 0:
Packet latency average = 32.6173
	minimum = 10
	maximum = 61
Network latency average = 32.5077
	minimum = 10
	maximum = 61
Slowest packet = 1689
Flit latency average = 29.4843
	minimum = 7
	maximum = 58
Slowest flit = 9095
Fragmentation average = 0.253827
	minimum = 0
	maximum = 3
Injected packet rate average = 0.00621094
	minimum = 0.0005 (at node 40)
	maximum = 0.0165 (at node 29)
Accepted packet rate average = 0.00621875
	minimum = 0.002 (at node 61)
	maximum = 0.0155 (at node 19)
Injected flit rate average = 0.0248203
	minimum = 0.002 (at node 40)
	maximum = 0.066 (at node 29)
Accepted flit rate average= 0.0248438
	minimum = 0.008 (at node 61)
	maximum = 0.062 (at node 19)
Injected packet length average = 3.99623
Accepted packet length average = 3.99497
Total in-flight flits = 44 (44 measured)
latency change    = 0.0239159
throughput change = 0.0245283
Class 0:
Packet latency average = 46.1039
	minimum = 10
	maximum = 323
Network latency average = 42.0167
	minimum = 10
	maximum = 323
Slowest packet = 2709
Flit latency average = 38.4334
	minimum = 7
	maximum = 320
Slowest flit = 10839
Fragmentation average = 0.994227
	minimum = 0
	maximum = 19
Injected packet rate average = 0.00617969
	minimum = 0.00075 (at node 44)
	maximum = 0.03875 (at node 0)
Accepted packet rate average = 0.00613672
	minimum = 0.002 (at node 30)
	maximum = 0.042 (at node 0)
Injected flit rate average = 0.0247031
	minimum = 0.003 (at node 44)
	maximum = 0.155 (at node 0)
Accepted flit rate average= 0.0245508
	minimum = 0.008 (at node 30)
	maximum = 0.168 (at node 0)
Injected packet length average = 3.99747
Accepted packet length average = 4.00064
Total in-flight flits = 87 (87 measured)
latency change    = 0.292525
throughput change = 0.0119332
Class 0:
Packet latency average = 42.3592
	minimum = 10
	maximum = 323
Network latency average = 39.3811
	minimum = 10
	maximum = 323
Slowest packet = 2709
Flit latency average = 35.9732
	minimum = 7
	maximum = 320
Slowest flit = 10839
Fragmentation average = 0.712387
	minimum = 0
	maximum = 19
Injected packet rate average = 0.00609896
	minimum = 0.000666667 (at node 46)
	maximum = 0.0496667 (at node 0)
Accepted packet rate average = 0.00610677
	minimum = 0.0025 (at node 52)
	maximum = 0.03 (at node 0)
Injected flit rate average = 0.0243932
	minimum = 0.00266667 (at node 46)
	maximum = 0.198667 (at node 0)
Accepted flit rate average= 0.0244219
	minimum = 0.01 (at node 52)
	maximum = 0.12 (at node 0)
Injected packet length average = 3.99957
Accepted packet length average = 3.99915
Total in-flight flits = 34 (34 measured)
latency change    = 0.0884039
throughput change = 0.00527831
Class 0:
Packet latency average = 39.6033
	minimum = 10
	maximum = 323
Network latency average = 37.3296
	minimum = 10
	maximum = 323
Slowest packet = 2709
Flit latency average = 34.0035
	minimum = 7
	maximum = 320
Slowest flit = 10839
Fragmentation average = 0.591026
	minimum = 0
	maximum = 19
Injected packet rate average = 0.00608398
	minimum = 0.001 (at node 46)
	maximum = 0.0385 (at node 0)
Accepted packet rate average = 0.00607422
	minimum = 0.003125 (at node 52)
	maximum = 0.024 (at node 0)
Injected flit rate average = 0.0243301
	minimum = 0.004 (at node 46)
	maximum = 0.154 (at node 0)
Accepted flit rate average= 0.0242891
	minimum = 0.0125 (at node 52)
	maximum = 0.096 (at node 0)
Injected packet length average = 3.99904
Accepted packet length average = 3.99871
Total in-flight flits = 68 (68 measured)
latency change    = 0.0695877
throughput change = 0.005468
Draining all recorded packets ...
Draining remaining packets ...
Time taken is 12107 cycles
====== Overall Traffic Statistics ======
====== Traffic class 0 ======
Packet latency average = 39.6148 (1 samples)
	minimum = 10 (1 samples)
	maximum = 323 (1 samples)
Network latency average = 37.3535 (1 samples)
	minimum = 10 (1 samples)
	maximum = 323 (1 samples)
Flit latency average = 34.0794 (1 samples)
	minimum = 7 (1 samples)
	maximum = 320 (1 samples)
Fragmentation average = 0.589085 (1 samples)
	minimum = 0 (1 samples)
	maximum = 19 (1 samples)
Injected packet rate average = 0.00608398 (1 samples)
	minimum = 0.001 (1 samples)
	maximum = 0.0385 (1 samples)
Accepted packet rate average = 0.00607422 (1 samples)
	minimum = 0.003125 (1 samples)
	maximum = 0.024 (1 samples)
Injected flit rate average = 0.0243301 (1 samples)
	minimum = 0.004 (1 samples)
	maximum = 0.154 (1 samples)
Accepted flit rate average = 0.0242891 (1 samples)
	minimum = 0.0125 (1 samples)
	maximum = 0.096 (1 samples)
Injected packet size average = 3.99904 (1 samples)
Accepted packet size average = 3.99871 (1 samples)
Hops average = 4.6244 (1 samples)
Total run time 0.385583


[stderr]
