BEGIN Configuration File: /home/amirthalingam/edge_cloud_ml/dnn-noc-sim/results/lenet/configs/torus_rfdefault_vbdefault_ps4_r0p006_s5.cfg
topology = torus;
k = 8;
n = 2;
xr = 1;
routing_function = dim_order;
num_vcs = 4;
vc_buf_size = 8;
subnets = 1;
injection_process = bernoulli;
sim_type = latency;
warmup_periods = 2;
sample_period = 2000;
max_samples = 6;
measure_stats = 1;
traffic = trace;
trace_traffic_file = /home/amirthalingam/edge_cloud_ml/dnn-noc-sim/results/traces/lenet_trace.txt;
trace_phase_cycles = {80,80,80,80,80,80,80,80,80,80,80,80,80,80,80,80,80,80,80,80,80,80,80,80,80,80,80,80,80,80,80,80,80,80,80,80,80,80,80,80,80,80,80,80,80,80,80,80,80,80,80,80,80,80,80,80,80,80,80,80,80,80,80,80,80,80,80,80,80,80,80,80,80,80,80,80,80,80,80,80,80,80,80,80,80,80,80,80};
trace_traffic_loop = 1;
trace_fallback_uniform = 0;
trace_injection_file = /home/amirthalingam/edge_cloud_ml/dnn-noc-sim/results/traces/lenet_trace.txt;
trace_injection_phase_cycles = {80,80,80,80,80,80,80,80,80,80,80,80,80,80,80,80,80,80,80,80,80,80,80,80,80,80,80,80,80,80,80,80,80,80,80,80,80,80,80,80,80,80,80,80,80,80,80,80,80,80,80,80,80,80,80,80,80,80,80,80,80,80,80,80,80,80,80,80,80,80,80,80,80,80,80,80,80,80,80,80,80,80,80,80,80,80,80,80};
trace_injection_loop = 1;
trace_injection_use_source_weights = 1;
packet_size = 4;
injection_rate = 0.0060;
injection_process = trace;
seed = 5;

END Configuration File: /home/amirthalingam/edge_cloud_ml/dnn-noc-sim/results/lenet/configs/torus_rfdefault_vbdefault_ps4_r0p006_s5.cfg
Class 0:
Packet latency average = 34.3275
	minimum = 10
	maximum = 61
Network latency average = 33.4384
	minimum = 10
	maximum = 58
Slowest packet = 93
Flit latency average = 30.3809
	minimum = 7
	maximum = 55
Slowest flit = 372
Fragmentation average = 0.104195
	minimum = 0
	maximum = 6
Injected packet rate average = 0.00582812
	minimum = 0 (at node 1)
	maximum = 0.0945 (at node 7)
Accepted packet rate average = 0.00577344
	minimum = 0.0025 (at node 14)
	maximum = 0.0095 (at node 25)
Injected flit rate average = 0.0233125
	minimum = 0 (at node 1)
	maximum = 0.378 (at node 7)
Accepted flit rate average= 0.0230937
	minimum = 0.01 (at node 14)
	maximum = 0.038 (at node 25)
Injected packet length average = 4
Accepted packet length average = 4
Total in-flight flits = 28 (0 measured)
latency change    = 1
throughput change = 1
Class 0:
Packet latency average = 33.1499
	minimum = 10
	maximum = 61
Network latency average = 32.5448
	minimum = 10
	maximum = 60
Slowest packet = 93
Flit latency average = 29.4704
	minimum = 7
	maximum = 57
Slowest flit = 3760
Fragmentation average = 0.147218
	minimum = 0
	maximum = 6
Injected packet rate average = 0.0058125
	minimum = 0.0005 (at node 54)
	maximum = 0.0625 (at node 7)
Accepted packet rate average = 0.00575781
	minimum = 0.003 (at node 18)
	maximum = 0.009 (at node 25)
Injected flit rate average = 0.0232461
	minimum = 0.002 (at node 54)
	maximum = 0.25 (at node 7)
Accepted flit rate average= 0.023043
	minimum = 0.012 (at node 18)
	maximum = 0.036 (at node 25)
Injected packet length average = 3.99933
Accepted packet length average = 4.00204
Total in-flight flits = 53 (0 measured)
latency change    = 0.0355216
throughput change = 0.00220376
Warmed up ...Time used is 4000 cycles
Class 0:
Packet latency average = 32.4359
	minimum = 10
	maximum = 62
Network latency average = 32.3691
	minimum = 10
	maximum = 62
Slowest packet = 2139
Flit latency average = 29.316
	minimum = 7
	maximum = 59
Slowest flit = 8559
Fragmentation average = 0.247382
	minimum = 0
	maximum = 6
Injected packet rate average = 0.00605469
	minimum = 0 (at node 54)
	maximum = 0.0175 (at node 15)
Accepted packet rate average = 0.00607813
	minimum = 0.001 (at node 55)
	maximum = 0.015 (at node 27)
Injected flit rate average = 0.0242109
	minimum = 0 (at node 54)
	maximum = 0.07 (at node 15)
Accepted flit rate average= 0.0243047
	minimum = 0.004 (at node 55)
	maximum = 0.06 (at node 27)
Injected packet length average = 3.99871
Accepted packet length average = 3.99871
Total in-flight flits = 42 (42 measured)
latency change    = 0.0220148
throughput change = 0.0519126
Class 0:
Packet latency average = 46.8292
	minimum = 10
	maximum = 334
Network latency average = 41.4974
	minimum = 10
	maximum = 334
Slowest packet = 2552
Flit latency average = 37.8908
	minimum = 7
	maximum = 331
Slowest flit = 10211
Fragmentation average = 1.02356
	minimum = 0
	maximum = 16
Injected packet rate average = 0.00602734
	minimum = 0.0005 (at node 46)
	maximum = 0.0345 (at node 63)
Accepted packet rate average = 0.00602344
	minimum = 0.002 (at node 55)
	maximum = 0.04075 (at node 0)
Injected flit rate average = 0.0240977
	minimum = 0.002 (at node 46)
	maximum = 0.13725 (at node 63)
Accepted flit rate average= 0.0241055
	minimum = 0.008 (at node 55)
	maximum = 0.163 (at node 0)
Injected packet length average = 3.99806
Accepted packet length average = 4.00195
Total in-flight flits = 54 (54 measured)
latency change    = 0.307358
throughput change = 0.00826446
Class 0:
Packet latency average = 42.656
	minimum = 10
	maximum = 334
Network latency average = 38.8466
	minimum = 10
	maximum = 334
Slowest packet = 2552
Flit latency average = 35.4228
	minimum = 7
	maximum = 331
Slowest flit = 10211
Fragmentation average = 0.720537
	minimum = 0
	maximum = 16
Injected packet rate average = 0.00603646
	minimum = 0.000666667 (at node 54)
	maximum = 0.0515 (at node 7)
Accepted packet rate average = 0.00604688
	minimum = 0.00283333 (at node 46)
	maximum = 0.0291667 (at node 0)
Injected flit rate average = 0.0241432
	minimum = 0.00266667 (at node 54)
	maximum = 0.206 (at node 7)
Accepted flit rate average= 0.0241927
	minimum = 0.0113333 (at node 46)
	maximum = 0.116667 (at node 0)
Injected packet length average = 3.99957
Accepted packet length average = 4.00086
Total in-flight flits = 35 (35 measured)
latency change    = 0.0978341
throughput change = 0.00360603
Class 0:
Packet latency average = 39.8961
	minimum = 10
	maximum = 334
Network latency average = 36.9743
	minimum = 10
	maximum = 334
Slowest packet = 2552
Flit latency average = 33.6416
	minimum = 7
	maximum = 331
Slowest flit = 10211
Fragmentation average = 0.602112
	minimum = 0
	maximum = 16
Injected packet rate average = 0.00594336
	minimum = 0.001625 (at node 54)
	maximum = 0.04 (at node 7)
Accepted packet rate average = 0.00594727
	minimum = 0.00275 (at node 55)
	maximum = 0.023375 (at node 0)
Injected flit rate average = 0.0237637
	minimum = 0.0065 (at node 54)
	maximum = 0.16 (at node 7)
Accepted flit rate average= 0.0237891
	minimum = 0.011 (at node 55)
	maximum = 0.0935 (at node 0)
Injected packet length average = 3.99836
Accepted packet length average = 4
Total in-flight flits = 45 (45 measured)
latency change    = 0.0691774
throughput change = 0.0169677
Draining all recorded packets ...
Draining remaining packets ...
Time taken is 12101 cycles
====== Overall Traffic Statistics ======
====== Traffic class 0 ======
Packet latency average = 39.8985 (1 samples)
	minimum = 10 (1 samples)
	maximum = 334 (1 samples)
Network latency average = 36.9882 (1 samples)
	minimum = 10 (1 samples)
	maximum = 334 (1 samples)
Flit latency average = 33.6993 (1 samples)
	minimum = 7 (1 samples)
	maximum = 331 (1 samples)
Fragmentation average = 0.599737 (1 samples)
	minimum = 0 (1 samples)
	maximum = 16 (1 samples)
Injected packet rate average = 0.00594336 (1 samples)
	minimum = 0.001625 (1 samples)
	maximum = 0.04 (1 samples)
Accepted packet rate average = 0.00594727 (1 samples)
	minimum = 0.00275 (1 samples)
	maximum = 0.023375 (1 samples)
Injected flit rate average = 0.0237637 (1 samples)
	minimum = 0.0065 (1 samples)
	maximum = 0.16 (1 samples)
Accepted flit rate average = 0.0237891 (1 samples)
	minimum = 0.011 (1 samples)
	maximum = 0.0935 (1 samples)
Injected packet size average = 3.99836 (1 samples)
Accepted packet size average = 4 (1 samples)
Hops average = 4.63326 (1 samples)
Total run time 0.417809


[stderr]
