BEGIN Configuration File: /home/amirthalingam/edge_cloud_ml/dnn-noc-sim/results/lenet/configs/torus_rfdefault_vbdefault_ps4_r0p006_s2.cfg
topology = torus;
k = 8;
n = 2;
xr = 1;
routing_function = dim_order;
num_vcs = 4;
vc_buf_size = 8;
subnets = 1;
injection_process = bernoulli;
sim_type = latency;
warmup_periods = 2;
sample_period = 2000;
max_samples = 6;
measure_stats = 1;
traffic = trace;
trace_traffic_file = /home/amirthalingam/edge_cloud_ml/dnn-noc-sim/results/traces/lenet_trace.txt;
trace_phase_cycles = {80,80,80,80,80,80,80,80,80,80,80,80,80,80,80,80,80,80,80,80,80,80,80,80,80,80,80,80,80,80,80,80,80,80,80,80,80,80,80,80,80,80,80,80,80,80,80,80,80,80,80,80,80,80,80,80,80,80,80,80,80,80,80,80,80,80,80,80,80,80,80,80,80,80,80,80,80,80,80,80,80,80,80,80,80,80,80,80};
trace_traffic_loop = 1;
trace_fallback_uniform = 0;
trace_injection_file = /home/amirthalingam/edge_cloud_ml/dnn-noc-sim/results/traces/lenet_trace.txt;
trace_injection_phase_cycles = {80,80,80,80,80,80,80,80,80,80,80,80,80,80,80,80,80,80,80,80,80,80,80,80,80,80,80,80,80,80,80,80,80,80,80,80,80,80,80,80,80,80,80,80,80,80,80,80,80,80,80,80,80,80,80,80,80,80,80,80,80,80,80,80,80,80,80,80,80,80,80,80,80,80,80,80,80,80,80,80,80,80,80,80,80,80,80,80};
trace_injection_loop = 1;
trace_injection_use_source_weights = 1;
packet_size = 4;
injection_rate = 0.0060;
injection_process = trace;
seed = 2;

END Configuration File: /home/amirthalingam/edge_cloud_ml/dnn-noc-sim/results/lenet/configs/torus_rfdefault_vbdefault_ps4_r0p006_s2.cfg
Class 0:
Packet latency average = 34.6412
	minimum = 10
	maximum = 69
Network latency average = 33.5285
	minimum = 10
	maximum = 62
Slowest packet = 71
Flit latency average = 30.4401
	minimum = 7
	maximum = 59
Slowest flit = 1876
Fragmentation average = 0.14303
	minimum = 0
	maximum = 10
Injected packet rate average = 0.00653906
	minimum = 0 (at node 1)
	maximum = 0.112 (at node 56)
Accepted packet rate average = 0.00644531
	minimum = 0.0025 (at node 45)
	maximum = 0.0125 (at node 1)
Injected flit rate average = 0.0261094
	minimum = 0 (at node 1)
	maximum = 0.4465 (at node 56)
Accepted flit rate average= 0.0258125
	minimum = 0.01 (at node 45)
	maximum = 0.05 (at node 1)
Injected packet length average = 3.99283
Accepted packet length average = 4.00485
Total in-flight flits = 44 (0 measured)
latency change    = 1
throughput change = 1
Class 0:
Packet latency average = 33.5699
	minimum = 10
	maximum = 69
Network latency average = 32.8251
	minimum = 10
	maximum = 62
Slowest packet = 71
Flit latency average = 29.726
	minimum = 7
	maximum = 59
Slowest flit = 1876
Fragmentation average = 0.17931
	minimum = 0
	maximum = 10
Injected packet rate average = 0.00627734
	minimum = 0.001 (at node 2)
	maximum = 0.069 (at node 56)
Accepted packet rate average = 0.00623047
	minimum = 0.00325 (at node 45)
	maximum = 0.0085 (at node 40)
Injected flit rate average = 0.0250938
	minimum = 0.004 (at node 2)
	maximum = 0.276 (at node 56)
Accepted flit rate average= 0.0249219
	minimum = 0.013 (at node 45)
	maximum = 0.034 (at node 40)
Injected packet length average = 3.99751
Accepted packet length average = 4
Total in-flight flits = 48 (0 measured)
latency change    = 0.0319127
throughput change = 0.0357367
Warmed up ...Time used is 4000 cycles
Class 0:
Packet latency average = 32.4266
	minimum = 10
	maximum = 62
Network latency average = 32.3292
	minimum = 10
	maximum = 62
Slowest packet = 1969
Flit latency average = 29.2797
	minimum = 7
	maximum = 59
Slowest flit = 7879
Fragmentation average = 0.288066
	minimum = 0
	maximum = 7
Injected packet rate average = 0.00575781
	minimum = 0.001 (at node 40)
	maximum = 0.0135 (at node 14)
Accepted packet rate average = 0.00578906
	minimum = 0.0015 (at node 52)
	maximum = 0.0125 (at node 10)
Injected flit rate average = 0.0230547
	minimum = 0.004 (at node 40)
	maximum = 0.054 (at node 14)
Accepted flit rate average= 0.0231562
	minimum = 0.006 (at node 52)
	maximum = 0.05 (at node 10)
Injected packet length average = 4.00407
Accepted packet length average = 4
Total in-flight flits = 32 (32 measured)
latency change    = 0.0352579
throughput change = 0.0762483
Class 0:
Packet latency average = 55.9389
	minimum = 10
	maximum = 479
Network latency average = 47.257
	minimum = 10
	maximum = 478
Slowest packet = 2631
Flit latency average = 43.463
	minimum = 7
	maximum = 475
Slowest flit = 10527
Fragmentation average = 1.21342
	minimum = 0
	maximum = 20
Injected packet rate average = 0.00585938
	minimum = 0.0005 (at node 46)
	maximum = 0.039 (at node 0)
Accepted packet rate average = 0.00586719
	minimum = 0.00225 (at node 55)
	maximum = 0.04725 (at node 0)
Injected flit rate average = 0.0234531
	minimum = 0.002 (at node 46)
	maximum = 0.156 (at node 0)
Accepted flit rate average= 0.0234805
	minimum = 0.009 (at node 55)
	maximum = 0.189 (at node 0)
Injected packet length average = 4.00267
Accepted packet length average = 4.002
Total in-flight flits = 37 (37 measured)
latency change    = 0.420321
throughput change = 0.013808
Class 0:
Packet latency average = 48.2396
	minimum = 10
	maximum = 479
Network latency average = 42.275
	minimum = 10
	maximum = 478
Slowest packet = 2631
Flit latency average = 38.7598
	minimum = 7
	maximum = 475
Slowest flit = 10527
Fragmentation average = 0.835252
	minimum = 0
	maximum = 20
Injected packet rate average = 0.00590365
	minimum = 0.000333333 (at node 46)
	maximum = 0.0498333 (at node 0)
Accepted packet rate average = 0.00591146
	minimum = 0.00266667 (at node 55)
	maximum = 0.0346667 (at node 0)
Injected flit rate average = 0.0236172
	minimum = 0.00133333 (at node 46)
	maximum = 0.199333 (at node 0)
Accepted flit rate average= 0.0236458
	minimum = 0.0106667 (at node 55)
	maximum = 0.138667 (at node 0)
Injected packet length average = 4.00044
Accepted packet length average = 4
Total in-flight flits = 36 (36 measured)
latency change    = 0.159606
throughput change = 0.00699339
Class 0:
Packet latency average = 43.6592
	minimum = 10
	maximum = 479
Network latency average = 39.227
	minimum = 10
	maximum = 478
Slowest packet = 2631
Flit latency average = 35.8314
	minimum = 7
	maximum = 475
Slowest flit = 10527
Fragmentation average = 0.667319
	minimum = 0
	maximum = 20
Injected packet rate average = 0.00601758
	minimum = 0.001375 (at node 46)
	maximum = 0.039125 (at node 0)
Accepted packet rate average = 0.00601172
	minimum = 0.003125 (at node 55)
	maximum = 0.027625 (at node 0)
Injected flit rate average = 0.0240762
	minimum = 0.0055 (at node 46)
	maximum = 0.1565 (at node 0)
Accepted flit rate average= 0.0240469
	minimum = 0.0125 (at node 55)
	maximum = 0.1105 (at node 0)
Injected packet length average = 4.00097
Accepted packet length average = 4
Total in-flight flits = 60 (60 measured)
latency change    = 0.104913
throughput change = 0.0166775
Draining all recorded packets ...
Draining remaining packets ...
Time taken is 12093 cycles
====== Overall Traffic Statistics ======
====== Traffic class 0 ======
Packet latency average = 43.6443 (1 samples)
	minimum = 10 (1 samples)
	maximum = 479 (1 samples)
Network latency average = 39.2337 (1 samples)
	minimum = 10 (1 samples)
	maximum = 478 (1 samples)
Flit latency average = 35.8549 (1 samples)
	minimum = 7 (1 samples)
	maximum = 475 (1 samples)
Fragmentation average = 0.666991 (1 samples)
	minimum = 0 (1 samples)
	maximum = 20 (1 samples)
Injected packet rate average = 0.00601758 (1 samples)
	minimum = 0.001375 (1 samples)
	maximum = 0.039125 (1 samples)
Accepted packet rate average = 0.00601172 (1 samples)
	minimum = 0.003125 (1 samples)
	maximum = 0.027625 (1 samples)
Injected flit rate average = 0.0240762 (1 samples)
	minimum = 0.0055 (1 samples)
	maximum = 0.1565 (1 samples)
Accepted flit rate average = 0.0240469 (1 samples)
	minimum = 0.0125 (1 samples)
	maximum = 0.1105 (1 samples)
Injected packet size average = 4.00097 (1 samples)
Accepted packet size average = 4 (1 samples)
Hops average = 4.56183 (1 samples)
Total run time 0.411874


[stderr]
