BEGIN Configuration File: /home/amirthalingam/edge_cloud_ml/dnn-noc-sim/results/resnet/configs/flatfly_rfdefault_vbdefault_ps4_r0p006_s3.cfg
topology = flatfly;
k = 4;
n = 2;
c = 4;
x = 4;
y = 4;
xr = 2;
yr = 2;
routing_function = ran_min;
num_vcs = 8;
vc_buf_size = 4;
subnets = 1;
injection_process = bernoulli;
sim_type = latency;
warmup_periods = 2;
sample_period = 2000;
max_samples = 6;
measure_stats = 1;
traffic = trace;
trace_traffic_file = /home/amirthalingam/edge_cloud_ml/dnn-noc-sim/results/traces/resnet_trace.txt;
trace_phase_cycles = {80,80,80,80,80,80,80,80,80,80,80,80,80,80,80,80,80,80,80,80,80,80,80,80,80,80,80,80,80,80,80,80,144,144,144,144,144,144,144,144,144,144,144,144,144,144,144,144,144,144,144,144,144,144,144,144,144,144,144,144,144,144,144,144,144,144,144,144,144,144,144,144,144,144,144,144,144,144,144,144,144,144,144,144,144,144,144,144,144,144,144,144,144,144,144,144,80,80,80,80,80,80,80,80,80,80,80,80,80,80,80,80,80,80,80,80,80,80,80,80,80,80,80,80,80,80,80,80,144,144,144,144,144,144,144,144,144,144,144,144,144,144,144,144,144,144,144,144,144,144,144,144,144,144,144,144,144,144,144,144,144,144,144,144,144,144,144,144,144,144,144,144,144,144,144,144,144,144,144,144,144,144,144,144,144,144,144,144,144,144,144,144,80,80,80,80,80,80,80,80,80,80,80,80,80,80,80,80,80,80,80,80,80,80,80,80,80,80,80,80,80,80,80,80,80,80,80,80,80,80,80,80,80,80,80,80,80,80,80,80,80,80,80,80,80,80,80,80,80,80,80,80,80,80,80,80,144,144,144,144,144,144,144,144,144,144,144,144,144,144,144,144,144,144,144,144,144,144,144,144,144,144,144,144,144,144,144,144,80,80,80,80,80,80,80,80,80,80,80,80,80,80,80,80,80,80,80,80,80,80,80,80,80,80,80,80,80,80,80,80,80,80,80,80,80,80,80,80,80,80,80,80,80,80,80,80,80,80,80,80,80,80,80,80,80,80,80,80,80,80,80,80,144,144,144,144,144,144,144,144,144,144,144,144,144,144,144,144,144,144,144,144,144,144,144,144,144,144,144,144,144,144,144,144,144,144,144,144,144,144,144,144,144,144,144,144,144,144,144,144,144,144,144,144,144,144,144,144,144,144,144,144,144,144,144,144,80,80,80,80,80,80,80,80,80,80,80,80,80,80,80,80,80,80,80,80,80,80,80,80,80,80,80,80,80,80,80,80,80,80,80,80,80,80,80,80,80,80,80,80,80,80,80,80,80,80,80,80,80,80,80,80,80,80,80,80,80,80,80,80,144,144,144,144,144,144,144,144,144,144,144,144,144,144,144,144,144,144,144,144,144,144,144,144,144,144,144,144,144,144,144,144,80,80,80,80,80,80,80,80,80,80,80,80,80,80,80,80,80,80,80,80,80,80,80,80,80,80,80,80,80,80,80,80,80,80,80,80,80,80,80,80,80,80,80,80,80,80,80,80,80,80,80,80,80,80,80,80,80,80,80,80,80,80,80,80,144,144,144,144,144,144,144,144,144,144,144,144,144,144,144,144,144,144,144,144,144,144,144,144,144,144,144,144,144,144,144,144,144,144,144,144,144,144,144,144,144,144,144,144,144,144,144,144,144,144,144,144,144,144,144,144,144,144,144,144,144,144,144,144,80,80,80,80,80,80,80,80,80,80,80,80,80,80,80,80,80,80,80,80,80,80,80,80,80,80,80,80,80,80,80,80,80,80,80,80,80,80,80,80,80,80,80,80,80,80,80,80,80,80,80,80,80,80,80,80,80,80,80,80,80,80,80,80,144,144,144,144,144,144,144,144,144,144,144,144,144,144,144,144,144,144,144,144,144,144,144,144,144,144,144,144,144,144,144,144,80,80,80,80,80,80,80,80,80,80,80,80,80,80,80,80,80,80,80,80,80,80,80,80,80,80,80,80,80,80,80,80,80,80,80,80,80,80,80,80,80,80,80,80,80,80,80,80,80,80,80,80,80,80,80,80,80,80,80,80,80,80,80,80,144,144,144,144,144,144,144,144,144,144,144,144,144,144,144,144,144,144,144,144,144,144,144,144,144,144,144,144,144,144,144,144,144,144,144,144,144,144,144,144,144,144,144,144,144,144,144,144,144,144,144,144,144,144,144,144,144,144,144,144,144,144,144,144,80,80,80,80,80,80,80,80,80,80,80,80,80,80,80,80,80,80,80,80,80,80,80,80,80,80,80,80,80,80,80,80,80,80,80,80,80,80,80,80,80};
trace_traffic_loop = 1;
trace_fallback_uniform = 0;
trace_injection_file = /home/amirthalingam/edge_cloud_ml/dnn-noc-sim/results/traces/resnet_trace.txt;
trace_injection_phase_cycles = {80,80,80,80,80,80,80,80,80,80,80,80,80,80,80,80,80,80,80,80,80,80,80,80,80,80,80,80,80,80,80,80,144,144,144,144,144,144,144,144,144,144,144,144,144,144,144,144,144,144,144,144,144,144,144,144,144,144,144,144,144,144,144,144,144,144,144,144,144,144,144,144,144,144,144,144,144,144,144,144,144,144,144,144,144,144,144,144,144,144,144,144,144,144,144,144,80,80,80,80,80,80,80,80,80,80,80,80,80,80,80,80,80,80,80,80,80,80,80,80,80,80,80,80,80,80,80,80,144,144,144,144,144,144,144,144,144,144,144,144,144,144,144,144,144,144,144,144,144,144,144,144,144,144,144,144,144,144,144,144,144,144,144,144,144,144,144,144,144,144,144,144,144,144,144,144,144,144,144,144,144,144,144,144,144,144,144,144,144,144,144,144,80,80,80,80,80,80,80,80,80,80,80,80,80,80,80,80,80,80,80,80,80,80,80,80,80,80,80,80,80,80,80,80,80,80,80,80,80,80,80,80,80,80,80,80,80,80,80,80,80,80,80,80,80,80,80,80,80,80,80,80,80,80,80,80,144,144,144,144,144,144,144,144,144,144,144,144,144,144,144,144,144,144,144,144,144,144,144,144,144,144,144,144,144,144,144,144,80,80,80,80,80,80,80,80,80,80,80,80,80,80,80,80,80,80,80,80,80,80,80,80,80,80,80,80,80,80,80,80,80,80,80,80,80,80,80,80,80,80,80,80,80,80,80,80,80,80,80,80,80,80,80,80,80,80,80,80,80,80,80,80,144,144,144,144,144,144,144,144,144,144,144,144,144,144,144,144,144,144,144,144,144,144,144,144,144,144,144,144,144,144,144,144,144,144,144,144,144,144,144,144,144,144,144,144,144,144,144,144,144,144,144,144,144,144,144,144,144,144,144,144,144,144,144,144,80,80,80,80,80,80,80,80,80,80,80,80,80,80,80,80,80,80,80,80,80,80,80,80,80,80,80,80,80,80,80,80,80,80,80,80,80,80,80,80,80,80,80,80,80,80,80,80,80,80,80,80,80,80,80,80,80,80,80,80,80,80,80,80,144,144,144,144,144,144,144,144,144,144,144,144,144,144,144,144,144,144,144,144,144,144,144,144,144,144,144,144,144,144,144,144,80,80,80,80,80,80,80,80,80,80,80,80,80,80,80,80,80,80,80,80,80,80,80,80,80,80,80,80,80,80,80,80,80,80,80,80,80,80,80,80,80,80,80,80,80,80,80,80,80,80,80,80,80,80,80,80,80,80,80,80,80,80,80,80,144,144,144,144,144,144,144,144,144,144,144,144,144,144,144,144,144,144,144,144,144,144,144,144,144,144,144,144,144,144,144,144,144,144,144,144,144,144,144,144,144,144,144,144,144,144,144,144,144,144,144,144,144,144,144,144,144,144,144,144,144,144,144,144,80,80,80,80,80,80,80,80,80,80,80,80,80,80,80,80,80,80,80,80,80,80,80,80,80,80,80,80,80,80,80,80,80,80,80,80,80,80,80,80,80,80,80,80,80,80,80,80,80,80,80,80,80,80,80,80,80,80,80,80,80,80,80,80,144,144,144,144,144,144,144,144,144,144,144,144,144,144,144,144,144,144,144,144,144,144,144,144,144,144,144,144,144,144,144,144,80,80,80,80,80,80,80,80,80,80,80,80,80,80,80,80,80,80,80,80,80,80,80,80,80,80,80,80,80,80,80,80,80,80,80,80,80,80,80,80,80,80,80,80,80,80,80,80,80,80,80,80,80,80,80,80,80,80,80,80,80,80,80,80,144,144,144,144,144,144,144,144,144,144,144,144,144,144,144,144,144,144,144,144,144,144,144,144,144,144,144,144,144,144,144,144,144,144,144,144,144,144,144,144,144,144,144,144,144,144,144,144,144,144,144,144,144,144,144,144,144,144,144,144,144,144,144,144,80,80,80,80,80,80,80,80,80,80,80,80,80,80,80,80,80,80,80,80,80,80,80,80,80,80,80,80,80,80,80,80,80,80,80,80,80,80,80,80,80};
trace_injection_loop = 1;
trace_injection_use_source_weights = 1;
packet_size = 4;
injection_rate = 0.0060;
injection_process = trace;
seed = 3;

END Configuration File: /home/amirthalingam/edge_cloud_ml/dnn-noc-sim/results/resnet/configs/flatfly_rfdefault_vbdefault_ps4_r0p006_s3.cfg
 Flat Bufferfly 
 k = 4 n = 2 c = 4
 each switch - total radix =  10
 # of switches = 16
 # of channels = 96
 # of nodes ( size of network ) = 64
Class 0:
Packet latency average = 23.3753
	minimum = 10
	maximum = 49
Network latency average = 22.5461
	minimum = 10
	maximum = 46
Slowest packet = 5
Flit latency average = 19.1055
	minimum = 7
	maximum = 43
Slowest flit = 22
Fragmentation average = 0.855014
	minimum = 0
	maximum = 14
Injected packet rate average = 0.00586719
	minimum = 0 (at node 2)
	maximum = 0.103 (at node 0)
Accepted packet rate average = 0.00576562
	minimum = 0 (at node 16)
	maximum = 0.032 (at node 12)
Injected flit rate average = 0.0234688
	minimum = 0 (at node 2)
	maximum = 0.412 (at node 0)
Accepted flit rate average= 0.0231094
	minimum = 0 (at node 16)
	maximum = 0.128 (at node 12)
Injected packet length average = 4
Accepted packet length average = 4.00813
Total in-flight flits = 46 (0 measured)
latency change    = 1
throughput change = 1
Class 0:
Packet latency average = 21.3269
	minimum = 10
	maximum = 49
Network latency average = 20.7578
	minimum = 10
	maximum = 47
Slowest packet = 5
Flit latency average = 17.3454
	minimum = 7
	maximum = 44
Slowest flit = 3299
Fragmentation average = 0.808074
	minimum = 0
	maximum = 14
Injected packet rate average = 0.00592578
	minimum = 0 (at node 24)
	maximum = 0.06625 (at node 0)
Accepted packet rate average = 0.00590234
	minimum = 0 (at node 16)
	maximum = 0.026 (at node 2)
Injected flit rate average = 0.0236992
	minimum = 0 (at node 24)
	maximum = 0.265 (at node 0)
Accepted flit rate average= 0.0236133
	minimum = 0 (at node 16)
	maximum = 0.104 (at node 2)
Injected packet length average = 3.99934
Accepted packet length average = 4.00066
Total in-flight flits = 23 (0 measured)
latency change    = 0.0960477
throughput change = 0.02134
Warmed up ...Time used is 4000 cycles
Class 0:
Packet latency average = 17.1111
	minimum = 10
	maximum = 32
Network latency average = 16.9651
	minimum = 10
	maximum = 32
Slowest packet = 2086
Flit latency average = 13.7047
	minimum = 7
	maximum = 29
Slowest flit = 8347
Fragmentation average = 0.52584
	minimum = 0
	maximum = 7
Injected packet rate average = 0.00610156
	minimum = 0 (at node 24)
	maximum = 0.027 (at node 11)
Accepted packet rate average = 0.00609375
	minimum = 0 (at node 16)
	maximum = 0.035 (at node 3)
Injected flit rate average = 0.0244141
	minimum = 0 (at node 24)
	maximum = 0.108 (at node 11)
Accepted flit rate average= 0.0243672
	minimum = 0 (at node 16)
	maximum = 0.1395 (at node 3)
Injected packet length average = 4.00128
Accepted packet length average = 3.99872
Total in-flight flits = 28 (28 measured)
latency change    = 0.246379
throughput change = 0.0309394
Class 0:
Packet latency average = 17.0826
	minimum = 10
	maximum = 33
Network latency average = 16.9616
	minimum = 10
	maximum = 33
Slowest packet = 2415
Flit latency average = 13.7099
	minimum = 7
	maximum = 30
Slowest flit = 9663
Fragmentation average = 0.505445
	minimum = 0
	maximum = 13
Injected packet rate average = 0.00612109
	minimum = 0 (at node 24)
	maximum = 0.0265 (at node 11)
Accepted packet rate average = 0.00612109
	minimum = 0 (at node 16)
	maximum = 0.029 (at node 8)
Injected flit rate average = 0.0244727
	minimum = 0 (at node 24)
	maximum = 0.106 (at node 11)
Accepted flit rate average= 0.0244961
	minimum = 0 (at node 16)
	maximum = 0.116 (at node 8)
Injected packet length average = 3.99809
Accepted packet length average = 4.00191
Total in-flight flits = 20 (20 measured)
latency change    = 0.00166671
throughput change = 0.00526232
Class 0:
Packet latency average = 17.0878
	minimum = 10
	maximum = 39
Network latency average = 16.9638
	minimum = 10
	maximum = 39
Slowest packet = 3150
Flit latency average = 13.6944
	minimum = 7
	maximum = 36
Slowest flit = 12603
Fragmentation average = 0.542857
	minimum = 0
	maximum = 15
Injected packet rate average = 0.0061224
	minimum = 0 (at node 24)
	maximum = 0.0273333 (at node 11)
Accepted packet rate average = 0.0061224
	minimum = 0 (at node 16)
	maximum = 0.0281667 (at node 8)
Injected flit rate average = 0.0244922
	minimum = 0 (at node 24)
	maximum = 0.109333 (at node 11)
Accepted flit rate average= 0.0245
	minimum = 0 (at node 16)
	maximum = 0.112667 (at node 8)
Injected packet length average = 4.00043
Accepted packet length average = 4.0017
Total in-flight flits = 19 (19 measured)
latency change    = 0.000304728
throughput change = 0.000159439
Class 0:
Packet latency average = 16.9112
	minimum = 10
	maximum = 39
Network latency average = 16.7804
	minimum = 10
	maximum = 39
Slowest packet = 3150
Flit latency average = 13.5226
	minimum = 7
	maximum = 36
Slowest flit = 12603
Fragmentation average = 0.515181
	minimum = 0
	maximum = 15
Injected packet rate average = 0.00611523
	minimum = 0 (at node 24)
	maximum = 0.0265 (at node 11)
Accepted packet rate average = 0.00612305
	minimum = 0 (at node 16)
	maximum = 0.027375 (at node 8)
Injected flit rate average = 0.0244629
	minimum = 0 (at node 24)
	maximum = 0.106 (at node 11)
Accepted flit rate average= 0.0244902
	minimum = 0 (at node 16)
	maximum = 0.1095 (at node 8)
Injected packet length average = 4.00032
Accepted packet length average = 3.99968
Total in-flight flits = 8 (8 measured)
latency change    = 0.0104483
throughput change = 0.000398756
Draining all recorded packets ...
Draining remaining packets ...
Time taken is 12024 cycles
====== Overall Traffic Statistics ======
====== Traffic class 0 ======
Packet latency average = 16.9087 (1 samples)
	minimum = 10 (1 samples)
	maximum = 39 (1 samples)
Network latency average = 16.778 (1 samples)
	minimum = 10 (1 samples)
	maximum = 39 (1 samples)
Flit latency average = 13.5119 (1 samples)
	minimum = 7 (1 samples)
	maximum = 36 (1 samples)
Fragmentation average = 0.514851 (1 samples)
	minimum = 0 (1 samples)
	maximum = 15 (1 samples)
Injected packet rate average = 0.00611523 (1 samples)
	minimum = 0 (1 samples)
	maximum = 0.0265 (1 samples)
Accepted packet rate average = 0.00612305 (1 samples)
	minimum = 0 (1 samples)
	maximum = 0.027375 (1 samples)
Injected flit rate average = 0.0244629 (1 samples)
	minimum = 0 (1 samples)
	maximum = 0.106 (1 samples)
Accepted flit rate average = 0.0244902 (1 samples)
	minimum = 0 (1 samples)
	maximum = 0.1095 (1 samples)
Injected packet size average = 4.00032 (1 samples)
Accepted packet size average = 3.99968 (1 samples)
Hops average = 1.84861 (1 samples)
Total run time 0.243702


[stderr]
