BEGIN Configuration File: /home/amirthalingam/edge_cloud_ml/dnn-noc-sim/results/resnet/configs/flatfly_rfdefault_vbdefault_ps4_r0p006_s5.cfg
topology = flatfly;
k = 4;
n = 2;
c = 4;
x = 4;
y = 4;
xr = 2;
yr = 2;
routing_function = ran_min;
num_vcs = 8;
vc_buf_size = 4;
subnets = 1;
injection_process = bernoulli;
sim_type = latency;
warmup_periods = 2;
sample_period = 2000;
max_samples = 6;
measure_stats = 1;
traffic = trace;
trace_traffic_file = /home/amirthalingam/edge_cloud_ml/dnn-noc-sim/results/traces/resnet_trace.txt;
trace_phase_cycles = {80,80,80,80,80,80,80,80,80,80,80,80,80,80,80,80,80,80,80,80,80,80,80,80,80,80,80,80,80,80,80,80,144,144,144,144,144,144,144,144,144,144,144,144,144,144,144,144,144,144,144,144,144,144,144,144,144,144,144,144,144,144,144,144,144,144,144,144,144,144,144,144,144,144,144,144,144,144,144,144,144,144,144,144,144,144,144,144,144,144,144,144,144,144,144,144,80,80,80,80,80,80,80,80,80,80,80,80,80,80,80,80,80,80,80,80,80,80,80,80,80,80,80,80,80,80,80,80,144,144,144,144,144,144,144,144,144,144,144,144,144,144,144,144,144,144,144,144,144,144,144,144,144,144,144,144,144,144,144,144,144,144,144,144,144,144,144,144,144,144,144,144,144,144,144,144,144,144,144,144,144,144,144,144,144,144,144,144,144,144,144,144,80,80,80,80,80,80,80,80,80,80,80,80,80,80,80,80,80,80,80,80,80,80,80,80,80,80,80,80,80,80,80,80,80,80,80,80,80,80,80,80,80,80,80,80,80,80,80,80,80,80,80,80,80,80,80,80,80,80,80,80,80,80,80,80,144,144,144,144,144,144,144,144,144,144,144,144,144,144,144,144,144,144,144,144,144,144,144,144,144,144,144,144,144,144,144,144,80,80,80,80,80,80,80,80,80,80,80,80,80,80,80,80,80,80,80,80,80,80,80,80,80,80,80,80,80,80,80,80,80,80,80,80,80,80,80,80,80,80,80,80,80,80,80,80,80,80,80,80,80,80,80,80,80,80,80,80,80,80,80,80,144,144,144,144,144,144,144,144,144,144,144,144,144,144,144,144,144,144,144,144,144,144,144,144,144,144,144,144,144,144,144,144,144,144,144,144,144,144,144,144,144,144,144,144,144,144,144,144,144,144,144,144,144,144,144,144,144,144,144,144,144,144,144,144,80,80,80,80,80,80,80,80,80,80,80,80,80,80,80,80,80,80,80,80,80,80,80,80,80,80,80,80,80,80,80,80,80,80,80,80,80,80,80,80,80,80,80,80,80,80,80,80,80,80,80,80,80,80,80,80,80,80,80,80,80,80,80,80,144,144,144,144,144,144,144,144,144,144,144,144,144,144,144,144,144,144,144,144,144,144,144,144,144,144,144,144,144,144,144,144,80,80,80,80,80,80,80,80,80,80,80,80,80,80,80,80,80,80,80,80,80,80,80,80,80,80,80,80,80,80,80,80,80,80,80,80,80,80,80,80,80,80,80,80,80,80,80,80,80,80,80,80,80,80,80,80,80,80,80,80,80,80,80,80,144,144,144,144,144,144,144,144,144,144,144,144,144,144,144,144,144,144,144,144,144,144,144,144,144,144,144,144,144,144,144,144,144,144,144,144,144,144,144,144,144,144,144,144,144,144,144,144,144,144,144,144,144,144,144,144,144,144,144,144,144,144,144,144,80,80,80,80,80,80,80,80,80,80,80,80,80,80,80,80,80,80,80,80,80,80,80,80,80,80,80,80,80,80,80,80,80,80,80,80,80,80,80,80,80,80,80,80,80,80,80,80,80,80,80,80,80,80,80,80,80,80,80,80,80,80,80,80,144,144,144,144,144,144,144,144,144,144,144,144,144,144,144,144,144,144,144,144,144,144,144,144,144,144,144,144,144,144,144,144,80,80,80,80,80,80,80,80,80,80,80,80,80,80,80,80,80,80,80,80,80,80,80,80,80,80,80,80,80,80,80,80,80,80,80,80,80,80,80,80,80,80,80,80,80,80,80,80,80,80,80,80,80,80,80,80,80,80,80,80,80,80,80,80,144,144,144,144,144,144,144,144,144,144,144,144,144,144,144,144,144,144,144,144,144,144,144,144,144,144,144,144,144,144,144,144,144,144,144,144,144,144,144,144,144,144,144,144,144,144,144,144,144,144,144,144,144,144,144,144,144,144,144,144,144,144,144,144,80,80,80,80,80,80,80,80,80,80,80,80,80,80,80,80,80,80,80,80,80,80,80,80,80,80,80,80,80,80,80,80,80,80,80,80,80,80,80,80,80};
trace_traffic_loop = 1;
trace_fallback_uniform = 0;
trace_injection_file = /home/amirthalingam/edge_cloud_ml/dnn-noc-sim/results/traces/resnet_trace.txt;
trace_injection_phase_cycles = {80,80,80,80,80,80,80,80,80,80,80,80,80,80,80,80,80,80,80,80,80,80,80,80,80,80,80,80,80,80,80,80,144,144,144,144,144,144,144,144,144,144,144,144,144,144,144,144,144,144,144,144,144,144,144,144,144,144,144,144,144,144,144,144,144,144,144,144,144,144,144,144,144,144,144,144,144,144,144,144,144,144,144,144,144,144,144,144,144,144,144,144,144,144,144,144,80,80,80,80,80,80,80,80,80,80,80,80,80,80,80,80,80,80,80,80,80,80,80,80,80,80,80,80,80,80,80,80,144,144,144,144,144,144,144,144,144,144,144,144,144,144,144,144,144,144,144,144,144,144,144,144,144,144,144,144,144,144,144,144,144,144,144,144,144,144,144,144,144,144,144,144,144,144,144,144,144,144,144,144,144,144,144,144,144,144,144,144,144,144,144,144,80,80,80,80,80,80,80,80,80,80,80,80,80,80,80,80,80,80,80,80,80,80,80,80,80,80,80,80,80,80,80,80,80,80,80,80,80,80,80,80,80,80,80,80,80,80,80,80,80,80,80,80,80,80,80,80,80,80,80,80,80,80,80,80,144,144,144,144,144,144,144,144,144,144,144,144,144,144,144,144,144,144,144,144,144,144,144,144,144,144,144,144,144,144,144,144,80,80,80,80,80,80,80,80,80,80,80,80,80,80,80,80,80,80,80,80,80,80,80,80,80,80,80,80,80,80,80,80,80,80,80,80,80,80,80,80,80,80,80,80,80,80,80,80,80,80,80,80,80,80,80,80,80,80,80,80,80,80,80,80,144,144,144,144,144,144,144,144,144,144,144,144,144,144,144,144,144,144,144,144,144,144,144,144,144,144,144,144,144,144,144,144,144,144,144,144,144,144,144,144,144,144,144,144,144,144,144,144,144,144,144,144,144,144,144,144,144,144,144,144,144,144,144,144,80,80,80,80,80,80,80,80,80,80,80,80,80,80,80,80,80,80,80,80,80,80,80,80,80,80,80,80,80,80,80,80,80,80,80,80,80,80,80,80,80,80,80,80,80,80,80,80,80,80,80,80,80,80,80,80,80,80,80,80,80,80,80,80,144,144,144,144,144,144,144,144,144,144,144,144,144,144,144,144,144,144,144,144,144,144,144,144,144,144,144,144,144,144,144,144,80,80,80,80,80,80,80,80,80,80,80,80,80,80,80,80,80,80,80,80,80,80,80,80,80,80,80,80,80,80,80,80,80,80,80,80,80,80,80,80,80,80,80,80,80,80,80,80,80,80,80,80,80,80,80,80,80,80,80,80,80,80,80,80,144,144,144,144,144,144,144,144,144,144,144,144,144,144,144,144,144,144,144,144,144,144,144,144,144,144,144,144,144,144,144,144,144,144,144,144,144,144,144,144,144,144,144,144,144,144,144,144,144,144,144,144,144,144,144,144,144,144,144,144,144,144,144,144,80,80,80,80,80,80,80,80,80,80,80,80,80,80,80,80,80,80,80,80,80,80,80,80,80,80,80,80,80,80,80,80,80,80,80,80,80,80,80,80,80,80,80,80,80,80,80,80,80,80,80,80,80,80,80,80,80,80,80,80,80,80,80,80,144,144,144,144,144,144,144,144,144,144,144,144,144,144,144,144,144,144,144,144,144,144,144,144,144,144,144,144,144,144,144,144,80,80,80,80,80,80,80,80,80,80,80,80,80,80,80,80,80,80,80,80,80,80,80,80,80,80,80,80,80,80,80,80,80,80,80,80,80,80,80,80,80,80,80,80,80,80,80,80,80,80,80,80,80,80,80,80,80,80,80,80,80,80,80,80,144,144,144,144,144,144,144,144,144,144,144,144,144,144,144,144,144,144,144,144,144,144,144,144,144,144,144,144,144,144,144,144,144,144,144,144,144,144,144,144,144,144,144,144,144,144,144,144,144,144,144,144,144,144,144,144,144,144,144,144,144,144,144,144,80,80,80,80,80,80,80,80,80,80,80,80,80,80,80,80,80,80,80,80,80,80,80,80,80,80,80,80,80,80,80,80,80,80,80,80,80,80,80,80,80};
trace_injection_loop = 1;
trace_injection_use_source_weights = 1;
packet_size = 4;
injection_rate = 0.0060;
injection_process = trace;
seed = 5;

END Configuration File: /home/amirthalingam/edge_cloud_ml/dnn-noc-sim/results/resnet/configs/flatfly_rfdefault_vbdefault_ps4_r0p006_s5.cfg
 Flat Bufferfly 
 k = 4 n = 2 c = 4
 each switch - total radix =  10
 # of switches = 16
 # of channels = 96
 # of nodes ( size of network ) = 64
Class 0:
Packet latency average = 23.5497
	minimum = 10
	maximum = 50
Network latency average = 22.6868
	minimum = 10
	maximum = 48
Slowest packet = 219
Flit latency average = 19.2594
	minimum = 7
	maximum = 45
Slowest flit = 879
Fragmentation average = 0.833333
	minimum = 0
	maximum = 14
Injected packet rate average = 0.005875
	minimum = 0 (at node 1)
	maximum = 0.0995 (at node 63)
Accepted packet rate average = 0.0058125
	minimum = 0 (at node 16)
	maximum = 0.0295 (at node 7)
Injected flit rate average = 0.0234922
	minimum = 0 (at node 1)
	maximum = 0.3975 (at node 63)
Accepted flit rate average= 0.02325
	minimum = 0 (at node 16)
	maximum = 0.118 (at node 7)
Injected packet length average = 3.99867
Accepted packet length average = 4
Total in-flight flits = 32 (0 measured)
latency change    = 1
throughput change = 1
Class 0:
Packet latency average = 21.2689
	minimum = 10
	maximum = 50
Network latency average = 20.7121
	minimum = 10
	maximum = 48
Slowest packet = 219
Flit latency average = 17.3405
	minimum = 7
	maximum = 45
Slowest flit = 879
Fragmentation average = 0.719344
	minimum = 0
	maximum = 14
Injected packet rate average = 0.00599609
	minimum = 0 (at node 24)
	maximum = 0.06925 (at node 7)
Accepted packet rate average = 0.00595703
	minimum = 0 (at node 16)
	maximum = 0.028 (at node 2)
Injected flit rate average = 0.0239531
	minimum = 0 (at node 24)
	maximum = 0.277 (at node 7)
Accepted flit rate average= 0.0238477
	minimum = 0 (at node 16)
	maximum = 0.112 (at node 2)
Injected packet length average = 3.99479
Accepted packet length average = 4.00328
Total in-flight flits = 35 (0 measured)
latency change    = 0.10724
throughput change = 0.0250614
Warmed up ...Time used is 4000 cycles
Class 0:
Packet latency average = 17.0221
	minimum = 10
	maximum = 35
Network latency average = 16.9246
	minimum = 10
	maximum = 35
Slowest packet = 1889
Flit latency average = 13.6945
	minimum = 7
	maximum = 32
Slowest flit = 7557
Fragmentation average = 0.473342
	minimum = 0
	maximum = 8
Injected packet rate average = 0.00605469
	minimum = 0 (at node 24)
	maximum = 0.0265 (at node 12)
Accepted packet rate average = 0.00608594
	minimum = 0 (at node 16)
	maximum = 0.0305 (at node 3)
Injected flit rate average = 0.0242813
	minimum = 0 (at node 24)
	maximum = 0.106 (at node 12)
Accepted flit rate average= 0.0243203
	minimum = 0 (at node 16)
	maximum = 0.1225 (at node 3)
Injected packet length average = 4.01032
Accepted packet length average = 3.99615
Total in-flight flits = 22 (22 measured)
latency change    = 0.249484
throughput change = 0.0194346
Class 0:
Packet latency average = 16.9376
	minimum = 10
	maximum = 35
Network latency average = 16.8239
	minimum = 10
	maximum = 35
Slowest packet = 1889
Flit latency average = 13.5975
	minimum = 7
	maximum = 32
Slowest flit = 7557
Fragmentation average = 0.463938
	minimum = 0
	maximum = 8
Injected packet rate average = 0.00605078
	minimum = 0 (at node 24)
	maximum = 0.0265 (at node 14)
Accepted packet rate average = 0.00605078
	minimum = 0 (at node 16)
	maximum = 0.0295 (at node 3)
Injected flit rate average = 0.0242148
	minimum = 0 (at node 24)
	maximum = 0.10675 (at node 14)
Accepted flit rate average= 0.0241953
	minimum = 0 (at node 16)
	maximum = 0.118 (at node 3)
Injected packet length average = 4.00194
Accepted packet length average = 3.99871
Total in-flight flits = 37 (37 measured)
latency change    = 0.004988
throughput change = 0.00516629
Class 0:
Packet latency average = 17.0541
	minimum = 10
	maximum = 36
Network latency average = 16.9437
	minimum = 10
	maximum = 35
Slowest packet = 1889
Flit latency average = 13.6907
	minimum = 7
	maximum = 32
Slowest flit = 7557
Fragmentation average = 0.507359
	minimum = 0
	maximum = 8
Injected packet rate average = 0.00602604
	minimum = 0 (at node 24)
	maximum = 0.0266667 (at node 11)
Accepted packet rate average = 0.00604167
	minimum = 0 (at node 16)
	maximum = 0.0275 (at node 4)
Injected flit rate average = 0.0241172
	minimum = 0 (at node 24)
	maximum = 0.106667 (at node 11)
Accepted flit rate average= 0.0241536
	minimum = 0 (at node 16)
	maximum = 0.11 (at node 4)
Injected packet length average = 4.00216
Accepted packet length average = 3.99784
Total in-flight flits = 16 (16 measured)
latency change    = 0.00683065
throughput change = 0.00172507
Class 0:
Packet latency average = 16.9145
	minimum = 10
	maximum = 36
Network latency average = 16.8019
	minimum = 10
	maximum = 35
Slowest packet = 1889
Flit latency average = 13.5421
	minimum = 7
	maximum = 32
Slowest flit = 7557
Fragmentation average = 0.518991
	minimum = 0
	maximum = 8
Injected packet rate average = 0.00597266
	minimum = 0 (at node 24)
	maximum = 0.02575 (at node 11)
Accepted packet rate average = 0.00598438
	minimum = 0 (at node 16)
	maximum = 0.02725 (at node 4)
Injected flit rate average = 0.0239004
	minimum = 0 (at node 24)
	maximum = 0.103 (at node 11)
Accepted flit rate average= 0.0239316
	minimum = 0 (at node 16)
	maximum = 0.109 (at node 4)
Injected packet length average = 4.00164
Accepted packet length average = 3.99902
Total in-flight flits = 14 (14 measured)
latency change    = 0.00825173
throughput change = 0.00927664
Draining all recorded packets ...
Draining remaining packets ...
Time taken is 12032 cycles
====== Overall Traffic Statistics ======
====== Traffic class 0 ======
Packet latency average = 16.9094 (1 samples)
	minimum = 10 (1 samples)
	maximum = 36 (1 samples)
Network latency average = 16.7969 (1 samples)
	minimum = 10 (1 samples)
	maximum = 35 (1 samples)
Flit latency average = 13.5345 (1 samples)
	minimum = 7 (1 samples)
	maximum = 32 (1 samples)
Fragmentation average = 0.518313 (1 samples)
	minimum = 0 (1 samples)
	maximum = 8 (1 samples)
Injected packet rate average = 0.00597266 (1 samples)
	minimum = 0 (1 samples)
	maximum = 0.02575 (1 samples)
Accepted packet rate average = 0.00598438 (1 samples)
	minimum = 0 (1 samples)
	maximum = 0.02725 (1 samples)
Injected flit rate average = 0.0239004 (1 samples)
	minimum = 0 (1 samples)
	maximum = 0.103 (1 samples)
Accepted flit rate average = 0.0239316 (1 samples)
	minimum = 0 (1 samples)
	maximum = 0.109 (1 samples)
Injected packet size average = 4.00164 (1 samples)
Accepted packet size average = 3.99902 (1 samples)
Hops average = 1.84271 (1 samples)
Total run time 0.213406


[stderr]
