BEGIN Configuration File: /home/amirthalingam/edge_cloud_ml/dnn-noc-sim/results/resnet/configs/flatfly_rfdefault_vbdefault_ps4_r0p006_s1.cfg
topology = flatfly;
k = 4;
n = 2;
c = 4;
x = 4;
y = 4;
xr = 2;
yr = 2;
routing_function = ran_min;
num_vcs = 8;
vc_buf_size = 4;
subnets = 1;
injection_process = bernoulli;
sim_type = latency;
warmup_periods = 2;
sample_period = 2000;
max_samples = 6;
measure_stats = 1;
traffic = trace;
trace_traffic_file = /home/amirthalingam/edge_cloud_ml/dnn-noc-sim/results/traces/resnet_trace.txt;
trace_phase_cycles = {80,80,80,80,80,80,80,80,80,80,80,80,80,80,80,80,80,80,80,80,80,80,80,80,80,80,80,80,80,80,80,80,144,144,144,144,144,144,144,144,144,144,144,144,144,144,144,144,144,144,144,144,144,144,144,144,144,144,144,144,144,144,144,144,144,144,144,144,144,144,144,144,144,144,144,144,144,144,144,144,144,144,144,144,144,144,144,144,144,144,144,144,144,144,144,144,80,80,80,80,80,80,80,80,80,80,80,80,80,80,80,80,80,80,80,80,80,80,80,80,80,80,80,80,80,80,80,80,144,144,144,144,144,144,144,144,144,144,144,144,144,144,144,144,144,144,144,144,144,144,144,144,144,144,144,144,144,144,144,144,144,144,144,144,144,144,144,144,144,144,144,144,144,144,144,144,144,144,144,144,144,144,144,144,144,144,144,144,144,144,144,144,80,80,80,80,80,80,80,80,80,80,80,80,80,80,80,80,80,80,80,80,80,80,80,80,80,80,80,80,80,80,80,80,80,80,80,80,80,80,80,80,80,80,80,80,80,80,80,80,80,80,80,80,80,80,80,80,80,80,80,80,80,80,80,80,144,144,144,144,144,144,144,144,144,144,144,144,144,144,144,144,144,144,144,144,144,144,144,144,144,144,144,144,144,144,144,144,80,80,80,80,80,80,80,80,80,80,80,80,80,80,80,80,80,80,80,80,80,80,80,80,80,80,80,80,80,80,80,80,80,80,80,80,80,80,80,80,80,80,80,80,80,80,80,80,80,80,80,80,80,80,80,80,80,80,80,80,80,80,80,80,144,144,144,144,144,144,144,144,144,144,144,144,144,144,144,144,144,144,144,144,144,144,144,144,144,144,144,144,144,144,144,144,144,144,144,144,144,144,144,144,144,144,144,144,144,144,144,144,144,144,144,144,144,144,144,144,144,144,144,144,144,144,144,144,80,80,80,80,80,80,80,80,80,80,80,80,80,80,80,80,80,80,80,80,80,80,80,80,80,80,80,80,80,80,80,80,80,80,80,80,80,80,80,80,80,80,80,80,80,80,80,80,80,80,80,80,80,80,80,80,80,80,80,80,80,80,80,80,144,144,144,144,144,144,144,144,144,144,144,144,144,144,144,144,144,144,144,144,144,144,144,144,144,144,144,144,144,144,144,144,80,80,80,80,80,80,80,80,80,80,80,80,80,80,80,80,80,80,80,80,80,80,80,80,80,80,80,80,80,80,80,80,80,80,80,80,80,80,80,80,80,80,80,80,80,80,80,80,80,80,80,80,80,80,80,80,80,80,80,80,80,80,80,80,144,144,144,144,144,144,144,144,144,144,144,144,144,144,144,144,144,144,144,144,144,144,144,144,144,144,144,144,144,144,144,144,144,144,144,144,144,144,144,144,144,144,144,144,144,144,144,144,144,144,144,144,144,144,144,144,144,144,144,144,144,144,144,144,80,80,80,80,80,80,80,80,80,80,80,80,80,80,80,80,80,80,80,80,80,80,80,80,80,80,80,80,80,80,80,80,80,80,80,80,80,80,80,80,80,80,80,80,80,80,80,80,80,80,80,80,80,80,80,80,80,80,80,80,80,80,80,80,144,144,144,144,144,144,144,144,144,144,144,144,144,144,144,144,144,144,144,144,144,144,144,144,144,144,144,144,144,144,144,144,80,80,80,80,80,80,80,80,80,80,80,80,80,80,80,80,80,80,80,80,80,80,80,80,80,80,80,80,80,80,80,80,80,80,80,80,80,80,80,80,80,80,80,80,80,80,80,80,80,80,80,80,80,80,80,80,80,80,80,80,80,80,80,80,144,144,144,144,144,144,144,144,144,144,144,144,144,144,144,144,144,144,144,144,144,144,144,144,144,144,144,144,144,144,144,144,144,144,144,144,144,144,144,144,144,144,144,144,144,144,144,144,144,144,144,144,144,144,144,144,144,144,144,144,144,144,144,144,80,80,80,80,80,80,80,80,80,80,80,80,80,80,80,80,80,80,80,80,80,80,80,80,80,80,80,80,80,80,80,80,80,80,80,80,80,80,80,80,80};
trace_traffic_loop = 1;
trace_fallback_uniform = 0;
trace_injection_file = /home/amirthalingam/edge_cloud_ml/dnn-noc-sim/results/traces/resnet_trace.txt;
trace_injection_phase_cycles = {80,80,80,80,80,80,80,80,80,80,80,80,80,80,80,80,80,80,80,80,80,80,80,80,80,80,80,80,80,80,80,80,144,144,144,144,144,144,144,144,144,144,144,144,144,144,144,144,144,144,144,144,144,144,144,144,144,144,144,144,144,144,144,144,144,144,144,144,144,144,144,144,144,144,144,144,144,144,144,144,144,144,144,144,144,144,144,144,144,144,144,144,144,144,144,144,80,80,80,80,80,80,80,80,80,80,80,80,80,80,80,80,80,80,80,80,80,80,80,80,80,80,80,80,80,80,80,80,144,144,144,144,144,144,144,144,144,144,144,144,144,144,144,144,144,144,144,144,144,144,144,144,144,144,144,144,144,144,144,144,144,144,144,144,144,144,144,144,144,144,144,144,144,144,144,144,144,144,144,144,144,144,144,144,144,144,144,144,144,144,144,144,80,80,80,80,80,80,80,80,80,80,80,80,80,80,80,80,80,80,80,80,80,80,80,80,80,80,80,80,80,80,80,80,80,80,80,80,80,80,80,80,80,80,80,80,80,80,80,80,80,80,80,80,80,80,80,80,80,80,80,80,80,80,80,80,144,144,144,144,144,144,144,144,144,144,144,144,144,144,144,144,144,144,144,144,144,144,144,144,144,144,144,144,144,144,144,144,80,80,80,80,80,80,80,80,80,80,80,80,80,80,80,80,80,80,80,80,80,80,80,80,80,80,80,80,80,80,80,80,80,80,80,80,80,80,80,80,80,80,80,80,80,80,80,80,80,80,80,80,80,80,80,80,80,80,80,80,80,80,80,80,144,144,144,144,144,144,144,144,144,144,144,144,144,144,144,144,144,144,144,144,144,144,144,144,144,144,144,144,144,144,144,144,144,144,144,144,144,144,144,144,144,144,144,144,144,144,144,144,144,144,144,144,144,144,144,144,144,144,144,144,144,144,144,144,80,80,80,80,80,80,80,80,80,80,80,80,80,80,80,80,80,80,80,80,80,80,80,80,80,80,80,80,80,80,80,80,80,80,80,80,80,80,80,80,80,80,80,80,80,80,80,80,80,80,80,80,80,80,80,80,80,80,80,80,80,80,80,80,144,144,144,144,144,144,144,144,144,144,144,144,144,144,144,144,144,144,144,144,144,144,144,144,144,144,144,144,144,144,144,144,80,80,80,80,80,80,80,80,80,80,80,80,80,80,80,80,80,80,80,80,80,80,80,80,80,80,80,80,80,80,80,80,80,80,80,80,80,80,80,80,80,80,80,80,80,80,80,80,80,80,80,80,80,80,80,80,80,80,80,80,80,80,80,80,144,144,144,144,144,144,144,144,144,144,144,144,144,144,144,144,144,144,144,144,144,144,144,144,144,144,144,144,144,144,144,144,144,144,144,144,144,144,144,144,144,144,144,144,144,144,144,144,144,144,144,144,144,144,144,144,144,144,144,144,144,144,144,144,80,80,80,80,80,80,80,80,80,80,80,80,80,80,80,80,80,80,80,80,80,80,80,80,80,80,80,80,80,80,80,80,80,80,80,80,80,80,80,80,80,80,80,80,80,80,80,80,80,80,80,80,80,80,80,80,80,80,80,80,80,80,80,80,144,144,144,144,144,144,144,144,144,144,144,144,144,144,144,144,144,144,144,144,144,144,144,144,144,144,144,144,144,144,144,144,80,80,80,80,80,80,80,80,80,80,80,80,80,80,80,80,80,80,80,80,80,80,80,80,80,80,80,80,80,80,80,80,80,80,80,80,80,80,80,80,80,80,80,80,80,80,80,80,80,80,80,80,80,80,80,80,80,80,80,80,80,80,80,80,144,144,144,144,144,144,144,144,144,144,144,144,144,144,144,144,144,144,144,144,144,144,144,144,144,144,144,144,144,144,144,144,144,144,144,144,144,144,144,144,144,144,144,144,144,144,144,144,144,144,144,144,144,144,144,144,144,144,144,144,144,144,144,144,80,80,80,80,80,80,80,80,80,80,80,80,80,80,80,80,80,80,80,80,80,80,80,80,80,80,80,80,80,80,80,80,80,80,80,80,80,80,80,80,80};
trace_injection_loop = 1;
trace_injection_use_source_weights = 1;
packet_size = 4;
injection_rate = 0.0060;
injection_process = trace;
seed = 1;

END Configuration File: /home/amirthalingam/edge_cloud_ml/dnn-noc-sim/results/resnet/configs/flatfly_rfdefault_vbdefault_ps4_r0p006_s1.cfg
 Flat Bufferfly 
 k = 4 n = 2 c = 4
 each switch - total radix =  10
 # of switches = 16
 # of channels = 96
 # of nodes ( size of network ) = 64
Class 0:
Packet latency average = 23.3927
	minimum = 10
	maximum = 56
Network latency average = 22.4603
	minimum = 10
	maximum = 48
Slowest packet = 57
Flit latency average = 19.0312
	minimum = 7
	maximum = 45
Slowest flit = 2327
Fragmentation average = 0.843953
	minimum = 0
	maximum = 22
Injected packet rate average = 0.00603906
	minimum = 0 (at node 3)
	maximum = 0.099 (at node 0)
Accepted packet rate average = 0.00600781
	minimum = 0 (at node 16)
	maximum = 0.031 (at node 11)
Injected flit rate average = 0.0241563
	minimum = 0 (at node 3)
	maximum = 0.396 (at node 0)
Accepted flit rate average= 0.0240547
	minimum = 0 (at node 16)
	maximum = 0.124 (at node 11)
Injected packet length average = 4
Accepted packet length average = 4.0039
Total in-flight flits = 13 (0 measured)
latency change    = 1
throughput change = 1
Class 0:
Packet latency average = 21.124
	minimum = 10
	maximum = 56
Network latency average = 20.4993
	minimum = 10
	maximum = 49
Slowest packet = 57
Flit latency average = 17.1094
	minimum = 7
	maximum = 46
Slowest flit = 3271
Fragmentation average = 0.765666
	minimum = 0
	maximum = 22
Injected packet rate average = 0.00599609
	minimum = 0 (at node 24)
	maximum = 0.06675 (at node 7)
Accepted packet rate average = 0.00598438
	minimum = 0 (at node 16)
	maximum = 0.02775 (at node 2)
Injected flit rate average = 0.0239844
	minimum = 0 (at node 24)
	maximum = 0.267 (at node 7)
Accepted flit rate average= 0.0239648
	minimum = 0 (at node 16)
	maximum = 0.111 (at node 2)
Injected packet length average = 4
Accepted packet length average = 4.00457
Total in-flight flits = 5 (0 measured)
latency change    = 0.107399
throughput change = 0.00374898
Warmed up ...Time used is 4000 cycles
Class 0:
Packet latency average = 17.3931
	minimum = 10
	maximum = 32
Network latency average = 17.2309
	minimum = 10
	maximum = 32
Slowest packet = 2128
Flit latency average = 13.9793
	minimum = 7
	maximum = 29
Slowest flit = 8512
Fragmentation average = 0.532982
	minimum = 0
	maximum = 10
Injected packet rate average = 0.00596875
	minimum = 0 (at node 24)
	maximum = 0.026 (at node 3)
Accepted packet rate average = 0.00594531
	minimum = 0 (at node 16)
	maximum = 0.03 (at node 11)
Injected flit rate average = 0.0238359
	minimum = 0 (at node 24)
	maximum = 0.104 (at node 3)
Accepted flit rate average= 0.02375
	minimum = 0 (at node 16)
	maximum = 0.12 (at node 11)
Injected packet length average = 3.99346
Accepted packet length average = 3.99474
Total in-flight flits = 21 (21 measured)
latency change    = 0.214503
throughput change = 0.00904605
Class 0:
Packet latency average = 17.3182
	minimum = 10
	maximum = 33
Network latency average = 17.176
	minimum = 10
	maximum = 33
Slowest packet = 2721
Flit latency average = 13.9031
	minimum = 7
	maximum = 30
Slowest flit = 10887
Fragmentation average = 0.55
	minimum = 0
	maximum = 10
Injected packet rate average = 0.00603906
	minimum = 0 (at node 24)
	maximum = 0.0265 (at node 14)
Accepted packet rate average = 0.00602734
	minimum = 0 (at node 16)
	maximum = 0.02825 (at node 11)
Injected flit rate average = 0.0241563
	minimum = 0 (at node 24)
	maximum = 0.106 (at node 14)
Accepted flit rate average= 0.0241055
	minimum = 0 (at node 16)
	maximum = 0.113 (at node 11)
Injected packet length average = 4
Accepted packet length average = 3.99935
Total in-flight flits = 18 (18 measured)
latency change    = 0.00432828
throughput change = 0.0147464
Class 0:
Packet latency average = 17.2018
	minimum = 10
	maximum = 33
Network latency average = 17.075
	minimum = 10
	maximum = 33
Slowest packet = 2721
Flit latency average = 13.8022
	minimum = 7
	maximum = 30
Slowest flit = 10887
Fragmentation average = 0.553752
	minimum = 0
	maximum = 11
Injected packet rate average = 0.00594271
	minimum = 0 (at node 24)
	maximum = 0.0261667 (at node 14)
Accepted packet rate average = 0.00594271
	minimum = 0 (at node 16)
	maximum = 0.0266667 (at node 11)
Injected flit rate average = 0.0237708
	minimum = 0 (at node 24)
	maximum = 0.104667 (at node 14)
Accepted flit rate average= 0.0237526
	minimum = 0 (at node 16)
	maximum = 0.106667 (at node 11)
Injected packet length average = 4
Accepted packet length average = 3.99693
Total in-flight flits = 12 (12 measured)
latency change    = 0.00676317
throughput change = 0.0148558
Class 0:
Packet latency average = 17.0751
	minimum = 10
	maximum = 33
Network latency average = 16.9526
	minimum = 10
	maximum = 33
Slowest packet = 2721
Flit latency average = 13.6818
	minimum = 7
	maximum = 30
Slowest flit = 10887
Fragmentation average = 0.549314
	minimum = 0
	maximum = 11
Injected packet rate average = 0.00598828
	minimum = 0 (at node 24)
	maximum = 0.025875 (at node 14)
Accepted packet rate average = 0.00598633
	minimum = 0 (at node 16)
	maximum = 0.0275 (at node 13)
Injected flit rate average = 0.0239492
	minimum = 0 (at node 24)
	maximum = 0.1035 (at node 14)
Accepted flit rate average= 0.0239355
	minimum = 0 (at node 16)
	maximum = 0.11 (at node 13)
Injected packet length average = 3.99935
Accepted packet length average = 3.99837
Total in-flight flits = 14 (14 measured)
latency change    = 0.00742183
throughput change = 0.00764314
Draining all recorded packets ...
Draining remaining packets ...
Time taken is 12020 cycles
====== Overall Traffic Statistics ======
====== Traffic class 0 ======
Packet latency average = 17.0731 (1 samples)
	minimum = 10 (1 samples)
	maximum = 33 (1 samples)
Network latency average = 16.9508 (1 samples)
	minimum = 10 (1 samples)
	maximum = 33 (1 samples)
Flit latency average = 13.6738 (1 samples)
	minimum = 7 (1 samples)
	maximum = 30 (1 samples)
Fragmentation average = 0.548598 (1 samples)
	minimum = 0 (1 samples)
	maximum = 11 (1 samples)
Injected packet rate average = 0.00598828 (1 samples)
	minimum = 0 (1 samples)
	maximum = 0.025875 (1 samples)
Accepted packet rate average = 0.00598633 (1 samples)
	minimum = 0 (1 samples)
	maximum = 0.0275 (1 samples)
Injected flit rate average = 0.0239492 (1 samples)
	minimum = 0 (1 samples)
	maximum = 0.1035 (1 samples)
Accepted flit rate average = 0.0239355 (1 samples)
	minimum = 0 (1 samples)
	maximum = 0.11 (1 samples)
Injected packet size average = 3.99935 (1 samples)
Accepted packet size average = 3.99837 (1 samples)
Hops average = 1.86171 (1 samples)
Total run time 0.250794


[stderr]
