BEGIN Configuration File: /home/amirthalingam/edge_cloud_ml/dnn-noc-sim/results/resnet/configs/flatfly_rfdefault_vbdefault_ps4_r0p006_s2.cfg
topology = flatfly;
k = 4;
n = 2;
c = 4;
x = 4;
y = 4;
xr = 2;
yr = 2;
routing_function = ran_min;
num_vcs = 8;
vc_buf_size = 4;
subnets = 1;
injection_process = bernoulli;
sim_type = latency;
warmup_periods = 2;
sample_period = 2000;
max_samples = 6;
measure_stats = 1;
traffic = trace;
trace_traffic_file = /home/amirthalingam/edge_cloud_ml/dnn-noc-sim/results/traces/resnet_trace.txt;
trace_phase_cycles = {80,80,80,80,80,80,80,80,80,80,80,80,80,80,80,80,80,80,80,80,80,80,80,80,80,80,80,80,80,80,80,80,144,144,144,144,144,144,144,144,144,144,144,144,144,144,144,144,144,144,144,144,144,144,144,144,144,144,144,144,144,144,144,144,144,144,144,144,144,144,144,144,144,144,144,144,144,144,144,144,144,144,144,144,144,144,144,144,144,144,144,144,144,144,144,144,80,80,80,80,80,80,80,80,80,80,80,80,80,80,80,80,80,80,80,80,80,80,80,80,80,80,80,80,80,80,80,80,144,144,144,144,144,144,144,144,144,144,144,144,144,144,144,144,144,144,144,144,144,144,144,144,144,144,144,144,144,144,144,144,144,144,144,144,144,144,144,144,144,144,144,144,144,144,144,144,144,144,144,144,144,144,144,144,144,144,144,144,144,144,144,144,80,80,80,80,80,80,80,80,80,80,80,80,80,80,80,80,80,80,80,80,80,80,80,80,80,80,80,80,80,80,80,80,80,80,80,80,80,80,80,80,80,80,80,80,80,80,80,80,80,80,80,80,80,80,80,80,80,80,80,80,80,80,80,80,144,144,144,144,144,144,144,144,144,144,144,144,144,144,144,144,144,144,144,144,144,144,144,144,144,144,144,144,144,144,144,144,80,80,80,80,80,80,80,80,80,80,80,80,80,80,80,80,80,80,80,80,80,80,80,80,80,80,80,80,80,80,80,80,80,80,80,80,80,80,80,80,80,80,80,80,80,80,80,80,80,80,80,80,80,80,80,80,80,80,80,80,80,80,80,80,144,144,144,144,144,144,144,144,144,144,144,144,144,144,144,144,144,144,144,144,144,144,144,144,144,144,144,144,144,144,144,144,144,144,144,144,144,144,144,144,144,144,144,144,144,144,144,144,144,144,144,144,144,144,144,144,144,144,144,144,144,144,144,144,80,80,80,80,80,80,80,80,80,80,80,80,80,80,80,80,80,80,80,80,80,80,80,80,80,80,80,80,80,80,80,80,80,80,80,80,80,80,80,80,80,80,80,80,80,80,80,80,80,80,80,80,80,80,80,80,80,80,80,80,80,80,80,80,144,144,144,144,144,144,144,144,144,144,144,144,144,144,144,144,144,144,144,144,144,144,144,144,144,144,144,144,144,144,144,144,80,80,80,80,80,80,80,80,80,80,80,80,80,80,80,80,80,80,80,80,80,80,80,80,80,80,80,80,80,80,80,80,80,80,80,80,80,80,80,80,80,80,80,80,80,80,80,80,80,80,80,80,80,80,80,80,80,80,80,80,80,80,80,80,144,144,144,144,144,144,144,144,144,144,144,144,144,144,144,144,144,144,144,144,144,144,144,144,144,144,144,144,144,144,144,144,144,144,144,144,144,144,144,144,144,144,144,144,144,144,144,144,144,144,144,144,144,144,144,144,144,144,144,144,144,144,144,144,80,80,80,80,80,80,80,80,80,80,80,80,80,80,80,80,80,80,80,80,80,80,80,80,80,80,80,80,80,80,80,80,80,80,80,80,80,80,80,80,80,80,80,80,80,80,80,80,80,80,80,80,80,80,80,80,80,80,80,80,80,80,80,80,144,144,144,144,144,144,144,144,144,144,144,144,144,144,144,144,144,144,144,144,144,144,144,144,144,144,144,144,144,144,144,144,80,80,80,80,80,80,80,80,80,80,80,80,80,80,80,80,80,80,80,80,80,80,80,80,80,80,80,80,80,80,80,80,80,80,80,80,80,80,80,80,80,80,80,80,80,80,80,80,80,80,80,80,80,80,80,80,80,80,80,80,80,80,80,80,144,144,144,144,144,144,144,144,144,144,144,144,144,144,144,144,144,144,144,144,144,144,144,144,144,144,144,144,144,144,144,144,144,144,144,144,144,144,144,144,144,144,144,144,144,144,144,144,144,144,144,144,144,144,144,144,144,144,144,144,144,144,144,144,80,80,80,80,80,80,80,80,80,80,80,80,80,80,80,80,80,80,80,80,80,80,80,80,80,80,80,80,80,80,80,80,80,80,80,80,80,80,80,80,80};
trace_traffic_loop = 1;
trace_fallback_uniform = 0;
trace_injection_file = /home/amirthalingam/edge_cloud_ml/dnn-noc-sim/results/traces/resnet_trace.txt;
trace_injection_phase_cycles = {80,80,80,80,80,80,80,80,80,80,80,80,80,80,80,80,80,80,80,80,80,80,80,80,80,80,80,80,80,80,80,80,144,144,144,144,144,144,144,144,144,144,144,144,144,144,144,144,144,144,144,144,144,144,144,144,144,144,144,144,144,144,144,144,144,144,144,144,144,144,144,144,144,144,144,144,144,144,144,144,144,144,144,144,144,144,144,144,144,144,144,144,144,144,144,144,80,80,80,80,80,80,80,80,80,80,80,80,80,80,80,80,80,80,80,80,80,80,80,80,80,80,80,80,80,80,80,80,144,144,144,144,144,144,144,144,144,144,144,144,144,144,144,144,144,144,144,144,144,144,144,144,144,144,144,144,144,144,144,144,144,144,144,144,144,144,144,144,144,144,144,144,144,144,144,144,144,144,144,144,144,144,144,144,144,144,144,144,144,144,144,144,80,80,80,80,80,80,80,80,80,80,80,80,80,80,80,80,80,80,80,80,80,80,80,80,80,80,80,80,80,80,80,80,80,80,80,80,80,80,80,80,80,80,80,80,80,80,80,80,80,80,80,80,80,80,80,80,80,80,80,80,80,80,80,80,144,144,144,144,144,144,144,144,144,144,144,144,144,144,144,144,144,144,144,144,144,144,144,144,144,144,144,144,144,144,144,144,80,80,80,80,80,80,80,80,80,80,80,80,80,80,80,80,80,80,80,80,80,80,80,80,80,80,80,80,80,80,80,80,80,80,80,80,80,80,80,80,80,80,80,80,80,80,80,80,80,80,80,80,80,80,80,80,80,80,80,80,80,80,80,80,144,144,144,144,144,144,144,144,144,144,144,144,144,144,144,144,144,144,144,144,144,144,144,144,144,144,144,144,144,144,144,144,144,144,144,144,144,144,144,144,144,144,144,144,144,144,144,144,144,144,144,144,144,144,144,144,144,144,144,144,144,144,144,144,80,80,80,80,80,80,80,80,80,80,80,80,80,80,80,80,80,80,80,80,80,80,80,80,80,80,80,80,80,80,80,80,80,80,80,80,80,80,80,80,80,80,80,80,80,80,80,80,80,80,80,80,80,80,80,80,80,80,80,80,80,80,80,80,144,144,144,144,144,144,144,144,144,144,144,144,144,144,144,144,144,144,144,144,144,144,144,144,144,144,144,144,144,144,144,144,80,80,80,80,80,80,80,80,80,80,80,80,80,80,80,80,80,80,80,80,80,80,80,80,80,80,80,80,80,80,80,80,80,80,80,80,80,80,80,80,80,80,80,80,80,80,80,80,80,80,80,80,80,80,80,80,80,80,80,80,80,80,80,80,144,144,144,144,144,144,144,144,144,144,144,144,144,144,144,144,144,144,144,144,144,144,144,144,144,144,144,144,144,144,144,144,144,144,144,144,144,144,144,144,144,144,144,144,144,144,144,144,144,144,144,144,144,144,144,144,144,144,144,144,144,144,144,144,80,80,80,80,80,80,80,80,80,80,80,80,80,80,80,80,80,80,80,80,80,80,80,80,80,80,80,80,80,80,80,80,80,80,80,80,80,80,80,80,80,80,80,80,80,80,80,80,80,80,80,80,80,80,80,80,80,80,80,80,80,80,80,80,144,144,144,144,144,144,144,144,144,144,144,144,144,144,144,144,144,144,144,144,144,144,144,144,144,144,144,144,144,144,144,144,80,80,80,80,80,80,80,80,80,80,80,80,80,80,80,80,80,80,80,80,80,80,80,80,80,80,80,80,80,80,80,80,80,80,80,80,80,80,80,80,80,80,80,80,80,80,80,80,80,80,80,80,80,80,80,80,80,80,80,80,80,80,80,80,144,144,144,144,144,144,144,144,144,144,144,144,144,144,144,144,144,144,144,144,144,144,144,144,144,144,144,144,144,144,144,144,144,144,144,144,144,144,144,144,144,144,144,144,144,144,144,144,144,144,144,144,144,144,144,144,144,144,144,144,144,144,144,144,80,80,80,80,80,80,80,80,80,80,80,80,80,80,80,80,80,80,80,80,80,80,80,80,80,80,80,80,80,80,80,80,80,80,80,80,80,80,80,80,80};
trace_injection_loop = 1;
trace_injection_use_source_weights = 1;
packet_size = 4;
injection_rate = 0.0060;
injection_process = trace;
seed = 2;

END Configuration File: /home/amirthalingam/edge_cloud_ml/dnn-noc-sim/results/resnet/configs/flatfly_rfdefault_vbdefault_ps4_r0p006_s2.cfg
 Flat Bufferfly 
 k = 4 n = 2 c = 4
 each switch - total radix =  10
 # of switches = 16
 # of channels = 96
 # of nodes ( size of network ) = 64
Class 0:
Packet latency average = 24.0307
	minimum = 10
	maximum = 53
Network latency average = 23.012
	minimum = 10
	maximum = 53
Slowest packet = 4
Flit latency average = 19.4153
	minimum = 7
	maximum = 50
Slowest flit = 19
Fragmentation average = 1.124
	minimum = 0
	maximum = 14
Injected packet rate average = 0.00592969
	minimum = 0 (at node 1)
	maximum = 0.1045 (at node 63)
Accepted packet rate average = 0.00585938
	minimum = 0 (at node 16)
	maximum = 0.032 (at node 3)
Injected flit rate average = 0.0237031
	minimum = 0 (at node 1)
	maximum = 0.418 (at node 63)
Accepted flit rate average= 0.0235156
	minimum = 0 (at node 16)
	maximum = 0.128 (at node 3)
Injected packet length average = 3.99736
Accepted packet length average = 4.01333
Total in-flight flits = 26 (0 measured)
latency change    = 1
throughput change = 1
Class 0:
Packet latency average = 21.4503
	minimum = 10
	maximum = 53
Network latency average = 20.7927
	minimum = 10
	maximum = 53
Slowest packet = 4
Flit latency average = 17.3241
	minimum = 7
	maximum = 50
Slowest flit = 19
Fragmentation average = 0.887589
	minimum = 0
	maximum = 14
Injected packet rate average = 0.00602344
	minimum = 0 (at node 24)
	maximum = 0.069 (at node 7)
Accepted packet rate average = 0.00601172
	minimum = 0 (at node 16)
	maximum = 0.02825 (at node 11)
Injected flit rate average = 0.0240859
	minimum = 0 (at node 24)
	maximum = 0.276 (at node 7)
Accepted flit rate average= 0.0240469
	minimum = 0 (at node 16)
	maximum = 0.113 (at node 11)
Injected packet length average = 3.9987
Accepted packet length average = 4
Total in-flight flits = 12 (0 measured)
latency change    = 0.120296
throughput change = 0.0220923
Warmed up ...Time used is 4000 cycles
Class 0:
Packet latency average = 16.9672
	minimum = 10
	maximum = 30
Network latency average = 16.8781
	minimum = 10
	maximum = 30
Slowest packet = 1863
Flit latency average = 13.6148
	minimum = 7
	maximum = 27
Slowest flit = 7455
Fragmentation average = 0.543906
	minimum = 0
	maximum = 9
Injected packet rate average = 0.00600781
	minimum = 0 (at node 24)
	maximum = 0.0265 (at node 11)
Accepted packet rate average = 0.00598438
	minimum = 0 (at node 16)
	maximum = 0.03 (at node 7)
Injected flit rate average = 0.0240469
	minimum = 0 (at node 24)
	maximum = 0.106 (at node 11)
Accepted flit rate average= 0.0239531
	minimum = 0 (at node 16)
	maximum = 0.12 (at node 7)
Injected packet length average = 4.0026
Accepted packet length average = 4.00261
Total in-flight flits = 22 (22 measured)
latency change    = 0.264219
throughput change = 0.00391389
Class 0:
Packet latency average = 16.9444
	minimum = 10
	maximum = 32
Network latency average = 16.8288
	minimum = 10
	maximum = 32
Slowest packet = 2864
Flit latency average = 13.5849
	minimum = 7
	maximum = 29
Slowest flit = 11459
Fragmentation average = 0.489018
	minimum = 0
	maximum = 9
Injected packet rate average = 0.00608203
	minimum = 0 (at node 24)
	maximum = 0.0285 (at node 11)
Accepted packet rate average = 0.00605859
	minimum = 0 (at node 16)
	maximum = 0.0275 (at node 7)
Injected flit rate average = 0.024332
	minimum = 0 (at node 24)
	maximum = 0.114 (at node 11)
Accepted flit rate average= 0.0242617
	minimum = 0 (at node 16)
	maximum = 0.11 (at node 7)
Injected packet length average = 4.00064
Accepted packet length average = 4.00451
Total in-flight flits = 29 (29 measured)
latency change    = 0.00134499
throughput change = 0.0127194
Class 0:
Packet latency average = 16.9868
	minimum = 10
	maximum = 33
Network latency average = 16.8746
	minimum = 10
	maximum = 33
Slowest packet = 3501
Flit latency average = 13.6424
	minimum = 7
	maximum = 30
Slowest flit = 14005
Fragmentation average = 0.460763
	minimum = 0
	maximum = 9
Injected packet rate average = 0.00596094
	minimum = 0 (at node 24)
	maximum = 0.0283333 (at node 11)
Accepted packet rate average = 0.00594792
	minimum = 0 (at node 16)
	maximum = 0.0266667 (at node 1)
Injected flit rate average = 0.0238333
	minimum = 0 (at node 24)
	maximum = 0.113333 (at node 11)
Accepted flit rate average= 0.0238047
	minimum = 0 (at node 16)
	maximum = 0.106667 (at node 1)
Injected packet length average = 3.99825
Accepted packet length average = 4.00219
Total in-flight flits = 27 (27 measured)
latency change    = 0.00249625
throughput change = 0.0191992
Class 0:
Packet latency average = 16.8302
	minimum = 10
	maximum = 34
Network latency average = 16.7072
	minimum = 10
	maximum = 34
Slowest packet = 4036
Flit latency average = 13.477
	minimum = 7
	maximum = 31
Slowest flit = 16146
Fragmentation average = 0.460909
	minimum = 0
	maximum = 9
Injected packet rate average = 0.00598047
	minimum = 0 (at node 24)
	maximum = 0.02625 (at node 11)
Accepted packet rate average = 0.00597656
	minimum = 0 (at node 16)
	maximum = 0.026875 (at node 1)
Injected flit rate average = 0.0239238
	minimum = 0 (at node 24)
	maximum = 0.105 (at node 11)
Accepted flit rate average= 0.0239102
	minimum = 0 (at node 16)
	maximum = 0.1075 (at node 1)
Injected packet length average = 4.00033
Accepted packet length average = 4.00065
Total in-flight flits = 18 (18 measured)
latency change    = 0.009306
throughput change = 0.00441104
Draining all recorded packets ...
Draining remaining packets ...
Time taken is 12026 cycles
====== Overall Traffic Statistics ======
====== Traffic class 0 ======
Packet latency average = 16.8263 (1 samples)
	minimum = 10 (1 samples)
	maximum = 34 (1 samples)
Network latency average = 16.7035 (1 samples)
	minimum = 10 (1 samples)
	maximum = 34 (1 samples)
Flit latency average = 13.459 (1 samples)
	minimum = 7 (1 samples)
	maximum = 31 (1 samples)
Fragmentation average = 0.462116 (1 samples)
	minimum = 0 (1 samples)
	maximum = 9 (1 samples)
Injected packet rate average = 0.00598047 (1 samples)
	minimum = 0 (1 samples)
	maximum = 0.02625 (1 samples)
Accepted packet rate average = 0.00597656 (1 samples)
	minimum = 0 (1 samples)
	maximum = 0.026875 (1 samples)
Injected flit rate average = 0.0239238 (1 samples)
	minimum = 0 (1 samples)
	maximum = 0.105 (1 samples)
Accepted flit rate average = 0.0239102 (1 samples)
	minimum = 0 (1 samples)
	maximum = 0.1075 (1 samples)
Injected packet size average = 4.00033 (1 samples)
Accepted packet size average = 4.00065 (1 samples)
Hops average = 1.8452 (1 samples)
Total run time 0.265939


[stderr]
