BEGIN Configuration File: /home/amirthalingam/edge_cloud_ml/dnn-noc-sim/results/resnet/configs/flatfly_rfdefault_vbdefault_ps4_r0p006_s4.cfg
topology = flatfly;
k = 4;
n = 2;
c = 4;
x = 4;
y = 4;
xr = 2;
yr = 2;
routing_function = ran_min;
num_vcs = 8;
vc_buf_size = 4;
subnets = 1;
injection_process = bernoulli;
sim_type = latency;
warmup_periods = 2;
sample_period = 2000;
max_samples = 6;
measure_stats = 1;
traffic = trace;
trace_traffic_file = /home/amirthalingam/edge_cloud_ml/dnn-noc-sim/results/traces/resnet_trace.txt;
trace_phase_cycles = {80,80,80,80,80,80,80,80,80,80,80,80,80,80,80,80,80,80,80,80,80,80,80,80,80,80,80,80,80,80,80,80,144,144,144,144,144,144,144,144,144,144,144,144,144,144,144,144,144,144,144,144,144,144,144,144,144,144,144,144,144,144,144,144,144,144,144,144,144,144,144,144,144,144,144,144,144,144,144,144,144,144,144,144,144,144,144,144,144,144,144,144,144,144,144,144,80,80,80,80,80,80,80,80,80,80,80,80,80,80,80,80,80,80,80,80,80,80,80,80,80,80,80,80,80,80,80,80,144,144,144,144,144,144,144,144,144,144,144,144,144,144,144,144,144,144,144,144,144,144,144,144,144,144,144,144,144,144,144,144,144,144,144,144,144,144,144,144,144,144,144,144,144,144,144,144,144,144,144,144,144,144,144,144,144,144,144,144,144,144,144,144,80,80,80,80,80,80,80,80,80,80,80,80,80,80,80,80,80,80,80,80,80,80,80,80,80,80,80,80,80,80,80,80,80,80,80,80,80,80,80,80,80,80,80,80,80,80,80,80,80,80,80,80,80,80,80,80,80,80,80,80,80,80,80,80,144,144,144,144,144,144,144,144,144,144,144,144,144,144,144,144,144,144,144,144,144,144,144,144,144,144,144,144,144,144,144,144,80,80,80,80,80,80,80,80,80,80,80,80,80,80,80,80,80,80,80,80,80,80,80,80,80,80,80,80,80,80,80,80,80,80,80,80,80,80,80,80,80,80,80,80,80,80,80,80,80,80,80,80,80,80,80,80,80,80,80,80,80,80,80,80,144,144,144,144,144,144,144,144,144,144,144,144,144,144,144,144,144,144,144,144,144,144,144,144,144,144,144,144,144,144,144,144,144,144,144,144,144,144,144,144,144,144,144,144,144,144,144,144,144,144,144,144,144,144,144,144,144,144,144,144,144,144,144,144,80,80,80,80,80,80,80,80,80,80,80,80,80,80,80,80,80,80,80,80,80,80,80,80,80,80,80,80,80,80,80,80,80,80,80,80,80,80,80,80,80,80,80,80,80,80,80,80,80,80,80,80,80,80,80,80,80,80,80,80,80,80,80,80,144,144,144,144,144,144,144,144,144,144,144,144,144,144,144,144,144,144,144,144,144,144,144,144,144,144,144,144,144,144,144,144,80,80,80,80,80,80,80,80,80,80,80,80,80,80,80,80,80,80,80,80,80,80,80,80,80,80,80,80,80,80,80,80,80,80,80,80,80,80,80,80,80,80,80,80,80,80,80,80,80,80,80,80,80,80,80,80,80,80,80,80,80,80,80,80,144,144,144,144,144,144,144,144,144,144,144,144,144,144,144,144,144,144,144,144,144,144,144,144,144,144,144,144,144,144,144,144,144,144,144,144,144,144,144,144,144,144,144,144,144,144,144,144,144,144,144,144,144,144,144,144,144,144,144,144,144,144,144,144,80,80,80,80,80,80,80,80,80,80,80,80,80,80,80,80,80,80,80,80,80,80,80,80,80,80,80,80,80,80,80,80,80,80,80,80,80,80,80,80,80,80,80,80,80,80,80,80,80,80,80,80,80,80,80,80,80,80,80,80,80,80,80,80,144,144,144,144,144,144,144,144,144,144,144,144,144,144,144,144,144,144,144,144,144,144,144,144,144,144,144,144,144,144,144,144,80,80,80,80,80,80,80,80,80,80,80,80,80,80,80,80,80,80,80,80,80,80,80,80,80,80,80,80,80,80,80,80,80,80,80,80,80,80,80,80,80,80,80,80,80,80,80,80,80,80,80,80,80,80,80,80,80,80,80,80,80,80,80,80,144,144,144,144,144,144,144,144,144,144,144,144,144,144,144,144,144,144,144,144,144,144,144,144,144,144,144,144,144,144,144,144,144,144,144,144,144,144,144,144,144,144,144,144,144,144,144,144,144,144,144,144,144,144,144,144,144,144,144,144,144,144,144,144,80,80,80,80,80,80,80,80,80,80,80,80,80,80,80,80,80,80,80,80,80,80,80,80,80,80,80,80,80,80,80,80,80,80,80,80,80,80,80,80,80};
trace_traffic_loop = 1;
trace_fallback_uniform = 0;
trace_injection_file = /home/amirthalingam/edge_cloud_ml/dnn-noc-sim/results/traces/resnet_trace.txt;
trace_injection_phase_cycles = {80,80,80,80,80,80,80,80,80,80,80,80,80,80,80,80,80,80,80,80,80,80,80,80,80,80,80,80,80,80,80,80,144,144,144,144,144,144,144,144,144,144,144,144,144,144,144,144,144,144,144,144,144,144,144,144,144,144,144,144,144,144,144,144,144,144,144,144,144,144,144,144,144,144,144,144,144,144,144,144,144,144,144,144,144,144,144,144,144,144,144,144,144,144,144,144,80,80,80,80,80,80,80,80,80,80,80,80,80,80,80,80,80,80,80,80,80,80,80,80,80,80,80,80,80,80,80,80,144,144,144,144,144,144,144,144,144,144,144,144,144,144,144,144,144,144,144,144,144,144,144,144,144,144,144,144,144,144,144,144,144,144,144,144,144,144,144,144,144,144,144,144,144,144,144,144,144,144,144,144,144,144,144,144,144,144,144,144,144,144,144,144,80,80,80,80,80,80,80,80,80,80,80,80,80,80,80,80,80,80,80,80,80,80,80,80,80,80,80,80,80,80,80,80,80,80,80,80,80,80,80,80,80,80,80,80,80,80,80,80,80,80,80,80,80,80,80,80,80,80,80,80,80,80,80,80,144,144,144,144,144,144,144,144,144,144,144,144,144,144,144,144,144,144,144,144,144,144,144,144,144,144,144,144,144,144,144,144,80,80,80,80,80,80,80,80,80,80,80,80,80,80,80,80,80,80,80,80,80,80,80,80,80,80,80,80,80,80,80,80,80,80,80,80,80,80,80,80,80,80,80,80,80,80,80,80,80,80,80,80,80,80,80,80,80,80,80,80,80,80,80,80,144,144,144,144,144,144,144,144,144,144,144,144,144,144,144,144,144,144,144,144,144,144,144,144,144,144,144,144,144,144,144,144,144,144,144,144,144,144,144,144,144,144,144,144,144,144,144,144,144,144,144,144,144,144,144,144,144,144,144,144,144,144,144,144,80,80,80,80,80,80,80,80,80,80,80,80,80,80,80,80,80,80,80,80,80,80,80,80,80,80,80,80,80,80,80,80,80,80,80,80,80,80,80,80,80,80,80,80,80,80,80,80,80,80,80,80,80,80,80,80,80,80,80,80,80,80,80,80,144,144,144,144,144,144,144,144,144,144,144,144,144,144,144,144,144,144,144,144,144,144,144,144,144,144,144,144,144,144,144,144,80,80,80,80,80,80,80,80,80,80,80,80,80,80,80,80,80,80,80,80,80,80,80,80,80,80,80,80,80,80,80,80,80,80,80,80,80,80,80,80,80,80,80,80,80,80,80,80,80,80,80,80,80,80,80,80,80,80,80,80,80,80,80,80,144,144,144,144,144,144,144,144,144,144,144,144,144,144,144,144,144,144,144,144,144,144,144,144,144,144,144,144,144,144,144,144,144,144,144,144,144,144,144,144,144,144,144,144,144,144,144,144,144,144,144,144,144,144,144,144,144,144,144,144,144,144,144,144,80,80,80,80,80,80,80,80,80,80,80,80,80,80,80,80,80,80,80,80,80,80,80,80,80,80,80,80,80,80,80,80,80,80,80,80,80,80,80,80,80,80,80,80,80,80,80,80,80,80,80,80,80,80,80,80,80,80,80,80,80,80,80,80,144,144,144,144,144,144,144,144,144,144,144,144,144,144,144,144,144,144,144,144,144,144,144,144,144,144,144,144,144,144,144,144,80,80,80,80,80,80,80,80,80,80,80,80,80,80,80,80,80,80,80,80,80,80,80,80,80,80,80,80,80,80,80,80,80,80,80,80,80,80,80,80,80,80,80,80,80,80,80,80,80,80,80,80,80,80,80,80,80,80,80,80,80,80,80,80,144,144,144,144,144,144,144,144,144,144,144,144,144,144,144,144,144,144,144,144,144,144,144,144,144,144,144,144,144,144,144,144,144,144,144,144,144,144,144,144,144,144,144,144,144,144,144,144,144,144,144,144,144,144,144,144,144,144,144,144,144,144,144,144,80,80,80,80,80,80,80,80,80,80,80,80,80,80,80,80,80,80,80,80,80,80,80,80,80,80,80,80,80,80,80,80,80,80,80,80,80,80,80,80,80};
trace_injection_loop = 1;
trace_injection_use_source_weights = 1;
packet_size = 4;
injection_rate = 0.0060;
injection_process = trace;
seed = 4;

END Configuration File: /home/amirthalingam/edge_cloud_ml/dnn-noc-sim/results/resnet/configs/flatfly_rfdefault_vbdefault_ps4_r0p006_s4.cfg
 Flat Bufferfly 
 k = 4 n = 2 c = 4
 each switch - total radix =  10
 # of switches = 16
 # of channels = 96
 # of nodes ( size of network ) = 64
Class 0:
Packet latency average = 23.7612
	minimum = 10
	maximum = 51
Network latency average = 22.9498
	minimum = 10
	maximum = 51
Slowest packet = 127
Flit latency average = 19.5095
	minimum = 7
	maximum = 48
Slowest flit = 511
Fragmentation average = 0.846676
	minimum = 0
	maximum = 14
Injected packet rate average = 0.00582812
	minimum = 0 (at node 1)
	maximum = 0.097 (at node 63)
Accepted packet rate average = 0.00575781
	minimum = 0 (at node 16)
	maximum = 0.031 (at node 11)
Injected flit rate average = 0.0232734
	minimum = 0 (at node 1)
	maximum = 0.3865 (at node 63)
Accepted flit rate average= 0.0230625
	minimum = 0 (at node 16)
	maximum = 0.124 (at node 11)
Injected packet length average = 3.9933
Accepted packet length average = 4.00543
Total in-flight flits = 32 (0 measured)
latency change    = 1
throughput change = 1
Class 0:
Packet latency average = 21.2195
	minimum = 10
	maximum = 51
Network latency average = 20.5944
	minimum = 10
	maximum = 51
Slowest packet = 127
Flit latency average = 17.221
	minimum = 7
	maximum = 48
Slowest flit = 511
Fragmentation average = 0.698705
	minimum = 0
	maximum = 14
Injected packet rate average = 0.00575391
	minimum = 0 (at node 24)
	maximum = 0.07025 (at node 7)
Accepted packet rate average = 0.00573047
	minimum = 0 (at node 16)
	maximum = 0.02725 (at node 9)
Injected flit rate average = 0.0230039
	minimum = 0 (at node 24)
	maximum = 0.281 (at node 7)
Accepted flit rate average= 0.022957
	minimum = 0 (at node 16)
	maximum = 0.109 (at node 9)
Injected packet length average = 3.99796
Accepted packet length average = 4.00613
Total in-flight flits = 15 (0 measured)
latency change    = 0.119781
throughput change = 0.00459418
Warmed up ...Time used is 4000 cycles
Class 0:
Packet latency average = 17.0266
	minimum = 10
	maximum = 38
Network latency average = 16.9278
	minimum = 10
	maximum = 38
Slowest packet = 2214
Flit latency average = 13.6608
	minimum = 7
	maximum = 35
Slowest flit = 8859
Fragmentation average = 0.522785
	minimum = 0
	maximum = 7
Injected packet rate average = 0.00619531
	minimum = 0 (at node 24)
	maximum = 0.029 (at node 11)
Accepted packet rate average = 0.00621875
	minimum = 0 (at node 16)
	maximum = 0.0325 (at node 7)
Injected flit rate average = 0.0248047
	minimum = 0 (at node 24)
	maximum = 0.116 (at node 11)
Accepted flit rate average= 0.0248047
	minimum = 0 (at node 16)
	maximum = 0.13 (at node 7)
Injected packet length average = 4.00378
Accepted packet length average = 3.98869
Total in-flight flits = 12 (12 measured)
latency change    = 0.246257
throughput change = 0.0744882
Class 0:
Packet latency average = 17.0552
	minimum = 10
	maximum = 38
Network latency average = 16.9493
	minimum = 10
	maximum = 38
Slowest packet = 2214
Flit latency average = 13.6583
	minimum = 7
	maximum = 35
Slowest flit = 8859
Fragmentation average = 0.57675
	minimum = 0
	maximum = 9
Injected packet rate average = 0.00611719
	minimum = 0 (at node 24)
	maximum = 0.0285 (at node 8)
Accepted packet rate average = 0.00610547
	minimum = 0 (at node 16)
	maximum = 0.028 (at node 4)
Injected flit rate average = 0.0244766
	minimum = 0 (at node 24)
	maximum = 0.114 (at node 8)
Accepted flit rate average= 0.0243867
	minimum = 0 (at node 16)
	maximum = 0.112 (at node 4)
Injected packet length average = 4.00128
Accepted packet length average = 3.99424
Total in-flight flits = 36 (36 measured)
latency change    = 0.00167996
throughput change = 0.0171392
Class 0:
Packet latency average = 17.0527
	minimum = 10
	maximum = 38
Network latency average = 16.9464
	minimum = 10
	maximum = 38
Slowest packet = 2214
Flit latency average = 13.6776
	minimum = 7
	maximum = 35
Slowest flit = 8859
Fragmentation average = 0.531263
	minimum = 0
	maximum = 12
Injected packet rate average = 0.00613281
	minimum = 0 (at node 24)
	maximum = 0.0258333 (at node 8)
Accepted packet rate average = 0.00613802
	minimum = 0 (at node 16)
	maximum = 0.0266667 (at node 4)
Injected flit rate average = 0.0245391
	minimum = 0 (at node 24)
	maximum = 0.103333 (at node 8)
Accepted flit rate average= 0.0245286
	minimum = 0 (at node 16)
	maximum = 0.106667 (at node 4)
Injected packet length average = 4.00127
Accepted packet length average = 3.99618
Total in-flight flits = 16 (16 measured)
latency change    = 0.000146071
throughput change = 0.00578618
Class 0:
Packet latency average = 16.9779
	minimum = 10
	maximum = 38
Network latency average = 16.8668
	minimum = 10
	maximum = 38
Slowest packet = 2214
Flit latency average = 13.5946
	minimum = 7
	maximum = 35
Slowest flit = 8859
Fragmentation average = 0.533953
	minimum = 0
	maximum = 12
Injected packet rate average = 0.00610547
	minimum = 0 (at node 24)
	maximum = 0.02575 (at node 8)
Accepted packet rate average = 0.00610938
	minimum = 0 (at node 16)
	maximum = 0.02725 (at node 9)
Injected flit rate average = 0.0244277
	minimum = 0 (at node 24)
	maximum = 0.103 (at node 8)
Accepted flit rate average= 0.0244238
	minimum = 0 (at node 16)
	maximum = 0.109 (at node 9)
Injected packet length average = 4.00096
Accepted packet length average = 3.99776
Total in-flight flits = 14 (14 measured)
latency change    = 0.00440836
throughput change = 0.00429162
Draining all recorded packets ...
Draining remaining packets ...
Time taken is 12030 cycles
====== Overall Traffic Statistics ======
====== Traffic class 0 ======
Packet latency average = 16.9728 (1 samples)
	minimum = 10 (1 samples)
	maximum = 38 (1 samples)
Network latency average = 16.8618 (1 samples)
	minimum = 10 (1 samples)
	maximum = 38 (1 samples)
Flit latency average = 13.585 (1 samples)
	minimum = 7 (1 samples)
	maximum = 35 (1 samples)
Fragmentation average = 0.533269 (1 samples)
	minimum = 0 (1 samples)
	maximum = 12 (1 samples)
Injected packet rate average = 0.00610547 (1 samples)
	minimum = 0 (1 samples)
	maximum = 0.02575 (1 samples)
Accepted packet rate average = 0.00610938 (1 samples)
	minimum = 0 (1 samples)
	maximum = 0.02725 (1 samples)
Injected flit rate average = 0.0244277 (1 samples)
	minimum = 0 (1 samples)
	maximum = 0.103 (1 samples)
Accepted flit rate average = 0.0244238 (1 samples)
	minimum = 0 (1 samples)
	maximum = 0.109 (1 samples)
Injected packet size average = 4.00096 (1 samples)
Accepted packet size average = 3.99776 (1 samples)
Hops average = 1.84453 (1 samples)
Total run time 0.206906


[stderr]
