BEGIN Configuration File: /home/amirthalingam/edge_cloud_ml/dnn-noc-sim/results/resnet/configs/mesh_rfdefault_vbdefault_ps4_r0p006_s2.cfg
topology = mesh;
k = 8;
n = 2;
xr = 1;
routing_function = dim_order;
num_vcs = 4;
vc_buf_size = 8;
subnets = 1;
injection_process = bernoulli;
sim_type = latency;
warmup_periods = 2;
sample_period = 2000;
max_samples = 6;
measure_stats = 1;
traffic = trace;
trace_traffic_file = /home/amirthalingam/edge_cloud_ml/dnn-noc-sim/results/traces/resnet_trace.txt;
trace_phase_cycles = {80,80,80,80,80,80,80,80,80,80,80,80,80,80,80,80,80,80,80,80,80,80,80,80,80,80,80,80,80,80,80,80,144,144,144,144,144,144,144,144,144,144,144,144,144,144,144,144,144,144,144,144,144,144,144,144,144,144,144,144,144,144,144,144,144,144,144,144,144,144,144,144,144,144,144,144,144,144,144,144,144,144,144,144,144,144,144,144,144,144,144,144,144,144,144,144,80,80,80,80,80,80,80,80,80,80,80,80,80,80,80,80,80,80,80,80,80,80,80,80,80,80,80,80,80,80,80,80,144,144,144,144,144,144,144,144,144,144,144,144,144,144,144,144,144,144,144,144,144,144,144,144,144,144,144,144,144,144,144,144,144,144,144,144,144,144,144,144,144,144,144,144,144,144,144,144,144,144,144,144,144,144,144,144,144,144,144,144,144,144,144,144,80,80,80,80,80,80,80,80,80,80,80,80,80,80,80,80,80,80,80,80,80,80,80,80,80,80,80,80,80,80,80,80,80,80,80,80,80,80,80,80,80,80,80,80,80,80,80,80,80,80,80,80,80,80,80,80,80,80,80,80,80,80,80,80,144,144,144,144,144,144,144,144,144,144,144,144,144,144,144,144,144,144,144,144,144,144,144,144,144,144,144,144,144,144,144,144,80,80,80,80,80,80,80,80,80,80,80,80,80,80,80,80,80,80,80,80,80,80,80,80,80,80,80,80,80,80,80,80,80,80,80,80,80,80,80,80,80,80,80,80,80,80,80,80,80,80,80,80,80,80,80,80,80,80,80,80,80,80,80,80,144,144,144,144,144,144,144,144,144,144,144,144,144,144,144,144,144,144,144,144,144,144,144,144,144,144,144,144,144,144,144,144,144,144,144,144,144,144,144,144,144,144,144,144,144,144,144,144,144,144,144,144,144,144,144,144,144,144,144,144,144,144,144,144,80,80,80,80,80,80,80,80,80,80,80,80,80,80,80,80,80,80,80,80,80,80,80,80,80,80,80,80,80,80,80,80,80,80,80,80,80,80,80,80,80,80,80,80,80,80,80,80,80,80,80,80,80,80,80,80,80,80,80,80,80,80,80,80,144,144,144,144,144,144,144,144,144,144,144,144,144,144,144,144,144,144,144,144,144,144,144,144,144,144,144,144,144,144,144,144,80,80,80,80,80,80,80,80,80,80,80,80,80,80,80,80,80,80,80,80,80,80,80,80,80,80,80,80,80,80,80,80,80,80,80,80,80,80,80,80,80,80,80,80,80,80,80,80,80,80,80,80,80,80,80,80,80,80,80,80,80,80,80,80,144,144,144,144,144,144,144,144,144,144,144,144,144,144,144,144,144,144,144,144,144,144,144,144,144,144,144,144,144,144,144,144,144,144,144,144,144,144,144,144,144,144,144,144,144,144,144,144,144,144,144,144,144,144,144,144,144,144,144,144,144,144,144,144,80,80,80,80,80,80,80,80,80,80,80,80,80,80,80,80,80,80,80,80,80,80,80,80,80,80,80,80,80,80,80,80,80,80,80,80,80,80,80,80,80,80,80,80,80,80,80,80,80,80,80,80,80,80,80,80,80,80,80,80,80,80,80,80,144,144,144,144,144,144,144,144,144,144,144,144,144,144,144,144,144,144,144,144,144,144,144,144,144,144,144,144,144,144,144,144,80,80,80,80,80,80,80,80,80,80,80,80,80,80,80,80,80,80,80,80,80,80,80,80,80,80,80,80,80,80,80,80,80,80,80,80,80,80,80,80,80,80,80,80,80,80,80,80,80,80,80,80,80,80,80,80,80,80,80,80,80,80,80,80,144,144,144,144,144,144,144,144,144,144,144,144,144,144,144,144,144,144,144,144,144,144,144,144,144,144,144,144,144,144,144,144,144,144,144,144,144,144,144,144,144,144,144,144,144,144,144,144,144,144,144,144,144,144,144,144,144,144,144,144,144,144,144,144,80,80,80,80,80,80,80,80,80,80,80,80,80,80,80,80,80,80,80,80,80,80,80,80,80,80,80,80,80,80,80,80,80,80,80,80,80,80,80,80,80};
trace_traffic_loop = 1;
trace_fallback_uniform = 0;
trace_injection_file = /home/amirthalingam/edge_cloud_ml/dnn-noc-sim/results/traces/resnet_trace.txt;
trace_injection_phase_cycles = {80,80,80,80,80,80,80,80,80,80,80,80,80,80,80,80,80,80,80,80,80,80,80,80,80,80,80,80,80,80,80,80,144,144,144,144,144,144,144,144,144,144,144,144,144,144,144,144,144,144,144,144,144,144,144,144,144,144,144,144,144,144,144,144,144,144,144,144,144,144,144,144,144,144,144,144,144,144,144,144,144,144,144,144,144,144,144,144,144,144,144,144,144,144,144,144,80,80,80,80,80,80,80,80,80,80,80,80,80,80,80,80,80,80,80,80,80,80,80,80,80,80,80,80,80,80,80,80,144,144,144,144,144,144,144,144,144,144,144,144,144,144,144,144,144,144,144,144,144,144,144,144,144,144,144,144,144,144,144,144,144,144,144,144,144,144,144,144,144,144,144,144,144,144,144,144,144,144,144,144,144,144,144,144,144,144,144,144,144,144,144,144,80,80,80,80,80,80,80,80,80,80,80,80,80,80,80,80,80,80,80,80,80,80,80,80,80,80,80,80,80,80,80,80,80,80,80,80,80,80,80,80,80,80,80,80,80,80,80,80,80,80,80,80,80,80,80,80,80,80,80,80,80,80,80,80,144,144,144,144,144,144,144,144,144,144,144,144,144,144,144,144,144,144,144,144,144,144,144,144,144,144,144,144,144,144,144,144,80,80,80,80,80,80,80,80,80,80,80,80,80,80,80,80,80,80,80,80,80,80,80,80,80,80,80,80,80,80,80,80,80,80,80,80,80,80,80,80,80,80,80,80,80,80,80,80,80,80,80,80,80,80,80,80,80,80,80,80,80,80,80,80,144,144,144,144,144,144,144,144,144,144,144,144,144,144,144,144,144,144,144,144,144,144,144,144,144,144,144,144,144,144,144,144,144,144,144,144,144,144,144,144,144,144,144,144,144,144,144,144,144,144,144,144,144,144,144,144,144,144,144,144,144,144,144,144,80,80,80,80,80,80,80,80,80,80,80,80,80,80,80,80,80,80,80,80,80,80,80,80,80,80,80,80,80,80,80,80,80,80,80,80,80,80,80,80,80,80,80,80,80,80,80,80,80,80,80,80,80,80,80,80,80,80,80,80,80,80,80,80,144,144,144,144,144,144,144,144,144,144,144,144,144,144,144,144,144,144,144,144,144,144,144,144,144,144,144,144,144,144,144,144,80,80,80,80,80,80,80,80,80,80,80,80,80,80,80,80,80,80,80,80,80,80,80,80,80,80,80,80,80,80,80,80,80,80,80,80,80,80,80,80,80,80,80,80,80,80,80,80,80,80,80,80,80,80,80,80,80,80,80,80,80,80,80,80,144,144,144,144,144,144,144,144,144,144,144,144,144,144,144,144,144,144,144,144,144,144,144,144,144,144,144,144,144,144,144,144,144,144,144,144,144,144,144,144,144,144,144,144,144,144,144,144,144,144,144,144,144,144,144,144,144,144,144,144,144,144,144,144,80,80,80,80,80,80,80,80,80,80,80,80,80,80,80,80,80,80,80,80,80,80,80,80,80,80,80,80,80,80,80,80,80,80,80,80,80,80,80,80,80,80,80,80,80,80,80,80,80,80,80,80,80,80,80,80,80,80,80,80,80,80,80,80,144,144,144,144,144,144,144,144,144,144,144,144,144,144,144,144,144,144,144,144,144,144,144,144,144,144,144,144,144,144,144,144,80,80,80,80,80,80,80,80,80,80,80,80,80,80,80,80,80,80,80,80,80,80,80,80,80,80,80,80,80,80,80,80,80,80,80,80,80,80,80,80,80,80,80,80,80,80,80,80,80,80,80,80,80,80,80,80,80,80,80,80,80,80,80,80,144,144,144,144,144,144,144,144,144,144,144,144,144,144,144,144,144,144,144,144,144,144,144,144,144,144,144,144,144,144,144,144,144,144,144,144,144,144,144,144,144,144,144,144,144,144,144,144,144,144,144,144,144,144,144,144,144,144,144,144,144,144,144,144,80,80,80,80,80,80,80,80,80,80,80,80,80,80,80,80,80,80,80,80,80,80,80,80,80,80,80,80,80,80,80,80,80,80,80,80,80,80,80,80,80};
trace_injection_loop = 1;
trace_injection_use_source_weights = 1;
packet_size = 4;
injection_rate = 0.0060;
injection_process = trace;
seed = 2;

END Configuration File: /home/amirthalingam/edge_cloud_ml/dnn-noc-sim/results/resnet/configs/mesh_rfdefault_vbdefault_ps4_r0p006_s2.cfg
Class 0:
Packet latency average = 43.2213
	minimum = 10
	maximum = 81
Network latency average = 42.1997
	minimum = 10
	maximum = 76
Slowest packet = 4
Flit latency average = 39.1963
	minimum = 7
	maximum = 73
Slowest flit = 16
Fragmentation average = 0.0188934
	minimum = 0
	maximum = 3
Injected packet rate average = 0.00592969
	minimum = 0 (at node 1)
	maximum = 0.1045 (at node 63)
Accepted packet rate average = 0.00578906
	minimum = 0 (at node 16)
	maximum = 0.032 (at node 3)
Injected flit rate average = 0.0237031
	minimum = 0 (at node 1)
	maximum = 0.418 (at node 63)
Accepted flit rate average= 0.0231641
	minimum = 0 (at node 16)
	maximum = 0.128 (at node 3)
Injected packet length average = 3.99736
Accepted packet length average = 4.00135
Total in-flight flits = 71 (0 measured)
latency change    = 1
throughput change = 1
Class 0:
Packet latency average = 36.8322
	minimum = 10
	maximum = 85
Network latency average = 36.1743
	minimum = 10
	maximum = 85
Slowest packet = 978
Flit latency average = 33.0468
	minimum = 7
	maximum = 82
Slowest flit = 3915
Fragmentation average = 0.230169
	minimum = 0
	maximum = 10
Injected packet rate average = 0.00602344
	minimum = 0 (at node 24)
	maximum = 0.069 (at node 7)
Accepted packet rate average = 0.00600781
	minimum = 0 (at node 16)
	maximum = 0.02825 (at node 11)
Injected flit rate average = 0.0240859
	minimum = 0 (at node 24)
	maximum = 0.276 (at node 7)
Accepted flit rate average= 0.024043
	minimum = 0 (at node 16)
	maximum = 0.113 (at node 11)
Injected packet length average = 3.9987
Accepted packet length average = 4.00195
Total in-flight flits = 13 (0 measured)
latency change    = 0.173464
throughput change = 0.0365556
Warmed up ...Time used is 4000 cycles
Class 0:
Packet latency average = 24.6242
	minimum = 10
	maximum = 50
Network latency average = 24.5348
	minimum = 10
	maximum = 50
Slowest packet = 1573
Flit latency average = 21.2965
	minimum = 7
	maximum = 47
Slowest flit = 6292
Fragmentation average = 0.513798
	minimum = 0
	maximum = 6
Injected packet rate average = 0.00600781
	minimum = 0 (at node 24)
	maximum = 0.0265 (at node 11)
Accepted packet rate average = 0.00597656
	minimum = 0 (at node 16)
	maximum = 0.0295 (at node 7)
Injected flit rate average = 0.0240469
	minimum = 0 (at node 24)
	maximum = 0.106 (at node 11)
Accepted flit rate average= 0.0238984
	minimum = 0 (at node 16)
	maximum = 0.118 (at node 7)
Injected packet length average = 4.0026
Accepted packet length average = 3.99869
Total in-flight flits = 30 (30 measured)
latency change    = 0.495776
throughput change = 0.00604773
Class 0:
Packet latency average = 24.5724
	minimum = 10
	maximum = 54
Network latency average = 24.4567
	minimum = 10
	maximum = 54
Slowest packet = 2846
Flit latency average = 21.2034
	minimum = 7
	maximum = 51
Slowest flit = 11387
Fragmentation average = 0.514212
	minimum = 0
	maximum = 7
Injected packet rate average = 0.00608203
	minimum = 0 (at node 24)
	maximum = 0.0285 (at node 11)
Accepted packet rate average = 0.0060625
	minimum = 0 (at node 16)
	maximum = 0.0275 (at node 7)
Injected flit rate average = 0.024332
	minimum = 0 (at node 24)
	maximum = 0.114 (at node 11)
Accepted flit rate average= 0.0242383
	minimum = 0 (at node 16)
	maximum = 0.11 (at node 7)
Injected packet length average = 4.00064
Accepted packet length average = 3.99807
Total in-flight flits = 36 (36 measured)
latency change    = 0.00210917
throughput change = 0.014021
Class 0:
Packet latency average = 24.8417
	minimum = 10
	maximum = 54
Network latency average = 24.7295
	minimum = 10
	maximum = 54
Slowest packet = 2846
Flit latency average = 21.4688
	minimum = 7
	maximum = 51
Slowest flit = 11387
Fragmentation average = 0.517317
	minimum = 0
	maximum = 13
Injected packet rate average = 0.00596094
	minimum = 0 (at node 24)
	maximum = 0.0283333 (at node 11)
Accepted packet rate average = 0.00595052
	minimum = 0 (at node 16)
	maximum = 0.0266667 (at node 1)
Injected flit rate average = 0.0238333
	minimum = 0 (at node 24)
	maximum = 0.113333 (at node 11)
Accepted flit rate average= 0.0237969
	minimum = 0 (at node 16)
	maximum = 0.106667 (at node 1)
Injected packet length average = 3.99825
Accepted packet length average = 3.99912
Total in-flight flits = 31 (31 measured)
latency change    = 0.010844
throughput change = 0.0185489
Class 0:
Packet latency average = 24.582
	minimum = 10
	maximum = 54
Network latency average = 24.4589
	minimum = 10
	maximum = 54
Slowest packet = 2846
Flit latency average = 21.1946
	minimum = 7
	maximum = 51
Slowest flit = 11387
Fragmentation average = 0.520786
	minimum = 0
	maximum = 14
Injected packet rate average = 0.00598047
	minimum = 0 (at node 24)
	maximum = 0.02625 (at node 11)
Accepted packet rate average = 0.00597461
	minimum = 0 (at node 16)
	maximum = 0.026875 (at node 1)
Injected flit rate average = 0.0239238
	minimum = 0 (at node 24)
	maximum = 0.105 (at node 11)
Accepted flit rate average= 0.0238965
	minimum = 0 (at node 16)
	maximum = 0.1075 (at node 1)
Injected packet length average = 4.00033
Accepted packet length average = 3.99967
Total in-flight flits = 26 (26 measured)
latency change    = 0.0105662
throughput change = 0.00416837
Draining all recorded packets ...
Draining remaining packets ...
Time taken is 12071 cycles
====== Overall Traffic Statistics ======
====== Traffic class 0 ======
Packet latency average = 24.5673 (1 samples)
	minimum = 10 (1 samples)
	maximum = 54 (1 samples)
Network latency average = 24.4445 (1 samples)
	minimum = 10 (1 samples)
	maximum = 54 (1 samples)
Flit latency average = 21.1115 (1 samples)
	minimum = 7 (1 samples)
	maximum = 51 (1 samples)
Fragmentation average = 0.521555 (1 samples)
	minimum = 0 (1 samples)
	maximum = 14 (1 samples)
Injected packet rate average = 0.00598047 (1 samples)
	minimum = 0 (1 samples)
	maximum = 0.02625 (1 samples)
Accepted packet rate average = 0.00597461 (1 samples)
	minimum = 0 (1 samples)
	maximum = 0.026875 (1 samples)
Injected flit rate average = 0.0239238 (1 samples)
	minimum = 0 (1 samples)
	maximum = 0.105 (1 samples)
Accepted flit rate average = 0.0238965 (1 samples)
	minimum = 0 (1 samples)
	maximum = 0.1075 (1 samples)
Injected packet size average = 4.00033 (1 samples)
Accepted packet size average = 3.99967 (1 samples)
Hops average = 3.76813 (1 samples)
Total run time 0.546384


[stderr]
