BEGIN Configuration File: /home/amirthalingam/edge_cloud_ml/dnn-noc-sim/results/resnet/configs/mesh_rfdefault_vbdefault_ps4_r0p006_s3.cfg
topology = mesh;
k = 8;
n = 2;
xr = 1;
routing_function = dim_order;
num_vcs = 4;
vc_buf_size = 8;
subnets = 1;
injection_process = bernoulli;
sim_type = latency;
warmup_periods = 2;
sample_period = 2000;
max_samples = 6;
measure_stats = 1;
traffic = trace;
trace_traffic_file = /home/amirthalingam/edge_cloud_ml/dnn-noc-sim/results/traces/resnet_trace.txt;
trace_phase_cycles = {80,80,80,80,80,80,80,80,80,80,80,80,80,80,80,80,80,80,80,80,80,80,80,80,80,80,80,80,80,80,80,80,144,144,144,144,144,144,144,144,144,144,144,144,144,144,144,144,144,144,144,144,144,144,144,144,144,144,144,144,144,144,144,144,144,144,144,144,144,144,144,144,144,144,144,144,144,144,144,144,144,144,144,144,144,144,144,144,144,144,144,144,144,144,144,144,80,80,80,80,80,80,80,80,80,80,80,80,80,80,80,80,80,80,80,80,80,80,80,80,80,80,80,80,80,80,80,80,144,144,144,144,144,144,144,144,144,144,144,144,144,144,144,144,144,144,144,144,144,144,144,144,144,144,144,144,144,144,144,144,144,144,144,144,144,144,144,144,144,144,144,144,144,144,144,144,144,144,144,144,144,144,144,144,144,144,144,144,144,144,144,144,80,80,80,80,80,80,80,80,80,80,80,80,80,80,80,80,80,80,80,80,80,80,80,80,80,80,80,80,80,80,80,80,80,80,80,80,80,80,80,80,80,80,80,80,80,80,80,80,80,80,80,80,80,80,80,80,80,80,80,80,80,80,80,80,144,144,144,144,144,144,144,144,144,144,144,144,144,144,144,144,144,144,144,144,144,144,144,144,144,144,144,144,144,144,144,144,80,80,80,80,80,80,80,80,80,80,80,80,80,80,80,80,80,80,80,80,80,80,80,80,80,80,80,80,80,80,80,80,80,80,80,80,80,80,80,80,80,80,80,80,80,80,80,80,80,80,80,80,80,80,80,80,80,80,80,80,80,80,80,80,144,144,144,144,144,144,144,144,144,144,144,144,144,144,144,144,144,144,144,144,144,144,144,144,144,144,144,144,144,144,144,144,144,144,144,144,144,144,144,144,144,144,144,144,144,144,144,144,144,144,144,144,144,144,144,144,144,144,144,144,144,144,144,144,80,80,80,80,80,80,80,80,80,80,80,80,80,80,80,80,80,80,80,80,80,80,80,80,80,80,80,80,80,80,80,80,80,80,80,80,80,80,80,80,80,80,80,80,80,80,80,80,80,80,80,80,80,80,80,80,80,80,80,80,80,80,80,80,144,144,144,144,144,144,144,144,144,144,144,144,144,144,144,144,144,144,144,144,144,144,144,144,144,144,144,144,144,144,144,144,80,80,80,80,80,80,80,80,80,80,80,80,80,80,80,80,80,80,80,80,80,80,80,80,80,80,80,80,80,80,80,80,80,80,80,80,80,80,80,80,80,80,80,80,80,80,80,80,80,80,80,80,80,80,80,80,80,80,80,80,80,80,80,80,144,144,144,144,144,144,144,144,144,144,144,144,144,144,144,144,144,144,144,144,144,144,144,144,144,144,144,144,144,144,144,144,144,144,144,144,144,144,144,144,144,144,144,144,144,144,144,144,144,144,144,144,144,144,144,144,144,144,144,144,144,144,144,144,80,80,80,80,80,80,80,80,80,80,80,80,80,80,80,80,80,80,80,80,80,80,80,80,80,80,80,80,80,80,80,80,80,80,80,80,80,80,80,80,80,80,80,80,80,80,80,80,80,80,80,80,80,80,80,80,80,80,80,80,80,80,80,80,144,144,144,144,144,144,144,144,144,144,144,144,144,144,144,144,144,144,144,144,144,144,144,144,144,144,144,144,144,144,144,144,80,80,80,80,80,80,80,80,80,80,80,80,80,80,80,80,80,80,80,80,80,80,80,80,80,80,80,80,80,80,80,80,80,80,80,80,80,80,80,80,80,80,80,80,80,80,80,80,80,80,80,80,80,80,80,80,80,80,80,80,80,80,80,80,144,144,144,144,144,144,144,144,144,144,144,144,144,144,144,144,144,144,144,144,144,144,144,144,144,144,144,144,144,144,144,144,144,144,144,144,144,144,144,144,144,144,144,144,144,144,144,144,144,144,144,144,144,144,144,144,144,144,144,144,144,144,144,144,80,80,80,80,80,80,80,80,80,80,80,80,80,80,80,80,80,80,80,80,80,80,80,80,80,80,80,80,80,80,80,80,80,80,80,80,80,80,80,80,80};
trace_traffic_loop = 1;
trace_fallback_uniform = 0;
trace_injection_file = /home/amirthalingam/edge_cloud_ml/dnn-noc-sim/results/traces/resnet_trace.txt;
trace_injection_phase_cycles = {80,80,80,80,80,80,80,80,80,80,80,80,80,80,80,80,80,80,80,80,80,80,80,80,80,80,80,80,80,80,80,80,144,144,144,144,144,144,144,144,144,144,144,144,144,144,144,144,144,144,144,144,144,144,144,144,144,144,144,144,144,144,144,144,144,144,144,144,144,144,144,144,144,144,144,144,144,144,144,144,144,144,144,144,144,144,144,144,144,144,144,144,144,144,144,144,80,80,80,80,80,80,80,80,80,80,80,80,80,80,80,80,80,80,80,80,80,80,80,80,80,80,80,80,80,80,80,80,144,144,144,144,144,144,144,144,144,144,144,144,144,144,144,144,144,144,144,144,144,144,144,144,144,144,144,144,144,144,144,144,144,144,144,144,144,144,144,144,144,144,144,144,144,144,144,144,144,144,144,144,144,144,144,144,144,144,144,144,144,144,144,144,80,80,80,80,80,80,80,80,80,80,80,80,80,80,80,80,80,80,80,80,80,80,80,80,80,80,80,80,80,80,80,80,80,80,80,80,80,80,80,80,80,80,80,80,80,80,80,80,80,80,80,80,80,80,80,80,80,80,80,80,80,80,80,80,144,144,144,144,144,144,144,144,144,144,144,144,144,144,144,144,144,144,144,144,144,144,144,144,144,144,144,144,144,144,144,144,80,80,80,80,80,80,80,80,80,80,80,80,80,80,80,80,80,80,80,80,80,80,80,80,80,80,80,80,80,80,80,80,80,80,80,80,80,80,80,80,80,80,80,80,80,80,80,80,80,80,80,80,80,80,80,80,80,80,80,80,80,80,80,80,144,144,144,144,144,144,144,144,144,144,144,144,144,144,144,144,144,144,144,144,144,144,144,144,144,144,144,144,144,144,144,144,144,144,144,144,144,144,144,144,144,144,144,144,144,144,144,144,144,144,144,144,144,144,144,144,144,144,144,144,144,144,144,144,80,80,80,80,80,80,80,80,80,80,80,80,80,80,80,80,80,80,80,80,80,80,80,80,80,80,80,80,80,80,80,80,80,80,80,80,80,80,80,80,80,80,80,80,80,80,80,80,80,80,80,80,80,80,80,80,80,80,80,80,80,80,80,80,144,144,144,144,144,144,144,144,144,144,144,144,144,144,144,144,144,144,144,144,144,144,144,144,144,144,144,144,144,144,144,144,80,80,80,80,80,80,80,80,80,80,80,80,80,80,80,80,80,80,80,80,80,80,80,80,80,80,80,80,80,80,80,80,80,80,80,80,80,80,80,80,80,80,80,80,80,80,80,80,80,80,80,80,80,80,80,80,80,80,80,80,80,80,80,80,144,144,144,144,144,144,144,144,144,144,144,144,144,144,144,144,144,144,144,144,144,144,144,144,144,144,144,144,144,144,144,144,144,144,144,144,144,144,144,144,144,144,144,144,144,144,144,144,144,144,144,144,144,144,144,144,144,144,144,144,144,144,144,144,80,80,80,80,80,80,80,80,80,80,80,80,80,80,80,80,80,80,80,80,80,80,80,80,80,80,80,80,80,80,80,80,80,80,80,80,80,80,80,80,80,80,80,80,80,80,80,80,80,80,80,80,80,80,80,80,80,80,80,80,80,80,80,80,144,144,144,144,144,144,144,144,144,144,144,144,144,144,144,144,144,144,144,144,144,144,144,144,144,144,144,144,144,144,144,144,80,80,80,80,80,80,80,80,80,80,80,80,80,80,80,80,80,80,80,80,80,80,80,80,80,80,80,80,80,80,80,80,80,80,80,80,80,80,80,80,80,80,80,80,80,80,80,80,80,80,80,80,80,80,80,80,80,80,80,80,80,80,80,80,144,144,144,144,144,144,144,144,144,144,144,144,144,144,144,144,144,144,144,144,144,144,144,144,144,144,144,144,144,144,144,144,144,144,144,144,144,144,144,144,144,144,144,144,144,144,144,144,144,144,144,144,144,144,144,144,144,144,144,144,144,144,144,144,80,80,80,80,80,80,80,80,80,80,80,80,80,80,80,80,80,80,80,80,80,80,80,80,80,80,80,80,80,80,80,80,80,80,80,80,80,80,80,80,80};
trace_injection_loop = 1;
trace_injection_use_source_weights = 1;
packet_size = 4;
injection_rate = 0.0060;
injection_process = trace;
seed = 3;

END Configuration File: /home/amirthalingam/edge_cloud_ml/dnn-noc-sim/results/resnet/configs/mesh_rfdefault_vbdefault_ps4_r0p006_s3.cfg
Class 0:
Packet latency average = 42.6396
	minimum = 10
	maximum = 80
Network latency average = 41.8061
	minimum = 10
	maximum = 76
Slowest packet = 100
Flit latency average = 38.8012
	minimum = 7
	maximum = 73
Slowest flit = 2056
Fragmentation average = 0.00825309
	minimum = 0
	maximum = 1
Injected packet rate average = 0.00586719
	minimum = 0 (at node 2)
	maximum = 0.103 (at node 0)
Accepted packet rate average = 0.00567969
	minimum = 0 (at node 16)
	maximum = 0.031 (at node 12)
Injected flit rate average = 0.0234688
	minimum = 0 (at node 2)
	maximum = 0.412 (at node 0)
Accepted flit rate average= 0.0227187
	minimum = 0 (at node 16)
	maximum = 0.124 (at node 12)
Injected packet length average = 4
Accepted packet length average = 4
Total in-flight flits = 96 (0 measured)
latency change    = 1
throughput change = 1
Class 0:
Packet latency average = 36.7129
	minimum = 10
	maximum = 80
Network latency average = 36.1426
	minimum = 10
	maximum = 76
Slowest packet = 100
Flit latency average = 33.0512
	minimum = 7
	maximum = 73
Slowest flit = 2056
Fragmentation average = 0.180371
	minimum = 0
	maximum = 6
Injected packet rate average = 0.00592578
	minimum = 0 (at node 24)
	maximum = 0.06625 (at node 0)
Accepted packet rate average = 0.00589063
	minimum = 0 (at node 16)
	maximum = 0.026 (at node 2)
Injected flit rate average = 0.0236992
	minimum = 0 (at node 24)
	maximum = 0.265 (at node 0)
Accepted flit rate average= 0.0235781
	minimum = 0 (at node 16)
	maximum = 0.104 (at node 2)
Injected packet length average = 3.99934
Accepted packet length average = 4.00265
Total in-flight flits = 32 (0 measured)
latency change    = 0.161435
throughput change = 0.036448
Warmed up ...Time used is 4000 cycles
Class 0:
Packet latency average = 24.6875
	minimum = 10
	maximum = 50
Network latency average = 24.5443
	minimum = 10
	maximum = 50
Slowest packet = 1727
Flit latency average = 21.3367
	minimum = 7
	maximum = 47
Slowest flit = 6908
Fragmentation average = 0.513021
	minimum = 0
	maximum = 6
Injected packet rate average = 0.00610156
	minimum = 0 (at node 24)
	maximum = 0.027 (at node 11)
Accepted packet rate average = 0.00607031
	minimum = 0 (at node 16)
	maximum = 0.035 (at node 3)
Injected flit rate average = 0.0244141
	minimum = 0 (at node 24)
	maximum = 0.108 (at node 11)
Accepted flit rate average= 0.0242969
	minimum = 0 (at node 16)
	maximum = 0.14 (at node 3)
Injected packet length average = 4.00128
Accepted packet length average = 4.00257
Total in-flight flits = 46 (46 measured)
latency change    = 0.487103
throughput change = 0.029582
Class 0:
Packet latency average = 24.9814
	minimum = 10
	maximum = 53
Network latency average = 24.8602
	minimum = 10
	maximum = 53
Slowest packet = 1727
Flit latency average = 21.6014
	minimum = 7
	maximum = 50
Slowest flit = 10567
Fragmentation average = 0.547787
	minimum = 0
	maximum = 12
Injected packet rate average = 0.00612109
	minimum = 0 (at node 24)
	maximum = 0.0265 (at node 11)
Accepted packet rate average = 0.006125
	minimum = 0 (at node 16)
	maximum = 0.0295 (at node 8)
Injected flit rate average = 0.0244727
	minimum = 0 (at node 24)
	maximum = 0.106 (at node 11)
Accepted flit rate average= 0.0245078
	minimum = 0 (at node 16)
	maximum = 0.117 (at node 8)
Injected packet length average = 3.99809
Accepted packet length average = 4.00128
Total in-flight flits = 26 (26 measured)
latency change    = 0.0117647
throughput change = 0.00860695
Class 0:
Packet latency average = 25.0167
	minimum = 10
	maximum = 53
Network latency average = 24.8924
	minimum = 10
	maximum = 53
Slowest packet = 1727
Flit latency average = 21.6086
	minimum = 7
	maximum = 50
Slowest flit = 10567
Fragmentation average = 0.578992
	minimum = 0
	maximum = 12
Injected packet rate average = 0.0061224
	minimum = 0 (at node 24)
	maximum = 0.0273333 (at node 11)
Accepted packet rate average = 0.0061224
	minimum = 0 (at node 16)
	maximum = 0.0283333 (at node 8)
Injected flit rate average = 0.0244922
	minimum = 0 (at node 24)
	maximum = 0.109333 (at node 11)
Accepted flit rate average= 0.0244818
	minimum = 0 (at node 16)
	maximum = 0.112667 (at node 8)
Injected packet length average = 4.00043
Accepted packet length average = 3.99872
Total in-flight flits = 35 (35 measured)
latency change    = 0.00140923
throughput change = 0.00106372
Class 0:
Packet latency average = 24.6377
	minimum = 10
	maximum = 53
Network latency average = 24.5069
	minimum = 10
	maximum = 53
Slowest packet = 1727
Flit latency average = 21.2332
	minimum = 7
	maximum = 50
Slowest flit = 10567
Fragmentation average = 0.555484
	minimum = 0
	maximum = 12
Injected packet rate average = 0.00611523
	minimum = 0 (at node 24)
	maximum = 0.0265 (at node 11)
Accepted packet rate average = 0.006125
	minimum = 0 (at node 16)
	maximum = 0.027625 (at node 8)
Injected flit rate average = 0.0244629
	minimum = 0 (at node 24)
	maximum = 0.106 (at node 11)
Accepted flit rate average= 0.0244922
	minimum = 0 (at node 16)
	maximum = 0.11 (at node 8)
Injected packet length average = 4.00032
Accepted packet length average = 3.99872
Total in-flight flits = 16 (16 measured)
latency change    = 0.0153822
throughput change = 0.000425306
Draining all recorded packets ...
Draining remaining packets ...
Time taken is 12060 cycles
====== Overall Traffic Statistics ======
====== Traffic class 0 ======
Packet latency average = 24.6353 (1 samples)
	minimum = 10 (1 samples)
	maximum = 53 (1 samples)
Network latency average = 24.5046 (1 samples)
	minimum = 10 (1 samples)
	maximum = 53 (1 samples)
Flit latency average = 21.1965 (1 samples)
	minimum = 7 (1 samples)
	maximum = 50 (1 samples)
Fragmentation average = 0.556691 (1 samples)
	minimum = 0 (1 samples)
	maximum = 12 (1 samples)
Injected packet rate average = 0.00611523 (1 samples)
	minimum = 0 (1 samples)
	maximum = 0.0265 (1 samples)
Accepted packet rate average = 0.006125 (1 samples)
	minimum = 0 (1 samples)
	maximum = 0.027625 (1 samples)
Injected flit rate average = 0.0244629 (1 samples)
	minimum = 0 (1 samples)
	maximum = 0.106 (1 samples)
Accepted flit rate average = 0.0244922 (1 samples)
	minimum = 0 (1 samples)
	maximum = 0.11 (1 samples)
Injected packet size average = 4.00032 (1 samples)
Accepted packet size average = 3.99872 (1 samples)
Hops average = 3.76844 (1 samples)
Total run time 0.386548


[stderr]
