BEGIN Configuration File: /home/amirthalingam/edge_cloud_ml/dnn-noc-sim/results/resnet/configs/mesh_rfdefault_vbdefault_ps4_r0p006_s5.cfg
topology = mesh;
k = 8;
n = 2;
xr = 1;
routing_function = dim_order;
num_vcs = 4;
vc_buf_size = 8;
subnets = 1;
injection_process = bernoulli;
sim_type = latency;
warmup_periods = 2;
sample_period = 2000;
max_samples = 6;
measure_stats = 1;
traffic = trace;
trace_traffic_file = /home/amirthalingam/edge_cloud_ml/dnn-noc-sim/results/traces/resnet_trace.txt;
trace_phase_cycles = {80,80,80,80,80,80,80,80,80,80,80,80,80,80,80,80,80,80,80,80,80,80,80,80,80,80,80,80,80,80,80,80,144,144,144,144,144,144,144,144,144,144,144,144,144,144,144,144,144,144,144,144,144,144,144,144,144,144,144,144,144,144,144,144,144,144,144,144,144,144,144,144,144,144,144,144,144,144,144,144,144,144,144,144,144,144,144,144,144,144,144,144,144,144,144,144,80,80,80,80,80,80,80,80,80,80,80,80,80,80,80,80,80,80,80,80,80,80,80,80,80,80,80,80,80,80,80,80,144,144,144,144,144,144,144,144,144,144,144,144,144,144,144,144,144,144,144,144,144,144,144,144,144,144,144,144,144,144,144,144,144,144,144,144,144,144,144,144,144,144,144,144,144,144,144,144,144,144,144,144,144,144,144,144,144,144,144,144,144,144,144,144,80,80,80,80,80,80,80,80,80,80,80,80,80,80,80,80,80,80,80,80,80,80,80,80,80,80,80,80,80,80,80,80,80,80,80,80,80,80,80,80,80,80,80,80,80,80,80,80,80,80,80,80,80,80,80,80,80,80,80,80,80,80,80,80,144,144,144,144,144,144,144,144,144,144,144,144,144,144,144,144,144,144,144,144,144,144,144,144,144,144,144,144,144,144,144,144,80,80,80,80,80,80,80,80,80,80,80,80,80,80,80,80,80,80,80,80,80,80,80,80,80,80,80,80,80,80,80,80,80,80,80,80,80,80,80,80,80,80,80,80,80,80,80,80,80,80,80,80,80,80,80,80,80,80,80,80,80,80,80,80,144,144,144,144,144,144,144,144,144,144,144,144,144,144,144,144,144,144,144,144,144,144,144,144,144,144,144,144,144,144,144,144,144,144,144,144,144,144,144,144,144,144,144,144,144,144,144,144,144,144,144,144,144,144,144,144,144,144,144,144,144,144,144,144,80,80,80,80,80,80,80,80,80,80,80,80,80,80,80,80,80,80,80,80,80,80,80,80,80,80,80,80,80,80,80,80,80,80,80,80,80,80,80,80,80,80,80,80,80,80,80,80,80,80,80,80,80,80,80,80,80,80,80,80,80,80,80,80,144,144,144,144,144,144,144,144,144,144,144,144,144,144,144,144,144,144,144,144,144,144,144,144,144,144,144,144,144,144,144,144,80,80,80,80,80,80,80,80,80,80,80,80,80,80,80,80,80,80,80,80,80,80,80,80,80,80,80,80,80,80,80,80,80,80,80,80,80,80,80,80,80,80,80,80,80,80,80,80,80,80,80,80,80,80,80,80,80,80,80,80,80,80,80,80,144,144,144,144,144,144,144,144,144,144,144,144,144,144,144,144,144,144,144,144,144,144,144,144,144,144,144,144,144,144,144,144,144,144,144,144,144,144,144,144,144,144,144,144,144,144,144,144,144,144,144,144,144,144,144,144,144,144,144,144,144,144,144,144,80,80,80,80,80,80,80,80,80,80,80,80,80,80,80,80,80,80,80,80,80,80,80,80,80,80,80,80,80,80,80,80,80,80,80,80,80,80,80,80,80,80,80,80,80,80,80,80,80,80,80,80,80,80,80,80,80,80,80,80,80,80,80,80,144,144,144,144,144,144,144,144,144,144,144,144,144,144,144,144,144,144,144,144,144,144,144,144,144,144,144,144,144,144,144,144,80,80,80,80,80,80,80,80,80,80,80,80,80,80,80,80,80,80,80,80,80,80,80,80,80,80,80,80,80,80,80,80,80,80,80,80,80,80,80,80,80,80,80,80,80,80,80,80,80,80,80,80,80,80,80,80,80,80,80,80,80,80,80,80,144,144,144,144,144,144,144,144,144,144,144,144,144,144,144,144,144,144,144,144,144,144,144,144,144,144,144,144,144,144,144,144,144,144,144,144,144,144,144,144,144,144,144,144,144,144,144,144,144,144,144,144,144,144,144,144,144,144,144,144,144,144,144,144,80,80,80,80,80,80,80,80,80,80,80,80,80,80,80,80,80,80,80,80,80,80,80,80,80,80,80,80,80,80,80,80,80,80,80,80,80,80,80,80,80};
trace_traffic_loop = 1;
trace_fallback_uniform = 0;
trace_injection_file = /home/amirthalingam/edge_cloud_ml/dnn-noc-sim/results/traces/resnet_trace.txt;
trace_injection_phase_cycles = {80,80,80,80,80,80,80,80,80,80,80,80,80,80,80,80,80,80,80,80,80,80,80,80,80,80,80,80,80,80,80,80,144,144,144,144,144,144,144,144,144,144,144,144,144,144,144,144,144,144,144,144,144,144,144,144,144,144,144,144,144,144,144,144,144,144,144,144,144,144,144,144,144,144,144,144,144,144,144,144,144,144,144,144,144,144,144,144,144,144,144,144,144,144,144,144,80,80,80,80,80,80,80,80,80,80,80,80,80,80,80,80,80,80,80,80,80,80,80,80,80,80,80,80,80,80,80,80,144,144,144,144,144,144,144,144,144,144,144,144,144,144,144,144,144,144,144,144,144,144,144,144,144,144,144,144,144,144,144,144,144,144,144,144,144,144,144,144,144,144,144,144,144,144,144,144,144,144,144,144,144,144,144,144,144,144,144,144,144,144,144,144,80,80,80,80,80,80,80,80,80,80,80,80,80,80,80,80,80,80,80,80,80,80,80,80,80,80,80,80,80,80,80,80,80,80,80,80,80,80,80,80,80,80,80,80,80,80,80,80,80,80,80,80,80,80,80,80,80,80,80,80,80,80,80,80,144,144,144,144,144,144,144,144,144,144,144,144,144,144,144,144,144,144,144,144,144,144,144,144,144,144,144,144,144,144,144,144,80,80,80,80,80,80,80,80,80,80,80,80,80,80,80,80,80,80,80,80,80,80,80,80,80,80,80,80,80,80,80,80,80,80,80,80,80,80,80,80,80,80,80,80,80,80,80,80,80,80,80,80,80,80,80,80,80,80,80,80,80,80,80,80,144,144,144,144,144,144,144,144,144,144,144,144,144,144,144,144,144,144,144,144,144,144,144,144,144,144,144,144,144,144,144,144,144,144,144,144,144,144,144,144,144,144,144,144,144,144,144,144,144,144,144,144,144,144,144,144,144,144,144,144,144,144,144,144,80,80,80,80,80,80,80,80,80,80,80,80,80,80,80,80,80,80,80,80,80,80,80,80,80,80,80,80,80,80,80,80,80,80,80,80,80,80,80,80,80,80,80,80,80,80,80,80,80,80,80,80,80,80,80,80,80,80,80,80,80,80,80,80,144,144,144,144,144,144,144,144,144,144,144,144,144,144,144,144,144,144,144,144,144,144,144,144,144,144,144,144,144,144,144,144,80,80,80,80,80,80,80,80,80,80,80,80,80,80,80,80,80,80,80,80,80,80,80,80,80,80,80,80,80,80,80,80,80,80,80,80,80,80,80,80,80,80,80,80,80,80,80,80,80,80,80,80,80,80,80,80,80,80,80,80,80,80,80,80,144,144,144,144,144,144,144,144,144,144,144,144,144,144,144,144,144,144,144,144,144,144,144,144,144,144,144,144,144,144,144,144,144,144,144,144,144,144,144,144,144,144,144,144,144,144,144,144,144,144,144,144,144,144,144,144,144,144,144,144,144,144,144,144,80,80,80,80,80,80,80,80,80,80,80,80,80,80,80,80,80,80,80,80,80,80,80,80,80,80,80,80,80,80,80,80,80,80,80,80,80,80,80,80,80,80,80,80,80,80,80,80,80,80,80,80,80,80,80,80,80,80,80,80,80,80,80,80,144,144,144,144,144,144,144,144,144,144,144,144,144,144,144,144,144,144,144,144,144,144,144,144,144,144,144,144,144,144,144,144,80,80,80,80,80,80,80,80,80,80,80,80,80,80,80,80,80,80,80,80,80,80,80,80,80,80,80,80,80,80,80,80,80,80,80,80,80,80,80,80,80,80,80,80,80,80,80,80,80,80,80,80,80,80,80,80,80,80,80,80,80,80,80,80,144,144,144,144,144,144,144,144,144,144,144,144,144,144,144,144,144,144,144,144,144,144,144,144,144,144,144,144,144,144,144,144,144,144,144,144,144,144,144,144,144,144,144,144,144,144,144,144,144,144,144,144,144,144,144,144,144,144,144,144,144,144,144,144,80,80,80,80,80,80,80,80,80,80,80,80,80,80,80,80,80,80,80,80,80,80,80,80,80,80,80,80,80,80,80,80,80,80,80,80,80,80,80,80,80};
trace_injection_loop = 1;
trace_injection_use_source_weights = 1;
packet_size = 4;
injection_rate = 0.0060;
injection_process = trace;
seed = 5;

END Configuration File: /home/amirthalingam/edge_cloud_ml/dnn-noc-sim/results/resnet/configs/mesh_rfdefault_vbdefault_ps4_r0p006_s5.cfg
Class 0:
Packet latency average = 42.8152
	minimum = 10
	maximum = 81
Network latency average = 41.9647
	minimum = 10
	maximum = 75
Slowest packet = 6
Flit latency average = 38.9409
	minimum = 7
	maximum = 72
Slowest flit = 24
Fragmentation average = 0.0285326
	minimum = 0
	maximum = 3
Injected packet rate average = 0.005875
	minimum = 0 (at node 1)
	maximum = 0.0995 (at node 63)
Accepted packet rate average = 0.00575
	minimum = 0 (at node 16)
	maximum = 0.029 (at node 7)
Injected flit rate average = 0.0234922
	minimum = 0 (at node 1)
	maximum = 0.3975 (at node 63)
Accepted flit rate average= 0.0230078
	minimum = 0 (at node 16)
	maximum = 0.116 (at node 7)
Injected packet length average = 3.99867
Accepted packet length average = 4.00136
Total in-flight flits = 63 (0 measured)
latency change    = 1
throughput change = 1
Class 0:
Packet latency average = 36.4228
	minimum = 10
	maximum = 81
Network latency average = 35.8654
	minimum = 10
	maximum = 75
Slowest packet = 6
Flit latency average = 32.7303
	minimum = 7
	maximum = 72
Slowest flit = 24
Fragmentation average = 0.22193
	minimum = 0
	maximum = 10
Injected packet rate average = 0.00599609
	minimum = 0 (at node 24)
	maximum = 0.06925 (at node 7)
Accepted packet rate average = 0.00594922
	minimum = 0 (at node 16)
	maximum = 0.028 (at node 2)
Injected flit rate average = 0.0239531
	minimum = 0 (at node 24)
	maximum = 0.277 (at node 7)
Accepted flit rate average= 0.0238242
	minimum = 0 (at node 16)
	maximum = 0.112 (at node 2)
Injected packet length average = 3.99479
Accepted packet length average = 4.0046
Total in-flight flits = 41 (0 measured)
latency change    = 0.175504
throughput change = 0.0342679
Warmed up ...Time used is 4000 cycles
Class 0:
Packet latency average = 25.1196
	minimum = 10
	maximum = 68
Network latency average = 25.0221
	minimum = 10
	maximum = 68
Slowest packet = 2281
Flit latency average = 21.8447
	minimum = 7
	maximum = 65
Slowest flit = 9127
Fragmentation average = 0.436931
	minimum = 0
	maximum = 7
Injected packet rate average = 0.00605469
	minimum = 0 (at node 24)
	maximum = 0.0265 (at node 12)
Accepted packet rate average = 0.00610156
	minimum = 0 (at node 16)
	maximum = 0.0305 (at node 3)
Injected flit rate average = 0.0242813
	minimum = 0 (at node 24)
	maximum = 0.106 (at node 12)
Accepted flit rate average= 0.0243516
	minimum = 0 (at node 16)
	maximum = 0.122 (at node 3)
Injected packet length average = 4.01032
Accepted packet length average = 3.99104
Total in-flight flits = 24 (24 measured)
latency change    = 0.449975
throughput change = 0.0216554
Class 0:
Packet latency average = 24.8501
	minimum = 10
	maximum = 68
Network latency average = 24.7373
	minimum = 10
	maximum = 68
Slowest packet = 2281
Flit latency average = 21.4962
	minimum = 7
	maximum = 65
Slowest flit = 9127
Fragmentation average = 0.522816
	minimum = 0
	maximum = 11
Injected packet rate average = 0.00605078
	minimum = 0 (at node 24)
	maximum = 0.0265 (at node 14)
Accepted packet rate average = 0.00603906
	minimum = 0 (at node 16)
	maximum = 0.0295 (at node 3)
Injected flit rate average = 0.0242148
	minimum = 0 (at node 24)
	maximum = 0.10675 (at node 14)
Accepted flit rate average= 0.0241367
	minimum = 0 (at node 16)
	maximum = 0.118 (at node 3)
Injected packet length average = 4.00194
Accepted packet length average = 3.99677
Total in-flight flits = 58 (58 measured)
latency change    = 0.0108479
throughput change = 0.00890112
Class 0:
Packet latency average = 24.9293
	minimum = 10
	maximum = 68
Network latency average = 24.8188
	minimum = 10
	maximum = 68
Slowest packet = 2281
Flit latency average = 21.5673
	minimum = 7
	maximum = 65
Slowest flit = 9127
Fragmentation average = 0.532293
	minimum = 0
	maximum = 11
Injected packet rate average = 0.00602604
	minimum = 0 (at node 24)
	maximum = 0.0266667 (at node 11)
Accepted packet rate average = 0.00603906
	minimum = 0 (at node 16)
	maximum = 0.0273333 (at node 4)
Injected flit rate average = 0.0241172
	minimum = 0 (at node 24)
	maximum = 0.106667 (at node 11)
Accepted flit rate average= 0.0241484
	minimum = 0 (at node 16)
	maximum = 0.109667 (at node 4)
Injected packet length average = 4.00216
Accepted packet length average = 3.99871
Total in-flight flits = 24 (24 measured)
latency change    = 0.0031802
throughput change = 0.00048528
Class 0:
Packet latency average = 24.6293
	minimum = 10
	maximum = 68
Network latency average = 24.5167
	minimum = 10
	maximum = 68
Slowest packet = 2281
Flit latency average = 21.2574
	minimum = 7
	maximum = 65
Slowest flit = 9127
Fragmentation average = 0.531434
	minimum = 0
	maximum = 11
Injected packet rate average = 0.00597266
	minimum = 0 (at node 24)
	maximum = 0.02575 (at node 11)
Accepted packet rate average = 0.00598828
	minimum = 0 (at node 16)
	maximum = 0.02725 (at node 4)
Injected flit rate average = 0.0239004
	minimum = 0 (at node 24)
	maximum = 0.103 (at node 11)
Accepted flit rate average= 0.0239434
	minimum = 0 (at node 16)
	maximum = 0.109 (at node 4)
Injected packet length average = 4.00164
Accepted packet length average = 3.99837
Total in-flight flits = 14 (14 measured)
latency change    = 0.0121809
throughput change = 0.00856514
Draining all recorded packets ...
Draining remaining packets ...
Time taken is 12031 cycles
====== Overall Traffic Statistics ======
====== Traffic class 0 ======
Packet latency average = 24.6135 (1 samples)
	minimum = 10 (1 samples)
	maximum = 68 (1 samples)
Network latency average = 24.501 (1 samples)
	minimum = 10 (1 samples)
	maximum = 68 (1 samples)
Flit latency average = 21.2247 (1 samples)
	minimum = 7 (1 samples)
	maximum = 65 (1 samples)
Fragmentation average = 0.530739 (1 samples)
	minimum = 0 (1 samples)
	maximum = 11 (1 samples)
Injected packet rate average = 0.00597266 (1 samples)
	minimum = 0 (1 samples)
	maximum = 0.02575 (1 samples)
Accepted packet rate average = 0.00598828 (1 samples)
	minimum = 0 (1 samples)
	maximum = 0.02725 (1 samples)
Injected flit rate average = 0.0239004 (1 samples)
	minimum = 0 (1 samples)
	maximum = 0.103 (1 samples)
Accepted flit rate average = 0.0239434 (1 samples)
	minimum = 0 (1 samples)
	maximum = 0.109 (1 samples)
Injected packet size average = 4.00164 (1 samples)
Accepted packet size average = 3.99837 (1 samples)
Hops average = 3.77632 (1 samples)
Total run time 0.390316


[stderr]
