BEGIN Configuration File: /home/amirthalingam/edge_cloud_ml/dnn-noc-sim/results/resnet/configs/mesh_rfdefault_vbdefault_ps4_r0p006_s4.cfg
topology = mesh;
k = 8;
n = 2;
xr = 1;
routing_function = dim_order;
num_vcs = 4;
vc_buf_size = 8;
subnets = 1;
injection_process = bernoulli;
sim_type = latency;
warmup_periods = 2;
sample_period = 2000;
max_samples = 6;
measure_stats = 1;
traffic = trace;
trace_traffic_file = /home/amirthalingam/edge_cloud_ml/dnn-noc-sim/results/traces/resnet_trace.txt;
trace_phase_cycles = {80,80,80,80,80,80,80,80,80,80,80,80,80,80,80,80,80,80,80,80,80,80,80,80,80,80,80,80,80,80,80,80,144,144,144,144,144,144,144,144,144,144,144,144,144,144,144,144,144,144,144,144,144,144,144,144,144,144,144,144,144,144,144,144,144,144,144,144,144,144,144,144,144,144,144,144,144,144,144,144,144,144,144,144,144,144,144,144,144,144,144,144,144,144,144,144,80,80,80,80,80,80,80,80,80,80,80,80,80,80,80,80,80,80,80,80,80,80,80,80,80,80,80,80,80,80,80,80,144,144,144,144,144,144,144,144,144,144,144,144,144,144,144,144,144,144,144,144,144,144,144,144,144,144,144,144,144,144,144,144,144,144,144,144,144,144,144,144,144,144,144,144,144,144,144,144,144,144,144,144,144,144,144,144,144,144,144,144,144,144,144,144,80,80,80,80,80,80,80,80,80,80,80,80,80,80,80,80,80,80,80,80,80,80,80,80,80,80,80,80,80,80,80,80,80,80,80,80,80,80,80,80,80,80,80,80,80,80,80,80,80,80,80,80,80,80,80,80,80,80,80,80,80,80,80,80,144,144,144,144,144,144,144,144,144,144,144,144,144,144,144,144,144,144,144,144,144,144,144,144,144,144,144,144,144,144,144,144,80,80,80,80,80,80,80,80,80,80,80,80,80,80,80,80,80,80,80,80,80,80,80,80,80,80,80,80,80,80,80,80,80,80,80,80,80,80,80,80,80,80,80,80,80,80,80,80,80,80,80,80,80,80,80,80,80,80,80,80,80,80,80,80,144,144,144,144,144,144,144,144,144,144,144,144,144,144,144,144,144,144,144,144,144,144,144,144,144,144,144,144,144,144,144,144,144,144,144,144,144,144,144,144,144,144,144,144,144,144,144,144,144,144,144,144,144,144,144,144,144,144,144,144,144,144,144,144,80,80,80,80,80,80,80,80,80,80,80,80,80,80,80,80,80,80,80,80,80,80,80,80,80,80,80,80,80,80,80,80,80,80,80,80,80,80,80,80,80,80,80,80,80,80,80,80,80,80,80,80,80,80,80,80,80,80,80,80,80,80,80,80,144,144,144,144,144,144,144,144,144,144,144,144,144,144,144,144,144,144,144,144,144,144,144,144,144,144,144,144,144,144,144,144,80,80,80,80,80,80,80,80,80,80,80,80,80,80,80,80,80,80,80,80,80,80,80,80,80,80,80,80,80,80,80,80,80,80,80,80,80,80,80,80,80,80,80,80,80,80,80,80,80,80,80,80,80,80,80,80,80,80,80,80,80,80,80,80,144,144,144,144,144,144,144,144,144,144,144,144,144,144,144,144,144,144,144,144,144,144,144,144,144,144,144,144,144,144,144,144,144,144,144,144,144,144,144,144,144,144,144,144,144,144,144,144,144,144,144,144,144,144,144,144,144,144,144,144,144,144,144,144,80,80,80,80,80,80,80,80,80,80,80,80,80,80,80,80,80,80,80,80,80,80,80,80,80,80,80,80,80,80,80,80,80,80,80,80,80,80,80,80,80,80,80,80,80,80,80,80,80,80,80,80,80,80,80,80,80,80,80,80,80,80,80,80,144,144,144,144,144,144,144,144,144,144,144,144,144,144,144,144,144,144,144,144,144,144,144,144,144,144,144,144,144,144,144,144,80,80,80,80,80,80,80,80,80,80,80,80,80,80,80,80,80,80,80,80,80,80,80,80,80,80,80,80,80,80,80,80,80,80,80,80,80,80,80,80,80,80,80,80,80,80,80,80,80,80,80,80,80,80,80,80,80,80,80,80,80,80,80,80,144,144,144,144,144,144,144,144,144,144,144,144,144,144,144,144,144,144,144,144,144,144,144,144,144,144,144,144,144,144,144,144,144,144,144,144,144,144,144,144,144,144,144,144,144,144,144,144,144,144,144,144,144,144,144,144,144,144,144,144,144,144,144,144,80,80,80,80,80,80,80,80,80,80,80,80,80,80,80,80,80,80,80,80,80,80,80,80,80,80,80,80,80,80,80,80,80,80,80,80,80,80,80,80,80};
trace_traffic_loop = 1;
trace_fallback_uniform = 0;
trace_injection_file = /home/amirthalingam/edge_cloud_ml/dnn-noc-sim/results/traces/resnet_trace.txt;
trace_injection_phase_cycles = {80,80,80,80,80,80,80,80,80,80,80,80,80,80,80,80,80,80,80,80,80,80,80,80,80,80,80,80,80,80,80,80,144,144,144,144,144,144,144,144,144,144,144,144,144,144,144,144,144,144,144,144,144,144,144,144,144,144,144,144,144,144,144,144,144,144,144,144,144,144,144,144,144,144,144,144,144,144,144,144,144,144,144,144,144,144,144,144,144,144,144,144,144,144,144,144,80,80,80,80,80,80,80,80,80,80,80,80,80,80,80,80,80,80,80,80,80,80,80,80,80,80,80,80,80,80,80,80,144,144,144,144,144,144,144,144,144,144,144,144,144,144,144,144,144,144,144,144,144,144,144,144,144,144,144,144,144,144,144,144,144,144,144,144,144,144,144,144,144,144,144,144,144,144,144,144,144,144,144,144,144,144,144,144,144,144,144,144,144,144,144,144,80,80,80,80,80,80,80,80,80,80,80,80,80,80,80,80,80,80,80,80,80,80,80,80,80,80,80,80,80,80,80,80,80,80,80,80,80,80,80,80,80,80,80,80,80,80,80,80,80,80,80,80,80,80,80,80,80,80,80,80,80,80,80,80,144,144,144,144,144,144,144,144,144,144,144,144,144,144,144,144,144,144,144,144,144,144,144,144,144,144,144,144,144,144,144,144,80,80,80,80,80,80,80,80,80,80,80,80,80,80,80,80,80,80,80,80,80,80,80,80,80,80,80,80,80,80,80,80,80,80,80,80,80,80,80,80,80,80,80,80,80,80,80,80,80,80,80,80,80,80,80,80,80,80,80,80,80,80,80,80,144,144,144,144,144,144,144,144,144,144,144,144,144,144,144,144,144,144,144,144,144,144,144,144,144,144,144,144,144,144,144,144,144,144,144,144,144,144,144,144,144,144,144,144,144,144,144,144,144,144,144,144,144,144,144,144,144,144,144,144,144,144,144,144,80,80,80,80,80,80,80,80,80,80,80,80,80,80,80,80,80,80,80,80,80,80,80,80,80,80,80,80,80,80,80,80,80,80,80,80,80,80,80,80,80,80,80,80,80,80,80,80,80,80,80,80,80,80,80,80,80,80,80,80,80,80,80,80,144,144,144,144,144,144,144,144,144,144,144,144,144,144,144,144,144,144,144,144,144,144,144,144,144,144,144,144,144,144,144,144,80,80,80,80,80,80,80,80,80,80,80,80,80,80,80,80,80,80,80,80,80,80,80,80,80,80,80,80,80,80,80,80,80,80,80,80,80,80,80,80,80,80,80,80,80,80,80,80,80,80,80,80,80,80,80,80,80,80,80,80,80,80,80,80,144,144,144,144,144,144,144,144,144,144,144,144,144,144,144,144,144,144,144,144,144,144,144,144,144,144,144,144,144,144,144,144,144,144,144,144,144,144,144,144,144,144,144,144,144,144,144,144,144,144,144,144,144,144,144,144,144,144,144,144,144,144,144,144,80,80,80,80,80,80,80,80,80,80,80,80,80,80,80,80,80,80,80,80,80,80,80,80,80,80,80,80,80,80,80,80,80,80,80,80,80,80,80,80,80,80,80,80,80,80,80,80,80,80,80,80,80,80,80,80,80,80,80,80,80,80,80,80,144,144,144,144,144,144,144,144,144,144,144,144,144,144,144,144,144,144,144,144,144,144,144,144,144,144,144,144,144,144,144,144,80,80,80,80,80,80,80,80,80,80,80,80,80,80,80,80,80,80,80,80,80,80,80,80,80,80,80,80,80,80,80,80,80,80,80,80,80,80,80,80,80,80,80,80,80,80,80,80,80,80,80,80,80,80,80,80,80,80,80,80,80,80,80,80,144,144,144,144,144,144,144,144,144,144,144,144,144,144,144,144,144,144,144,144,144,144,144,144,144,144,144,144,144,144,144,144,144,144,144,144,144,144,144,144,144,144,144,144,144,144,144,144,144,144,144,144,144,144,144,144,144,144,144,144,144,144,144,144,80,80,80,80,80,80,80,80,80,80,80,80,80,80,80,80,80,80,80,80,80,80,80,80,80,80,80,80,80,80,80,80,80,80,80,80,80,80,80,80,80};
trace_injection_loop = 1;
trace_injection_use_source_weights = 1;
packet_size = 4;
injection_rate = 0.0060;
injection_process = trace;
seed = 4;

END Configuration File: /home/amirthalingam/edge_cloud_ml/dnn-noc-sim/results/resnet/configs/mesh_rfdefault_vbdefault_ps4_r0p006_s4.cfg
Class 0:
Packet latency average = 43.4644
	minimum = 10
	maximum = 81
Network latency average = 42.6466
	minimum = 10
	maximum = 76
Slowest packet = 7
Flit latency average = 39.6603
	minimum = 7
	maximum = 73
Slowest flit = 464
Fragmentation average = 0.00821918
	minimum = 0
	maximum = 2
Injected packet rate average = 0.00582812
	minimum = 0 (at node 1)
	maximum = 0.097 (at node 63)
Accepted packet rate average = 0.00570312
	minimum = 0 (at node 16)
	maximum = 0.0305 (at node 11)
Injected flit rate average = 0.0232734
	minimum = 0 (at node 1)
	maximum = 0.3865 (at node 63)
Accepted flit rate average= 0.0228359
	minimum = 0 (at node 16)
	maximum = 0.1235 (at node 11)
Injected packet length average = 3.9933
Accepted packet length average = 4.00411
Total in-flight flits = 61 (0 measured)
latency change    = 1
throughput change = 1
Class 0:
Packet latency average = 36.7599
	minimum = 10
	maximum = 83
Network latency average = 36.1347
	minimum = 10
	maximum = 76
Slowest packet = 7
Flit latency average = 33.0408
	minimum = 7
	maximum = 73
Slowest flit = 464
Fragmentation average = 0.155951
	minimum = 0
	maximum = 13
Injected packet rate average = 0.00575391
	minimum = 0 (at node 24)
	maximum = 0.07025 (at node 7)
Accepted packet rate average = 0.00571094
	minimum = 0 (at node 16)
	maximum = 0.02675 (at node 9)
Injected flit rate average = 0.0230039
	minimum = 0 (at node 24)
	maximum = 0.281 (at node 7)
Accepted flit rate average= 0.0228789
	minimum = 0 (at node 16)
	maximum = 0.108 (at node 9)
Injected packet length average = 3.99796
Accepted packet length average = 4.00616
Total in-flight flits = 35 (0 measured)
latency change    = 0.182385
throughput change = 0.00187809
Warmed up ...Time used is 4000 cycles
Class 0:
Packet latency average = 24.8486
	minimum = 10
	maximum = 55
Network latency average = 24.7494
	minimum = 10
	maximum = 53
Slowest packet = 1565
Flit latency average = 21.5146
	minimum = 7
	maximum = 50
Slowest flit = 6263
Fragmentation average = 0.558524
	minimum = 0
	maximum = 9
Injected packet rate average = 0.00619531
	minimum = 0 (at node 24)
	maximum = 0.029 (at node 11)
Accepted packet rate average = 0.00622656
	minimum = 0 (at node 16)
	maximum = 0.0325 (at node 7)
Injected flit rate average = 0.0248047
	minimum = 0 (at node 24)
	maximum = 0.116 (at node 11)
Accepted flit rate average= 0.0248359
	minimum = 0 (at node 16)
	maximum = 0.13 (at node 7)
Injected packet length average = 4.00378
Accepted packet length average = 3.98871
Total in-flight flits = 28 (28 measured)
latency change    = 0.479356
throughput change = 0.0787984
Class 0:
Packet latency average = 25.0058
	minimum = 10
	maximum = 55
Network latency average = 24.8995
	minimum = 10
	maximum = 53
Slowest packet = 1565
Flit latency average = 21.6101
	minimum = 7
	maximum = 50
Slowest flit = 6263
Fragmentation average = 0.611075
	minimum = 0
	maximum = 11
Injected packet rate average = 0.00611719
	minimum = 0 (at node 24)
	maximum = 0.0285 (at node 8)
Accepted packet rate average = 0.00610938
	minimum = 0 (at node 16)
	maximum = 0.028 (at node 4)
Injected flit rate average = 0.0244766
	minimum = 0 (at node 24)
	maximum = 0.114 (at node 8)
Accepted flit rate average= 0.0244141
	minimum = 0 (at node 16)
	maximum = 0.112 (at node 4)
Injected packet length average = 4.00128
Accepted packet length average = 3.99616
Total in-flight flits = 49 (49 measured)
latency change    = 0.00628633
throughput change = 0.01728
Class 0:
Packet latency average = 25.0473
	minimum = 10
	maximum = 58
Network latency average = 24.9407
	minimum = 10
	maximum = 56
Slowest packet = 1565
Flit latency average = 21.6525
	minimum = 7
	maximum = 53
Slowest flit = 15037
Fragmentation average = 0.598294
	minimum = 0
	maximum = 11
Injected packet rate average = 0.00613281
	minimum = 0 (at node 24)
	maximum = 0.0258333 (at node 8)
Accepted packet rate average = 0.00613542
	minimum = 0 (at node 16)
	maximum = 0.0266667 (at node 4)
Injected flit rate average = 0.0245391
	minimum = 0 (at node 24)
	maximum = 0.103333 (at node 8)
Accepted flit rate average= 0.0245365
	minimum = 0 (at node 16)
	maximum = 0.106667 (at node 4)
Injected packet length average = 4.00127
Accepted packet length average = 3.99915
Total in-flight flits = 33 (33 measured)
latency change    = 0.00165844
throughput change = 0.00498833
Class 0:
Packet latency average = 24.8414
	minimum = 10
	maximum = 58
Network latency average = 24.7303
	minimum = 10
	maximum = 56
Slowest packet = 1565
Flit latency average = 21.4478
	minimum = 7
	maximum = 53
Slowest flit = 15037
Fragmentation average = 0.571749
	minimum = 0
	maximum = 11
Injected packet rate average = 0.00610547
	minimum = 0 (at node 24)
	maximum = 0.02575 (at node 8)
Accepted packet rate average = 0.00611914
	minimum = 0 (at node 16)
	maximum = 0.0275 (at node 9)
Injected flit rate average = 0.0244277
	minimum = 0 (at node 24)
	maximum = 0.103 (at node 8)
Accepted flit rate average= 0.0244629
	minimum = 0 (at node 16)
	maximum = 0.1095 (at node 9)
Injected packet length average = 4.00096
Accepted packet length average = 3.99777
Total in-flight flits = 14 (14 measured)
latency change    = 0.00828804
throughput change = 0.00300732
Draining all recorded packets ...
Draining remaining packets ...
Time taken is 12049 cycles
====== Overall Traffic Statistics ======
====== Traffic class 0 ======
Packet latency average = 24.8257 (1 samples)
	minimum = 10 (1 samples)
	maximum = 58 (1 samples)
Network latency average = 24.7147 (1 samples)
	minimum = 10 (1 samples)
	maximum = 56 (1 samples)
Flit latency average = 21.4276 (1 samples)
	minimum = 7 (1 samples)
	maximum = 53 (1 samples)
Fragmentation average = 0.571017 (1 samples)
	minimum = 0 (1 samples)
	maximum = 11 (1 samples)
Injected packet rate average = 0.00610547 (1 samples)
	minimum = 0 (1 samples)
	maximum = 0.02575 (1 samples)
Accepted packet rate average = 0.00611914 (1 samples)
	minimum = 0 (1 samples)
	maximum = 0.0275 (1 samples)
Injected flit rate average = 0.0244277 (1 samples)
	minimum = 0 (1 samples)
	maximum = 0.103 (1 samples)
Accepted flit rate average = 0.0244629 (1 samples)
	minimum = 0 (1 samples)
	maximum = 0.1095 (1 samples)
Injected packet size average = 4.00096 (1 samples)
Accepted packet size average = 3.99777 (1 samples)
Hops average = 3.8071 (1 samples)
Total run time 0.435434


[stderr]
