BEGIN Configuration File: /home/amirthalingam/edge_cloud_ml/dnn-noc-sim/results/resnet/configs/mesh_rfdefault_vbdefault_ps4_r0p006_s1.cfg
topology = mesh;
k = 8;
n = 2;
xr = 1;
routing_function = dim_order;
num_vcs = 4;
vc_buf_size = 8;
subnets = 1;
injection_process = bernoulli;
sim_type = latency;
warmup_periods = 2;
sample_period = 2000;
max_samples = 6;
measure_stats = 1;
traffic = trace;
trace_traffic_file = /home/amirthalingam/edge_cloud_ml/dnn-noc-sim/results/traces/resnet_trace.txt;
trace_phase_cycles = {80,80,80,80,80,80,80,80,80,80,80,80,80,80,80,80,80,80,80,80,80,80,80,80,80,80,80,80,80,80,80,80,144,144,144,144,144,144,144,144,144,144,144,144,144,144,144,144,144,144,144,144,144,144,144,144,144,144,144,144,144,144,144,144,144,144,144,144,144,144,144,144,144,144,144,144,144,144,144,144,144,144,144,144,144,144,144,144,144,144,144,144,144,144,144,144,80,80,80,80,80,80,80,80,80,80,80,80,80,80,80,80,80,80,80,80,80,80,80,80,80,80,80,80,80,80,80,80,144,144,144,144,144,144,144,144,144,144,144,144,144,144,144,144,144,144,144,144,144,144,144,144,144,144,144,144,144,144,144,144,144,144,144,144,144,144,144,144,144,144,144,144,144,144,144,144,144,144,144,144,144,144,144,144,144,144,144,144,144,144,144,144,80,80,80,80,80,80,80,80,80,80,80,80,80,80,80,80,80,80,80,80,80,80,80,80,80,80,80,80,80,80,80,80,80,80,80,80,80,80,80,80,80,80,80,80,80,80,80,80,80,80,80,80,80,80,80,80,80,80,80,80,80,80,80,80,144,144,144,144,144,144,144,144,144,144,144,144,144,144,144,144,144,144,144,144,144,144,144,144,144,144,144,144,144,144,144,144,80,80,80,80,80,80,80,80,80,80,80,80,80,80,80,80,80,80,80,80,80,80,80,80,80,80,80,80,80,80,80,80,80,80,80,80,80,80,80,80,80,80,80,80,80,80,80,80,80,80,80,80,80,80,80,80,80,80,80,80,80,80,80,80,144,144,144,144,144,144,144,144,144,144,144,144,144,144,144,144,144,144,144,144,144,144,144,144,144,144,144,144,144,144,144,144,144,144,144,144,144,144,144,144,144,144,144,144,144,144,144,144,144,144,144,144,144,144,144,144,144,144,144,144,144,144,144,144,80,80,80,80,80,80,80,80,80,80,80,80,80,80,80,80,80,80,80,80,80,80,80,80,80,80,80,80,80,80,80,80,80,80,80,80,80,80,80,80,80,80,80,80,80,80,80,80,80,80,80,80,80,80,80,80,80,80,80,80,80,80,80,80,144,144,144,144,144,144,144,144,144,144,144,144,144,144,144,144,144,144,144,144,144,144,144,144,144,144,144,144,144,144,144,144,80,80,80,80,80,80,80,80,80,80,80,80,80,80,80,80,80,80,80,80,80,80,80,80,80,80,80,80,80,80,80,80,80,80,80,80,80,80,80,80,80,80,80,80,80,80,80,80,80,80,80,80,80,80,80,80,80,80,80,80,80,80,80,80,144,144,144,144,144,144,144,144,144,144,144,144,144,144,144,144,144,144,144,144,144,144,144,144,144,144,144,144,144,144,144,144,144,144,144,144,144,144,144,144,144,144,144,144,144,144,144,144,144,144,144,144,144,144,144,144,144,144,144,144,144,144,144,144,80,80,80,80,80,80,80,80,80,80,80,80,80,80,80,80,80,80,80,80,80,80,80,80,80,80,80,80,80,80,80,80,80,80,80,80,80,80,80,80,80,80,80,80,80,80,80,80,80,80,80,80,80,80,80,80,80,80,80,80,80,80,80,80,144,144,144,144,144,144,144,144,144,144,144,144,144,144,144,144,144,144,144,144,144,144,144,144,144,144,144,144,144,144,144,144,80,80,80,80,80,80,80,80,80,80,80,80,80,80,80,80,80,80,80,80,80,80,80,80,80,80,80,80,80,80,80,80,80,80,80,80,80,80,80,80,80,80,80,80,80,80,80,80,80,80,80,80,80,80,80,80,80,80,80,80,80,80,80,80,144,144,144,144,144,144,144,144,144,144,144,144,144,144,144,144,144,144,144,144,144,144,144,144,144,144,144,144,144,144,144,144,144,144,144,144,144,144,144,144,144,144,144,144,144,144,144,144,144,144,144,144,144,144,144,144,144,144,144,144,144,144,144,144,80,80,80,80,80,80,80,80,80,80,80,80,80,80,80,80,80,80,80,80,80,80,80,80,80,80,80,80,80,80,80,80,80,80,80,80,80,80,80,80,80};
trace_traffic_loop = 1;
trace_fallback_uniform = 0;
trace_injection_file = /home/amirthalingam/edge_cloud_ml/dnn-noc-sim/results/traces/resnet_trace.txt;
trace_injection_phase_cycles = {80,80,80,80,80,80,80,80,80,80,80,80,80,80,80,80,80,80,80,80,80,80,80,80,80,80,80,80,80,80,80,80,144,144,144,144,144,144,144,144,144,144,144,144,144,144,144,144,144,144,144,144,144,144,144,144,144,144,144,144,144,144,144,144,144,144,144,144,144,144,144,144,144,144,144,144,144,144,144,144,144,144,144,144,144,144,144,144,144,144,144,144,144,144,144,144,80,80,80,80,80,80,80,80,80,80,80,80,80,80,80,80,80,80,80,80,80,80,80,80,80,80,80,80,80,80,80,80,144,144,144,144,144,144,144,144,144,144,144,144,144,144,144,144,144,144,144,144,144,144,144,144,144,144,144,144,144,144,144,144,144,144,144,144,144,144,144,144,144,144,144,144,144,144,144,144,144,144,144,144,144,144,144,144,144,144,144,144,144,144,144,144,80,80,80,80,80,80,80,80,80,80,80,80,80,80,80,80,80,80,80,80,80,80,80,80,80,80,80,80,80,80,80,80,80,80,80,80,80,80,80,80,80,80,80,80,80,80,80,80,80,80,80,80,80,80,80,80,80,80,80,80,80,80,80,80,144,144,144,144,144,144,144,144,144,144,144,144,144,144,144,144,144,144,144,144,144,144,144,144,144,144,144,144,144,144,144,144,80,80,80,80,80,80,80,80,80,80,80,80,80,80,80,80,80,80,80,80,80,80,80,80,80,80,80,80,80,80,80,80,80,80,80,80,80,80,80,80,80,80,80,80,80,80,80,80,80,80,80,80,80,80,80,80,80,80,80,80,80,80,80,80,144,144,144,144,144,144,144,144,144,144,144,144,144,144,144,144,144,144,144,144,144,144,144,144,144,144,144,144,144,144,144,144,144,144,144,144,144,144,144,144,144,144,144,144,144,144,144,144,144,144,144,144,144,144,144,144,144,144,144,144,144,144,144,144,80,80,80,80,80,80,80,80,80,80,80,80,80,80,80,80,80,80,80,80,80,80,80,80,80,80,80,80,80,80,80,80,80,80,80,80,80,80,80,80,80,80,80,80,80,80,80,80,80,80,80,80,80,80,80,80,80,80,80,80,80,80,80,80,144,144,144,144,144,144,144,144,144,144,144,144,144,144,144,144,144,144,144,144,144,144,144,144,144,144,144,144,144,144,144,144,80,80,80,80,80,80,80,80,80,80,80,80,80,80,80,80,80,80,80,80,80,80,80,80,80,80,80,80,80,80,80,80,80,80,80,80,80,80,80,80,80,80,80,80,80,80,80,80,80,80,80,80,80,80,80,80,80,80,80,80,80,80,80,80,144,144,144,144,144,144,144,144,144,144,144,144,144,144,144,144,144,144,144,144,144,144,144,144,144,144,144,144,144,144,144,144,144,144,144,144,144,144,144,144,144,144,144,144,144,144,144,144,144,144,144,144,144,144,144,144,144,144,144,144,144,144,144,144,80,80,80,80,80,80,80,80,80,80,80,80,80,80,80,80,80,80,80,80,80,80,80,80,80,80,80,80,80,80,80,80,80,80,80,80,80,80,80,80,80,80,80,80,80,80,80,80,80,80,80,80,80,80,80,80,80,80,80,80,80,80,80,80,144,144,144,144,144,144,144,144,144,144,144,144,144,144,144,144,144,144,144,144,144,144,144,144,144,144,144,144,144,144,144,144,80,80,80,80,80,80,80,80,80,80,80,80,80,80,80,80,80,80,80,80,80,80,80,80,80,80,80,80,80,80,80,80,80,80,80,80,80,80,80,80,80,80,80,80,80,80,80,80,80,80,80,80,80,80,80,80,80,80,80,80,80,80,80,80,144,144,144,144,144,144,144,144,144,144,144,144,144,144,144,144,144,144,144,144,144,144,144,144,144,144,144,144,144,144,144,144,144,144,144,144,144,144,144,144,144,144,144,144,144,144,144,144,144,144,144,144,144,144,144,144,144,144,144,144,144,144,144,144,80,80,80,80,80,80,80,80,80,80,80,80,80,80,80,80,80,80,80,80,80,80,80,80,80,80,80,80,80,80,80,80,80,80,80,80,80,80,80,80,80};
trace_injection_loop = 1;
trace_injection_use_source_weights = 1;
packet_size = 4;
injection_rate = 0.0060;
injection_process = trace;
seed = 1;

END Configuration File: /home/amirthalingam/edge_cloud_ml/dnn-noc-sim/results/resnet/configs/mesh_rfdefault_vbdefault_ps4_r0p006_s1.cfg
Class 0:
Packet latency average = 42.4414
	minimum = 10
	maximum = 82
Network latency average = 41.5078
	minimum = 10
	maximum = 75
Slowest packet = 57
Flit latency average = 38.5096
	minimum = 7
	maximum = 72
Slowest flit = 228
Fragmentation average = 0.0182292
	minimum = 0
	maximum = 3
Injected packet rate average = 0.00603906
	minimum = 0 (at node 3)
	maximum = 0.099 (at node 0)
Accepted packet rate average = 0.006
	minimum = 0 (at node 16)
	maximum = 0.031 (at node 11)
Injected flit rate average = 0.0241563
	minimum = 0 (at node 3)
	maximum = 0.396 (at node 0)
Accepted flit rate average= 0.0240078
	minimum = 0 (at node 16)
	maximum = 0.124 (at node 11)
Injected packet length average = 4
Accepted packet length average = 4.0013
Total in-flight flits = 19 (0 measured)
latency change    = 1
throughput change = 1
Class 0:
Packet latency average = 36.1105
	minimum = 10
	maximum = 82
Network latency average = 35.4846
	minimum = 10
	maximum = 76
Slowest packet = 57
Flit latency average = 32.3469
	minimum = 7
	maximum = 73
Slowest flit = 3891
Fragmentation average = 0.266187
	minimum = 0
	maximum = 7
Injected packet rate average = 0.00599609
	minimum = 0 (at node 24)
	maximum = 0.06675 (at node 7)
Accepted packet rate average = 0.00597266
	minimum = 0 (at node 16)
	maximum = 0.0275 (at node 2)
Injected flit rate average = 0.0239844
	minimum = 0 (at node 24)
	maximum = 0.267 (at node 7)
Accepted flit rate average= 0.0238945
	minimum = 0 (at node 16)
	maximum = 0.11 (at node 2)
Injected packet length average = 4
Accepted packet length average = 4.00065
Total in-flight flits = 23 (0 measured)
latency change    = 0.175319
throughput change = 0.00474089
Warmed up ...Time used is 4000 cycles
Class 0:
Packet latency average = 25.2959
	minimum = 10
	maximum = 50
Network latency average = 25.1334
	minimum = 10
	maximum = 50
Slowest packet = 1545
Flit latency average = 21.9617
	minimum = 7
	maximum = 47
Slowest flit = 6180
Fragmentation average = 0.46103
	minimum = 0
	maximum = 7
Injected packet rate average = 0.00596875
	minimum = 0 (at node 24)
	maximum = 0.026 (at node 3)
Accepted packet rate average = 0.00596094
	minimum = 0 (at node 16)
	maximum = 0.03 (at node 11)
Injected flit rate average = 0.0238359
	minimum = 0 (at node 24)
	maximum = 0.104 (at node 3)
Accepted flit rate average= 0.0238359
	minimum = 0 (at node 16)
	maximum = 0.12 (at node 11)
Injected packet length average = 3.99346
Accepted packet length average = 3.99869
Total in-flight flits = 28 (28 measured)
latency change    = 0.427525
throughput change = 0.00245821
Class 0:
Packet latency average = 25.2856
	minimum = 10
	maximum = 70
Network latency average = 25.1431
	minimum = 10
	maximum = 70
Slowest packet = 2803
Flit latency average = 21.9341
	minimum = 7
	maximum = 67
Slowest flit = 11212
Fragmentation average = 0.47365
	minimum = 0
	maximum = 10
Injected packet rate average = 0.00603906
	minimum = 0 (at node 24)
	maximum = 0.0265 (at node 14)
Accepted packet rate average = 0.00602734
	minimum = 0 (at node 16)
	maximum = 0.02825 (at node 11)
Injected flit rate average = 0.0241563
	minimum = 0 (at node 24)
	maximum = 0.106 (at node 14)
Accepted flit rate average= 0.0241172
	minimum = 0 (at node 16)
	maximum = 0.113 (at node 11)
Injected packet length average = 4
Accepted packet length average = 4.0013
Total in-flight flits = 33 (33 measured)
latency change    = 0.000406695
throughput change = 0.0116618
Class 0:
Packet latency average = 25.0786
	minimum = 10
	maximum = 70
Network latency average = 24.9517
	minimum = 10
	maximum = 70
Slowest packet = 2803
Flit latency average = 21.7065
	minimum = 7
	maximum = 67
Slowest flit = 11212
Fragmentation average = 0.520422
	minimum = 0
	maximum = 10
Injected packet rate average = 0.00594271
	minimum = 0 (at node 24)
	maximum = 0.0261667 (at node 14)
Accepted packet rate average = 0.00594531
	minimum = 0 (at node 16)
	maximum = 0.0265 (at node 11)
Injected flit rate average = 0.0237708
	minimum = 0 (at node 24)
	maximum = 0.104667 (at node 14)
Accepted flit rate average= 0.0237786
	minimum = 0 (at node 16)
	maximum = 0.106 (at node 11)
Injected packet length average = 4
Accepted packet length average = 3.99956
Total in-flight flits = 20 (20 measured)
latency change    = 0.00825441
throughput change = 0.0142372
Class 0:
Packet latency average = 24.8307
	minimum = 10
	maximum = 70
Network latency average = 24.7082
	minimum = 10
	maximum = 70
Slowest packet = 2803
Flit latency average = 21.452
	minimum = 7
	maximum = 67
Slowest flit = 11212
Fragmentation average = 0.528105
	minimum = 0
	maximum = 10
Injected packet rate average = 0.00598828
	minimum = 0 (at node 24)
	maximum = 0.025875 (at node 14)
Accepted packet rate average = 0.00598828
	minimum = 0 (at node 16)
	maximum = 0.0275 (at node 13)
Injected flit rate average = 0.0239492
	minimum = 0 (at node 24)
	maximum = 0.1035 (at node 14)
Accepted flit rate average= 0.023957
	minimum = 0 (at node 16)
	maximum = 0.11 (at node 13)
Injected packet length average = 3.99935
Accepted packet length average = 4.00065
Total in-flight flits = 21 (21 measured)
latency change    = 0.00998333
throughput change = 0.00744606
Draining all recorded packets ...
Draining remaining packets ...
Time taken is 12051 cycles
====== Overall Traffic Statistics ======
====== Traffic class 0 ======
Packet latency average = 24.8425 (1 samples)
	minimum = 10 (1 samples)
	maximum = 70 (1 samples)
Network latency average = 24.7202 (1 samples)
	minimum = 10 (1 samples)
	maximum = 70 (1 samples)
Flit latency average = 21.4216 (1 samples)
	minimum = 7 (1 samples)
	maximum = 67 (1 samples)
Fragmentation average = 0.527071 (1 samples)
	minimum = 0 (1 samples)
	maximum = 10 (1 samples)
Injected packet rate average = 0.00598828 (1 samples)
	minimum = 0 (1 samples)
	maximum = 0.025875 (1 samples)
Accepted packet rate average = 0.00598828 (1 samples)
	minimum = 0 (1 samples)
	maximum = 0.0275 (1 samples)
Injected flit rate average = 0.0239492 (1 samples)
	minimum = 0 (1 samples)
	maximum = 0.1035 (1 samples)
Accepted flit rate average = 0.023957 (1 samples)
	minimum = 0 (1 samples)
	maximum = 0.11 (1 samples)
Injected packet size average = 3.99935 (1 samples)
Accepted packet size average = 4.00065 (1 samples)
Hops average = 3.82322 (1 samples)
Total run time 0.640169


[stderr]
