BEGIN Configuration File: /home/amirthalingam/edge_cloud_ml/dnn-noc-sim/results/resnet/configs/torus_rfdefault_vbdefault_ps4_r0p006_s1.cfg
topology = torus;
k = 8;
n = 2;
xr = 1;
routing_function = dim_order;
num_vcs = 4;
vc_buf_size = 8;
subnets = 1;
injection_process = bernoulli;
sim_type = latency;
warmup_periods = 2;
sample_period = 2000;
max_samples = 6;
measure_stats = 1;
traffic = trace;
trace_traffic_file = /home/amirthalingam/edge_cloud_ml/dnn-noc-sim/results/traces/resnet_trace.txt;
trace_phase_cycles = {80,80,80,80,80,80,80,80,80,80,80,80,80,80,80,80,80,80,80,80,80,80,80,80,80,80,80,80,80,80,80,80,144,144,144,144,144,144,144,144,144,144,144,144,144,144,144,144,144,144,144,144,144,144,144,144,144,144,144,144,144,144,144,144,144,144,144,144,144,144,144,144,144,144,144,144,144,144,144,144,144,144,144,144,144,144,144,144,144,144,144,144,144,144,144,144,80,80,80,80,80,80,80,80,80,80,80,80,80,80,80,80,80,80,80,80,80,80,80,80,80,80,80,80,80,80,80,80,144,144,144,144,144,144,144,144,144,144,144,144,144,144,144,144,144,144,144,144,144,144,144,144,144,144,144,144,144,144,144,144,144,144,144,144,144,144,144,144,144,144,144,144,144,144,144,144,144,144,144,144,144,144,144,144,144,144,144,144,144,144,144,144,80,80,80,80,80,80,80,80,80,80,80,80,80,80,80,80,80,80,80,80,80,80,80,80,80,80,80,80,80,80,80,80,80,80,80,80,80,80,80,80,80,80,80,80,80,80,80,80,80,80,80,80,80,80,80,80,80,80,80,80,80,80,80,80,144,144,144,144,144,144,144,144,144,144,144,144,144,144,144,144,144,144,144,144,144,144,144,144,144,144,144,144,144,144,144,144,80,80,80,80,80,80,80,80,80,80,80,80,80,80,80,80,80,80,80,80,80,80,80,80,80,80,80,80,80,80,80,80,80,80,80,80,80,80,80,80,80,80,80,80,80,80,80,80,80,80,80,80,80,80,80,80,80,80,80,80,80,80,80,80,144,144,144,144,144,144,144,144,144,144,144,144,144,144,144,144,144,144,144,144,144,144,144,144,144,144,144,144,144,144,144,144,144,144,144,144,144,144,144,144,144,144,144,144,144,144,144,144,144,144,144,144,144,144,144,144,144,144,144,144,144,144,144,144,80,80,80,80,80,80,80,80,80,80,80,80,80,80,80,80,80,80,80,80,80,80,80,80,80,80,80,80,80,80,80,80,80,80,80,80,80,80,80,80,80,80,80,80,80,80,80,80,80,80,80,80,80,80,80,80,80,80,80,80,80,80,80,80,144,144,144,144,144,144,144,144,144,144,144,144,144,144,144,144,144,144,144,144,144,144,144,144,144,144,144,144,144,144,144,144,80,80,80,80,80,80,80,80,80,80,80,80,80,80,80,80,80,80,80,80,80,80,80,80,80,80,80,80,80,80,80,80,80,80,80,80,80,80,80,80,80,80,80,80,80,80,80,80,80,80,80,80,80,80,80,80,80,80,80,80,80,80,80,80,144,144,144,144,144,144,144,144,144,144,144,144,144,144,144,144,144,144,144,144,144,144,144,144,144,144,144,144,144,144,144,144,144,144,144,144,144,144,144,144,144,144,144,144,144,144,144,144,144,144,144,144,144,144,144,144,144,144,144,144,144,144,144,144,80,80,80,80,80,80,80,80,80,80,80,80,80,80,80,80,80,80,80,80,80,80,80,80,80,80,80,80,80,80,80,80,80,80,80,80,80,80,80,80,80,80,80,80,80,80,80,80,80,80,80,80,80,80,80,80,80,80,80,80,80,80,80,80,144,144,144,144,144,144,144,144,144,144,144,144,144,144,144,144,144,144,144,144,144,144,144,144,144,144,144,144,144,144,144,144,80,80,80,80,80,80,80,80,80,80,80,80,80,80,80,80,80,80,80,80,80,80,80,80,80,80,80,80,80,80,80,80,80,80,80,80,80,80,80,80,80,80,80,80,80,80,80,80,80,80,80,80,80,80,80,80,80,80,80,80,80,80,80,80,144,144,144,144,144,144,144,144,144,144,144,144,144,144,144,144,144,144,144,144,144,144,144,144,144,144,144,144,144,144,144,144,144,144,144,144,144,144,144,144,144,144,144,144,144,144,144,144,144,144,144,144,144,144,144,144,144,144,144,144,144,144,144,144,80,80,80,80,80,80,80,80,80,80,80,80,80,80,80,80,80,80,80,80,80,80,80,80,80,80,80,80,80,80,80,80,80,80,80,80,80,80,80,80,80};
trace_traffic_loop = 1;
trace_fallback_uniform = 0;
trace_injection_file = /home/amirthalingam/edge_cloud_ml/dnn-noc-sim/results/traces/resnet_trace.txt;
trace_injection_phase_cycles = {80,80,80,80,80,80,80,80,80,80,80,80,80,80,80,80,80,80,80,80,80,80,80,80,80,80,80,80,80,80,80,80,144,144,144,144,144,144,144,144,144,144,144,144,144,144,144,144,144,144,144,144,144,144,144,144,144,144,144,144,144,144,144,144,144,144,144,144,144,144,144,144,144,144,144,144,144,144,144,144,144,144,144,144,144,144,144,144,144,144,144,144,144,144,144,144,80,80,80,80,80,80,80,80,80,80,80,80,80,80,80,80,80,80,80,80,80,80,80,80,80,80,80,80,80,80,80,80,144,144,144,144,144,144,144,144,144,144,144,144,144,144,144,144,144,144,144,144,144,144,144,144,144,144,144,144,144,144,144,144,144,144,144,144,144,144,144,144,144,144,144,144,144,144,144,144,144,144,144,144,144,144,144,144,144,144,144,144,144,144,144,144,80,80,80,80,80,80,80,80,80,80,80,80,80,80,80,80,80,80,80,80,80,80,80,80,80,80,80,80,80,80,80,80,80,80,80,80,80,80,80,80,80,80,80,80,80,80,80,80,80,80,80,80,80,80,80,80,80,80,80,80,80,80,80,80,144,144,144,144,144,144,144,144,144,144,144,144,144,144,144,144,144,144,144,144,144,144,144,144,144,144,144,144,144,144,144,144,80,80,80,80,80,80,80,80,80,80,80,80,80,80,80,80,80,80,80,80,80,80,80,80,80,80,80,80,80,80,80,80,80,80,80,80,80,80,80,80,80,80,80,80,80,80,80,80,80,80,80,80,80,80,80,80,80,80,80,80,80,80,80,80,144,144,144,144,144,144,144,144,144,144,144,144,144,144,144,144,144,144,144,144,144,144,144,144,144,144,144,144,144,144,144,144,144,144,144,144,144,144,144,144,144,144,144,144,144,144,144,144,144,144,144,144,144,144,144,144,144,144,144,144,144,144,144,144,80,80,80,80,80,80,80,80,80,80,80,80,80,80,80,80,80,80,80,80,80,80,80,80,80,80,80,80,80,80,80,80,80,80,80,80,80,80,80,80,80,80,80,80,80,80,80,80,80,80,80,80,80,80,80,80,80,80,80,80,80,80,80,80,144,144,144,144,144,144,144,144,144,144,144,144,144,144,144,144,144,144,144,144,144,144,144,144,144,144,144,144,144,144,144,144,80,80,80,80,80,80,80,80,80,80,80,80,80,80,80,80,80,80,80,80,80,80,80,80,80,80,80,80,80,80,80,80,80,80,80,80,80,80,80,80,80,80,80,80,80,80,80,80,80,80,80,80,80,80,80,80,80,80,80,80,80,80,80,80,144,144,144,144,144,144,144,144,144,144,144,144,144,144,144,144,144,144,144,144,144,144,144,144,144,144,144,144,144,144,144,144,144,144,144,144,144,144,144,144,144,144,144,144,144,144,144,144,144,144,144,144,144,144,144,144,144,144,144,144,144,144,144,144,80,80,80,80,80,80,80,80,80,80,80,80,80,80,80,80,80,80,80,80,80,80,80,80,80,80,80,80,80,80,80,80,80,80,80,80,80,80,80,80,80,80,80,80,80,80,80,80,80,80,80,80,80,80,80,80,80,80,80,80,80,80,80,80,144,144,144,144,144,144,144,144,144,144,144,144,144,144,144,144,144,144,144,144,144,144,144,144,144,144,144,144,144,144,144,144,80,80,80,80,80,80,80,80,80,80,80,80,80,80,80,80,80,80,80,80,80,80,80,80,80,80,80,80,80,80,80,80,80,80,80,80,80,80,80,80,80,80,80,80,80,80,80,80,80,80,80,80,80,80,80,80,80,80,80,80,80,80,80,80,144,144,144,144,144,144,144,144,144,144,144,144,144,144,144,144,144,144,144,144,144,144,144,144,144,144,144,144,144,144,144,144,144,144,144,144,144,144,144,144,144,144,144,144,144,144,144,144,144,144,144,144,144,144,144,144,144,144,144,144,144,144,144,144,80,80,80,80,80,80,80,80,80,80,80,80,80,80,80,80,80,80,80,80,80,80,80,80,80,80,80,80,80,80,80,80,80,80,80,80,80,80,80,80,80};
trace_injection_loop = 1;
trace_injection_use_source_weights = 1;
packet_size = 4;
injection_rate = 0.0060;
injection_process = trace;
seed = 1;

END Configuration File: /home/amirthalingam/edge_cloud_ml/dnn-noc-sim/results/resnet/configs/torus_rfdefault_vbdefault_ps4_r0p006_s1.cfg
Class 0:
Packet latency average = 28.6029
	minimum = 10
	maximum = 52
Network latency average = 27.6693
	minimum = 10
	maximum = 49
Slowest packet = 22
Flit latency average = 24.5992
	minimum = 7
	maximum = 46
Slowest flit = 2712
Fragmentation average = 0.126302
	minimum = 0
	maximum = 6
Injected packet rate average = 0.00603906
	minimum = 0 (at node 3)
	maximum = 0.099 (at node 0)
Accepted packet rate average = 0.006
	minimum = 0 (at node 16)
	maximum = 0.031 (at node 11)
Injected flit rate average = 0.0241563
	minimum = 0 (at node 3)
	maximum = 0.396 (at node 0)
Accepted flit rate average= 0.0240156
	minimum = 0 (at node 16)
	maximum = 0.124 (at node 11)
Injected packet length average = 4
Accepted packet length average = 4.0026
Total in-flight flits = 18 (0 measured)
latency change    = 1
throughput change = 1
Class 0:
Packet latency average = 26.9948
	minimum = 10
	maximum = 53
Network latency average = 26.3689
	minimum = 10
	maximum = 53
Slowest packet = 820
Flit latency average = 23.2233
	minimum = 7
	maximum = 50
Slowest flit = 3283
Fragmentation average = 0.278613
	minimum = 0
	maximum = 8
Injected packet rate average = 0.00599609
	minimum = 0 (at node 24)
	maximum = 0.06675 (at node 7)
Accepted packet rate average = 0.00597266
	minimum = 0 (at node 16)
	maximum = 0.0275 (at node 2)
Injected flit rate average = 0.0239844
	minimum = 0 (at node 24)
	maximum = 0.267 (at node 7)
Accepted flit rate average= 0.0238945
	minimum = 0 (at node 16)
	maximum = 0.11 (at node 2)
Injected packet length average = 4
Accepted packet length average = 4.00065
Total in-flight flits = 23 (0 measured)
latency change    = 0.0595707
throughput change = 0.00506784
Warmed up ...Time used is 4000 cycles
Class 0:
Packet latency average = 24.2848
	minimum = 10
	maximum = 46
Network latency average = 24.1219
	minimum = 10
	maximum = 43
Slowest packet = 1744
Flit latency average = 20.9087
	minimum = 7
	maximum = 40
Slowest flit = 7759
Fragmentation average = 0.519205
	minimum = 0
	maximum = 8
Injected packet rate average = 0.00596875
	minimum = 0 (at node 24)
	maximum = 0.026 (at node 3)
Accepted packet rate average = 0.00594531
	minimum = 0 (at node 16)
	maximum = 0.03 (at node 11)
Injected flit rate average = 0.0238359
	minimum = 0 (at node 24)
	maximum = 0.104 (at node 3)
Accepted flit rate average= 0.0237891
	minimum = 0 (at node 16)
	maximum = 0.12 (at node 11)
Injected packet length average = 3.99346
Accepted packet length average = 4.00131
Total in-flight flits = 34 (34 measured)
latency change    = 0.111593
throughput change = 0.0044335
Class 0:
Packet latency average = 24.1987
	minimum = 10
	maximum = 46
Network latency average = 24.056
	minimum = 10
	maximum = 43
Slowest packet = 1744
Flit latency average = 20.85
	minimum = 7
	maximum = 40
Slowest flit = 7759
Fragmentation average = 0.467101
	minimum = 0
	maximum = 8
Injected packet rate average = 0.00603906
	minimum = 0 (at node 24)
	maximum = 0.0265 (at node 14)
Accepted packet rate average = 0.00601953
	minimum = 0 (at node 16)
	maximum = 0.02825 (at node 11)
Injected flit rate average = 0.0241563
	minimum = 0 (at node 24)
	maximum = 0.106 (at node 14)
Accepted flit rate average= 0.0240938
	minimum = 0 (at node 16)
	maximum = 0.113 (at node 11)
Injected packet length average = 4
Accepted packet length average = 4.0026
Total in-flight flits = 39 (39 measured)
latency change    = 0.00355685
throughput change = 0.0126459
Class 0:
Packet latency average = 24.1279
	minimum = 10
	maximum = 46
Network latency average = 24.0009
	minimum = 10
	maximum = 44
Slowest packet = 1744
Flit latency average = 20.7861
	minimum = 7
	maximum = 41
Slowest flit = 13331
Fragmentation average = 0.469451
	minimum = 0
	maximum = 8
Injected packet rate average = 0.00594271
	minimum = 0 (at node 24)
	maximum = 0.0261667 (at node 14)
Accepted packet rate average = 0.0059401
	minimum = 0 (at node 16)
	maximum = 0.0265 (at node 11)
Injected flit rate average = 0.0237708
	minimum = 0 (at node 24)
	maximum = 0.104667 (at node 14)
Accepted flit rate average= 0.0237734
	minimum = 0 (at node 16)
	maximum = 0.106 (at node 11)
Injected packet length average = 4
Accepted packet length average = 4.00219
Total in-flight flits = 22 (22 measured)
latency change    = 0.00293374
throughput change = 0.0134735
Class 0:
Packet latency average = 23.8596
	minimum = 10
	maximum = 46
Network latency average = 23.7371
	minimum = 10
	maximum = 44
Slowest packet = 1744
Flit latency average = 20.5087
	minimum = 7
	maximum = 41
Slowest flit = 13331
Fragmentation average = 0.477466
	minimum = 0
	maximum = 8
Injected packet rate average = 0.00598828
	minimum = 0 (at node 24)
	maximum = 0.025875 (at node 14)
Accepted packet rate average = 0.00599219
	minimum = 0 (at node 16)
	maximum = 0.0275 (at node 13)
Injected flit rate average = 0.0239492
	minimum = 0 (at node 24)
	maximum = 0.1035 (at node 14)
Accepted flit rate average= 0.0239707
	minimum = 0 (at node 16)
	maximum = 0.11 (at node 13)
Injected packet length average = 3.99935
Accepted packet length average = 4.00033
Total in-flight flits = 14 (14 measured)
latency change    = 0.0112468
throughput change = 0.00822945
Draining all recorded packets ...
Draining remaining packets ...
Time taken is 12026 cycles
====== Overall Traffic Statistics ======
====== Traffic class 0 ======
Packet latency average = 23.8513 (1 samples)
	minimum = 10 (1 samples)
	maximum = 46 (1 samples)
Network latency average = 23.729 (1 samples)
	minimum = 10 (1 samples)
	maximum = 44 (1 samples)
Flit latency average = 20.4909 (1 samples)
	minimum = 7 (1 samples)
	maximum = 41 (1 samples)
Fragmentation average = 0.476843 (1 samples)
	minimum = 0 (1 samples)
	maximum = 8 (1 samples)
Injected packet rate average = 0.00598828 (1 samples)
	minimum = 0 (1 samples)
	maximum = 0.025875 (1 samples)
Accepted packet rate average = 0.00599219 (1 samples)
	minimum = 0 (1 samples)
	maximum = 0.0275 (1 samples)
Injected flit rate average = 0.0239492 (1 samples)
	minimum = 0 (1 samples)
	maximum = 0.1035 (1 samples)
Accepted flit rate average = 0.0239707 (1 samples)
	minimum = 0 (1 samples)
	maximum = 0.11 (1 samples)
Injected packet size average = 3.99935 (1 samples)
Accepted packet size average = 4.00033 (1 samples)
Hops average = 3.19896 (1 samples)
Total run time 0.34247


[stderr]
