BEGIN Configuration File: /home/amirthalingam/edge_cloud_ml/dnn-noc-sim/results/resnet/configs/torus_rfdefault_vbdefault_ps4_r0p006_s2.cfg
topology = torus;
k = 8;
n = 2;
xr = 1;
routing_function = dim_order;
num_vcs = 4;
vc_buf_size = 8;
subnets = 1;
injection_process = bernoulli;
sim_type = latency;
warmup_periods = 2;
sample_period = 2000;
max_samples = 6;
measure_stats = 1;
traffic = trace;
trace_traffic_file = /home/amirthalingam/edge_cloud_ml/dnn-noc-sim/results/traces/resnet_trace.txt;
trace_phase_cycles = {80,80,80,80,80,80,80,80,80,80,80,80,80,80,80,80,80,80,80,80,80,80,80,80,80,80,80,80,80,80,80,80,144,144,144,144,144,144,144,144,144,144,144,144,144,144,144,144,144,144,144,144,144,144,144,144,144,144,144,144,144,144,144,144,144,144,144,144,144,144,144,144,144,144,144,144,144,144,144,144,144,144,144,144,144,144,144,144,144,144,144,144,144,144,144,144,80,80,80,80,80,80,80,80,80,80,80,80,80,80,80,80,80,80,80,80,80,80,80,80,80,80,80,80,80,80,80,80,144,144,144,144,144,144,144,144,144,144,144,144,144,144,144,144,144,144,144,144,144,144,144,144,144,144,144,144,144,144,144,144,144,144,144,144,144,144,144,144,144,144,144,144,144,144,144,144,144,144,144,144,144,144,144,144,144,144,144,144,144,144,144,144,80,80,80,80,80,80,80,80,80,80,80,80,80,80,80,80,80,80,80,80,80,80,80,80,80,80,80,80,80,80,80,80,80,80,80,80,80,80,80,80,80,80,80,80,80,80,80,80,80,80,80,80,80,80,80,80,80,80,80,80,80,80,80,80,144,144,144,144,144,144,144,144,144,144,144,144,144,144,144,144,144,144,144,144,144,144,144,144,144,144,144,144,144,144,144,144,80,80,80,80,80,80,80,80,80,80,80,80,80,80,80,80,80,80,80,80,80,80,80,80,80,80,80,80,80,80,80,80,80,80,80,80,80,80,80,80,80,80,80,80,80,80,80,80,80,80,80,80,80,80,80,80,80,80,80,80,80,80,80,80,144,144,144,144,144,144,144,144,144,144,144,144,144,144,144,144,144,144,144,144,144,144,144,144,144,144,144,144,144,144,144,144,144,144,144,144,144,144,144,144,144,144,144,144,144,144,144,144,144,144,144,144,144,144,144,144,144,144,144,144,144,144,144,144,80,80,80,80,80,80,80,80,80,80,80,80,80,80,80,80,80,80,80,80,80,80,80,80,80,80,80,80,80,80,80,80,80,80,80,80,80,80,80,80,80,80,80,80,80,80,80,80,80,80,80,80,80,80,80,80,80,80,80,80,80,80,80,80,144,144,144,144,144,144,144,144,144,144,144,144,144,144,144,144,144,144,144,144,144,144,144,144,144,144,144,144,144,144,144,144,80,80,80,80,80,80,80,80,80,80,80,80,80,80,80,80,80,80,80,80,80,80,80,80,80,80,80,80,80,80,80,80,80,80,80,80,80,80,80,80,80,80,80,80,80,80,80,80,80,80,80,80,80,80,80,80,80,80,80,80,80,80,80,80,144,144,144,144,144,144,144,144,144,144,144,144,144,144,144,144,144,144,144,144,144,144,144,144,144,144,144,144,144,144,144,144,144,144,144,144,144,144,144,144,144,144,144,144,144,144,144,144,144,144,144,144,144,144,144,144,144,144,144,144,144,144,144,144,80,80,80,80,80,80,80,80,80,80,80,80,80,80,80,80,80,80,80,80,80,80,80,80,80,80,80,80,80,80,80,80,80,80,80,80,80,80,80,80,80,80,80,80,80,80,80,80,80,80,80,80,80,80,80,80,80,80,80,80,80,80,80,80,144,144,144,144,144,144,144,144,144,144,144,144,144,144,144,144,144,144,144,144,144,144,144,144,144,144,144,144,144,144,144,144,80,80,80,80,80,80,80,80,80,80,80,80,80,80,80,80,80,80,80,80,80,80,80,80,80,80,80,80,80,80,80,80,80,80,80,80,80,80,80,80,80,80,80,80,80,80,80,80,80,80,80,80,80,80,80,80,80,80,80,80,80,80,80,80,144,144,144,144,144,144,144,144,144,144,144,144,144,144,144,144,144,144,144,144,144,144,144,144,144,144,144,144,144,144,144,144,144,144,144,144,144,144,144,144,144,144,144,144,144,144,144,144,144,144,144,144,144,144,144,144,144,144,144,144,144,144,144,144,80,80,80,80,80,80,80,80,80,80,80,80,80,80,80,80,80,80,80,80,80,80,80,80,80,80,80,80,80,80,80,80,80,80,80,80,80,80,80,80,80};
trace_traffic_loop = 1;
trace_fallback_uniform = 0;
trace_injection_file = /home/amirthalingam/edge_cloud_ml/dnn-noc-sim/results/traces/resnet_trace.txt;
trace_injection_phase_cycles = {80,80,80,80,80,80,80,80,80,80,80,80,80,80,80,80,80,80,80,80,80,80,80,80,80,80,80,80,80,80,80,80,144,144,144,144,144,144,144,144,144,144,144,144,144,144,144,144,144,144,144,144,144,144,144,144,144,144,144,144,144,144,144,144,144,144,144,144,144,144,144,144,144,144,144,144,144,144,144,144,144,144,144,144,144,144,144,144,144,144,144,144,144,144,144,144,80,80,80,80,80,80,80,80,80,80,80,80,80,80,80,80,80,80,80,80,80,80,80,80,80,80,80,80,80,80,80,80,144,144,144,144,144,144,144,144,144,144,144,144,144,144,144,144,144,144,144,144,144,144,144,144,144,144,144,144,144,144,144,144,144,144,144,144,144,144,144,144,144,144,144,144,144,144,144,144,144,144,144,144,144,144,144,144,144,144,144,144,144,144,144,144,80,80,80,80,80,80,80,80,80,80,80,80,80,80,80,80,80,80,80,80,80,80,80,80,80,80,80,80,80,80,80,80,80,80,80,80,80,80,80,80,80,80,80,80,80,80,80,80,80,80,80,80,80,80,80,80,80,80,80,80,80,80,80,80,144,144,144,144,144,144,144,144,144,144,144,144,144,144,144,144,144,144,144,144,144,144,144,144,144,144,144,144,144,144,144,144,80,80,80,80,80,80,80,80,80,80,80,80,80,80,80,80,80,80,80,80,80,80,80,80,80,80,80,80,80,80,80,80,80,80,80,80,80,80,80,80,80,80,80,80,80,80,80,80,80,80,80,80,80,80,80,80,80,80,80,80,80,80,80,80,144,144,144,144,144,144,144,144,144,144,144,144,144,144,144,144,144,144,144,144,144,144,144,144,144,144,144,144,144,144,144,144,144,144,144,144,144,144,144,144,144,144,144,144,144,144,144,144,144,144,144,144,144,144,144,144,144,144,144,144,144,144,144,144,80,80,80,80,80,80,80,80,80,80,80,80,80,80,80,80,80,80,80,80,80,80,80,80,80,80,80,80,80,80,80,80,80,80,80,80,80,80,80,80,80,80,80,80,80,80,80,80,80,80,80,80,80,80,80,80,80,80,80,80,80,80,80,80,144,144,144,144,144,144,144,144,144,144,144,144,144,144,144,144,144,144,144,144,144,144,144,144,144,144,144,144,144,144,144,144,80,80,80,80,80,80,80,80,80,80,80,80,80,80,80,80,80,80,80,80,80,80,80,80,80,80,80,80,80,80,80,80,80,80,80,80,80,80,80,80,80,80,80,80,80,80,80,80,80,80,80,80,80,80,80,80,80,80,80,80,80,80,80,80,144,144,144,144,144,144,144,144,144,144,144,144,144,144,144,144,144,144,144,144,144,144,144,144,144,144,144,144,144,144,144,144,144,144,144,144,144,144,144,144,144,144,144,144,144,144,144,144,144,144,144,144,144,144,144,144,144,144,144,144,144,144,144,144,80,80,80,80,80,80,80,80,80,80,80,80,80,80,80,80,80,80,80,80,80,80,80,80,80,80,80,80,80,80,80,80,80,80,80,80,80,80,80,80,80,80,80,80,80,80,80,80,80,80,80,80,80,80,80,80,80,80,80,80,80,80,80,80,144,144,144,144,144,144,144,144,144,144,144,144,144,144,144,144,144,144,144,144,144,144,144,144,144,144,144,144,144,144,144,144,80,80,80,80,80,80,80,80,80,80,80,80,80,80,80,80,80,80,80,80,80,80,80,80,80,80,80,80,80,80,80,80,80,80,80,80,80,80,80,80,80,80,80,80,80,80,80,80,80,80,80,80,80,80,80,80,80,80,80,80,80,80,80,80,144,144,144,144,144,144,144,144,144,144,144,144,144,144,144,144,144,144,144,144,144,144,144,144,144,144,144,144,144,144,144,144,144,144,144,144,144,144,144,144,144,144,144,144,144,144,144,144,144,144,144,144,144,144,144,144,144,144,144,144,144,144,144,144,80,80,80,80,80,80,80,80,80,80,80,80,80,80,80,80,80,80,80,80,80,80,80,80,80,80,80,80,80,80,80,80,80,80,80,80,80,80,80,80,80};
trace_injection_loop = 1;
trace_injection_use_source_weights = 1;
packet_size = 4;
injection_rate = 0.0060;
injection_process = trace;
seed = 2;

END Configuration File: /home/amirthalingam/edge_cloud_ml/dnn-noc-sim/results/resnet/configs/torus_rfdefault_vbdefault_ps4_r0p006_s2.cfg
Class 0:
Packet latency average = 29.3435
	minimum = 10
	maximum = 57
Network latency average = 28.3222
	minimum = 10
	maximum = 49
Slowest packet = 63
Flit latency average = 25.2283
	minimum = 7
	maximum = 46
Slowest flit = 252
Fragmentation average = 0.166445
	minimum = 0
	maximum = 6
Injected packet rate average = 0.00592969
	minimum = 0 (at node 1)
	maximum = 0.1045 (at node 63)
Accepted packet rate average = 0.00586719
	minimum = 0 (at node 16)
	maximum = 0.032 (at node 3)
Injected flit rate average = 0.0237031
	minimum = 0 (at node 1)
	maximum = 0.418 (at node 63)
Accepted flit rate average= 0.0234766
	minimum = 0 (at node 16)
	maximum = 0.128 (at node 3)
Injected packet length average = 3.99736
Accepted packet length average = 4.00133
Total in-flight flits = 31 (0 measured)
latency change    = 1
throughput change = 1
Class 0:
Packet latency average = 27.2165
	minimum = 10
	maximum = 57
Network latency average = 26.5585
	minimum = 10
	maximum = 49
Slowest packet = 63
Flit latency average = 23.4163
	minimum = 7
	maximum = 46
Slowest flit = 252
Fragmentation average = 0.260728
	minimum = 0
	maximum = 8
Injected packet rate average = 0.00602344
	minimum = 0 (at node 24)
	maximum = 0.069 (at node 7)
Accepted packet rate average = 0.00600781
	minimum = 0 (at node 16)
	maximum = 0.02825 (at node 11)
Injected flit rate average = 0.0240859
	minimum = 0 (at node 24)
	maximum = 0.276 (at node 7)
Accepted flit rate average= 0.0240391
	minimum = 0 (at node 16)
	maximum = 0.113 (at node 11)
Injected packet length average = 3.9987
Accepted packet length average = 4.0013
Total in-flight flits = 14 (0 measured)
latency change    = 0.0781521
throughput change = 0.0233994
Warmed up ...Time used is 4000 cycles
Class 0:
Packet latency average = 23.647
	minimum = 10
	maximum = 44
Network latency average = 23.5577
	minimum = 10
	maximum = 44
Slowest packet = 2186
Flit latency average = 20.3076
	minimum = 7
	maximum = 41
Slowest flit = 8747
Fragmentation average = 0.476378
	minimum = 0
	maximum = 7
Injected packet rate average = 0.00600781
	minimum = 0 (at node 24)
	maximum = 0.0265 (at node 11)
Accepted packet rate average = 0.00598438
	minimum = 0 (at node 16)
	maximum = 0.0295 (at node 7)
Injected flit rate average = 0.0240469
	minimum = 0 (at node 24)
	maximum = 0.106 (at node 11)
Accepted flit rate average= 0.0239219
	minimum = 0 (at node 16)
	maximum = 0.118 (at node 7)
Injected packet length average = 4.0026
Accepted packet length average = 3.99739
Total in-flight flits = 28 (28 measured)
latency change    = 0.150951
throughput change = 0.00489876
Class 0:
Packet latency average = 23.8461
	minimum = 10
	maximum = 44
Network latency average = 23.7303
	minimum = 10
	maximum = 44
Slowest packet = 2186
Flit latency average = 20.4919
	minimum = 7
	maximum = 41
Slowest flit = 8747
Fragmentation average = 0.468952
	minimum = 0
	maximum = 7
Injected packet rate average = 0.00608203
	minimum = 0 (at node 24)
	maximum = 0.0285 (at node 11)
Accepted packet rate average = 0.00605469
	minimum = 0 (at node 16)
	maximum = 0.0275 (at node 7)
Injected flit rate average = 0.024332
	minimum = 0 (at node 24)
	maximum = 0.114 (at node 11)
Accepted flit rate average= 0.0242266
	minimum = 0 (at node 16)
	maximum = 0.11 (at node 7)
Injected packet length average = 4.00064
Accepted packet length average = 4.00129
Total in-flight flits = 40 (40 measured)
latency change    = 0.00834825
throughput change = 0.0125766
Class 0:
Packet latency average = 23.9473
	minimum = 10
	maximum = 44
Network latency average = 23.835
	minimum = 10
	maximum = 44
Slowest packet = 2186
Flit latency average = 20.6085
	minimum = 7
	maximum = 41
Slowest flit = 8747
Fragmentation average = 0.43484
	minimum = 0
	maximum = 7
Injected packet rate average = 0.00596094
	minimum = 0 (at node 24)
	maximum = 0.0283333 (at node 11)
Accepted packet rate average = 0.00594531
	minimum = 0 (at node 16)
	maximum = 0.0266667 (at node 1)
Injected flit rate average = 0.0238333
	minimum = 0 (at node 24)
	maximum = 0.113333 (at node 11)
Accepted flit rate average= 0.0237813
	minimum = 0 (at node 16)
	maximum = 0.106667 (at node 1)
Injected packet length average = 3.99825
Accepted packet length average = 4
Total in-flight flits = 38 (38 measured)
latency change    = 0.00422974
throughput change = 0.0187254
Class 0:
Packet latency average = 23.6121
	minimum = 10
	maximum = 44
Network latency average = 23.489
	minimum = 10
	maximum = 44
Slowest packet = 2186
Flit latency average = 20.2739
	minimum = 7
	maximum = 41
Slowest flit = 8747
Fragmentation average = 0.41473
	minimum = 0
	maximum = 7
Injected packet rate average = 0.00598047
	minimum = 0 (at node 24)
	maximum = 0.02625 (at node 11)
Accepted packet rate average = 0.00597461
	minimum = 0 (at node 16)
	maximum = 0.026875 (at node 1)
Injected flit rate average = 0.0239238
	minimum = 0 (at node 24)
	maximum = 0.105 (at node 11)
Accepted flit rate average= 0.0238984
	minimum = 0 (at node 16)
	maximum = 0.1075 (at node 1)
Injected packet length average = 4.00033
Accepted packet length average = 4
Total in-flight flits = 26 (26 measured)
latency change    = 0.0141975
throughput change = 0.00490356
Draining all recorded packets ...
Draining remaining packets ...
Time taken is 12028 cycles
====== Overall Traffic Statistics ======
====== Traffic class 0 ======
Packet latency average = 23.5908 (1 samples)
	minimum = 10 (1 samples)
	maximum = 44 (1 samples)
Network latency average = 23.468 (1 samples)
	minimum = 10 (1 samples)
	maximum = 44 (1 samples)
Flit latency average = 20.2388 (1 samples)
	minimum = 7 (1 samples)
	maximum = 41 (1 samples)
Fragmentation average = 0.415741 (1 samples)
	minimum = 0 (1 samples)
	maximum = 7 (1 samples)
Injected packet rate average = 0.00598047 (1 samples)
	minimum = 0 (1 samples)
	maximum = 0.02625 (1 samples)
Accepted packet rate average = 0.00597461 (1 samples)
	minimum = 0 (1 samples)
	maximum = 0.026875 (1 samples)
Injected flit rate average = 0.0239238 (1 samples)
	minimum = 0 (1 samples)
	maximum = 0.105 (1 samples)
Accepted flit rate average = 0.0238984 (1 samples)
	minimum = 0 (1 samples)
	maximum = 0.1075 (1 samples)
Injected packet size average = 4.00033 (1 samples)
Accepted packet size average = 4 (1 samples)
Hops average = 3.1659 (1 samples)
Total run time 0.334798


[stderr]
