BEGIN Configuration File: /home/amirthalingam/edge_cloud_ml/dnn-noc-sim/results/resnet/configs/torus_rfdefault_vbdefault_ps4_r0p006_s5.cfg
topology = torus;
k = 8;
n = 2;
xr = 1;
routing_function = dim_order;
num_vcs = 4;
vc_buf_size = 8;
subnets = 1;
injection_process = bernoulli;
sim_type = latency;
warmup_periods = 2;
sample_period = 2000;
max_samples = 6;
measure_stats = 1;
traffic = trace;
trace_traffic_file = /home/amirthalingam/edge_cloud_ml/dnn-noc-sim/results/traces/resnet_trace.txt;
trace_phase_cycles = {80,80,80,80,80,80,80,80,80,80,80,80,80,80,80,80,80,80,80,80,80,80,80,80,80,80,80,80,80,80,80,80,144,144,144,144,144,144,144,144,144,144,144,144,144,144,144,144,144,144,144,144,144,144,144,144,144,144,144,144,144,144,144,144,144,144,144,144,144,144,144,144,144,144,144,144,144,144,144,144,144,144,144,144,144,144,144,144,144,144,144,144,144,144,144,144,80,80,80,80,80,80,80,80,80,80,80,80,80,80,80,80,80,80,80,80,80,80,80,80,80,80,80,80,80,80,80,80,144,144,144,144,144,144,144,144,144,144,144,144,144,144,144,144,144,144,144,144,144,144,144,144,144,144,144,144,144,144,144,144,144,144,144,144,144,144,144,144,144,144,144,144,144,144,144,144,144,144,144,144,144,144,144,144,144,144,144,144,144,144,144,144,80,80,80,80,80,80,80,80,80,80,80,80,80,80,80,80,80,80,80,80,80,80,80,80,80,80,80,80,80,80,80,80,80,80,80,80,80,80,80,80,80,80,80,80,80,80,80,80,80,80,80,80,80,80,80,80,80,80,80,80,80,80,80,80,144,144,144,144,144,144,144,144,144,144,144,144,144,144,144,144,144,144,144,144,144,144,144,144,144,144,144,144,144,144,144,144,80,80,80,80,80,80,80,80,80,80,80,80,80,80,80,80,80,80,80,80,80,80,80,80,80,80,80,80,80,80,80,80,80,80,80,80,80,80,80,80,80,80,80,80,80,80,80,80,80,80,80,80,80,80,80,80,80,80,80,80,80,80,80,80,144,144,144,144,144,144,144,144,144,144,144,144,144,144,144,144,144,144,144,144,144,144,144,144,144,144,144,144,144,144,144,144,144,144,144,144,144,144,144,144,144,144,144,144,144,144,144,144,144,144,144,144,144,144,144,144,144,144,144,144,144,144,144,144,80,80,80,80,80,80,80,80,80,80,80,80,80,80,80,80,80,80,80,80,80,80,80,80,80,80,80,80,80,80,80,80,80,80,80,80,80,80,80,80,80,80,80,80,80,80,80,80,80,80,80,80,80,80,80,80,80,80,80,80,80,80,80,80,144,144,144,144,144,144,144,144,144,144,144,144,144,144,144,144,144,144,144,144,144,144,144,144,144,144,144,144,144,144,144,144,80,80,80,80,80,80,80,80,80,80,80,80,80,80,80,80,80,80,80,80,80,80,80,80,80,80,80,80,80,80,80,80,80,80,80,80,80,80,80,80,80,80,80,80,80,80,80,80,80,80,80,80,80,80,80,80,80,80,80,80,80,80,80,80,144,144,144,144,144,144,144,144,144,144,144,144,144,144,144,144,144,144,144,144,144,144,144,144,144,144,144,144,144,144,144,144,144,144,144,144,144,144,144,144,144,144,144,144,144,144,144,144,144,144,144,144,144,144,144,144,144,144,144,144,144,144,144,144,80,80,80,80,80,80,80,80,80,80,80,80,80,80,80,80,80,80,80,80,80,80,80,80,80,80,80,80,80,80,80,80,80,80,80,80,80,80,80,80,80,80,80,80,80,80,80,80,80,80,80,80,80,80,80,80,80,80,80,80,80,80,80,80,144,144,144,144,144,144,144,144,144,144,144,144,144,144,144,144,144,144,144,144,144,144,144,144,144,144,144,144,144,144,144,144,80,80,80,80,80,80,80,80,80,80,80,80,80,80,80,80,80,80,80,80,80,80,80,80,80,80,80,80,80,80,80,80,80,80,80,80,80,80,80,80,80,80,80,80,80,80,80,80,80,80,80,80,80,80,80,80,80,80,80,80,80,80,80,80,144,144,144,144,144,144,144,144,144,144,144,144,144,144,144,144,144,144,144,144,144,144,144,144,144,144,144,144,144,144,144,144,144,144,144,144,144,144,144,144,144,144,144,144,144,144,144,144,144,144,144,144,144,144,144,144,144,144,144,144,144,144,144,144,80,80,80,80,80,80,80,80,80,80,80,80,80,80,80,80,80,80,80,80,80,80,80,80,80,80,80,80,80,80,80,80,80,80,80,80,80,80,80,80,80};
trace_traffic_loop = 1;
trace_fallback_uniform = 0;
trace_injection_file = /home/amirthalingam/edge_cloud_ml/dnn-noc-sim/results/traces/resnet_trace.txt;
trace_injection_phase_cycles = {80,80,80,80,80,80,80,80,80,80,80,80,80,80,80,80,80,80,80,80,80,80,80,80,80,80,80,80,80,80,80,80,144,144,144,144,144,144,144,144,144,144,144,144,144,144,144,144,144,144,144,144,144,144,144,144,144,144,144,144,144,144,144,144,144,144,144,144,144,144,144,144,144,144,144,144,144,144,144,144,144,144,144,144,144,144,144,144,144,144,144,144,144,144,144,144,80,80,80,80,80,80,80,80,80,80,80,80,80,80,80,80,80,80,80,80,80,80,80,80,80,80,80,80,80,80,80,80,144,144,144,144,144,144,144,144,144,144,144,144,144,144,144,144,144,144,144,144,144,144,144,144,144,144,144,144,144,144,144,144,144,144,144,144,144,144,144,144,144,144,144,144,144,144,144,144,144,144,144,144,144,144,144,144,144,144,144,144,144,144,144,144,80,80,80,80,80,80,80,80,80,80,80,80,80,80,80,80,80,80,80,80,80,80,80,80,80,80,80,80,80,80,80,80,80,80,80,80,80,80,80,80,80,80,80,80,80,80,80,80,80,80,80,80,80,80,80,80,80,80,80,80,80,80,80,80,144,144,144,144,144,144,144,144,144,144,144,144,144,144,144,144,144,144,144,144,144,144,144,144,144,144,144,144,144,144,144,144,80,80,80,80,80,80,80,80,80,80,80,80,80,80,80,80,80,80,80,80,80,80,80,80,80,80,80,80,80,80,80,80,80,80,80,80,80,80,80,80,80,80,80,80,80,80,80,80,80,80,80,80,80,80,80,80,80,80,80,80,80,80,80,80,144,144,144,144,144,144,144,144,144,144,144,144,144,144,144,144,144,144,144,144,144,144,144,144,144,144,144,144,144,144,144,144,144,144,144,144,144,144,144,144,144,144,144,144,144,144,144,144,144,144,144,144,144,144,144,144,144,144,144,144,144,144,144,144,80,80,80,80,80,80,80,80,80,80,80,80,80,80,80,80,80,80,80,80,80,80,80,80,80,80,80,80,80,80,80,80,80,80,80,80,80,80,80,80,80,80,80,80,80,80,80,80,80,80,80,80,80,80,80,80,80,80,80,80,80,80,80,80,144,144,144,144,144,144,144,144,144,144,144,144,144,144,144,144,144,144,144,144,144,144,144,144,144,144,144,144,144,144,144,144,80,80,80,80,80,80,80,80,80,80,80,80,80,80,80,80,80,80,80,80,80,80,80,80,80,80,80,80,80,80,80,80,80,80,80,80,80,80,80,80,80,80,80,80,80,80,80,80,80,80,80,80,80,80,80,80,80,80,80,80,80,80,80,80,144,144,144,144,144,144,144,144,144,144,144,144,144,144,144,144,144,144,144,144,144,144,144,144,144,144,144,144,144,144,144,144,144,144,144,144,144,144,144,144,144,144,144,144,144,144,144,144,144,144,144,144,144,144,144,144,144,144,144,144,144,144,144,144,80,80,80,80,80,80,80,80,80,80,80,80,80,80,80,80,80,80,80,80,80,80,80,80,80,80,80,80,80,80,80,80,80,80,80,80,80,80,80,80,80,80,80,80,80,80,80,80,80,80,80,80,80,80,80,80,80,80,80,80,80,80,80,80,144,144,144,144,144,144,144,144,144,144,144,144,144,144,144,144,144,144,144,144,144,144,144,144,144,144,144,144,144,144,144,144,80,80,80,80,80,80,80,80,80,80,80,80,80,80,80,80,80,80,80,80,80,80,80,80,80,80,80,80,80,80,80,80,80,80,80,80,80,80,80,80,80,80,80,80,80,80,80,80,80,80,80,80,80,80,80,80,80,80,80,80,80,80,80,80,144,144,144,144,144,144,144,144,144,144,144,144,144,144,144,144,144,144,144,144,144,144,144,144,144,144,144,144,144,144,144,144,144,144,144,144,144,144,144,144,144,144,144,144,144,144,144,144,144,144,144,144,144,144,144,144,144,144,144,144,144,144,144,144,80,80,80,80,80,80,80,80,80,80,80,80,80,80,80,80,80,80,80,80,80,80,80,80,80,80,80,80,80,80,80,80,80,80,80,80,80,80,80,80,80};
trace_injection_loop = 1;
trace_injection_use_source_weights = 1;
packet_size = 4;
injection_rate = 0.0060;
injection_process = trace;
seed = 5;

END Configuration File: /home/amirthalingam/edge_cloud_ml/dnn-noc-sim/results/resnet/configs/torus_rfdefault_vbdefault_ps4_r0p006_s5.cfg
Class 0:
Packet latency average = 28.5776
	minimum = 10
	maximum = 52
Network latency average = 27.7179
	minimum = 10
	maximum = 52
Slowest packet = 20
Flit latency average = 24.6619
	minimum = 7
	maximum = 49
Slowest flit = 1536
Fragmentation average = 0.0890688
	minimum = 0
	maximum = 3
Injected packet rate average = 0.005875
	minimum = 0 (at node 1)
	maximum = 0.0995 (at node 63)
Accepted packet rate average = 0.00578906
	minimum = 0 (at node 16)
	maximum = 0.0295 (at node 7)
Injected flit rate average = 0.0234922
	minimum = 0 (at node 1)
	maximum = 0.3975 (at node 63)
Accepted flit rate average= 0.0231797
	minimum = 0 (at node 16)
	maximum = 0.118 (at node 7)
Injected packet length average = 3.99867
Accepted packet length average = 4.00405
Total in-flight flits = 41 (0 measured)
latency change    = 1
throughput change = 1
Class 0:
Packet latency average = 26.977
	minimum = 10
	maximum = 52
Network latency average = 26.4176
	minimum = 10
	maximum = 52
Slowest packet = 20
Flit latency average = 23.3057
	minimum = 7
	maximum = 49
Slowest flit = 1536
Fragmentation average = 0.230466
	minimum = 0
	maximum = 8
Injected packet rate average = 0.00599609
	minimum = 0 (at node 24)
	maximum = 0.06925 (at node 7)
Accepted packet rate average = 0.00594922
	minimum = 0 (at node 16)
	maximum = 0.028 (at node 2)
Injected flit rate average = 0.0239531
	minimum = 0 (at node 24)
	maximum = 0.277 (at node 7)
Accepted flit rate average= 0.0238164
	minimum = 0 (at node 16)
	maximum = 0.112 (at node 2)
Injected packet length average = 3.99479
Accepted packet length average = 4.00328
Total in-flight flits = 43 (0 measured)
latency change    = 0.0593312
throughput change = 0.0267345
Warmed up ...Time used is 4000 cycles
Class 0:
Packet latency average = 24.1378
	minimum = 10
	maximum = 44
Network latency average = 24.0403
	minimum = 10
	maximum = 44
Slowest packet = 1709
Flit latency average = 20.8432
	minimum = 7
	maximum = 41
Slowest flit = 6839
Fragmentation average = 0.472042
	minimum = 0
	maximum = 6
Injected packet rate average = 0.00605469
	minimum = 0 (at node 24)
	maximum = 0.0265 (at node 12)
Accepted packet rate average = 0.00610156
	minimum = 0 (at node 16)
	maximum = 0.0305 (at node 3)
Injected flit rate average = 0.0242813
	minimum = 0 (at node 24)
	maximum = 0.106 (at node 12)
Accepted flit rate average= 0.0243672
	minimum = 0 (at node 16)
	maximum = 0.122 (at node 3)
Injected packet length average = 4.01032
Accepted packet length average = 3.9936
Total in-flight flits = 24 (24 measured)
latency change    = 0.117624
throughput change = 0.0226034
Class 0:
Packet latency average = 23.8339
	minimum = 10
	maximum = 44
Network latency average = 23.7212
	minimum = 10
	maximum = 44
Slowest packet = 1709
Flit latency average = 20.5156
	minimum = 7
	maximum = 41
Slowest flit = 6839
Fragmentation average = 0.442345
	minimum = 0
	maximum = 8
Injected packet rate average = 0.00605078
	minimum = 0 (at node 24)
	maximum = 0.0265 (at node 14)
Accepted packet rate average = 0.00604297
	minimum = 0 (at node 16)
	maximum = 0.02925 (at node 3)
Injected flit rate average = 0.0242148
	minimum = 0 (at node 24)
	maximum = 0.10675 (at node 14)
Accepted flit rate average= 0.0241602
	minimum = 0 (at node 16)
	maximum = 0.1175 (at node 3)
Injected packet length average = 4.00194
Accepted packet length average = 3.99806
Total in-flight flits = 54 (54 measured)
latency change    = 0.0127535
throughput change = 0.00856912
Class 0:
Packet latency average = 23.8807
	minimum = 10
	maximum = 44
Network latency average = 23.7702
	minimum = 10
	maximum = 44
Slowest packet = 1709
Flit latency average = 20.5683
	minimum = 7
	maximum = 41
Slowest flit = 6839
Fragmentation average = 0.440156
	minimum = 0
	maximum = 8
Injected packet rate average = 0.00602604
	minimum = 0 (at node 24)
	maximum = 0.0266667 (at node 11)
Accepted packet rate average = 0.00603646
	minimum = 0 (at node 16)
	maximum = 0.0275 (at node 4)
Injected flit rate average = 0.0241172
	minimum = 0 (at node 24)
	maximum = 0.106667 (at node 11)
Accepted flit rate average= 0.0241536
	minimum = 0 (at node 16)
	maximum = 0.109667 (at node 4)
Injected packet length average = 4.00216
Accepted packet length average = 4.00129
Total in-flight flits = 24 (24 measured)
latency change    = 0.00196265
throughput change = 0.000269542
Class 0:
Packet latency average = 23.6097
	minimum = 10
	maximum = 44
Network latency average = 23.4971
	minimum = 10
	maximum = 44
Slowest packet = 1709
Flit latency average = 20.2798
	minimum = 7
	maximum = 41
Slowest flit = 6839
Fragmentation average = 0.451866
	minimum = 0
	maximum = 10
Injected packet rate average = 0.00597266
	minimum = 0 (at node 24)
	maximum = 0.02575 (at node 11)
Accepted packet rate average = 0.00598828
	minimum = 0 (at node 16)
	maximum = 0.027375 (at node 4)
Injected flit rate average = 0.0239004
	minimum = 0 (at node 24)
	maximum = 0.103 (at node 11)
Accepted flit rate average= 0.0239473
	minimum = 0 (at node 16)
	maximum = 0.10925 (at node 4)
Injected packet length average = 4.00164
Accepted packet length average = 3.99902
Total in-flight flits = 14 (14 measured)
latency change    = 0.0114806
throughput change = 0.00861811
Draining all recorded packets ...
Draining remaining packets ...
Time taken is 12032 cycles
====== Overall Traffic Statistics ======
====== Traffic class 0 ======
Packet latency average = 23.5958 (1 samples)
	minimum = 10 (1 samples)
	maximum = 44 (1 samples)
Network latency average = 23.4833 (1 samples)
	minimum = 10 (1 samples)
	maximum = 44 (1 samples)
Flit latency average = 20.2525 (1 samples)
	minimum = 7 (1 samples)
	maximum = 41 (1 samples)
Fragmentation average = 0.451275 (1 samples)
	minimum = 0 (1 samples)
	maximum = 10 (1 samples)
Injected packet rate average = 0.00597266 (1 samples)
	minimum = 0 (1 samples)
	maximum = 0.02575 (1 samples)
Accepted packet rate average = 0.00598828 (1 samples)
	minimum = 0 (1 samples)
	maximum = 0.027375 (1 samples)
Injected flit rate average = 0.0239004 (1 samples)
	minimum = 0 (1 samples)
	maximum = 0.103 (1 samples)
Accepted flit rate average = 0.0239473 (1 samples)
	minimum = 0 (1 samples)
	maximum = 0.10925 (1 samples)
Injected packet size average = 4.00164 (1 samples)
Accepted packet size average = 3.99902 (1 samples)
Hops average = 3.16089 (1 samples)
Total run time -0.0258219


[stderr]
