BEGIN Configuration File: /home/amirthalingam/edge_cloud_ml/dnn-noc-sim/results/resnet/configs/torus_rfdefault_vbdefault_ps4_r0p006_s3.cfg
topology = torus;
k = 8;
n = 2;
xr = 1;
routing_function = dim_order;
num_vcs = 4;
vc_buf_size = 8;
subnets = 1;
injection_process = bernoulli;
sim_type = latency;
warmup_periods = 2;
sample_period = 2000;
max_samples = 6;
measure_stats = 1;
traffic = trace;
trace_traffic_file = /home/amirthalingam/edge_cloud_ml/dnn-noc-sim/results/traces/resnet_trace.txt;
trace_phase_cycles = {80,80,80,80,80,80,80,80,80,80,80,80,80,80,80,80,80,80,80,80,80,80,80,80,80,80,80,80,80,80,80,80,144,144,144,144,144,144,144,144,144,144,144,144,144,144,144,144,144,144,144,144,144,144,144,144,144,144,144,144,144,144,144,144,144,144,144,144,144,144,144,144,144,144,144,144,144,144,144,144,144,144,144,144,144,144,144,144,144,144,144,144,144,144,144,144,80,80,80,80,80,80,80,80,80,80,80,80,80,80,80,80,80,80,80,80,80,80,80,80,80,80,80,80,80,80,80,80,144,144,144,144,144,144,144,144,144,144,144,144,144,144,144,144,144,144,144,144,144,144,144,144,144,144,144,144,144,144,144,144,144,144,144,144,144,144,144,144,144,144,144,144,144,144,144,144,144,144,144,144,144,144,144,144,144,144,144,144,144,144,144,144,80,80,80,80,80,80,80,80,80,80,80,80,80,80,80,80,80,80,80,80,80,80,80,80,80,80,80,80,80,80,80,80,80,80,80,80,80,80,80,80,80,80,80,80,80,80,80,80,80,80,80,80,80,80,80,80,80,80,80,80,80,80,80,80,144,144,144,144,144,144,144,144,144,144,144,144,144,144,144,144,144,144,144,144,144,144,144,144,144,144,144,144,144,144,144,144,80,80,80,80,80,80,80,80,80,80,80,80,80,80,80,80,80,80,80,80,80,80,80,80,80,80,80,80,80,80,80,80,80,80,80,80,80,80,80,80,80,80,80,80,80,80,80,80,80,80,80,80,80,80,80,80,80,80,80,80,80,80,80,80,144,144,144,144,144,144,144,144,144,144,144,144,144,144,144,144,144,144,144,144,144,144,144,144,144,144,144,144,144,144,144,144,144,144,144,144,144,144,144,144,144,144,144,144,144,144,144,144,144,144,144,144,144,144,144,144,144,144,144,144,144,144,144,144,80,80,80,80,80,80,80,80,80,80,80,80,80,80,80,80,80,80,80,80,80,80,80,80,80,80,80,80,80,80,80,80,80,80,80,80,80,80,80,80,80,80,80,80,80,80,80,80,80,80,80,80,80,80,80,80,80,80,80,80,80,80,80,80,144,144,144,144,144,144,144,144,144,144,144,144,144,144,144,144,144,144,144,144,144,144,144,144,144,144,144,144,144,144,144,144,80,80,80,80,80,80,80,80,80,80,80,80,80,80,80,80,80,80,80,80,80,80,80,80,80,80,80,80,80,80,80,80,80,80,80,80,80,80,80,80,80,80,80,80,80,80,80,80,80,80,80,80,80,80,80,80,80,80,80,80,80,80,80,80,144,144,144,144,144,144,144,144,144,144,144,144,144,144,144,144,144,144,144,144,144,144,144,144,144,144,144,144,144,144,144,144,144,144,144,144,144,144,144,144,144,144,144,144,144,144,144,144,144,144,144,144,144,144,144,144,144,144,144,144,144,144,144,144,80,80,80,80,80,80,80,80,80,80,80,80,80,80,80,80,80,80,80,80,80,80,80,80,80,80,80,80,80,80,80,80,80,80,80,80,80,80,80,80,80,80,80,80,80,80,80,80,80,80,80,80,80,80,80,80,80,80,80,80,80,80,80,80,144,144,144,144,144,144,144,144,144,144,144,144,144,144,144,144,144,144,144,144,144,144,144,144,144,144,144,144,144,144,144,144,80,80,80,80,80,80,80,80,80,80,80,80,80,80,80,80,80,80,80,80,80,80,80,80,80,80,80,80,80,80,80,80,80,80,80,80,80,80,80,80,80,80,80,80,80,80,80,80,80,80,80,80,80,80,80,80,80,80,80,80,80,80,80,80,144,144,144,144,144,144,144,144,144,144,144,144,144,144,144,144,144,144,144,144,144,144,144,144,144,144,144,144,144,144,144,144,144,144,144,144,144,144,144,144,144,144,144,144,144,144,144,144,144,144,144,144,144,144,144,144,144,144,144,144,144,144,144,144,80,80,80,80,80,80,80,80,80,80,80,80,80,80,80,80,80,80,80,80,80,80,80,80,80,80,80,80,80,80,80,80,80,80,80,80,80,80,80,80,80};
trace_traffic_loop = 1;
trace_fallback_uniform = 0;
trace_injection_file = /home/amirthalingam/edge_cloud_ml/dnn-noc-sim/results/traces/resnet_trace.txt;
trace_injection_phase_cycles = {80,80,80,80,80,80,80,80,80,80,80,80,80,80,80,80,80,80,80,80,80,80,80,80,80,80,80,80,80,80,80,80,144,144,144,144,144,144,144,144,144,144,144,144,144,144,144,144,144,144,144,144,144,144,144,144,144,144,144,144,144,144,144,144,144,144,144,144,144,144,144,144,144,144,144,144,144,144,144,144,144,144,144,144,144,144,144,144,144,144,144,144,144,144,144,144,80,80,80,80,80,80,80,80,80,80,80,80,80,80,80,80,80,80,80,80,80,80,80,80,80,80,80,80,80,80,80,80,144,144,144,144,144,144,144,144,144,144,144,144,144,144,144,144,144,144,144,144,144,144,144,144,144,144,144,144,144,144,144,144,144,144,144,144,144,144,144,144,144,144,144,144,144,144,144,144,144,144,144,144,144,144,144,144,144,144,144,144,144,144,144,144,80,80,80,80,80,80,80,80,80,80,80,80,80,80,80,80,80,80,80,80,80,80,80,80,80,80,80,80,80,80,80,80,80,80,80,80,80,80,80,80,80,80,80,80,80,80,80,80,80,80,80,80,80,80,80,80,80,80,80,80,80,80,80,80,144,144,144,144,144,144,144,144,144,144,144,144,144,144,144,144,144,144,144,144,144,144,144,144,144,144,144,144,144,144,144,144,80,80,80,80,80,80,80,80,80,80,80,80,80,80,80,80,80,80,80,80,80,80,80,80,80,80,80,80,80,80,80,80,80,80,80,80,80,80,80,80,80,80,80,80,80,80,80,80,80,80,80,80,80,80,80,80,80,80,80,80,80,80,80,80,144,144,144,144,144,144,144,144,144,144,144,144,144,144,144,144,144,144,144,144,144,144,144,144,144,144,144,144,144,144,144,144,144,144,144,144,144,144,144,144,144,144,144,144,144,144,144,144,144,144,144,144,144,144,144,144,144,144,144,144,144,144,144,144,80,80,80,80,80,80,80,80,80,80,80,80,80,80,80,80,80,80,80,80,80,80,80,80,80,80,80,80,80,80,80,80,80,80,80,80,80,80,80,80,80,80,80,80,80,80,80,80,80,80,80,80,80,80,80,80,80,80,80,80,80,80,80,80,144,144,144,144,144,144,144,144,144,144,144,144,144,144,144,144,144,144,144,144,144,144,144,144,144,144,144,144,144,144,144,144,80,80,80,80,80,80,80,80,80,80,80,80,80,80,80,80,80,80,80,80,80,80,80,80,80,80,80,80,80,80,80,80,80,80,80,80,80,80,80,80,80,80,80,80,80,80,80,80,80,80,80,80,80,80,80,80,80,80,80,80,80,80,80,80,144,144,144,144,144,144,144,144,144,144,144,144,144,144,144,144,144,144,144,144,144,144,144,144,144,144,144,144,144,144,144,144,144,144,144,144,144,144,144,144,144,144,144,144,144,144,144,144,144,144,144,144,144,144,144,144,144,144,144,144,144,144,144,144,80,80,80,80,80,80,80,80,80,80,80,80,80,80,80,80,80,80,80,80,80,80,80,80,80,80,80,80,80,80,80,80,80,80,80,80,80,80,80,80,80,80,80,80,80,80,80,80,80,80,80,80,80,80,80,80,80,80,80,80,80,80,80,80,144,144,144,144,144,144,144,144,144,144,144,144,144,144,144,144,144,144,144,144,144,144,144,144,144,144,144,144,144,144,144,144,80,80,80,80,80,80,80,80,80,80,80,80,80,80,80,80,80,80,80,80,80,80,80,80,80,80,80,80,80,80,80,80,80,80,80,80,80,80,80,80,80,80,80,80,80,80,80,80,80,80,80,80,80,80,80,80,80,80,80,80,80,80,80,80,144,144,144,144,144,144,144,144,144,144,144,144,144,144,144,144,144,144,144,144,144,144,144,144,144,144,144,144,144,144,144,144,144,144,144,144,144,144,144,144,144,144,144,144,144,144,144,144,144,144,144,144,144,144,144,144,144,144,144,144,144,144,144,144,80,80,80,80,80,80,80,80,80,80,80,80,80,80,80,80,80,80,80,80,80,80,80,80,80,80,80,80,80,80,80,80,80,80,80,80,80,80,80,80,80};
trace_injection_loop = 1;
trace_injection_use_source_weights = 1;
packet_size = 4;
injection_rate = 0.0060;
injection_process = trace;
seed = 3;

END Configuration File: /home/amirthalingam/edge_cloud_ml/dnn-noc-sim/results/resnet/configs/torus_rfdefault_vbdefault_ps4_r0p006_s3.cfg
Class 0:
Packet latency average = 28.8632
	minimum = 10
	maximum = 55
Network latency average = 28.0342
	minimum = 10
	maximum = 50
Slowest packet = 22
Flit latency average = 24.9652
	minimum = 7
	maximum = 47
Slowest flit = 2828
Fragmentation average = 0.117647
	minimum = 0
	maximum = 6
Injected packet rate average = 0.00586719
	minimum = 0 (at node 2)
	maximum = 0.103 (at node 0)
Accepted packet rate average = 0.00571094
	minimum = 0 (at node 16)
	maximum = 0.031 (at node 12)
Injected flit rate average = 0.0234688
	minimum = 0 (at node 2)
	maximum = 0.412 (at node 0)
Accepted flit rate average= 0.0228984
	minimum = 0 (at node 16)
	maximum = 0.124 (at node 12)
Injected packet length average = 4
Accepted packet length average = 4.00958
Total in-flight flits = 73 (0 measured)
latency change    = 1
throughput change = 1
Class 0:
Packet latency average = 27.2833
	minimum = 10
	maximum = 55
Network latency average = 26.7127
	minimum = 10
	maximum = 50
Slowest packet = 22
Flit latency average = 23.5829
	minimum = 7
	maximum = 47
Slowest flit = 2828
Fragmentation average = 0.245521
	minimum = 0
	maximum = 6
Injected packet rate average = 0.00592578
	minimum = 0 (at node 24)
	maximum = 0.06625 (at node 0)
Accepted packet rate average = 0.00588672
	minimum = 0 (at node 16)
	maximum = 0.026 (at node 2)
Injected flit rate average = 0.0236992
	minimum = 0 (at node 24)
	maximum = 0.265 (at node 0)
Accepted flit rate average= 0.0235742
	minimum = 0 (at node 16)
	maximum = 0.104 (at node 2)
Injected packet length average = 3.99934
Accepted packet length average = 4.00464
Total in-flight flits = 33 (0 measured)
latency change    = 0.0579055
throughput change = 0.0286661
Warmed up ...Time used is 4000 cycles
Class 0:
Packet latency average = 23.8958
	minimum = 10
	maximum = 44
Network latency average = 23.7487
	minimum = 10
	maximum = 44
Slowest packet = 1549
Flit latency average = 20.5952
	minimum = 7
	maximum = 41
Slowest flit = 6196
Fragmentation average = 0.454427
	minimum = 0
	maximum = 6
Injected packet rate average = 0.00610156
	minimum = 0 (at node 24)
	maximum = 0.027 (at node 11)
Accepted packet rate average = 0.00607813
	minimum = 0 (at node 16)
	maximum = 0.035 (at node 3)
Injected flit rate average = 0.0244141
	minimum = 0 (at node 24)
	maximum = 0.108 (at node 11)
Accepted flit rate average= 0.0243359
	minimum = 0 (at node 16)
	maximum = 0.14 (at node 3)
Injected packet length average = 4.00128
Accepted packet length average = 4.00386
Total in-flight flits = 42 (42 measured)
latency change    = 0.141762
throughput change = 0.0313002
Class 0:
Packet latency average = 24.1802
	minimum = 10
	maximum = 48
Network latency average = 24.059
	minimum = 10
	maximum = 48
Slowest packet = 2276
Flit latency average = 20.8391
	minimum = 7
	maximum = 45
Slowest flit = 9107
Fragmentation average = 0.509942
	minimum = 0
	maximum = 14
Injected packet rate average = 0.00612109
	minimum = 0 (at node 24)
	maximum = 0.0265 (at node 11)
Accepted packet rate average = 0.00612891
	minimum = 0 (at node 16)
	maximum = 0.02925 (at node 8)
Injected flit rate average = 0.0244727
	minimum = 0 (at node 24)
	maximum = 0.106 (at node 11)
Accepted flit rate average= 0.0244961
	minimum = 0 (at node 16)
	maximum = 0.117 (at node 8)
Injected packet length average = 3.99809
Accepted packet length average = 3.99681
Total in-flight flits = 30 (30 measured)
latency change    = 0.0117621
throughput change = 0.00653803
Class 0:
Packet latency average = 24.0901
	minimum = 10
	maximum = 49
Network latency average = 23.9658
	minimum = 10
	maximum = 49
Slowest packet = 3647
Flit latency average = 20.7167
	minimum = 7
	maximum = 46
Slowest flit = 14590
Fragmentation average = 0.545066
	minimum = 0
	maximum = 14
Injected packet rate average = 0.0061224
	minimum = 0 (at node 24)
	maximum = 0.0273333 (at node 11)
Accepted packet rate average = 0.0061224
	minimum = 0 (at node 16)
	maximum = 0.0281667 (at node 8)
Injected flit rate average = 0.0244922
	minimum = 0 (at node 24)
	maximum = 0.109333 (at node 11)
Accepted flit rate average= 0.024487
	minimum = 0 (at node 16)
	maximum = 0.112667 (at node 8)
Injected packet length average = 4.00043
Accepted packet length average = 3.99957
Total in-flight flits = 34 (34 measured)
latency change    = 0.00374059
throughput change = 0.000372222
Class 0:
Packet latency average = 23.7235
	minimum = 10
	maximum = 49
Network latency average = 23.5927
	minimum = 10
	maximum = 49
Slowest packet = 3647
Flit latency average = 20.3571
	minimum = 7
	maximum = 46
Slowest flit = 14590
Fragmentation average = 0.500639
	minimum = 0
	maximum = 14
Injected packet rate average = 0.00611523
	minimum = 0 (at node 24)
	maximum = 0.0265 (at node 11)
Accepted packet rate average = 0.00612891
	minimum = 0 (at node 16)
	maximum = 0.0275 (at node 8)
Injected flit rate average = 0.0244629
	minimum = 0 (at node 24)
	maximum = 0.106 (at node 11)
Accepted flit rate average= 0.024502
	minimum = 0 (at node 16)
	maximum = 0.11 (at node 8)
Injected packet length average = 4.00032
Accepted packet length average = 3.99777
Total in-flight flits = 12 (12 measured)
latency change    = 0.0154559
throughput change = 0.000611133
Draining all recorded packets ...
Draining remaining packets ...
Time taken is 12026 cycles
====== Overall Traffic Statistics ======
====== Traffic class 0 ======
Packet latency average = 23.7164 (1 samples)
	minimum = 10 (1 samples)
	maximum = 49 (1 samples)
Network latency average = 23.5858 (1 samples)
	minimum = 10 (1 samples)
	maximum = 49 (1 samples)
Flit latency average = 20.3236 (1 samples)
	minimum = 7 (1 samples)
	maximum = 46 (1 samples)
Fragmentation average = 0.502076 (1 samples)
	minimum = 0 (1 samples)
	maximum = 14 (1 samples)
Injected packet rate average = 0.00611523 (1 samples)
	minimum = 0 (1 samples)
	maximum = 0.0265 (1 samples)
Accepted packet rate average = 0.00612891 (1 samples)
	minimum = 0 (1 samples)
	maximum = 0.0275 (1 samples)
Injected flit rate average = 0.0244629 (1 samples)
	minimum = 0 (1 samples)
	maximum = 0.106 (1 samples)
Accepted flit rate average = 0.024502 (1 samples)
	minimum = 0 (1 samples)
	maximum = 0.11 (1 samples)
Injected packet size average = 4.00032 (1 samples)
Accepted packet size average = 3.99777 (1 samples)
Hops average = 3.16864 (1 samples)
Total run time 0.335325


[stderr]
