BEGIN Configuration File: /home/amirthalingam/edge_cloud_ml/dnn-noc-sim/results/resnet/configs/torus_rfdefault_vbdefault_ps4_r0p006_s4.cfg
topology = torus;
k = 8;
n = 2;
xr = 1;
routing_function = dim_order;
num_vcs = 4;
vc_buf_size = 8;
subnets = 1;
injection_process = bernoulli;
sim_type = latency;
warmup_periods = 2;
sample_period = 2000;
max_samples = 6;
measure_stats = 1;
traffic = trace;
trace_traffic_file = /home/amirthalingam/edge_cloud_ml/dnn-noc-sim/results/traces/resnet_trace.txt;
trace_phase_cycles = {80,80,80,80,80,80,80,80,80,80,80,80,80,80,80,80,80,80,80,80,80,80,80,80,80,80,80,80,80,80,80,80,144,144,144,144,144,144,144,144,144,144,144,144,144,144,144,144,144,144,144,144,144,144,144,144,144,144,144,144,144,144,144,144,144,144,144,144,144,144,144,144,144,144,144,144,144,144,144,144,144,144,144,144,144,144,144,144,144,144,144,144,144,144,144,144,80,80,80,80,80,80,80,80,80,80,80,80,80,80,80,80,80,80,80,80,80,80,80,80,80,80,80,80,80,80,80,80,144,144,144,144,144,144,144,144,144,144,144,144,144,144,144,144,144,144,144,144,144,144,144,144,144,144,144,144,144,144,144,144,144,144,144,144,144,144,144,144,144,144,144,144,144,144,144,144,144,144,144,144,144,144,144,144,144,144,144,144,144,144,144,144,80,80,80,80,80,80,80,80,80,80,80,80,80,80,80,80,80,80,80,80,80,80,80,80,80,80,80,80,80,80,80,80,80,80,80,80,80,80,80,80,80,80,80,80,80,80,80,80,80,80,80,80,80,80,80,80,80,80,80,80,80,80,80,80,144,144,144,144,144,144,144,144,144,144,144,144,144,144,144,144,144,144,144,144,144,144,144,144,144,144,144,144,144,144,144,144,80,80,80,80,80,80,80,80,80,80,80,80,80,80,80,80,80,80,80,80,80,80,80,80,80,80,80,80,80,80,80,80,80,80,80,80,80,80,80,80,80,80,80,80,80,80,80,80,80,80,80,80,80,80,80,80,80,80,80,80,80,80,80,80,144,144,144,144,144,144,144,144,144,144,144,144,144,144,144,144,144,144,144,144,144,144,144,144,144,144,144,144,144,144,144,144,144,144,144,144,144,144,144,144,144,144,144,144,144,144,144,144,144,144,144,144,144,144,144,144,144,144,144,144,144,144,144,144,80,80,80,80,80,80,80,80,80,80,80,80,80,80,80,80,80,80,80,80,80,80,80,80,80,80,80,80,80,80,80,80,80,80,80,80,80,80,80,80,80,80,80,80,80,80,80,80,80,80,80,80,80,80,80,80,80,80,80,80,80,80,80,80,144,144,144,144,144,144,144,144,144,144,144,144,144,144,144,144,144,144,144,144,144,144,144,144,144,144,144,144,144,144,144,144,80,80,80,80,80,80,80,80,80,80,80,80,80,80,80,80,80,80,80,80,80,80,80,80,80,80,80,80,80,80,80,80,80,80,80,80,80,80,80,80,80,80,80,80,80,80,80,80,80,80,80,80,80,80,80,80,80,80,80,80,80,80,80,80,144,144,144,144,144,144,144,144,144,144,144,144,144,144,144,144,144,144,144,144,144,144,144,144,144,144,144,144,144,144,144,144,144,144,144,144,144,144,144,144,144,144,144,144,144,144,144,144,144,144,144,144,144,144,144,144,144,144,144,144,144,144,144,144,80,80,80,80,80,80,80,80,80,80,80,80,80,80,80,80,80,80,80,80,80,80,80,80,80,80,80,80,80,80,80,80,80,80,80,80,80,80,80,80,80,80,80,80,80,80,80,80,80,80,80,80,80,80,80,80,80,80,80,80,80,80,80,80,144,144,144,144,144,144,144,144,144,144,144,144,144,144,144,144,144,144,144,144,144,144,144,144,144,144,144,144,144,144,144,144,80,80,80,80,80,80,80,80,80,80,80,80,80,80,80,80,80,80,80,80,80,80,80,80,80,80,80,80,80,80,80,80,80,80,80,80,80,80,80,80,80,80,80,80,80,80,80,80,80,80,80,80,80,80,80,80,80,80,80,80,80,80,80,80,144,144,144,144,144,144,144,144,144,144,144,144,144,144,144,144,144,144,144,144,144,144,144,144,144,144,144,144,144,144,144,144,144,144,144,144,144,144,144,144,144,144,144,144,144,144,144,144,144,144,144,144,144,144,144,144,144,144,144,144,144,144,144,144,80,80,80,80,80,80,80,80,80,80,80,80,80,80,80,80,80,80,80,80,80,80,80,80,80,80,80,80,80,80,80,80,80,80,80,80,80,80,80,80,80};
trace_traffic_loop = 1;
trace_fallback_uniform = 0;
trace_injection_file = /home/amirthalingam/edge_cloud_ml/dnn-noc-sim/results/traces/resnet_trace.txt;
trace_injection_phase_cycles = {80,80,80,80,80,80,80,80,80,80,80,80,80,80,80,80,80,80,80,80,80,80,80,80,80,80,80,80,80,80,80,80,144,144,144,144,144,144,144,144,144,144,144,144,144,144,144,144,144,144,144,144,144,144,144,144,144,144,144,144,144,144,144,144,144,144,144,144,144,144,144,144,144,144,144,144,144,144,144,144,144,144,144,144,144,144,144,144,144,144,144,144,144,144,144,144,80,80,80,80,80,80,80,80,80,80,80,80,80,80,80,80,80,80,80,80,80,80,80,80,80,80,80,80,80,80,80,80,144,144,144,144,144,144,144,144,144,144,144,144,144,144,144,144,144,144,144,144,144,144,144,144,144,144,144,144,144,144,144,144,144,144,144,144,144,144,144,144,144,144,144,144,144,144,144,144,144,144,144,144,144,144,144,144,144,144,144,144,144,144,144,144,80,80,80,80,80,80,80,80,80,80,80,80,80,80,80,80,80,80,80,80,80,80,80,80,80,80,80,80,80,80,80,80,80,80,80,80,80,80,80,80,80,80,80,80,80,80,80,80,80,80,80,80,80,80,80,80,80,80,80,80,80,80,80,80,144,144,144,144,144,144,144,144,144,144,144,144,144,144,144,144,144,144,144,144,144,144,144,144,144,144,144,144,144,144,144,144,80,80,80,80,80,80,80,80,80,80,80,80,80,80,80,80,80,80,80,80,80,80,80,80,80,80,80,80,80,80,80,80,80,80,80,80,80,80,80,80,80,80,80,80,80,80,80,80,80,80,80,80,80,80,80,80,80,80,80,80,80,80,80,80,144,144,144,144,144,144,144,144,144,144,144,144,144,144,144,144,144,144,144,144,144,144,144,144,144,144,144,144,144,144,144,144,144,144,144,144,144,144,144,144,144,144,144,144,144,144,144,144,144,144,144,144,144,144,144,144,144,144,144,144,144,144,144,144,80,80,80,80,80,80,80,80,80,80,80,80,80,80,80,80,80,80,80,80,80,80,80,80,80,80,80,80,80,80,80,80,80,80,80,80,80,80,80,80,80,80,80,80,80,80,80,80,80,80,80,80,80,80,80,80,80,80,80,80,80,80,80,80,144,144,144,144,144,144,144,144,144,144,144,144,144,144,144,144,144,144,144,144,144,144,144,144,144,144,144,144,144,144,144,144,80,80,80,80,80,80,80,80,80,80,80,80,80,80,80,80,80,80,80,80,80,80,80,80,80,80,80,80,80,80,80,80,80,80,80,80,80,80,80,80,80,80,80,80,80,80,80,80,80,80,80,80,80,80,80,80,80,80,80,80,80,80,80,80,144,144,144,144,144,144,144,144,144,144,144,144,144,144,144,144,144,144,144,144,144,144,144,144,144,144,144,144,144,144,144,144,144,144,144,144,144,144,144,144,144,144,144,144,144,144,144,144,144,144,144,144,144,144,144,144,144,144,144,144,144,144,144,144,80,80,80,80,80,80,80,80,80,80,80,80,80,80,80,80,80,80,80,80,80,80,80,80,80,80,80,80,80,80,80,80,80,80,80,80,80,80,80,80,80,80,80,80,80,80,80,80,80,80,80,80,80,80,80,80,80,80,80,80,80,80,80,80,144,144,144,144,144,144,144,144,144,144,144,144,144,144,144,144,144,144,144,144,144,144,144,144,144,144,144,144,144,144,144,144,80,80,80,80,80,80,80,80,80,80,80,80,80,80,80,80,80,80,80,80,80,80,80,80,80,80,80,80,80,80,80,80,80,80,80,80,80,80,80,80,80,80,80,80,80,80,80,80,80,80,80,80,80,80,80,80,80,80,80,80,80,80,80,80,144,144,144,144,144,144,144,144,144,144,144,144,144,144,144,144,144,144,144,144,144,144,144,144,144,144,144,144,144,144,144,144,144,144,144,144,144,144,144,144,144,144,144,144,144,144,144,144,144,144,144,144,144,144,144,144,144,144,144,144,144,144,144,144,80,80,80,80,80,80,80,80,80,80,80,80,80,80,80,80,80,80,80,80,80,80,80,80,80,80,80,80,80,80,80,80,80,80,80,80,80,80,80,80,80};
trace_injection_loop = 1;
trace_injection_use_source_weights = 1;
packet_size = 4;
injection_rate = 0.0060;
injection_process = trace;
seed = 4;

END Configuration File: /home/amirthalingam/edge_cloud_ml/dnn-noc-sim/results/resnet/configs/torus_rfdefault_vbdefault_ps4_r0p006_s4.cfg
Class 0:
Packet latency average = 29.519
	minimum = 10
	maximum = 54
Network latency average = 28.7065
	minimum = 10
	maximum = 51
Slowest packet = 12
Flit latency average = 25.6323
	minimum = 7
	maximum = 48
Slowest flit = 2532
Fragmentation average = 0.126359
	minimum = 0
	maximum = 7
Injected packet rate average = 0.00582812
	minimum = 0 (at node 1)
	maximum = 0.097 (at node 63)
Accepted packet rate average = 0.00575
	minimum = 0 (at node 16)
	maximum = 0.031 (at node 11)
Injected flit rate average = 0.0232734
	minimum = 0 (at node 1)
	maximum = 0.3865 (at node 63)
Accepted flit rate average= 0.0230078
	minimum = 0 (at node 16)
	maximum = 0.124 (at node 11)
Injected packet length average = 3.9933
Accepted packet length average = 4.00136
Total in-flight flits = 39 (0 measured)
latency change    = 1
throughput change = 1
Class 0:
Packet latency average = 27.3151
	minimum = 10
	maximum = 54
Network latency average = 26.6896
	minimum = 10
	maximum = 51
Slowest packet = 12
Flit latency average = 23.5676
	minimum = 7
	maximum = 48
Slowest flit = 2532
Fragmentation average = 0.21146
	minimum = 0
	maximum = 7
Injected packet rate average = 0.00575391
	minimum = 0 (at node 24)
	maximum = 0.07025 (at node 7)
Accepted packet rate average = 0.00572656
	minimum = 0 (at node 16)
	maximum = 0.02725 (at node 9)
Injected flit rate average = 0.0230039
	minimum = 0 (at node 24)
	maximum = 0.281 (at node 7)
Accepted flit rate average= 0.022918
	minimum = 0 (at node 16)
	maximum = 0.109 (at node 9)
Injected packet length average = 3.99796
Accepted packet length average = 4.00205
Total in-flight flits = 25 (0 measured)
latency change    = 0.0806834
throughput change = 0.00392023
Warmed up ...Time used is 4000 cycles
Class 0:
Packet latency average = 23.9581
	minimum = 10
	maximum = 49
Network latency average = 23.8591
	minimum = 10
	maximum = 46
Slowest packet = 1493
Flit latency average = 20.5735
	minimum = 7
	maximum = 43
Slowest flit = 5974
Fragmentation average = 0.573604
	minimum = 0
	maximum = 9
Injected packet rate average = 0.00619531
	minimum = 0 (at node 24)
	maximum = 0.029 (at node 11)
Accepted packet rate average = 0.00621094
	minimum = 0 (at node 16)
	maximum = 0.0325 (at node 7)
Injected flit rate average = 0.0248047
	minimum = 0 (at node 24)
	maximum = 0.116 (at node 11)
Accepted flit rate average= 0.0248203
	minimum = 0 (at node 16)
	maximum = 0.13 (at node 7)
Injected packet length average = 4.00378
Accepted packet length average = 3.99623
Total in-flight flits = 20 (20 measured)
latency change    = 0.14012
throughput change = 0.0766446
Class 0:
Packet latency average = 23.9478
	minimum = 10
	maximum = 49
Network latency average = 23.8415
	minimum = 10
	maximum = 46
Slowest packet = 1493
Flit latency average = 20.5823
	minimum = 7
	maximum = 43
Slowest flit = 5974
Fragmentation average = 0.516108
	minimum = 0
	maximum = 9
Injected packet rate average = 0.00611719
	minimum = 0 (at node 24)
	maximum = 0.0285 (at node 8)
Accepted packet rate average = 0.00608984
	minimum = 0 (at node 16)
	maximum = 0.028 (at node 4)
Injected flit rate average = 0.0244766
	minimum = 0 (at node 24)
	maximum = 0.114 (at node 8)
Accepted flit rate average= 0.0243516
	minimum = 0 (at node 16)
	maximum = 0.112 (at node 4)
Injected packet length average = 4.00128
Accepted packet length average = 3.99872
Total in-flight flits = 55 (55 measured)
latency change    = 0.000430626
throughput change = 0.0192493
Class 0:
Packet latency average = 23.914
	minimum = 10
	maximum = 49
Network latency average = 23.8076
	minimum = 10
	maximum = 46
Slowest packet = 1493
Flit latency average = 20.559
	minimum = 7
	maximum = 43
Slowest flit = 5974
Fragmentation average = 0.494679
	minimum = 0
	maximum = 11
Injected packet rate average = 0.00613281
	minimum = 0 (at node 24)
	maximum = 0.0258333 (at node 8)
Accepted packet rate average = 0.00613542
	minimum = 0 (at node 16)
	maximum = 0.0266667 (at node 4)
Injected flit rate average = 0.0245391
	minimum = 0 (at node 24)
	maximum = 0.103333 (at node 8)
Accepted flit rate average= 0.0245339
	minimum = 0 (at node 16)
	maximum = 0.106667 (at node 4)
Injected packet length average = 4.00127
Accepted packet length average = 3.99873
Total in-flight flits = 24 (24 measured)
latency change    = 0.00141354
throughput change = 0.00743021
Class 0:
Packet latency average = 23.6562
	minimum = 10
	maximum = 49
Network latency average = 23.545
	minimum = 10
	maximum = 46
Slowest packet = 1493
Flit latency average = 20.3039
	minimum = 7
	maximum = 43
Slowest flit = 5974
Fragmentation average = 0.473246
	minimum = 0
	maximum = 11
Injected packet rate average = 0.00610547
	minimum = 0 (at node 24)
	maximum = 0.02575 (at node 8)
Accepted packet rate average = 0.00610938
	minimum = 0 (at node 16)
	maximum = 0.02725 (at node 9)
Injected flit rate average = 0.0244277
	minimum = 0 (at node 24)
	maximum = 0.103 (at node 8)
Accepted flit rate average= 0.0244414
	minimum = 0 (at node 16)
	maximum = 0.109 (at node 9)
Injected packet length average = 4.00096
Accepted packet length average = 4.00064
Total in-flight flits = 15 (15 measured)
latency change    = 0.010898
throughput change = 0.00378243
Draining all recorded packets ...
Draining remaining packets ...
Time taken is 12024 cycles
====== Overall Traffic Statistics ======
====== Traffic class 0 ======
Packet latency average = 23.6401 (1 samples)
	minimum = 10 (1 samples)
	maximum = 49 (1 samples)
Network latency average = 23.5291 (1 samples)
	minimum = 10 (1 samples)
	maximum = 46 (1 samples)
Flit latency average = 20.273 (1 samples)
	minimum = 7 (1 samples)
	maximum = 43 (1 samples)
Fragmentation average = 0.472489 (1 samples)
	minimum = 0 (1 samples)
	maximum = 11 (1 samples)
Injected packet rate average = 0.00610547 (1 samples)
	minimum = 0 (1 samples)
	maximum = 0.02575 (1 samples)
Accepted packet rate average = 0.00610938 (1 samples)
	minimum = 0 (1 samples)
	maximum = 0.02725 (1 samples)
Injected flit rate average = 0.0244277 (1 samples)
	minimum = 0 (1 samples)
	maximum = 0.103 (1 samples)
Accepted flit rate average = 0.0244414 (1 samples)
	minimum = 0 (1 samples)
	maximum = 0.109 (1 samples)
Injected packet size average = 4.00096 (1 samples)
Accepted packet size average = 4.00064 (1 samples)
Hops average = 3.16091 (1 samples)
Total run time 0.33371


[stderr]
